Microchip MPLAB XC8 Compiler V2.00 ()

Linker command line:

-W-3 --edf=C:\Program Files (x86)\Microchip\xc8\v2.00\pic\dat\en_msgs.txt \
  -cs -h+dist/default/production\16F1518_Temp.X.production.sym \
  --cmf=dist/default/production\16F1518_Temp.X.production.cmf -z -Q16F1518 \
  -oC:\Users\dell\AppData\Local\Temp\s9b8.2 --defsym=__MPLAB_BUILD=1 \
  -Mdist/default/production/16F1518_Temp.X.production.map -E1 -ver=XC8 \
  --acfsm=1493 -ASTACK=0213Bh-023efh -pstack=STACK -ACODE=00h-07FFhx8 \
  -ASTRCODE=00h-03FFFh -ASTRING=00h-0FFhx64 -ACONST=00h-0FFhx64 \
  -AENTRY=00h-0FFhx64 -ACOMMON=070h-07Fh -ABANK0=020h-06Fh \
  -ABANK1=0A0h-0EFh -ABANK2=0120h-016Fh -ABANK3=01A0h-01EFh \
  -ABANK4=0220h-026Fh -ABANK5=02A0h-02EFh -ABANK6=0320h-036Fh \
  -ABANK7=03A0h-03EFh -ABANK8=0420h-046Fh -ABANK9=04A0h-04EFh \
  -ABANK10=0520h-056Fh -ABANK11=05A0h-05EFh -ABANK12=0620h-064Fh \
  -ABIGRAM=02000h-023EFh \
  -ARAM=020h-06Fh,0A0h-0EFh,0120h-016Fh,01A0h-01EFh,0220h-026Fh,02A0h-02EFh,0320h-036Fh,03A0h-03EFh,0420h-046Fh,04A0h-04EFh,0520h-056Fh,05A0h-05EFh,0620h-064Fh \
  -AABS1=020h-07Fh,0A0h-0EFh,0120h-016Fh,01A0h-01EFh,0220h-026Fh,02A0h-02EFh,0320h-036Fh,03A0h-03EFh,0420h-046Fh,04A0h-04EFh,0520h-056Fh,05A0h-05EFh,0620h-064Fh \
  -ASFR0=00h-01Fh -ASFR1=080h-09Fh -ASFR2=0100h-011Fh -ASFR3=0180h-019Fh \
  -ASFR4=0200h-021Fh -ASFR5=0280h-029Fh -ASFR6=0300h-031Fh \
  -ASFR7=0380h-039Fh -ASFR8=0400h-041Fh -ASFR9=0480h-049Fh \
  -ASFR10=0500h-051Fh -ASFR11=0580h-059Fh -ASFR12=0600h-061Fh \
  -ASFR13=0680h-06EFh -ASFR14=0700h-076Fh -ASFR15=0780h-07EFh \
  -ASFR16=0800h-086Fh -ASFR17=0880h-08EFh -ASFR18=0900h-096Fh \
  -ASFR19=0980h-09EFh -ASFR20=0A00h-0A6Fh -ASFR21=0A80h-0AEFh \
  -ASFR22=0B00h-0B6Fh -ASFR23=0B80h-0BEFh -ASFR24=0C00h-0C6Fh \
  -ASFR25=0C80h-0CEFh -ASFR26=0D00h-0D6Fh -ASFR27=0D80h-0DEFh \
  -ASFR28=0E00h-0E6Fh -ASFR29=0E80h-0EEFh -ASFR30=0F00h-0F6Fh \
  -ASFR31=0F80h-0FEFh -preset_vec=00h,intentry=04h,init,end_init \
  -ppowerup=CODE -pcinit=CODE -pfunctab=ENTRY -ACONFIG=08007h-08008h \
  -pconfig=CONFIG -DCONFIG=2 -AIDLOC=08000h-08003h -pidloc=IDLOC -DIDLOC=2 \
  -DCODE=2 -DSTRCODE=2 -DSTRING=2 -DCONST=2 -DENTRY=2 -k \
  C:\Users\dell\AppData\Local\Temp\s9b8.o \
  dist/default/production\16F1518_Temp.X.production.o 

Object code version is 3.11

Machine type is 16F1518



                Name                               Link     Load   Length Selector   Space Scale
C:\Users\dell\AppData\Local\Temp\s9b8.o
                end_init                            106      106        2        8       0
                reset_vec                             0        0        2        0       0
                config                             8007     8007        2    1000E       0
dist/default/production\16F1518_Temp.X.production.o
                cinit                               108      108       35        8       0
                intentry                              4        4      102        8       0
                text34                              E36      E36        A     1C6C       0
                text33                              EED      EED       24     1DDA       0
                text32                              ECA      ECA       23     1D94       0
                text31                              E98      E98       19     1D30       0
                text30                              795      795       3A        8       0
                text28                              F35      F35       25     1E6A       0
                text27                              F11      F11       24     1E22       0
                text26                              EB1      EB1       19     1D62       0
                text25                              75B      75B       3A        8       0
                text24                              65A      65A       45        8       0
                text23                              3D6      3D6       D1        8       0
                text22                              F80      F80       29     1F00       0
                text21                              E1C      E1C        6     1C38       0
                text20                              71F      71F       3C        8       0
                text19                              E22      E22        6     1C44       0
                text18                              FD3      FD3       2D     1FA6       0
                text17                              5AA      5AA       60        8       0
                text16                              4A7      4A7       97        8       0
                text15                              FA9      FA9       2A     1F52       0
                text14                              7CF      7CF       2E        8       0
                text13                              F5A      F5A       26     1EB4       0
                text12                              E6C      E6C       14     1CD8       0
                text11                              E80      E80       18     1D00       0
                text10                              E40      E40        B     1C80       0
                text9                               E17      E17        5     1C2E       0
                text8                               60A      60A       50        8       0
                text7                               E2E      E2E        8     1C5C       0
                text6                               E4B      E4B        B     1C96       0
                text5                               69F      69F       44        8       0
                text4                               6E3      6E3       3C        8       0
                text3                               53E      53E       6C        8       0
                text2                               E56      E56        B     1CAC       0
                text1                               E61      E61        B     1CC2       0
                maintext                            13D      13D      299        8       0
                cstackBANK0                          20       20       32       20       1
                cstackCOMMON                         70       70        E       70       1
                cstackBANK1                          A0       A0       31       A0       1
                clrtext                             E28      E28        6     1C50       0
                bssBANK3                            1A0      1A0       4B      1A0       1
                bssBANK2                            120      120       32      120       1
                dataBANK1                            E8       E8        4       A0       1
                bssBANK1                             D1       D1       17       A0       1
                bssBANK0                             52       52        B       20       1
                stringtext8                        105C     105C        4     2000       0
                stringtext7                        1055     1055        7     2000       0
                stringtext6                        104C     104C        9     2000       0
                stringtext5                        1040     1040        C     2000       0
                stringtext4                        1030     1030       10     2000       0
                stringtext3                        1020     1020       10     2000       0
                stringtext2                        1010     1010       10     2000       0
                stringtext1                        1000     1000       10     2000       0
                idataBANK1                          E13      E13        4     1C26       0

TOTAL           Name                               Link     Load   Length     Space
        CLASS   STACK          

        CLASS   CODE           
                end_init                            106      106        2         0
                cinit                               108      108       35         0
                intentry                              4        4      102         0
                reset_vec                             0        0        2         0
                text34                              E36      E36        A         0
                text33                              EED      EED       24         0
                text32                              ECA      ECA       23         0
                text31                              E98      E98       19         0
                text30                              795      795       3A         0
                text28                              F35      F35       25         0
                text27                              F11      F11       24         0
                text26                              EB1      EB1       19         0
                text25                              75B      75B       3A         0
                text24                              65A      65A       45         0
                text23                              3D6      3D6       D1         0
                text22                              F80      F80       29         0
                text21                              E1C      E1C        6         0
                text20                              71F      71F       3C         0
                text19                              E22      E22        6         0
                text18                              FD3      FD3       2D         0
                text17                              5AA      5AA       60         0
                text16                              4A7      4A7       97         0
                text15                              FA9      FA9       2A         0
                text14                              7CF      7CF       2E         0
                text13                              F5A      F5A       26         0
                text12                              E6C      E6C       14         0
                text11                              E80      E80       18         0
                text10                              E40      E40        B         0
                text9                               E17      E17        5         0
                text8                               60A      60A       50         0
                text7                               E2E      E2E        8         0
                text6                               E4B      E4B        B         0
                text5                               69F      69F       44         0
                text4                               6E3      6E3       3C         0
                text3                               53E      53E       6C         0
                text2                               E56      E56        B         0
                text1                               E61      E61        B         0
                maintext                            13D      13D      299         0
                clrtext                             E28      E28        6         0
                idataBANK1                          E13      E13        4         0

        CLASS   STRCODE        
                stringtext8                        105C     105C        4         0
                stringtext7                        1055     1055        7         0
                stringtext6                        104C     104C        9         0
                stringtext5                        1040     1040        C         0
                stringtext4                        1030     1030       10         0
                stringtext3                        1020     1020       10         0
                stringtext2                        1010     1010       10         0
                stringtext1                        1000     1000       10         0

        CLASS   STRING         

        CLASS   CONST          

        CLASS   ENTRY          

        CLASS   COMMON         
                cstackCOMMON                         70       70        E         1

        CLASS   BANK0          
                cstackBANK0                          20       20       32         1
                bssBANK0                             52       52        B         1

        CLASS   BANK1          
                cstackBANK1                          A0       A0       31         1
                dataBANK1                            E8       E8        4         1
                bssBANK1                             D1       D1       17         1

        CLASS   BANK2          
                bssBANK2                            120      120       32         1

        CLASS   BANK3          
                bssBANK3                            1A0      1A0       4B         1

        CLASS   BANK4          

        CLASS   BANK5          

        CLASS   BANK6          

        CLASS   BANK7          

        CLASS   BANK8          

        CLASS   BANK9          

        CLASS   BANK10         

        CLASS   BANK11         

        CLASS   BANK12         

        CLASS   BIGRAM         

        CLASS   RAM            

        CLASS   ABS1           
                abs_s1                               7E       7E        2         1

        CLASS   SFR0           

        CLASS   SFR1           

        CLASS   SFR2           

        CLASS   SFR3           

        CLASS   SFR4           

        CLASS   SFR5           

        CLASS   SFR6           

        CLASS   SFR7           

        CLASS   SFR8           

        CLASS   SFR9           

        CLASS   SFR10          

        CLASS   SFR11          

        CLASS   SFR12          

        CLASS   SFR13          

        CLASS   SFR14          

        CLASS   SFR15          

        CLASS   SFR16          

        CLASS   SFR17          

        CLASS   SFR18          

        CLASS   SFR19          

        CLASS   SFR20          

        CLASS   SFR21          

        CLASS   SFR22          

        CLASS   SFR23          

        CLASS   SFR24          

        CLASS   SFR25          

        CLASS   SFR26          

        CLASS   SFR27          

        CLASS   SFR28          

        CLASS   SFR29          

        CLASS   SFR30          

        CLASS   SFR31          

        CLASS   CONFIG         
                config                             8007     8007        2         0

        CLASS   IDLOC          

        CLASS   BANK31         

        CLASS   BANK30         

        CLASS   BANK29         

        CLASS   BANK28         

        CLASS   BANK27         

        CLASS   BANK26         

        CLASS   BANK25         

        CLASS   BANK24         

        CLASS   BANK23         

        CLASS   BANK22         

        CLASS   BANK21         

        CLASS   BANK20         

        CLASS   BANK19         

        CLASS   BANK18         

        CLASS   BANK17         

        CLASS   BANK16         

        CLASS   BANK15         

        CLASS   BANK14         

        CLASS   BANK13         

        CLASS   EEDATA         



SEGMENTS        Name                           Load    Length   Top    Selector   Space  Class     Delta

                reset_vec                      000000  000002  000002         0       0  CODE        2
                intentry                       000004  0007F9  0007FD         8       0  CODE        2
                cstackBANK0                    000020  00003D  00005D        20       1  BANK0       1
                cstackCOMMON                   000070  00000E  00007E        70       1  COMMON      1
                cstackBANK1                    0000A0  00004C  0000EC        A0       1  BANK1       1
                bssBANK2                       000120  000032  000152       120       1  BANK2       1
                bssBANK3                       0001A0  00004B  0001EB       1A0       1  BANK3       1
                idataBANK1                     000E13  000004  000E17      1C26       0  CODE        2
                text9                          000E17  000005  000E1C      1C2E       0  CODE        2
                text21                         000E1C  000006  000E22      1C38       0  CODE        2
                text19                         000E22  000006  000E28      1C44       0  CODE        2
                clrtext                        000E28  000006  000E2E      1C50       0  CODE        2
                text7                          000E2E  000008  000E36      1C5C       0  CODE        2
                text34                         000E36  00000A  000E40      1C6C       0  CODE        2
                text10                         000E40  00000B  000E4B      1C80       0  CODE        2
                text6                          000E4B  00000B  000E56      1C96       0  CODE        2
                text2                          000E56  00000B  000E61      1CAC       0  CODE        2
                text1                          000E61  00000B  000E6C      1CC2       0  CODE        2
                text12                         000E6C  000014  000E80      1CD8       0  CODE        2
                text11                         000E80  000018  000E98      1D00       0  CODE        2
                text31                         000E98  000019  000EB1      1D30       0  CODE        2
                text26                         000EB1  000019  000ECA      1D62       0  CODE        2
                text32                         000ECA  000023  000EED      1D94       0  CODE        2
                text33                         000EED  000024  000F11      1DDA       0  CODE        2
                text27                         000F11  000024  000F35      1E22       0  CODE        2
                text28                         000F35  000025  000F5A      1E6A       0  CODE        2
                text13                         000F5A  000026  000F80      1EB4       0  CODE        2
                text22                         000F80  000029  000FA9      1F00       0  CODE        2
                text15                         000FA9  00002A  000FD3      1F52       0  CODE        2
                text18                         000FD3  00002D  001000      1FA6       0  CODE        2
                stringtext1                    001000  000060  001060      2000       0  STRCODE     2
                config                         008007  000002  008009     1000E       0  CONFIG      2


UNUSED ADDRESS RANGES

        Name                Unused          Largest block    Delta
        BANK0            0005D-0006F              13           1
        BANK1            000EC-000EF               4           1
        BANK10           00520-0056F              50           1
        BANK11           005A0-005EF              50           1
        BANK12           00620-0064F              30           1
        BANK2            00152-0016F              1E           1
        BANK3            001EB-001EF               5           1
        BANK4            00220-0026F              50           1
        BANK5            002A0-002EF              50           1
        BANK6            00320-0036F              50           1
        BANK7            003A0-003EF              50           1
        BANK8            00420-0046F              50           1
        BANK9            004A0-004EF              50           1
        BIGRAM           02000-023EF             3F0           1
        CODE             00002-00003               2           2
                         007FD-00E12               3
                         01060-03FFF             800
        CONST            00002-00003               2           2
                         007FD-00E12             100
                         01060-03FFF             100
        ENTRY            00002-00003               2           2
                         007FD-00E12             100
                         01060-03FFF             100
        IDLOC            08000-08003               4           2
        RAM              0005D-0006F              13           1
                         000EC-000EF               4
                         00152-0016F              1E
                         001EB-001EF               5
                         00220-0026F              50
                         002A0-002EF              50
                         00320-0036F              50
                         003A0-003EF              50
                         00420-0046F              50
                         004A0-004EF              50
                         00520-0056F              50
                         005A0-005EF              50
                         00620-0064F              30
        SFR0             00000-0001F              20           1
        SFR1             00080-0009F              20           1
        SFR10            00500-0051F              20           1
        SFR11            00580-0059F              20           1
        SFR12            00600-0061F              20           1
        SFR13            00680-006EF              70           1
        SFR14            00700-0076F              70           1
        SFR15            00780-007EF              70           1
        SFR16            00800-0086F              70           1
        SFR17            00880-008EF              70           1
        SFR18            00900-0096F              70           1
        SFR19            00980-009EF              70           1
        SFR2             00100-0011F              20           1
        SFR20            00A00-00A6F              70           1
        SFR21            00A80-00AEF              70           1
        SFR22            00B00-00B6F              70           1
        SFR23            00B80-00BEF              70           1
        SFR24            00C00-00C6F              70           1
        SFR25            00C80-00CEF              70           1
        SFR26            00D00-00D6F              70           1
        SFR27            00D80-00DEF              70           1
        SFR28            00E00-00E6F              70           1
        SFR29            00E80-00EEF              70           1
        SFR3             00180-0019F              20           1
        SFR30            00F00-00F6F              70           1
        SFR31            00F80-00FEF              70           1
        SFR4             00200-0021F              20           1
        SFR5             00280-0029F              20           1
        SFR6             00300-0031F              20           1
        SFR7             00380-0039F              20           1
        SFR8             00400-0041F              20           1
        SFR9             00480-0049F              20           1
        STACK            0213B-023EF             2B5           1
        STRCODE          00002-00003               2           2
                         007FD-00E12             616
                         01060-03FFF            2FA0
        STRING           00002-00003               2           2
                         007FD-00E12             100
                         01060-03FFF             100

                                  Symbol Table

?___lwdiv                      cstackBANK0  00030
?___lwmod                      cstackBANK0  00030
?_strlen                       cstackBANK0  00030
?i1_strlen                     cstackCOMMON 00070
Add_Trace@iSizeOfoText         cstackBANK0  00043
Add_Trace@iText                cstackBANK0  00044
Add_Trace@oText                cstackBANK0  0004C
Debounce@iSwitch               cstackBANK0  00034
Debounce@ioTimer               cstackBANK0  00030
Debounce@swPressed             cstackBANK0  00031
PrintLog@iText                 cstackBANK0  00046
PrintLog@wInterruptTextLen     cstackBANK0  00045
_ANSELA                        (abs)        0018C
_ANSELB                        (abs)        0018D
_ANSELCbits                    (abs)        0018E
_Add_Trace                     text25       0075B
_Debounce                      text24       0065A
_GetTemp                       text22       00F80
_INTCONbits                    (abs)        0000B
_OPTION_REGbits                (abs)        00095
_OSCCONbits                    (abs)        00099
_PIE1bits                      (abs)        00091
_PIE2bits                      (abs)        00092
_PIR1bits                      (abs)        00011
_PIR2bits                      (abs)        00012
_PORTA                         (abs)        0000C
_PORTAbits                     (abs)        0000C
_PORTB                         (abs)        0000D
_PORTBbits                     (abs)        0000D
_PrintLog                      text14       007CF
_SSPADD                        (abs)        00212
_SSPBUF                        (abs)        00211
_SSPCON1bits                   (abs)        00215
_SSPCON2bits                   (abs)        00216
_SSPCON3bits                   (abs)        00217
_SSPSTATbits                   (abs)        00214
_SetToGetTemp                  text13       00F5A
_SetToReadDataFromLCD          text19       00E22
_SetToSendDataToLCD            text21       00E1C
_T1CONbits                     (abs)        00018
_TMR1H                         (abs)        00017
_TMR1L                         (abs)        00016
_TRISA                         (abs)        0008C
_TRISAbits                     (abs)        0008C
_TRISB                         (abs)        0008D
_TRISC                         (abs)        0008E
_ToggleBitRB5                  text34       00E36
_WPUB                          (abs)        0020D
_WakeTemp                      text12       00E6C
__CFG_BOREN$ON                 (abs)        00000
__CFG_BORV$LO                  (abs)        00000
__CFG_CLKOUTEN$ON              (abs)        00000
__CFG_CP$OFF                   (abs)        00000
__CFG_FCMEN$OFF                (abs)        00000
__CFG_FOSC$INTOSC              (abs)        00000
__CFG_IESO$OFF                 (abs)        00000
__CFG_LPBOR$OFF                (abs)        00000
__CFG_LVP$OFF                  (abs)        00000
__CFG_MCLRE$OFF                (abs)        00000
__CFG_PWRTE$ON                 (abs)        00000
__CFG_STVREN$OFF               (abs)        00000
__CFG_VCAPEN$OFF               (abs)        00000
__CFG_WDTE$OFF                 (abs)        00000
__CFG_WRT$OFF                  (abs)        00000
__Habs1                        abs1         00000
__Hbank0                       bank0        00000
__Hbank1                       bank1        00000
__Hbank10                      bank10       00000
__Hbank11                      bank11       00000
__Hbank12                      bank12       00000
__Hbank13                      bank13       00000
__Hbank14                      bank14       00000
__Hbank15                      bank15       00000
__Hbank16                      bank16       00000
__Hbank17                      bank17       00000
__Hbank18                      bank18       00000
__Hbank19                      bank19       00000
__Hbank2                       bank2        00000
__Hbank20                      bank20       00000
__Hbank21                      bank21       00000
__Hbank22                      bank22       00000
__Hbank23                      bank23       00000
__Hbank24                      bank24       00000
__Hbank25                      bank25       00000
__Hbank26                      bank26       00000
__Hbank27                      bank27       00000
__Hbank28                      bank28       00000
__Hbank29                      bank29       00000
__Hbank3                       bank3        00000
__Hbank30                      bank30       00000
__Hbank31                      bank31       00000
__Hbank4                       bank4        00000
__Hbank5                       bank5        00000
__Hbank6                       bank6        00000
__Hbank7                       bank7        00000
__Hbank8                       bank8        00000
__Hbank9                       bank9        00000
__Hbigram                      bigram       00000
__HbssBANK0                    bssBANK0     00000
__HbssBANK1                    bssBANK1     00000
__HbssBANK2                    bssBANK2     00000
__HbssBANK3                    bssBANK3     00000
__Hcinit                       cinit        0013D
__Hclrtext                     clrtext      00000
__Hcode                        code         00000
__Hcommon                      common       00000
__Hconfig                      config       08009
__HcstackBANK0                 cstackBANK0  00000
__HcstackBANK1                 cstackBANK1  00000
__HcstackCOMMON                cstackCOMMON 00000
__HdataBANK1                   dataBANK1    00000
__Heeprom_data                 eeprom_data  00000
__Hend_init                    end_init     00108
__Hfunctab                     functab      00000
__HidataBANK1                  idataBANK1   00000
__Hidloc                       idloc        00000
__Hinit                        init         00106
__Hintentry                    intentry     00106
__Hmaintext                    maintext     00000
__Hpowerup                     powerup      00000
__Hram                         ram          00000
__Hreset_vec                   reset_vec    00002
__Hsfr0                        sfr0         00000
__Hsfr1                        sfr1         00000
__Hsfr10                       sfr10        00000
__Hsfr11                       sfr11        00000
__Hsfr12                       sfr12        00000
__Hsfr13                       sfr13        00000
__Hsfr14                       sfr14        00000
__Hsfr15                       sfr15        00000
__Hsfr16                       sfr16        00000
__Hsfr17                       sfr17        00000
__Hsfr18                       sfr18        00000
__Hsfr19                       sfr19        00000
__Hsfr2                        sfr2         00000
__Hsfr20                       sfr20        00000
__Hsfr21                       sfr21        00000
__Hsfr22                       sfr22        00000
__Hsfr23                       sfr23        00000
__Hsfr24                       sfr24        00000
__Hsfr25                       sfr25        00000
__Hsfr26                       sfr26        00000
__Hsfr27                       sfr27        00000
__Hsfr28                       sfr28        00000
__Hsfr29                       sfr29        00000
__Hsfr3                        sfr3         00000
__Hsfr30                       sfr30        00000
__Hsfr31                       sfr31        00000
__Hsfr4                        sfr4         00000
__Hsfr5                        sfr5         00000
__Hsfr6                        sfr6         00000
__Hsfr7                        sfr7         00000
__Hsfr8                        sfr8         00000
__Hsfr9                        sfr9         00000
__Hspace_0                     (abs)        08009
__Hspace_1                     (abs)        001EB
__Hspace_2                     (abs)        00000
__Hspace_3                     (abs)        00000
__Hstack                       stack        00000
__Hstrings                     strings      00000
__Hstringtext1                 stringtext1  00000
__Hstringtext2                 stringtext2  00000
__Hstringtext3                 stringtext3  00000
__Hstringtext4                 stringtext4  00000
__Hstringtext5                 stringtext5  00000
__Hstringtext6                 stringtext6  00000
__Hstringtext7                 stringtext7  00000
__Hstringtext8                 stringtext8  00000
__Hstringtext9                 stringtext9  00000
__Htext                        text         00000
__Labs1                        abs1         00000
__Lbank0                       bank0        00000
__Lbank1                       bank1        00000
__Lbank10                      bank10       00000
__Lbank11                      bank11       00000
__Lbank12                      bank12       00000
__Lbank13                      bank13       00000
__Lbank14                      bank14       00000
__Lbank15                      bank15       00000
__Lbank16                      bank16       00000
__Lbank17                      bank17       00000
__Lbank18                      bank18       00000
__Lbank19                      bank19       00000
__Lbank2                       bank2        00000
__Lbank20                      bank20       00000
__Lbank21                      bank21       00000
__Lbank22                      bank22       00000
__Lbank23                      bank23       00000
__Lbank24                      bank24       00000
__Lbank25                      bank25       00000
__Lbank26                      bank26       00000
__Lbank27                      bank27       00000
__Lbank28                      bank28       00000
__Lbank29                      bank29       00000
__Lbank3                       bank3        00000
__Lbank30                      bank30       00000
__Lbank31                      bank31       00000
__Lbank4                       bank4        00000
__Lbank5                       bank5        00000
__Lbank6                       bank6        00000
__Lbank7                       bank7        00000
__Lbank8                       bank8        00000
__Lbank9                       bank9        00000
__Lbigram                      bigram       00000
__LbssBANK0                    bssBANK0     00000
__LbssBANK1                    bssBANK1     00000
__LbssBANK2                    bssBANK2     00000
__LbssBANK3                    bssBANK3     00000
__Lcinit                       cinit        00108
__Lclrtext                     clrtext      00000
__Lcode                        code         00000
__Lcommon                      common       00000
__Lconfig                      config       08007
__LcstackBANK0                 cstackBANK0  00000
__LcstackBANK1                 cstackBANK1  00000
__LcstackCOMMON                cstackCOMMON 00000
__LdataBANK1                   dataBANK1    00000
__Leeprom_data                 eeprom_data  00000
__Lend_init                    end_init     00106
__Lfunctab                     functab      00000
__LidataBANK1                  idataBANK1   00000
__Lidloc                       idloc        00000
__Linit                        init         00106
__Lintentry                    intentry     00004
__Lmaintext                    maintext     00000
__Lpowerup                     powerup      00000
__Lram                         ram          00000
__Lreset_vec                   reset_vec    00000
__Lsfr0                        sfr0         00000
__Lsfr1                        sfr1         00000
__Lsfr10                       sfr10        00000
__Lsfr11                       sfr11        00000
__Lsfr12                       sfr12        00000
__Lsfr13                       sfr13        00000
__Lsfr14                       sfr14        00000
__Lsfr15                       sfr15        00000
__Lsfr16                       sfr16        00000
__Lsfr17                       sfr17        00000
__Lsfr18                       sfr18        00000
__Lsfr19                       sfr19        00000
__Lsfr2                        sfr2         00000
__Lsfr20                       sfr20        00000
__Lsfr21                       sfr21        00000
__Lsfr22                       sfr22        00000
__Lsfr23                       sfr23        00000
__Lsfr24                       sfr24        00000
__Lsfr25                       sfr25        00000
__Lsfr26                       sfr26        00000
__Lsfr27                       sfr27        00000
__Lsfr28                       sfr28        00000
__Lsfr29                       sfr29        00000
__Lsfr3                        sfr3         00000
__Lsfr30                       sfr30        00000
__Lsfr31                       sfr31        00000
__Lsfr4                        sfr4         00000
__Lsfr5                        sfr5         00000
__Lsfr6                        sfr6         00000
__Lsfr7                        sfr7         00000
__Lsfr8                        sfr8         00000
__Lsfr9                        sfr9         00000
__Lspace_0                     (abs)        00000
__Lspace_1                     (abs)        00000
__Lspace_2                     (abs)        00000
__Lspace_3                     (abs)        00000
__Lstack                       stack        00000
__Lstrings                     strings      00000
__Lstringtext1                 stringtext1  00000
__Lstringtext2                 stringtext2  00000
__Lstringtext3                 stringtext3  00000
__Lstringtext4                 stringtext4  00000
__Lstringtext5                 stringtext5  00000
__Lstringtext6                 stringtext6  00000
__Lstringtext7                 stringtext7  00000
__Lstringtext8                 stringtext8  00000
__Lstringtext9                 stringtext9  00000
__Ltext                        text         00000
__S0                           (abs)        08009
__S1                           (abs)        001EB
__S2                           (abs)        00000
___int_sp                      stack        00000
___latbits                     (abs)        00003
___lwdiv                       text5        0069F
___lwdiv@counter               cstackBANK0  00037
___lwdiv@dividend              cstackBANK0  00032
___lwdiv@divisor               cstackBANK0  00030
___lwdiv@quotient              cstackBANK0  00035
___lwmod                       text4        006E3
___lwmod@counter               cstackBANK0  00035
___lwmod@dividend              cstackBANK0  00032
___lwmod@divisor               cstackBANK0  00030
___sp                          stack        00000
__end_of_Add_Trace             text25       00795
__end_of_Debounce              text24       0069F
__end_of_GetTemp               text22       00FA9
__end_of_PrintLog              text14       007FD
__end_of_SetToGetTemp          text13       00F80
__end_of_SetToReadDataFromLCD  text19       00E28
__end_of_SetToSendDataToLCD    text21       00E22
__end_of_ToggleBitRB5          text34       00E40
__end_of_WakeTemp              text12       00E80
__end_of___lwdiv               text5        006E3
__end_of___lwmod               text4        0071F
__end_of__initialization       cinit        00139
__end_of_clearDisplay          text9        00E1C
__end_of_initLCD               text8        0065A
__end_of_lcdWriteText          text15       00FD3
__end_of_main                  maintext     003D6
__end_of_memset                text23       004A7
__end_of_moveCursorToHome      text7        00E36
__end_of_myint                 intentry     00106
__end_of_powerOnLcd            text6        00E56
__end_of_printEM1812           text3        005AA
__end_of_setCursorOff          text2        00E61
__end_of_setCursorPosition     text17       0060A
__end_of_setData               text20       0075B
__end_of_setNotBlinkingCursor  text1        00E6C
__end_of_strcat                text26       00ECA
__end_of_strcpy                text28       00F5A
__end_of_strlen                text27       00F35
__end_of_waitLCDBusy           text18       01000
__end_of_writeInsChk           text10       00E4B
__end_of_writeInsNoChk         text11       00E98
__end_of_writeTxtChk           text16       0053E
__end_ofi1_Add_Trace           text30       007CF
__end_ofi1_strcat              text31       00EB1
__end_ofi1_strcpy              text33       00F11
__end_ofi1_strlen              text32       00EED
__initialization               cinit        00108
__pbssBANK0                    bssBANK0     00052
__pbssBANK1                    bssBANK1     000D1
__pbssBANK2                    bssBANK2     00120
__pbssBANK3                    bssBANK3     001A0
__pcstackBANK0                 cstackBANK0  00020
__pcstackBANK1                 cstackBANK1  000A0
__pcstackCOMMON                cstackCOMMON 00070
__pdataBANK1                   dataBANK1    000E8
__pidataBANK1                  idataBANK1   00E13
__pintentry                    intentry     00004
__pmaintext                    maintext     0013D
__pstringtext1                 stringtext1  01000
__pstringtext2                 stringtext2  01010
__pstringtext3                 stringtext3  01020
__pstringtext4                 stringtext4  01030
__pstringtext5                 stringtext5  01040
__pstringtext6                 stringtext6  0104C
__pstringtext7                 stringtext7  01055
__pstringtext8                 stringtext8  0105C
__pstringtext9                 stringtext9  00000
__ptext1                       text1        00E61
__ptext10                      text10       00E40
__ptext11                      text11       00E80
__ptext12                      text12       00E6C
__ptext13                      text13       00F5A
__ptext14                      text14       007CF
__ptext15                      text15       00FA9
__ptext16                      text16       004A7
__ptext17                      text17       005AA
__ptext18                      text18       00FD3
__ptext19                      text19       00E22
__ptext2                       text2        00E56
__ptext20                      text20       0071F
__ptext21                      text21       00E1C
__ptext22                      text22       00F80
__ptext23                      text23       003D6
__ptext24                      text24       0065A
__ptext25                      text25       0075B
__ptext26                      text26       00EB1
__ptext27                      text27       00F11
__ptext28                      text28       00F35
__ptext3                       text3        0053E
__ptext30                      text30       00795
__ptext31                      text31       00E98
__ptext32                      text32       00ECA
__ptext33                      text33       00EED
__ptext34                      text34       00E36
__ptext4                       text4        006E3
__ptext5                       text5        0069F
__ptext6                       text6        00E4B
__ptext7                       text7        00E2E
__ptext8                       text8        0060A
__ptext9                       text9        00E17
__size_of_Add_Trace            (abs)        00000
__size_of_Debounce             (abs)        00000
__size_of_GetTemp              (abs)        00000
__size_of_PrintLog             (abs)        00000
__size_of_SetToGetTemp         (abs)        00000
__size_of_SetToReadDataFromLCD (abs)        00000
__size_of_SetToSendDataToLCD   (abs)        00000
__size_of_ToggleBitRB5         (abs)        00000
__size_of_WakeTemp             (abs)        00000
__size_of___lwdiv              (abs)        00000
__size_of___lwmod              (abs)        00000
__size_of_clearDisplay         (abs)        00000
__size_of_initLCD              (abs)        00000
__size_of_lcdWriteText         (abs)        00000
__size_of_main                 (abs)        00000
__size_of_memset               (abs)        00000
__size_of_moveCursorToHome     (abs)        00000
__size_of_myint                (abs)        00000
__size_of_powerOnLcd           (abs)        00000
__size_of_printEM1812          (abs)        00000
__size_of_setCursorOff         (abs)        00000
__size_of_setCursorPosition    (abs)        00000
__size_of_setData              (abs)        00000
__size_of_setNotBlinkingCursor (abs)        00000
__size_of_strcat               (abs)        00000
__size_of_strcpy               (abs)        00000
__size_of_strlen               (abs)        00000
__size_of_waitLCDBusy          (abs)        00000
__size_of_writeInsChk          (abs)        00000
__size_of_writeInsNoChk        (abs)        00000
__size_of_writeTxtChk          (abs)        00000
__size_ofi1_Add_Trace          (abs)        00000
__size_ofi1_strcat             (abs)        00000
__size_ofi1_strcpy             (abs)        00000
__size_ofi1_strlen             (abs)        00000
_clearDisplay                  text9        00E17
_initLCD                       text8        0060A
_lcdWriteText                  text15       00FA9
_mCursorDisplayShiftReg        bssBANK0     0005B
_mDisplayOnOffReg              bssBANK0     0005C
_mWritingPosition              bssBANK0     0005A
_main                          maintext     0013D
_memset                        text23       003D6
_moveCursorToHome              text7        00E2E
_myint                         intentry     00004
_powerOnLcd                    text6        00E4B
_printEM1812                   text3        0053E
_setCursorOff                  text2        00E56
_setCursorPosition             text17       005AA
_setData                       text20       0071F
_setNotBlinkingCursor          text1        00E61
_strcat                        text26       00EB1
_strcpy                        text28       00F35
_strlen                        text27       00F11
_wI2CRxBufferSize              bssBANK0     00057
_wI2CTxBuffer                  bssBANK1     000D4
_wI2CTxBufferSize              bssBANK0     00058
_wI2CTxSendPos                 bssBANK0     00056
_wInterruptText                bssBANK3     001A0
_wReceptionBuffer              bssBANK2     00134
_wReceptionBufferPosition      bssBANK0     00059
_wReceptionCounter             bssBANK1     000D3
_wReceptionCounterPrev         bssBANK1     000D2
_wTempUpdate                   bssBANK1     000D1
_wTimer1IntCounter             bssBANK0     00055
_waitLCDBusy                   text18       00FD3
_writeInsChk                   text10       00E40
_writeInsNoChk                 text11       00E80
_writeTxtChk                   text16       004A7
btemp                          (abs)        0007E
clear_ram0                     clrtext      00E28
end_of_initialization          cinit        00139
i1Add_Trace@iSizeOfoText       cstackBANK0  00025
i1Add_Trace@iText              cstackBANK0  00026
i1Add_Trace@oText              cstackBANK0  0002E
i1_Add_Trace                   text30       00795
i1_strcat                      text31       00E98
i1_strcpy                      text33       00EED
i1_strlen                      text32       00ECA
i1strcat@dest                  cstackBANK0  00024
i1strcat@src                   cstackBANK0  00020
i1strcpy@d                     cstackCOMMON 0007D
i1strcpy@dest                  cstackCOMMON 0007C
i1strcpy@s                     cstackCOMMON 0007A
i1strcpy@src                   cstackCOMMON 00076
i1strlen@a                     cstackCOMMON 00074
i1strlen@s                     cstackCOMMON 00070
int$flags                      (abs)        0007E
intlevel0                      functab      00000
intlevel1                      functab      00000
intlevel2                      functab      00000
intlevel3                      functab      00000
intlevel4                      functab      00000
intlevel5                      functab      00000
lcdWriteText@iText             cstackBANK0  0003D
lcdWriteText@wCharReadingPos   cstackBANK0  00042
main@F2241                     dataBANK1    000E8
main@wConv                     cstackBANK1  000B4
main@wCounter                  cstackBANK1  000CE
main@wDebounceDown             cstackBANK1  000C6
main@wDebounceEnter            cstackBANK1  000C2
main@wDebounceUp               cstackBANK1  000C4
main@wDownBottonPressed        cstackBANK1  000CD
main@wEnterBottonPressed       cstackBANK1  000C1
main@wHumidity                 cstackBANK1  000C8
main@wHumidityPrev             cstackBANK1  000BC
main@wIterationCounter         cstackBANK1  000BA
main@wMenu                     cstackBANK1  000D0
main@wMenuPrev                 cstackBANK1  000C0
main@wReadout                  cstackBANK1  000A0
main@wTemp                     cstackBANK1  000B8
main@wTemperature              cstackBANK1  000CA
main@wTemperaturePrev          cstackBANK1  000BE
main@wUpBottonPressed          cstackBANK1  000CC
memset@c                       cstackBANK0  00032
memset@dest                    cstackBANK0  00030
memset@k                       cstackBANK0  0003A
memset@n                       cstackBANK0  00034
memset@s                       cstackBANK0  0003C
printEM1812@oTextOut           cstackBANK0  0003A
printEM1812@wDecimal           cstackBANK0  0003E
printEM1812@wTen               cstackBANK0  0003C
printEM1812@wUnity             cstackBANK0  0003D
printEM1812@wVariable          cstackBANK0  00038
reset_vec                      reset_vec    00000
setCursorPosition@iLine        cstackBANK0  00038
setCursorPosition@iPosition    cstackBANK0  00035
setCursorPosition@wLCDIndex    cstackBANK0  00039
setData@iValue                 cstackBANK0  00032
stackhi                        (abs)        023EF
stacklo                        (abs)        0213B
start                          init         00106
start_initialization           cinit        00108
strcat@dest                    cstackBANK0  00042
strcat@src                     cstackBANK0  0003E
strcpy@d                       cstackBANK0  0003C
strcpy@dest                    cstackBANK0  0003D
strcpy@s                       cstackBANK0  0003A
strcpy@src                     cstackBANK0  00036
strlen@a                       cstackBANK0  00034
strlen@s                       cstackBANK0  00030
waitLCDBusy@busyFlag           cstackBANK0  00033
writeInsChk@iOpCode            cstackBANK0  00035
writeInsNoChk@iOpCode          cstackBANK0  00034
writeTxtChk@iOpCode            cstackBANK0  0003C
wtemp0                         (abs)        0007E


FUNCTION INFORMATION:

 *************** function _main *****************
 Defined at:
		line 172 in file "161518_temp_main.c"
 Parameters:    Size  Location     Type
		None
 Auto vars:     Size  Location     Type
  wReadout       20    0[BANK1 ] unsigned char [20]
  wConv           4   20[BANK1 ] unsigned char [4]
  wCounter        2   46[BANK1 ] int 
  wTemperature    2   42[BANK1 ] short 
  wHumidity       2   40[BANK1 ] short 
  wDebounceDow    2   38[BANK1 ] unsigned short 
  wDebounceUp     2   36[BANK1 ] unsigned short 
  wDebounceEnt    2   34[BANK1 ] unsigned short 
  wTemperature    2   30[BANK1 ] short 
  wHumidityPre    2   28[BANK1 ] short 
  wIterationCo    2   26[BANK1 ] unsigned short 
  wTemp           2   24[BANK1 ] int 
  wMenu           1   48[BANK1 ] unsigned char 
  wDownBottonP    1   45[BANK1 ] unsigned char 
  wUpBottonPre    1   44[BANK1 ] unsigned char 
  wEnterBotton    1   33[BANK1 ] unsigned char 
  wMenuPrev       1   32[BANK1 ] unsigned char 
 Return value:  Size  Location     Type
                  1    wreg      void 
 Registers used:
		wreg, fsr0l, fsr0h, fsr1l, fsr1h, status,2, status,0, pclath, cstack
 Tracked objects:
		On entry : 
		On exit  : 
		Unchanged: 
 Data sizes:     COMMON   BANK0   BANK1   BANK2   BANK3   BANK4   BANK5   BANK6   BANK7   BANK8   BANK9  BANK10  BANK11  BANK12
      Params:         0       0       0       0       0       0       0       0       0       0       0       0       0       0
      Locals:         0       0      49       0       0       0       0       0       0       0       0       0       0       0
      Temps:          0       5       0       0       0       0       0       0       0       0       0       0       0       0
      Totals:         0       5      49       0       0       0       0       0       0       0       0       0       0       0
Total ram usage:       54 bytes
 Hardware stack levels required when called:   10
 This function calls:
		_Add_Trace
		_Debounce
		_GetTemp
		_PrintLog
		_SetToGetTemp
		_WakeTemp
		_clearDisplay
		_initLCD
		_lcdWriteText
		_memset
		_moveCursorToHome
		_powerOnLcd
		_printEM1812
		_setCursorOff
		_setCursorPosition
		_setNotBlinkingCursor
 This function is called by:
		Startup code after reset
 This function uses a non-reentrant model


 *************** function _setNotBlinkingCursor *****************
 Defined at:
		line 198 in file "LCD_hd44780u_qy_2004a.c"
 Parameters:    Size  Location     Type
		None
 Auto vars:     Size  Location     Type
		None
 Return value:  Size  Location     Type
                  1    wreg      void 
 Registers used:
		wreg, status,2, status,0, pclath, cstack
 Tracked objects:
		On entry : 
		On exit  : 
		Unchanged: 
 Data sizes:     COMMON   BANK0   BANK1   BANK2   BANK3   BANK4   BANK5   BANK6   BANK7   BANK8   BANK9  BANK10  BANK11  BANK12
      Params:         0       0       0       0       0       0       0       0       0       0       0       0       0       0
      Locals:         0       0       0       0       0       0       0       0       0       0       0       0       0       0
      Temps:          0       1       0       0       0       0       0       0       0       0       0       0       0       0
      Totals:         0       1       0       0       0       0       0       0       0       0       0       0       0       0
Total ram usage:        1 bytes
 Hardware stack levels used:    1
 Hardware stack levels required when called:    7
 This function calls:
		_writeInsChk
 This function is called by:
		_main
 This function uses a non-reentrant model


 *************** function _setCursorOff *****************
 Defined at:
		line 203 in file "LCD_hd44780u_qy_2004a.c"
 Parameters:    Size  Location     Type
		None
 Auto vars:     Size  Location     Type
		None
 Return value:  Size  Location     Type
                  1    wreg      void 
 Registers used:
		wreg, status,2, status,0, pclath, cstack
 Tracked objects:
		On entry : 
		On exit  : 
		Unchanged: 
 Data sizes:     COMMON   BANK0   BANK1   BANK2   BANK3   BANK4   BANK5   BANK6   BANK7   BANK8   BANK9  BANK10  BANK11  BANK12
      Params:         0       0       0       0       0       0       0       0       0       0       0       0       0       0
      Locals:         0       0       0       0       0       0       0       0       0       0       0       0       0       0
      Temps:          0       1       0       0       0       0       0       0       0       0       0       0       0       0
      Totals:         0       1       0       0       0       0       0       0       0       0       0       0       0       0
Total ram usage:        1 bytes
 Hardware stack levels used:    1
 Hardware stack levels required when called:    7
 This function calls:
		_writeInsChk
 This function is called by:
		_main
 This function uses a non-reentrant model


 *************** function _printEM1812 *****************
 Defined at:
		line 121 in file "161518_temp_main.c"
 Parameters:    Size  Location     Type
  wVariable       2   24[BANK0 ] unsigned short 
  oTextOut        1   26[BANK0 ] PTR unsigned char 
		 -> main@wReadout(20), 
 Auto vars:     Size  Location     Type
  QWE            20    0        unsigned char [20]
  wDecimal        1   30[BANK0 ] unsigned char 
  wUnity          1   29[BANK0 ] unsigned char 
  wTen            1   28[BANK0 ] unsigned char 
 Return value:  Size  Location     Type
                  1    wreg      void 
 Registers used:
		wreg, fsr1l, fsr1h, status,2, status,0, pclath, cstack
 Tracked objects:
		On entry : 
		On exit  : 
		Unchanged: 
 Data sizes:     COMMON   BANK0   BANK1   BANK2   BANK3   BANK4   BANK5   BANK6   BANK7   BANK8   BANK9  BANK10  BANK11  BANK12
      Params:         0       3       0       0       0       0       0       0       0       0       0       0       0       0
      Locals:         0       3       0       0       0       0       0       0       0       0       0       0       0       0
      Temps:          0       1       0       0       0       0       0       0       0       0       0       0       0       0
      Totals:         0       7       0       0       0       0       0       0       0       0       0       0       0       0
Total ram usage:        7 bytes
 Hardware stack levels used:    1
 Hardware stack levels required when called:    5
 This function calls:
		___lwdiv
		___lwmod
 This function is called by:
		_main
 This function uses a non-reentrant model


 *************** function ___lwmod *****************
 Defined at:
		line 5 in file "C:\Program Files (x86)\Microchip\xc8\v2.00\pic\sources\c99\common\lwmod.c"
 Parameters:    Size  Location     Type
  divisor         2   16[BANK0 ] unsigned int 
  dividend        2   18[BANK0 ] unsigned int 
 Auto vars:     Size  Location     Type
  counter         1   21[BANK0 ] unsigned char 
 Return value:  Size  Location     Type
                  2   16[BANK0 ] unsigned int 
 Registers used:
		wreg, status,2, status,0
 Tracked objects:
		On entry : 
		On exit  : 
		Unchanged: 
 Data sizes:     COMMON   BANK0   BANK1   BANK2   BANK3   BANK4   BANK5   BANK6   BANK7   BANK8   BANK9  BANK10  BANK11  BANK12
      Params:         0       4       0       0       0       0       0       0       0       0       0       0       0       0
      Locals:         0       1       0       0       0       0       0       0       0       0       0       0       0       0
      Temps:          0       1       0       0       0       0       0       0       0       0       0       0       0       0
      Totals:         0       6       0       0       0       0       0       0       0       0       0       0       0       0
Total ram usage:        6 bytes
 Hardware stack levels used:    1
 Hardware stack levels required when called:    4
 This function calls:
		Nothing
 This function is called by:
		_printEM1812
 This function uses a non-reentrant model


 *************** function ___lwdiv *****************
 Defined at:
		line 5 in file "C:\Program Files (x86)\Microchip\xc8\v2.00\pic\sources\c99\common\lwdiv.c"
 Parameters:    Size  Location     Type
  divisor         2   16[BANK0 ] unsigned int 
  dividend        2   18[BANK0 ] unsigned int 
 Auto vars:     Size  Location     Type
  quotient        2   21[BANK0 ] unsigned int 
  counter         1   23[BANK0 ] unsigned char 
 Return value:  Size  Location     Type
                  2   16[BANK0 ] unsigned int 
 Registers used:
		wreg, status,2, status,0
 Tracked objects:
		On entry : 
		On exit  : 
		Unchanged: 
 Data sizes:     COMMON   BANK0   BANK1   BANK2   BANK3   BANK4   BANK5   BANK6   BANK7   BANK8   BANK9  BANK10  BANK11  BANK12
      Params:         0       4       0       0       0       0       0       0       0       0       0       0       0       0
      Locals:         0       3       0       0       0       0       0       0       0       0       0       0       0       0
      Temps:          0       1       0       0       0       0       0       0       0       0       0       0       0       0
      Totals:         0       8       0       0       0       0       0       0       0       0       0       0       0       0
Total ram usage:        8 bytes
 Hardware stack levels used:    1
 Hardware stack levels required when called:    4
 This function calls:
		Nothing
 This function is called by:
		_printEM1812
 This function uses a non-reentrant model


 *************** function _powerOnLcd *****************
 Defined at:
		line 188 in file "LCD_hd44780u_qy_2004a.c"
 Parameters:    Size  Location     Type
		None
 Auto vars:     Size  Location     Type
		None
 Return value:  Size  Location     Type
                  1    wreg      void 
 Registers used:
		wreg, status,2, status,0, pclath, cstack
 Tracked objects:
		On entry : 
		On exit  : 
		Unchanged: 
 Data sizes:     COMMON   BANK0   BANK1   BANK2   BANK3   BANK4   BANK5   BANK6   BANK7   BANK8   BANK9  BANK10  BANK11  BANK12
      Params:         0       0       0       0       0       0       0       0       0       0       0       0       0       0
      Locals:         0       0       0       0       0       0       0       0       0       0       0       0       0       0
      Temps:          0       1       0       0       0       0       0       0       0       0       0       0       0       0
      Totals:         0       1       0       0       0       0       0       0       0       0       0       0       0       0
Total ram usage:        1 bytes
 Hardware stack levels used:    1
 Hardware stack levels required when called:    7
 This function calls:
		_writeInsChk
 This function is called by:
		_main
 This function uses a non-reentrant model


 *************** function _moveCursorToHome *****************
 Defined at:
		line 249 in file "LCD_hd44780u_qy_2004a.c"
 Parameters:    Size  Location     Type
		None
 Auto vars:     Size  Location     Type
		None
 Return value:  Size  Location     Type
                  1    wreg      void 
 Registers used:
		wreg, status,2, status,0, pclath, cstack
 Tracked objects:
		On entry : 
		On exit  : 
		Unchanged: 
 Data sizes:     COMMON   BANK0   BANK1   BANK2   BANK3   BANK4   BANK5   BANK6   BANK7   BANK8   BANK9  BANK10  BANK11  BANK12
      Params:         0       0       0       0       0       0       0       0       0       0       0       0       0       0
      Locals:         0       0       0       0       0       0       0       0       0       0       0       0       0       0
      Temps:          0       0       0       0       0       0       0       0       0       0       0       0       0       0
      Totals:         0       0       0       0       0       0       0       0       0       0       0       0       0       0
Total ram usage:        0 bytes
 Hardware stack levels used:    1
 Hardware stack levels required when called:    7
 This function calls:
		_writeInsChk
 This function is called by:
		_main
 This function uses a non-reentrant model


 *************** function _initLCD *****************
 Defined at:
		line 10 in file "LCD_hd44780u_qy_2004a.c"
 Parameters:    Size  Location     Type
		None
 Auto vars:     Size  Location     Type
		None
 Return value:  Size  Location     Type
                  1    wreg      void 
 Registers used:
		wreg, status,2, status,0, pclath, cstack
 Tracked objects:
		On entry : 
		On exit  : 
		Unchanged: 
 Data sizes:     COMMON   BANK0   BANK1   BANK2   BANK3   BANK4   BANK5   BANK6   BANK7   BANK8   BANK9  BANK10  BANK11  BANK12
      Params:         0       0       0       0       0       0       0       0       0       0       0       0       0       0
      Locals:         0       0       0       0       0       0       0       0       0       0       0       0       0       0
      Temps:          0       1       0       0       0       0       0       0       0       0       0       0       0       0
      Totals:         0       1       0       0       0       0       0       0       0       0       0       0       0       0
Total ram usage:        1 bytes
 Hardware stack levels used:    1
 Hardware stack levels required when called:    8
 This function calls:
		_clearDisplay
		_setData
		_writeInsChk
 This function is called by:
		_main
 This function uses a non-reentrant model


 *************** function _clearDisplay *****************
 Defined at:
		line 245 in file "LCD_hd44780u_qy_2004a.c"
 Parameters:    Size  Location     Type
		None
 Auto vars:     Size  Location     Type
		None
 Return value:  Size  Location     Type
                  1    wreg      void 
 Registers used:
		wreg, status,2, status,0, pclath, cstack
 Tracked objects:
		On entry : 
		On exit  : 
		Unchanged: 
 Data sizes:     COMMON   BANK0   BANK1   BANK2   BANK3   BANK4   BANK5   BANK6   BANK7   BANK8   BANK9  BANK10  BANK11  BANK12
      Params:         0       0       0       0       0       0       0       0       0       0       0       0       0       0
      Locals:         0       0       0       0       0       0       0       0       0       0       0       0       0       0
      Temps:          0       0       0       0       0       0       0       0       0       0       0       0       0       0
      Totals:         0       0       0       0       0       0       0       0       0       0       0       0       0       0
Total ram usage:        0 bytes
 Hardware stack levels used:    1
 Hardware stack levels required when called:    7
 This function calls:
		_writeInsChk
 This function is called by:
		_main
		_initLCD
 This function uses a non-reentrant model


 *************** function _writeInsChk *****************
 Defined at:
		line 132 in file "LCD_hd44780u_qy_2004a.c"
 Parameters:    Size  Location     Type
  iOpCode         1    wreg     unsigned char 
 Auto vars:     Size  Location     Type
  iOpCode         1   21[BANK0 ] unsigned char 
 Return value:  Size  Location     Type
                  1    wreg      void 
 Registers used:
		wreg, status,2, status,0, pclath, cstack
 Tracked objects:
		On entry : 
		On exit  : 
		Unchanged: 
 Data sizes:     COMMON   BANK0   BANK1   BANK2   BANK3   BANK4   BANK5   BANK6   BANK7   BANK8   BANK9  BANK10  BANK11  BANK12
      Params:         0       0       0       0       0       0       0       0       0       0       0       0       0       0
      Locals:         0       1       0       0       0       0       0       0       0       0       0       0       0       0
      Temps:          0       0       0       0       0       0       0       0       0       0       0       0       0       0
      Totals:         0       1       0       0       0       0       0       0       0       0       0       0       0       0
Total ram usage:        1 bytes
 Hardware stack levels used:    1
 Hardware stack levels required when called:    6
 This function calls:
		_waitLCDBusy
		_writeInsNoChk
 This function is called by:
		_initLCD
		_powerOnLcd
		_setNotBlinkingCursor
		_setCursorOff
		_clearDisplay
		_moveCursorToHome
		_powerOffLcd
		_setBlinkingCursor
		_setCursorOn
		_setCursorMovingLeft
		_setCursorMovingRight
		_setDisplayMovingRight
		_setDisplayMovingLeft
		_moveCursorRight
		_moveCursorLeft
 This function uses a non-reentrant model


 *************** function _writeInsNoChk *****************
 Defined at:
		line 138 in file "LCD_hd44780u_qy_2004a.c"
 Parameters:    Size  Location     Type
  iOpCode         1    wreg     unsigned char 
 Auto vars:     Size  Location     Type
  iOpCode         1   20[BANK0 ] unsigned char 
 Return value:  Size  Location     Type
                  1    wreg      void 
 Registers used:
		wreg, status,2, status,0, pclath, cstack
 Tracked objects:
		On entry : 
		On exit  : 
		Unchanged: 
 Data sizes:     COMMON   BANK0   BANK1   BANK2   BANK3   BANK4   BANK5   BANK6   BANK7   BANK8   BANK9  BANK10  BANK11  BANK12
      Params:         0       0       0       0       0       0       0       0       0       0       0       0       0       0
      Locals:         0       1       0       0       0       0       0       0       0       0       0       0       0       0
      Temps:          0       1       0       0       0       0       0       0       0       0       0       0       0       0
      Totals:         0       2       0       0       0       0       0       0       0       0       0       0       0       0
Total ram usage:        2 bytes
 Hardware stack levels used:    1
 Hardware stack levels required when called:    5
 This function calls:
		_SetToSendDataToLCD
		_setData
 This function is called by:
		_writeInsChk
 This function uses a non-reentrant model


 *************** function _WakeTemp *****************
 Defined at:
		line 101 in file "161518_temp_main.c"
 Parameters:    Size  Location     Type
		None
 Auto vars:     Size  Location     Type
		None
 Return value:  Size  Location     Type
                  1    wreg      void 
 Registers used:
		wreg, status,2, status,0
 Tracked objects:
		On entry : 
		On exit  : 
		Unchanged: 
 Data sizes:     COMMON   BANK0   BANK1   BANK2   BANK3   BANK4   BANK5   BANK6   BANK7   BANK8   BANK9  BANK10  BANK11  BANK12
      Params:         0       0       0       0       0       0       0       0       0       0       0       0       0       0
      Locals:         0       0       0       0       0       0       0       0       0       0       0       0       0       0
      Temps:          0       1       0       0       0       0       0       0       0       0       0       0       0       0
      Totals:         0       1       0       0       0       0       0       0       0       0       0       0       0       0
Total ram usage:        1 bytes
 Hardware stack levels used:    1
 Hardware stack levels required when called:    4
 This function calls:
		Nothing
 This function is called by:
		_main
 This function uses a non-reentrant model


 *************** function _SetToGetTemp *****************
 Defined at:
		line 65 in file "161518_temp_main.c"
 Parameters:    Size  Location     Type
		None
 Auto vars:     Size  Location     Type
		None
 Return value:  Size  Location     Type
                  1    wreg      void 
 Registers used:
		wreg, status,2, status,0
 Tracked objects:
		On entry : 
		On exit  : 
		Unchanged: 
 Data sizes:     COMMON   BANK0   BANK1   BANK2   BANK3   BANK4   BANK5   BANK6   BANK7   BANK8   BANK9  BANK10  BANK11  BANK12
      Params:         0       0       0       0       0       0       0       0       0       0       0       0       0       0
      Locals:         0       0       0       0       0       0       0       0       0       0       0       0       0       0
      Temps:          0       1       0       0       0       0       0       0       0       0       0       0       0       0
      Totals:         0       1       0       0       0       0       0       0       0       0       0       0       0       0
Total ram usage:        1 bytes
 Hardware stack levels used:    1
 Hardware stack levels required when called:    4
 This function calls:
		Nothing
 This function is called by:
		_main
 This function uses a non-reentrant model


 *************** function _PrintLog *****************
 Defined at:
		line 111 in file "161518_temp_main.c"
 Parameters:    Size  Location     Type
  iText           1    wreg     PTR unsigned char 
		 -> wInterruptText(75), 
 Auto vars:     Size  Location     Type
  iText           1   38[BANK0 ] PTR unsigned char 
		 -> wInterruptText(75), 
  wInterruptTe    1   37[BANK0 ] unsigned char 
 Return value:  Size  Location     Type
                  1    wreg      void 
 Registers used:
		wreg, fsr0l, fsr0h, fsr1l, fsr1h, status,2, status,0, pclath, cstack
 Tracked objects:
		On entry : 
		On exit  : 
		Unchanged: 
 Data sizes:     COMMON   BANK0   BANK1   BANK2   BANK3   BANK4   BANK5   BANK6   BANK7   BANK8   BANK9  BANK10  BANK11  BANK12
      Params:         0       0       0       0       0       0       0       0       0       0       0       0       0       0
      Locals:         0       2       0       0       0       0       0       0       0       0       0       0       0       0
      Temps:          0       2       0       0       0       0       0       0       0       0       0       0       0       0
      Totals:         0       4       0       0       0       0       0       0       0       0       0       0       0       0
Total ram usage:        4 bytes
 Hardware stack levels used:    1
 Hardware stack levels required when called:    9
 This function calls:
		_lcdWriteText
		_memset
		_strlen
 This function is called by:
		_main
 This function uses a non-reentrant model


 *************** function _lcdWriteText *****************
 Defined at:
		line 41 in file "LCD_hd44780u_qy_2004a.c"
 Parameters:    Size  Location     Type
  iText           2   29[BANK0 ] PTR unsigned char 
		 -> STR_6(16), STR_5(16), STR_4(16), STR_3(16), 
		 -> main@wConv(4), wInterruptText(75), 
 Auto vars:     Size  Location     Type
  wCharReading    1   34[BANK0 ] unsigned char 
 Return value:  Size  Location     Type
                  1    wreg      void 
 Registers used:
		wreg, fsr0l, fsr0h, status,2, status,0, pclath, cstack
 Tracked objects:
		On entry : 
		On exit  : 
		Unchanged: 
 Data sizes:     COMMON   BANK0   BANK1   BANK2   BANK3   BANK4   BANK5   BANK6   BANK7   BANK8   BANK9  BANK10  BANK11  BANK12
      Params:         0       2       0       0       0       0       0       0       0       0       0       0       0       0
      Locals:         0       1       0       0       0       0       0       0       0       0       0       0       0       0
      Temps:          0       3       0       0       0       0       0       0       0       0       0       0       0       0
      Totals:         0       6       0       0       0       0       0       0       0       0       0       0       0       0
Total ram usage:        6 bytes
 Hardware stack levels used:    1
 Hardware stack levels required when called:    8
 This function calls:
		_writeTxtChk
 This function is called by:
		_PrintLog
		_main
 This function uses a non-reentrant model


 *************** function _writeTxtChk *****************
 Defined at:
		line 79 in file "LCD_hd44780u_qy_2004a.c"
 Parameters:    Size  Location     Type
  iOpCode         1    wreg     unsigned char 
 Auto vars:     Size  Location     Type
  iOpCode         1   28[BANK0 ] unsigned char 
 Return value:  Size  Location     Type
                  1    wreg      void 
 Registers used:
		wreg, fsr0l, fsr0h, status,2, status,0, pclath, cstack
 Tracked objects:
		On entry : 
		On exit  : 
		Unchanged: 
 Data sizes:     COMMON   BANK0   BANK1   BANK2   BANK3   BANK4   BANK5   BANK6   BANK7   BANK8   BANK9  BANK10  BANK11  BANK12
      Params:         0       0       0       0       0       0       0       0       0       0       0       0       0       0
      Locals:         0       1       0       0       0       0       0       0       0       0       0       0       0       0
      Temps:          0       2       0       0       0       0       0       0       0       0       0       0       0       0
      Totals:         0       3       0       0       0       0       0       0       0       0       0       0       0       0
Total ram usage:        3 bytes
 Hardware stack levels used:    1
 Hardware stack levels required when called:    7
 This function calls:
		_SetToSendDataToLCD
		_setCursorPosition
		_setData
		_waitLCDBusy
 This function is called by:
		_lcdWriteText
		_lcdWriteRotText
 This function uses a non-reentrant model


 *************** function _setCursorPosition *****************
 Defined at:
		line 254 in file "LCD_hd44780u_qy_2004a.c"
 Parameters:    Size  Location     Type
  iLine           1    wreg     unsigned char 
  iPosition       1   21[BANK0 ] unsigned char 
 Auto vars:     Size  Location     Type
  iLine           1   24[BANK0 ] unsigned char 
  wLCDIndex       1   25[BANK0 ] unsigned char 
 Return value:  Size  Location     Type
                  1    wreg      void 
 Registers used:
		wreg, fsr0l, fsr0h, status,2, status,0, pclath, cstack
 Tracked objects:
		On entry : 
		On exit  : 
		Unchanged: 
 Data sizes:     COMMON   BANK0   BANK1   BANK2   BANK3   BANK4   BANK5   BANK6   BANK7   BANK8   BANK9  BANK10  BANK11  BANK12
      Params:         0       1       0       0       0       0       0       0       0       0       0       0       0       0
      Locals:         0       2       0       0       0       0       0       0       0       0       0       0       0       0
      Temps:          0       2       0       0       0       0       0       0       0       0       0       0       0       0
      Totals:         0       5       0       0       0       0       0       0       0       0       0       0       0       0
Total ram usage:        5 bytes
 Hardware stack levels used:    1
 Hardware stack levels required when called:    6
 This function calls:
		_SetToSendDataToLCD
		_setData
		_waitLCDBusy
 This function is called by:
		_main
		_writeTxtChk
 This function uses a non-reentrant model


 *************** function _waitLCDBusy *****************
 Defined at:
		line 162 in file "LCD_hd44780u_qy_2004a.c"
 Parameters:    Size  Location     Type
		None
 Auto vars:     Size  Location     Type
  busyFlag        2   19[BANK0 ] int 
 Return value:  Size  Location     Type
                  1    wreg      void 
 Registers used:
		wreg, status,2, status,0, pclath, cstack
 Tracked objects:
		On entry : 
		On exit  : 
		Unchanged: 
 Data sizes:     COMMON   BANK0   BANK1   BANK2   BANK3   BANK4   BANK5   BANK6   BANK7   BANK8   BANK9  BANK10  BANK11  BANK12
      Params:         0       0       0       0       0       0       0       0       0       0       0       0       0       0
      Locals:         0       2       0       0       0       0       0       0       0       0       0       0       0       0
      Temps:          0       3       0       0       0       0       0       0       0       0       0       0       0       0
      Totals:         0       5       0       0       0       0       0       0       0       0       0       0       0       0
Total ram usage:        5 bytes
 Hardware stack levels used:    1
 Hardware stack levels required when called:    5
 This function calls:
		_SetToReadDataFromLCD
 This function is called by:
		_writeTxtChk
		_writeInsChk
		_setCursorPosition
 This function uses a non-reentrant model


 *************** function _SetToReadDataFromLCD *****************
 Defined at:
		line 147 in file "LCD_hd44780u_qy_2004a.c"
 Parameters:    Size  Location     Type
		None
 Auto vars:     Size  Location     Type
		None
 Return value:  Size  Location     Type
                  1    wreg      void 
 Registers used:
		None
 Tracked objects:
		On entry : 
		On exit  : 
		Unchanged: 
 Data sizes:     COMMON   BANK0   BANK1   BANK2   BANK3   BANK4   BANK5   BANK6   BANK7   BANK8   BANK9  BANK10  BANK11  BANK12
      Params:         0       0       0       0       0       0       0       0       0       0       0       0       0       0
      Locals:         0       0       0       0       0       0       0       0       0       0       0       0       0       0
      Temps:          0       0       0       0       0       0       0       0       0       0       0       0       0       0
      Totals:         0       0       0       0       0       0       0       0       0       0       0       0       0       0
Total ram usage:        0 bytes
 Hardware stack levels used:    1
 Hardware stack levels required when called:    4
 This function calls:
		Nothing
 This function is called by:
		_waitLCDBusy
 This function uses a non-reentrant model


 *************** function _setData *****************
 Defined at:
		line 67 in file "LCD_hd44780u_qy_2004a.c"
 Parameters:    Size  Location     Type
  iValue          1    wreg     unsigned char 
 Auto vars:     Size  Location     Type
  iValue          1   18[BANK0 ] unsigned char 
 Return value:  Size  Location     Type
                  1    wreg      void 
 Registers used:
		wreg, status,2, status,0
 Tracked objects:
		On entry : 
		On exit  : 
		Unchanged: 
 Data sizes:     COMMON   BANK0   BANK1   BANK2   BANK3   BANK4   BANK5   BANK6   BANK7   BANK8   BANK9  BANK10  BANK11  BANK12
      Params:         0       0       0       0       0       0       0       0       0       0       0       0       0       0
      Locals:         0       1       0       0       0       0       0       0       0       0       0       0       0       0
      Temps:          0       2       0       0       0       0       0       0       0       0       0       0       0       0
      Totals:         0       3       0       0       0       0       0       0       0       0       0       0       0       0
Total ram usage:        3 bytes
 Hardware stack levels used:    1
 Hardware stack levels required when called:    4
 This function calls:
		Nothing
 This function is called by:
		_initLCD
		_writeTxtChk
		_writeInsNoChk
		_setCursorPosition
 This function uses a non-reentrant model


 *************** function _SetToSendDataToLCD *****************
 Defined at:
[...]
                  1    wreg      void 
 Registers used:
		wreg, fsr1l, fsr1h, status,2, status,0
 Tracked objects:
		On entry : 
		On exit  : 
		Unchanged: 
 Data sizes:     COMMON   BANK0   BANK1   BANK2   BANK3   BANK4   BANK5   BANK6   BANK7   BANK8   BANK9  BANK10  BANK11  BANK12
      Params:         0       2       0       0       0       0       0       0       0       0       0       0       0       0
      Locals:         0       1       0       0       0       0       0       0       0       0       0       0       0       0
      Temps:          0       2       0       0       0       0       0       0       0       0       0       0       0       0
      Totals:         0       5       0       0       0       0       0       0       0       0       0       0       0       0
Total ram usage:        5 bytes
 Hardware stack levels used:    1
 Hardware stack levels required when called:    4
 This function calls:
		Nothing
 This function is called by:
		_main
 This function uses a non-reentrant model


 *************** function _Add_Trace *****************
 Defined at:
		line 80 in file "161518_temp_main.c"
 Parameters:    Size  Location     Type
  oText           1    wreg     PTR unsigned char 
		 -> wInterruptText(75), 
  iSizeOfoText    1   35[BANK0 ] unsigned char 
  iText           2   36[BANK0 ] PTR unsigned char 
		 -> STR_8(7), STR_7(4), STR_2(9), STR_1(12), 
		 -> main@wReadout(20), 
 Auto vars:     Size  Location     Type
  oText           1   44[BANK0 ] PTR unsigned char 
		 -> wInterruptText(75), 
 Return value:  Size  Location     Type
                  1    wreg      void 
 Registers used:
		wreg, fsr0l, fsr0h, fsr1l, fsr1h, status,2, status,0, pclath, cstack
 Tracked objects:
		On entry : 
		On exit  : 
		Unchanged: 
 Data sizes:     COMMON   BANK0   BANK1   BANK2   BANK3   BANK4   BANK5   BANK6   BANK7   BANK8   BANK9  BANK10  BANK11  BANK12
      Params:         0       3       0       0       0       0       0       0       0       0       0       0       0       0
      Locals:         0       1       0       0       0       0       0       0       0       0       0       0       0       0
      Temps:          0       6       0       0       0       0       0       0       0       0       0       0       0       0
      Totals:         0      10       0       0       0       0       0       0       0       0       0       0       0       0
Total ram usage:       10 bytes
 Hardware stack levels used:    1
 Hardware stack levels required when called:    6
 This function calls:
		_strcat
		_strlen
 This function is called by:
		_main
 This function uses a non-reentrant model


 *************** function _strcat *****************
 Defined at:
		line 3 in file "C:\Program Files (x86)\Microchip\xc8\v2.00\pic\sources\c99\common\strcat.c"
 Parameters:    Size  Location     Type
  dest            1    wreg     PTR unsigned char 
		 -> wInterruptText(75), 
  src             2   30[BANK0 ] PTR const unsigned char 
		 -> STR_8(7), STR_7(4), STR_2(9), STR_1(12), 
		 -> main@wReadout(20), 
 Auto vars:     Size  Location     Type
  dest            1   34[BANK0 ] PTR unsigned char 
		 -> wInterruptText(75), 
 Return value:  Size  Location     Type
                  1    wreg      PTR unsigned char 
 Registers used:
		wreg, fsr0l, fsr0h, fsr1l, fsr1h, status,2, status,0, pclath, cstack
 Tracked objects:
		On entry : 
		On exit  : 
		Unchanged: 
 Data sizes:     COMMON   BANK0   BANK1   BANK2   BANK3   BANK4   BANK5   BANK6   BANK7   BANK8   BANK9  BANK10  BANK11  BANK12
      Params:         0       2       0       0       0       0       0       0       0       0       0       0       0       0
      Locals:         0       1       0       0       0       0       0       0       0       0       0       0       0       0
      Temps:          0       2       0       0       0       0       0       0       0       0       0       0       0       0
      Totals:         0       5       0       0       0       0       0       0       0       0       0       0       0       0
Total ram usage:        5 bytes
 Hardware stack levels used:    1
 Hardware stack levels required when called:    5
 This function calls:
		_strcpy
		_strlen
 This function is called by:
		_Add_Trace
 This function uses a non-reentrant model


 *************** function _strlen *****************
 Defined at:
		line 12 in file "C:\Program Files (x86)\Microchip\xc8\v2.00\pic\sources\c99\common\strlen.c"
 Parameters:    Size  Location     Type
  s               2   16[BANK0 ] PTR const unsigned char 
		 -> STR_8(7), STR_7(4), STR_2(9), STR_1(12), 
		 -> main@wReadout(20), wInterruptText(75), 
 Auto vars:     Size  Location     Type
  a               2   20[BANK0 ] PTR const unsigned char 
		 -> STR_8(7), STR_7(4), STR_2(9), STR_1(12), 
		 -> main@wReadout(20), wInterruptText(75), 
 Return value:  Size  Location     Type
                  2   16[BANK0 ] unsigned int 
 Registers used:
		wreg, fsr0l, fsr0h, status,2, status,0
 Tracked objects:
		On entry : 
		On exit  : 
		Unchanged: 
 Data sizes:     COMMON   BANK0   BANK1   BANK2   BANK3   BANK4   BANK5   BANK6   BANK7   BANK8   BANK9  BANK10  BANK11  BANK12
      Params:         0       2       0       0       0       0       0       0       0       0       0       0       0       0
      Locals:         0       2       0       0       0       0       0       0       0       0       0       0       0       0
      Temps:          0       2       0       0       0       0       0       0       0       0       0       0       0       0
      Totals:         0       6       0       0       0       0       0       0       0       0       0       0       0       0
Total ram usage:        6 bytes
 Hardware stack levels used:    1
 Hardware stack levels required when called:    4
 This function calls:
		Nothing
 This function is called by:
		_Add_Trace
		_PrintLog
		_strcat
 This function uses a non-reentrant model


 *************** function _strcpy *****************
 Defined at:
		line 7 in file "C:\Program Files (x86)\Microchip\xc8\v2.00\pic\sources\c99\common\strcpy.c"
 Parameters:    Size  Location     Type
  dest            1    wreg     PTR unsigned char 
		 -> wInterruptText(75), 
  src             2   22[BANK0 ] PTR const unsigned char 
		 -> STR_8(7), STR_7(4), STR_2(9), STR_1(12), 
		 -> main@wReadout(20), 
 Auto vars:     Size  Location     Type
  dest            1   29[BANK0 ] PTR unsigned char 
		 -> wInterruptText(75), 
  s               2   26[BANK0 ] PTR const unsigned char 
		 -> STR_8(7), STR_7(4), STR_2(9), STR_1(12), 
		 -> main@wReadout(20), 
  d               1   28[BANK0 ] PTR unsigned char 
		 -> wInterruptText(75), 
 Return value:  Size  Location     Type
                  1    wreg      PTR unsigned char 
 Registers used:
		wreg, fsr0l, fsr0h, fsr1l, fsr1h, status,2, status,0, pclath
 Tracked objects:
		On entry : 
		On exit  : 
		Unchanged: 
 Data sizes:     COMMON   BANK0   BANK1   BANK2   BANK3   BANK4   BANK5   BANK6   BANK7   BANK8   BANK9  BANK10  BANK11  BANK12
      Params:         0       2       0       0       0       0       0       0       0       0       0       0       0       0
      Locals:         0       4       0       0       0       0       0       0       0       0       0       0       0       0
      Temps:          0       2       0       0       0       0       0       0       0       0       0       0       0       0
      Totals:         0       8       0       0       0       0       0       0       0       0       0       0       0       0
Total ram usage:        8 bytes
 Hardware stack levels used:    1
 Hardware stack levels required when called:    4
 This function calls:
		Nothing
 This function is called by:
		_strcat
 This function uses a non-reentrant model


 *************** function _myint *****************
 Defined at:
		line 404 in file "161518_temp_main.c"
 Parameters:    Size  Location     Type
		None
 Auto vars:     Size  Location     Type
		None
 Return value:  Size  Location     Type
                  1    wreg      void 
 Registers used:
		wreg, fsr0l, fsr0h, fsr1l, fsr1h, status,2, status,0, pclath, cstack
 Tracked objects:
		On entry : 
		On exit  : 
		Unchanged: 
 Data sizes:     COMMON   BANK0   BANK1   BANK2   BANK3   BANK4   BANK5   BANK6   BANK7   BANK8   BANK9  BANK10  BANK11  BANK12
      Params:         0       0       0       0       0       0       0       0       0       0       0       0       0       0
      Locals:         0       0       0       0       0       0       0       0       0       0       0       0       0       0
      Temps:          0       1       0       0       0       0       0       0       0       0       0       0       0       0
      Totals:         0       1       0       0       0       0       0       0       0       0       0       0       0       0
Total ram usage:        1 bytes
 Hardware stack levels used:    1
 Hardware stack levels required when called:    3
 This function calls:
		_ToggleBitRB5
		i1_Add_Trace
 This function is called by:
		Interrupt level 1
 This function uses a non-reentrant model


 *************** function i1_Add_Trace *****************
 Defined at:
		line 80 in file "161518_temp_main.c"
 Parameters:    Size  Location     Type
  oText           1    wreg     PTR unsigned char 
		 -> wInterruptText(75), 
  iSizeOfoText    1    5[BANK0 ] unsigned char 
  iText           2    6[BANK0 ] PTR unsigned char 
		 -> STR_8(7), STR_7(4), STR_2(9), STR_1(12), 
		 -> main@wReadout(20), 
 Auto vars:     Size  Location     Type
  oText           1   14[BANK0 ] PTR unsigned char 
		 -> wInterruptText(75), 
 Return value:  Size  Location     Type
                  1    wreg      void 
 Registers used:
		wreg, fsr0l, fsr0h, fsr1l, fsr1h, status,2, status,0, pclath, cstack
 Tracked objects:
		On entry : 
		On exit  : 
		Unchanged: 
 Data sizes:     COMMON   BANK0   BANK1   BANK2   BANK3   BANK4   BANK5   BANK6   BANK7   BANK8   BANK9  BANK10  BANK11  BANK12
      Params:         0       3       0       0       0       0       0       0       0       0       0       0       0       0
      Locals:         0       1       0       0       0       0       0       0       0       0       0       0       0       0
      Temps:          0       6       0       0       0       0       0       0       0       0       0       0       0       0
      Totals:         0      10       0       0       0       0       0       0       0       0       0       0       0       0
Total ram usage:       10 bytes
 Hardware stack levels used:    1
 Hardware stack levels required when called:    2
 This function calls:
		i1_strcat
		i1_strlen
 This function is called by:
		_myint
 This function uses a non-reentrant model


 *************** function i1_strcat *****************
 Defined at:
		line 3 in file "C:\Program Files (x86)\Microchip\xc8\v2.00\pic\sources\c99\common\strcat.c"
 Parameters:    Size  Location     Type
  dest            1    wreg     PTR unsigned char 
		 -> wInterruptText(75), 
  src             2    0[BANK0 ] PTR const unsigned char 
		 -> STR_8(7), STR_7(4), STR_2(9), STR_1(12), 
		 -> main@wReadout(20), 
 Auto vars:     Size  Location     Type
  dest            1    4[BANK0 ] PTR unsigned char 
		 -> wInterruptText(75), 
 Return value:  Size  Location     Type
                  1    wreg      PTR unsigned char 
 Registers used:
		wreg, fsr0l, fsr0h, fsr1l, fsr1h, status,2, status,0, pclath, cstack
 Tracked objects:
		On entry : 
		On exit  : 
		Unchanged: 
 Data sizes:     COMMON   BANK0   BANK1   BANK2   BANK3   BANK4   BANK5   BANK6   BANK7   BANK8   BANK9  BANK10  BANK11  BANK12
      Params:         0       2       0       0       0       0       0       0       0       0       0       0       0       0
      Locals:         0       1       0       0       0       0       0       0       0       0       0       0       0       0
      Temps:          0       2       0       0       0       0       0       0       0       0       0       0       0       0
      Totals:         0       5       0       0       0       0       0       0       0       0       0       0       0       0
Total ram usage:        5 bytes
 Hardware stack levels used:    1
 Hardware stack levels required when called:    1
 This function calls:
		i1_strcpy
		i1_strlen
 This function is called by:
		i1_Add_Trace
 This function uses a non-reentrant model


 *************** function i1_strlen *****************
 Defined at:
		line 12 in file "C:\Program Files (x86)\Microchip\xc8\v2.00\pic\sources\c99\common\strlen.c"
 Parameters:    Size  Location     Type
  s               2    0[COMMON] PTR const unsigned char 
		 -> STR_8(7), STR_7(4), STR_2(9), STR_1(12), 
		 -> main@wReadout(20), wInterruptText(75), 
 Auto vars:     Size  Location     Type
  strlen          2    4[COMMON] PTR const unsigned char 
		 -> STR_8(7), STR_7(4), STR_2(9), STR_1(12), 
		 -> main@wReadout(20), wInterruptText(75), 
 Return value:  Size  Location     Type
                  2    0[COMMON] unsigned int 
 Registers used:
		wreg, fsr0l, fsr0h, status,2, status,0
 Tracked objects:
		On entry : 
		On exit  : 
		Unchanged: 
 Data sizes:     COMMON   BANK0   BANK1   BANK2   BANK3   BANK4   BANK5   BANK6   BANK7   BANK8   BANK9  BANK10  BANK11  BANK12
      Params:         2       0       0       0       0       0       0       0       0       0       0       0       0       0
      Locals:         2       0       0       0       0       0       0       0       0       0       0       0       0       0
      Temps:          2       0       0       0       0       0       0       0       0       0       0       0       0       0
      Totals:         6       0       0       0       0       0       0       0       0       0       0       0       0       0
Total ram usage:        6 bytes
 Hardware stack levels used:    1
 This function calls:
		Nothing
 This function is called by:
		i1_Add_Trace
		i1_strcat
 This function uses a non-reentrant model


 *************** function i1_strcpy *****************
 Defined at:
		line 7 in file "C:\Program Files (x86)\Microchip\xc8\v2.00\pic\sources\c99\common\strcpy.c"
 Parameters:    Size  Location     Type
  dest            1    wreg     PTR unsigned char 
		 -> wInterruptText(75), 
  src             2    6[COMMON] PTR const unsigned char 
		 -> STR_8(7), STR_7(4), STR_2(9), STR_1(12), 
		 -> main@wReadout(20), 
 Auto vars:     Size  Location     Type
  dest            1   12[COMMON] PTR unsigned char 
		 -> wInterruptText(75), 
  strcpy          2   10[COMMON] PTR const unsigned char 
		 -> STR_8(7), STR_7(4), STR_2(9), STR_1(12), 
		 -> main@wReadout(20), 
  strcpy          1   13[COMMON] PTR unsigned char 
		 -> wInterruptText(75), 
 Return value:  Size  Location     Type
                  1    wreg      PTR unsigned char 
 Registers used:
		wreg, fsr0l, fsr0h, fsr1l, fsr1h, status,2, status,0, pclath
 Tracked objects:
		On entry : 
		On exit  : 
		Unchanged: 
 Data sizes:     COMMON   BANK0   BANK1   BANK2   BANK3   BANK4   BANK5   BANK6   BANK7   BANK8   BANK9  BANK10  BANK11  BANK12
      Params:         2       0       0       0       0       0       0       0       0       0       0       0       0       0
      Locals:         4       0       0       0       0       0       0       0       0       0       0       0       0       0
      Temps:          2       0       0       0       0       0       0       0       0       0       0       0       0       0
      Totals:         8       0       0       0       0       0       0       0       0       0       0       0       0       0
Total ram usage:        8 bytes
 Hardware stack levels used:    1
 This function calls:
		Nothing
 This function is called by:
		i1_strcat
 This function uses a non-reentrant model


 *************** function _ToggleBitRB5 *****************
 Defined at:
		line 54 in file "161518_temp_main.c"
 Parameters:    Size  Location     Type
		None
 Auto vars:     Size  Location     Type
		None
 Return value:  Size  Location     Type
                  1    wreg      void 
 Registers used:
		None
 Tracked objects:
		On entry : 
		On exit  : 
		Unchanged: 
 Data sizes:     COMMON   BANK0   BANK1   BANK2   BANK3   BANK4   BANK5   BANK6   BANK7   BANK8   BANK9  BANK10  BANK11  BANK12
      Params:         0       0       0       0       0       0       0       0       0       0       0       0       0       0
      Locals:         0       0       0       0       0       0       0       0       0       0       0       0       0       0
      Temps:          0       0       0       0       0       0       0       0       0       0       0       0       0       0
      Totals:         0       0       0       0       0       0       0       0       0       0       0       0       0       0
Total ram usage:        0 bytes
 Hardware stack levels used:    1
 This function calls:
		Nothing
 This function is called by:
		_myint
 This function uses a non-reentrant model



MODULE INFORMATION

Module		Function		Class		Link	Load	Size
C:\Program Files (x86)\Microchip\xc8\v2.00\pic\sources\c99\common\strcat.c
		_strcat        		CODE           	0EB1	0000	26

C:\Program Files (x86)\Microchip\xc8\v2.00\pic\sources\c99\common\strcat.c estimated size: 26

C:\Program Files (x86)\Microchip\xc8\v2.00\pic\sources\c99\common\lwmod.c
		___lwmod       		CODE           	06E3	0000	61

C:\Program Files (x86)\Microchip\xc8\v2.00\pic\sources\c99\common\lwmod.c estimated size: 61

161518_temp_main.c
		_GetTemp       		CODE           	0F80	0000	42
		_main          		CODE           	013D	0000	666
		_printEM1812   		CODE           	053E	0000	109
		_ToggleBitRB5  		CODE           	0E36	0000	11
		_SetToGetTemp  		CODE           	0F5A	0000	39
		_WakeTemp      		CODE           	0E6C	0000	21
		_myint         		CODE           	0004	0000	259
		_Add_Trace     		CODE           	075B	0000	59
		_Debounce      		CODE           	065A	0000	70
		_PrintLog      		CODE           	07CF	0000	47

161518_temp_main.c estimated size: 1323

C:\Program Files (x86)\Microchip\xc8\v2.00\pic\sources\c99\common\strlen.c
		_strlen        		CODE           	0F11	0000	37

C:\Program Files (x86)\Microchip\xc8\v2.00\pic\sources\c99\common\strlen.c estimated size: 37

C:\Program Files (x86)\Microchip\xc8\v2.00\pic\sources\c99\common\strcpy.c
		_strcpy        		CODE           	0F35	0000	38

C:\Program Files (x86)\Microchip\xc8\v2.00\pic\sources\c99\common\strcpy.c estimated size: 38

C:\Program Files (x86)\Microchip\xc8\v2.00\pic\sources\c99\common\memset.c
		_memset        		CODE           	03D6	0000	210

C:\Program Files (x86)\Microchip\xc8\v2.00\pic\sources\c99\common\memset.c estimated size: 210

C:\Program Files (x86)\Microchip\xc8\v2.00\pic\sources\c99\common\lwdiv.c
		___lwdiv       		CODE           	069F	0000	69

C:\Program Files (x86)\Microchip\xc8\v2.00\pic\sources\c99\common\lwdiv.c estimated size: 69

shared
		i1_strcat      		CODE           	0E98	0000	26
		i1_strcpy      		CODE           	0EED	0000	37
		__initialization		CODE           	0108	0000	50
		i1_Add_Trace   		CODE           	0795	0000	59
		i1_strlen      		CODE           	0ECA	0000	36

shared estimated size: 208

LCD_hd44780u_qy_2004a.c
		_setCursorPosition		CODE           	05AA	0000	97
		_writeTxtChk   		CODE           	04A7	0000	152
		_clearDisplay  		CODE           	0E17	0000	6
		_writeInsChk   		CODE           	0E40	0000	12
		_writeInsNoChk 		CODE           	0E80	0000	25
		_SetToSendDataToLCD		CODE           	0E1C	0000	7
		_setData       		CODE           	071F	0000	61
		_moveCursorToHome		CODE           	0E2E	0000	9
		_lcdWriteText  		CODE           	0FA9	0000	43
		_setCursorOff  		CODE           	0E56	0000	12
		_SetToReadDataFromLCD		CODE           	0E22	0000	7
		_waitLCDBusy   		CODE           	0FD3	0000	46
		_powerOnLcd    		CODE           	0E4B	0000	12
		_setNotBlinkingCursor		CODE           	0E61	0000	12
		_initLCD       		CODE           	060A	0000	81

LCD_hd44780u_qy_2004a.c estimated size: 582

