Microchip MPLAB XC8 Compiler V2.00 ()

Linker command line:

-W-3 --edf=C:\Program Files (x86)\Microchip\xc8\v2.00\pic\dat\en_msgs.txt \
  -cs -h+dist/default/production\16F1518_Temp.X.production.sym \
  --cmf=dist/default/production\16F1518_Temp.X.production.cmf -z -Q16F1518 \
  -oC:\Users\dell\AppData\Local\Temp\s9ck.2 --defsym=__MPLAB_BUILD=1 \
  -Mdist/default/production/16F1518_Temp.X.production.map -E1 -ver=XC8 \
  --acfsm=1493 -ASTACK=0216Dh-023efh -pstack=STACK -ACODE=00h-07FFhx8 \
  -ASTRCODE=00h-03FFFh -ASTRING=00h-0FFhx64 -ACONST=00h-0FFhx64 \
  -AENTRY=00h-0FFhx64 -ACOMMON=070h-07Fh -ABANK0=020h-06Fh \
  -ABANK1=0A0h-0EFh -ABANK2=0120h-016Fh -ABANK3=01A0h-01EFh \
  -ABANK4=0220h-026Fh -ABANK5=02A0h-02EFh -ABANK6=0320h-036Fh \
  -ABANK7=03A0h-03EFh -ABANK8=0420h-046Fh -ABANK9=04A0h-04EFh \
  -ABANK10=0520h-056Fh -ABANK11=05A0h-05EFh -ABANK12=0620h-064Fh \
  -ABIGRAM=02000h-023EFh \
  -ARAM=020h-06Fh,0A0h-0EFh,0120h-016Fh,01A0h-01EFh,0220h-026Fh,02A0h-02EFh,0320h-036Fh,03A0h-03EFh,0420h-046Fh,04A0h-04EFh,0520h-056Fh,05A0h-05EFh,0620h-064Fh \
  -AABS1=020h-07Fh,0A0h-0EFh,0120h-016Fh,01A0h-01EFh,0220h-026Fh,02A0h-02EFh,0320h-036Fh,03A0h-03EFh,0420h-046Fh,04A0h-04EFh,0520h-056Fh,05A0h-05EFh,0620h-064Fh \
  -ASFR0=00h-01Fh -ASFR1=080h-09Fh -ASFR2=0100h-011Fh -ASFR3=0180h-019Fh \
  -ASFR4=0200h-021Fh -ASFR5=0280h-029Fh -ASFR6=0300h-031Fh \
  -ASFR7=0380h-039Fh -ASFR8=0400h-041Fh -ASFR9=0480h-049Fh \
  -ASFR10=0500h-051Fh -ASFR11=0580h-059Fh -ASFR12=0600h-061Fh \
  -ASFR13=0680h-06EFh -ASFR14=0700h-076Fh -ASFR15=0780h-07EFh \
  -ASFR16=0800h-086Fh -ASFR17=0880h-08EFh -ASFR18=0900h-096Fh \
  -ASFR19=0980h-09EFh -ASFR20=0A00h-0A6Fh -ASFR21=0A80h-0AEFh \
  -ASFR22=0B00h-0B6Fh -ASFR23=0B80h-0BEFh -ASFR24=0C00h-0C6Fh \
  -ASFR25=0C80h-0CEFh -ASFR26=0D00h-0D6Fh -ASFR27=0D80h-0DEFh \
  -ASFR28=0E00h-0E6Fh -ASFR29=0E80h-0EEFh -ASFR30=0F00h-0F6Fh \
  -ASFR31=0F80h-0FEFh -preset_vec=00h,intentry=04h,init,end_init \
  -ppowerup=CODE -pcinit=CODE -pfunctab=ENTRY -ACONFIG=08007h-08008h \
  -pconfig=CONFIG -DCONFIG=2 -AIDLOC=08000h-08003h -pidloc=IDLOC -DIDLOC=2 \
  -DCODE=2 -DSTRCODE=2 -DSTRING=2 -DCONST=2 -DENTRY=2 -k \
  C:\Users\dell\AppData\Local\Temp\s9ck.o \
  dist/default/production\16F1518_Temp.X.production.o 

Object code version is 3.11

Machine type is 16F1518



                Name                               Link     Load   Length Selector   Space Scale
C:\Users\dell\AppData\Local\Temp\s9ck.o
                end_init                            19C      19C        2        8       0
                reset_vec                             0        0        2        0       0
                config                             8007     8007        2    1000E       0
dist/default/production\16F1518_Temp.X.production.o
                cinit                               19E      19E       35        8       0
                intentry                              4        4      198        8       0
                text41                              BE1      BE1       24     17C2       0
                text40                              BBE      BBE       23     177C       0
                text39                              B8C      B8C       19     1718       0
                text38                              D4F      D4F       3A     1A9E       0
                text37                              B09      B09        6     1612       0
                text36                              D89      D89       3C     1B12       0
                text35                              B0F      B0F        6     161E       0
                text34                              CF6      CF6       2C     19EC       0
                text33                              F9E      F9E       62     1F3C       0
                text32                              6D2      6D2       90        8       0
                text31                              CCB      CCB       2B     1996       0
                text29                              C29      C29       25     1852       0
                text28                              C05      C05       24     180A       0
                text27                              BA5      BA5       19     174A       0
                text26                              E01      E01       43     1C02       0
                text25                              E44      E44       4C     1C88       0
                text24                              4B1      4B1       D1        8       0
                text23                              C77      C77       2A     18EE       0
                text22                              B15      B15        6     162A       0
                text21                              DC5      DC5       3C     1B8A       0
                text20                              B1B      B1B        6     1636       0
                text19                              D22      D22       2D     1A44       0
                text18                              F3E      F3E       60     1E7C       0
                text17                              63B      63B       97        8       0
                text16                              CA1      CA1       2A     1942       0
                text15                              7CC      7CC       2E        8       0
                text14                              C4E      C4E       29     189C       0
                text13                              B29      B29        A     1652       0
                text12                              B5F      B5F       15     16BE       0
                text11                              B74      B74       18     16E8       0
                text10                              B33      B33        B     1666       0
                text9                               B04      B04        5     1608       0
                text8                               E90      E90       50     1D20       0
                text7                               B21      B21        8     1642       0
                text6                               B3E      B3E        B     167C       0
                text5                               762      762       6A        8       0
                text4                               EE0      EE0       5E     1DC0       0
                text3                               582      582       B9        8       0
                text2                               B49      B49        B     1692       0
                text1                               B54      B54        B     16A8       0
                swtext1                             800      800        E     1000       0
                maintext                            1D3      1D3      2DE        8       0
                cstackBANK0                          20       20       2D       20       1
                cstackCOMMON                         70       70        E       70       1
                cstackBANK1                          BB       BB        6       A0       1
                cstackBANK4                         220      220       2D      220       1
                clrtext                             7FA      7FA        6        8       0
                bssBANK3                            1A0      1A0       4B      1A0       1
                bssBANK2                            120      120       32      120       1
                dataBANK1                            C1       C1        4       A0       1
                bssBANK1                             A0       A0       1B       A0       1
                bssBANK0                             4D       4D        F       20       1
                stringtext12                       1066     1066        2     2000       0
                stringtext11                       1064     1064        2     2000       0
                stringtext10                       1062     1062        2     2000       0
                stringtext9                        1060     1060        2     2000       0
                stringtext8                        105C     105C        4     2000       0
                stringtext7                        1055     1055        7     2000       0
                stringtext6                        104C     104C        9     2000       0
                stringtext5                        1040     1040        C     2000       0
                stringtext4                        1030     1030       10     2000       0
                stringtext3                        1020     1020       10     2000       0
                stringtext2                        1010     1010       10     2000       0
                stringtext1                        1000     1000       10     2000       0
                idataBANK1                          B00      B00        4     1600       0

TOTAL           Name                               Link     Load   Length     Space
        CLASS   STACK          

        CLASS   CODE           
                end_init                            19C      19C        2         0
                cinit                               19E      19E       35         0
                intentry                              4        4      198         0
                reset_vec                             0        0        2         0
                text41                              BE1      BE1       24         0
                text40                              BBE      BBE       23         0
                text39                              B8C      B8C       19         0
                text38                              D4F      D4F       3A         0
                text37                              B09      B09        6         0
                text36                              D89      D89       3C         0
                text35                              B0F      B0F        6         0
                text34                              CF6      CF6       2C         0
                text33                              F9E      F9E       62         0
                text32                              6D2      6D2       90         0
                text31                              CCB      CCB       2B         0
                text29                              C29      C29       25         0
                text28                              C05      C05       24         0
                text27                              BA5      BA5       19         0
                text26                              E01      E01       43         0
                text25                              E44      E44       4C         0
                text24                              4B1      4B1       D1         0
                text23                              C77      C77       2A         0
                text22                              B15      B15        6         0
                text21                              DC5      DC5       3C         0
                text20                              B1B      B1B        6         0
                text19                              D22      D22       2D         0
                text18                              F3E      F3E       60         0
                text17                              63B      63B       97         0
                text16                              CA1      CA1       2A         0
                text15                              7CC      7CC       2E         0
                text14                              C4E      C4E       29         0
                text13                              B29      B29        A         0
                text12                              B5F      B5F       15         0
                text11                              B74      B74       18         0
                text10                              B33      B33        B         0
                text9                               B04      B04        5         0
                text8                               E90      E90       50         0
                text7                               B21      B21        8         0
                text6                               B3E      B3E        B         0
                text5                               762      762       6A         0
                text4                               EE0      EE0       5E         0
                text3                               582      582       B9         0
                text2                               B49      B49        B         0
                text1                               B54      B54        B         0
                maintext                            1D3      1D3      2DE         0
                clrtext                             7FA      7FA        6         0
                idataBANK1                          B00      B00        4         0

        CLASS   STRCODE        
                stringtext12                       1066     1066        2         0
                stringtext11                       1064     1064        2         0
                stringtext10                       1062     1062        2         0
                stringtext9                        1060     1060        2         0
                stringtext8                        105C     105C        4         0
                stringtext7                        1055     1055        7         0
                stringtext6                        104C     104C        9         0
                stringtext5                        1040     1040        C         0
                stringtext4                        1030     1030       10         0
                stringtext3                        1020     1020       10         0
                stringtext2                        1010     1010       10         0
                stringtext1                        1000     1000       10         0

        CLASS   STRING         

        CLASS   CONST          
                swtext1                             800      800        E         0

        CLASS   ENTRY          

        CLASS   COMMON         
                cstackCOMMON                         70       70        E         1

        CLASS   BANK0          
                cstackBANK0                          20       20       2D         1
                bssBANK0                             4D       4D        F         1

        CLASS   BANK1          
                cstackBANK1                          BB       BB        6         1
                dataBANK1                            C1       C1        4         1
                bssBANK1                             A0       A0       1B         1

        CLASS   BANK2          
                bssBANK2                            120      120       32         1

        CLASS   BANK3          
                bssBANK3                            1A0      1A0       4B         1

        CLASS   BANK4          
                cstackBANK4                         220      220       2D         1

        CLASS   BANK5          

        CLASS   BANK6          

        CLASS   BANK7          

        CLASS   BANK8          

        CLASS   BANK9          

        CLASS   BANK10         

        CLASS   BANK11         

        CLASS   BANK12         

        CLASS   BIGRAM         

        CLASS   RAM            

        CLASS   ABS1           
                abs_s1                               7E       7E        2         1

        CLASS   SFR0           

        CLASS   SFR1           

        CLASS   SFR2           

        CLASS   SFR3           

        CLASS   SFR4           

        CLASS   SFR5           

        CLASS   SFR6           

        CLASS   SFR7           

        CLASS   SFR8           

        CLASS   SFR9           

        CLASS   SFR10          

        CLASS   SFR11          

        CLASS   SFR12          

        CLASS   SFR13          

        CLASS   SFR14          

        CLASS   SFR15          

        CLASS   SFR16          

        CLASS   SFR17          

        CLASS   SFR18          

        CLASS   SFR19          

        CLASS   SFR20          

        CLASS   SFR21          

        CLASS   SFR22          

        CLASS   SFR23          

        CLASS   SFR24          

        CLASS   SFR25          

        CLASS   SFR26          

        CLASS   SFR27          

        CLASS   SFR28          

        CLASS   SFR29          

        CLASS   SFR30          

        CLASS   SFR31          

        CLASS   CONFIG         
                config                             8007     8007        2         0

        CLASS   IDLOC          

        CLASS   BANK31         

        CLASS   BANK30         

        CLASS   BANK29         

        CLASS   BANK28         

        CLASS   BANK27         

        CLASS   BANK26         

        CLASS   BANK25         

        CLASS   BANK24         

        CLASS   BANK23         

        CLASS   BANK22         

        CLASS   BANK21         

        CLASS   BANK20         

        CLASS   BANK19         

        CLASS   BANK18         

        CLASS   BANK17         

        CLASS   BANK16         

        CLASS   BANK15         

        CLASS   BANK14         

        CLASS   BANK13         

        CLASS   EEDATA         



SEGMENTS        Name                           Load    Length   Top    Selector   Space  Class     Delta

                reset_vec                      000000  000002  000002         0       0  CODE        2
                intentry                       000004  0007FC  000800         8       0  CODE        2
                cstackBANK0                    000020  00003C  00005C        20       1  BANK0       1
                cstackCOMMON                   000070  00000E  00007E        70       1  COMMON      1
                bssBANK1                       0000A0  000025  0000C5        A0       1  BANK1       1
                bssBANK2                       000120  000032  000152       120       1  BANK2       1
                bssBANK3                       0001A0  00004B  0001EB       1A0       1  BANK3       1
                cstackBANK4                    000220  00002D  00024D       220       1  BANK4       1
                swtext1                        000800  00000E  00080E      1000       0  CONST       2
                idataBANK1                     000B00  000004  000B04      1600       0  CODE        2
                text9                          000B04  000005  000B09      1608       0  CODE        2
                text37                         000B09  000006  000B0F      1612       0  CODE        2
                text35                         000B0F  000006  000B15      161E       0  CODE        2
                text22                         000B15  000006  000B1B      162A       0  CODE        2
                text20                         000B1B  000006  000B21      1636       0  CODE        2
                text7                          000B21  000008  000B29      1642       0  CODE        2
                text13                         000B29  00000A  000B33      1652       0  CODE        2
                text10                         000B33  00000B  000B3E      1666       0  CODE        2
                text6                          000B3E  00000B  000B49      167C       0  CODE        2
                text2                          000B49  00000B  000B54      1692       0  CODE        2
                text1                          000B54  00000B  000B5F      16A8       0  CODE        2
                text12                         000B5F  000015  000B74      16BE       0  CODE        2
                text11                         000B74  000018  000B8C      16E8       0  CODE        2
                text39                         000B8C  000019  000BA5      1718       0  CODE        2
                text27                         000BA5  000019  000BBE      174A       0  CODE        2
                text40                         000BBE  000023  000BE1      177C       0  CODE        2
                text41                         000BE1  000024  000C05      17C2       0  CODE        2
                text28                         000C05  000024  000C29      180A       0  CODE        2
                text29                         000C29  000025  000C4E      1852       0  CODE        2
                text14                         000C4E  000029  000C77      189C       0  CODE        2
                text23                         000C77  00002A  000CA1      18EE       0  CODE        2
                text16                         000CA1  00002A  000CCB      1942       0  CODE        2
                text31                         000CCB  00002B  000CF6      1996       0  CODE        2
                text34                         000CF6  00002C  000D22      19EC       0  CODE        2
                text19                         000D22  00002D  000D4F      1A44       0  CODE        2
                text38                         000D4F  00003A  000D89      1A9E       0  CODE        2
                text36                         000D89  00003C  000DC5      1B12       0  CODE        2
                text21                         000DC5  00003C  000E01      1B8A       0  CODE        2
                text26                         000E01  000043  000E44      1C02       0  CODE        2
                text25                         000E44  00004C  000E90      1C88       0  CODE        2
                text8                          000E90  000050  000EE0      1D20       0  CODE        2
                text4                          000EE0  00005E  000F3E      1DC0       0  CODE        2
                text18                         000F3E  000060  000F9E      1E7C       0  CODE        2
                text33                         000F9E  000062  001000      1F3C       0  CODE        2
                stringtext1                    001000  000068  001068      2000       0  STRCODE     2
                config                         008007  000002  008009     1000E       0  CONFIG      2


UNUSED ADDRESS RANGES

        Name                Unused          Largest block    Delta
        BANK0            0005C-0006F              14           1
        BANK1            000C5-000EF              2B           1
        BANK10           00520-0056F              50           1
        BANK11           005A0-005EF              50           1
        BANK12           00620-0064F              30           1
        BANK2            00152-0016F              1E           1
        BANK3            001EB-001EF               5           1
        BANK4            0024D-0026F              23           1
        BANK5            002A0-002EF              50           1
        BANK6            00320-0036F              50           1
        BANK7            003A0-003EF              50           1
        BANK8            00420-0046F              50           1
        BANK9            004A0-004EF              50           1
        BIGRAM           02000-023EF             3F0           1
        CODE             00002-00003               2           2
                         0080E-00AFF             2F2
                         01068-03FFF             800
        CONST            00002-00003               2           2
                         0080E-00AFF             100
                         01068-03FFF             100
        ENTRY            00002-00003               2           2
                         0080E-00AFF             100
                         01068-03FFF             100
        IDLOC            08000-08003               4           2
        RAM              0005C-0006F              14           1
                         000C5-000EF              2B
                         00152-0016F              1E
                         001EB-001EF               5
                         0024D-0026F              23
                         002A0-002EF              50
                         00320-0036F              50
                         003A0-003EF              50
                         00420-0046F              50
                         004A0-004EF              50
                         00520-0056F              50
                         005A0-005EF              50
                         00620-0064F              30
        SFR0             00000-0001F              20           1
        SFR1             00080-0009F              20           1
        SFR10            00500-0051F              20           1
        SFR11            00580-0059F              20           1
        SFR12            00600-0061F              20           1
        SFR13            00680-006EF              70           1
        SFR14            00700-0076F              70           1
        SFR15            00780-007EF              70           1
        SFR16            00800-0086F              70           1
        SFR17            00880-008EF              70           1
        SFR18            00900-0096F              70           1
        SFR19            00980-009EF              70           1
        SFR2             00100-0011F              20           1
        SFR20            00A00-00A6F              70           1
        SFR21            00A80-00AEF              70           1
        SFR22            00B00-00B6F              70           1
        SFR23            00B80-00BEF              70           1
        SFR24            00C00-00C6F              70           1
        SFR25            00C80-00CEF              70           1
        SFR26            00D00-00D6F              70           1
        SFR27            00D80-00DEF              70           1
        SFR28            00E00-00E6F              70           1
        SFR29            00E80-00EEF              70           1
        SFR3             00180-0019F              20           1
        SFR30            00F00-00F6F              70           1
        SFR31            00F80-00FEF              70           1
        SFR4             00200-0021F              20           1
        SFR5             00280-0029F              20           1
        SFR6             00300-0031F              20           1
        SFR7             00380-0039F              20           1
        SFR8             00400-0041F              20           1
        SFR9             00480-0049F              20           1
        STACK            0216D-023EF             283           1
        STRCODE          00002-00003               2           2
                         0080E-00AFF             2F2
                         01068-03FFF            2F98
        STRING           00002-00003               2           2
                         0080E-00AFF             100
                         01068-03FFF             100

                                  Symbol Table

?___awdiv                        cstackBANK0  00034
?___awmod                        cstackBANK0  00034
?_strlen                         cstackBANK0  00034
?i1_strlen                       cstackCOMMON 00070
Add_Trace@iSizeOfoText           cstackBANK0  00047
Add_Trace@iText                  cstackBANK0  00048
Add_Trace@oText                  cstackBANK0  0004A
Debounce@iSwitch                 cstackBANK0  00038
Debounce@ioTimer                 cstackBANK0  00034
Debounce@swPressed               cstackBANK0  00035
PrintLog@iText                   cstackBANK0  0004A
PrintLog@wInterruptTextLen       cstackBANK0  00049
_ANSELA                          (abs)        0018C
_ANSELB                          (abs)        0018D
_ANSELCbits                      (abs)        0018E
_Add_Trace                       text26       00E01
_Debounce                        text25       00E44
_GetTemp                         text23       00C77
_INTCONbits                      (abs)        0000B
_OPTION_REGbits                  (abs)        00095
_OSCCONbits                      (abs)        00099
_PIE1bits                        (abs)        00091
_PIE2bits                        (abs)        00092
_PIR1bits                        (abs)        00011
_PIR2bits                        (abs)        00012
_PORTA                           (abs)        0000C
_PORTAbits                       (abs)        0000C
_PORTB                           (abs)        0000D
_PORTBbits                       (abs)        0000D
_PrintLog                        text15       007CC
_SSPADD                          (abs)        00212
_SSPBUF                          (abs)        00211
_SSPCON1bits                     (abs)        00215
_SSPCON2bits                     (abs)        00216
_SSPCON3bits                     (abs)        00217
_SSPSTATbits                     (abs)        00214
_SetToGetTemp                    text14       00C4E
_SetToReadDataFromLCD            text20       00B1B
_SetToSendDataToLCD              text22       00B15
_T1CONbits                       (abs)        00018
_TMR0                            (abs)        00015
_TMR1H                           (abs)        00017
_TMR1L                           (abs)        00016
_TRISA                           (abs)        0008C
_TRISAbits                       (abs)        0008C
_TRISB                           (abs)        0008D
_TRISC                           (abs)        0008E
_ToggleBitRB5                    text13       00B29
_WPUB                            (abs)        0020D
_WakeTemp                        text12       00B5F
__CFG_BOREN$ON                   (abs)        00000
__CFG_BORV$LO                    (abs)        00000
__CFG_CLKOUTEN$ON                (abs)        00000
__CFG_CP$OFF                     (abs)        00000
__CFG_FCMEN$OFF                  (abs)        00000
__CFG_FOSC$INTOSC                (abs)        00000
__CFG_IESO$OFF                   (abs)        00000
__CFG_LPBOR$OFF                  (abs)        00000
__CFG_LVP$OFF                    (abs)        00000
__CFG_MCLRE$OFF                  (abs)        00000
__CFG_PWRTE$ON                   (abs)        00000
__CFG_STVREN$OFF                 (abs)        00000
__CFG_VCAPEN$OFF                 (abs)        00000
__CFG_WDTE$OFF                   (abs)        00000
__CFG_WRT$OFF                    (abs)        00000
__Habs1                          abs1         00000
__Hbank0                         bank0        00000
__Hbank1                         bank1        00000
__Hbank10                        bank10       00000
__Hbank11                        bank11       00000
__Hbank12                        bank12       00000
__Hbank13                        bank13       00000
__Hbank14                        bank14       00000
__Hbank15                        bank15       00000
__Hbank16                        bank16       00000
__Hbank17                        bank17       00000
__Hbank18                        bank18       00000
__Hbank19                        bank19       00000
__Hbank2                         bank2        00000
__Hbank20                        bank20       00000
__Hbank21                        bank21       00000
__Hbank22                        bank22       00000
__Hbank23                        bank23       00000
__Hbank24                        bank24       00000
__Hbank25                        bank25       00000
__Hbank26                        bank26       00000
__Hbank27                        bank27       00000
__Hbank28                        bank28       00000
__Hbank29                        bank29       00000
__Hbank3                         bank3        00000
__Hbank30                        bank30       00000
__Hbank31                        bank31       00000
__Hbank4                         bank4        00000
__Hbank5                         bank5        00000
__Hbank6                         bank6        00000
__Hbank7                         bank7        00000
__Hbank8                         bank8        00000
__Hbank9                         bank9        00000
__Hbigram                        bigram       00000
__HbssBANK0                      bssBANK0     00000
__HbssBANK1                      bssBANK1     00000
__HbssBANK2                      bssBANK2     00000
__HbssBANK3                      bssBANK3     00000
__Hcinit                         cinit        001D3
__Hclrtext                       clrtext      00000
__Hcode                          code         00000
__Hcommon                        common       00000
__Hconfig                        config       08009
__HcstackBANK0                   cstackBANK0  00000
__HcstackBANK1                   cstackBANK1  00000
__HcstackBANK4                   cstackBANK4  00000
__HcstackCOMMON                  cstackCOMMON 00000
__HdataBANK1                     dataBANK1    00000
__Heeprom_data                   eeprom_data  00000
__Hend_init                      end_init     0019E
__Hfunctab                       functab      00000
__HidataBANK1                    idataBANK1   00000
__Hidloc                         idloc        00000
__Hinit                          init         0019C
__Hintentry                      intentry     0019C
__Hmaintext                      maintext     00000
__Hpowerup                       powerup      00000
__Hram                           ram          00000
__Hreset_vec                     reset_vec    00002
__Hsfr0                          sfr0         00000
__Hsfr1                          sfr1         00000
__Hsfr10                         sfr10        00000
__Hsfr11                         sfr11        00000
__Hsfr12                         sfr12        00000
__Hsfr13                         sfr13        00000
__Hsfr14                         sfr14        00000
__Hsfr15                         sfr15        00000
__Hsfr16                         sfr16        00000
__Hsfr17                         sfr17        00000
__Hsfr18                         sfr18        00000
__Hsfr19                         sfr19        00000
__Hsfr2                          sfr2         00000
__Hsfr20                         sfr20        00000
__Hsfr21                         sfr21        00000
__Hsfr22                         sfr22        00000
__Hsfr23                         sfr23        00000
__Hsfr24                         sfr24        00000
__Hsfr25                         sfr25        00000
__Hsfr26                         sfr26        00000
__Hsfr27                         sfr27        00000
__Hsfr28                         sfr28        00000
__Hsfr29                         sfr29        00000
__Hsfr3                          sfr3         00000
__Hsfr30                         sfr30        00000
__Hsfr31                         sfr31        00000
__Hsfr4                          sfr4         00000
__Hsfr5                          sfr5         00000
__Hsfr6                          sfr6         00000
__Hsfr7                          sfr7         00000
__Hsfr8                          sfr8         00000
__Hsfr9                          sfr9         00000
__Hspace_0                       (abs)        08009
__Hspace_1                       (abs)        0024D
__Hspace_2                       (abs)        00000
__Hspace_3                       (abs)        00000
__Hstack                         stack        00000
__Hstrings                       strings      00000
__Hstringtext1                   stringtext1  00000
__Hstringtext10                  stringtext10 00000
__Hstringtext11                  stringtext11 00000
__Hstringtext12                  stringtext12 00000
__Hstringtext13                  stringtext13 00000
__Hstringtext2                   stringtext2  00000
__Hstringtext3                   stringtext3  00000
__Hstringtext4                   stringtext4  00000
__Hstringtext5                   stringtext5  00000
__Hstringtext6                   stringtext6  00000
__Hstringtext7                   stringtext7  00000
__Hstringtext8                   stringtext8  00000
__Hstringtext9                   stringtext9  00000
__Htext                          text         00000
__Labs1                          abs1         00000
__Lbank0                         bank0        00000
__Lbank1                         bank1        00000
__Lbank10                        bank10       00000
__Lbank11                        bank11       00000
__Lbank12                        bank12       00000
__Lbank13                        bank13       00000
__Lbank14                        bank14       00000
__Lbank15                        bank15       00000
__Lbank16                        bank16       00000
__Lbank17                        bank17       00000
__Lbank18                        bank18       00000
__Lbank19                        bank19       00000
__Lbank2                         bank2        00000
__Lbank20                        bank20       00000
__Lbank21                        bank21       00000
__Lbank22                        bank22       00000
__Lbank23                        bank23       00000
__Lbank24                        bank24       00000
__Lbank25                        bank25       00000
__Lbank26                        bank26       00000
__Lbank27                        bank27       00000
__Lbank28                        bank28       00000
__Lbank29                        bank29       00000
__Lbank3                         bank3        00000
__Lbank30                        bank30       00000
__Lbank31                        bank31       00000
__Lbank4                         bank4        00000
__Lbank5                         bank5        00000
__Lbank6                         bank6        00000
__Lbank7                         bank7        00000
__Lbank8                         bank8        00000
__Lbank9                         bank9        00000
__Lbigram                        bigram       00000
__LbssBANK0                      bssBANK0     00000
__LbssBANK1                      bssBANK1     00000
__LbssBANK2                      bssBANK2     00000
__LbssBANK3                      bssBANK3     00000
__Lcinit                         cinit        0019E
__Lclrtext                       clrtext      00000
__Lcode                          code         00000
__Lcommon                        common       00000
__Lconfig                        config       08007
__LcstackBANK0                   cstackBANK0  00000
__LcstackBANK1                   cstackBANK1  00000
__LcstackBANK4                   cstackBANK4  00000
__LcstackCOMMON                  cstackCOMMON 00000
__LdataBANK1                     dataBANK1    00000
__Leeprom_data                   eeprom_data  00000
__Lend_init                      end_init     0019C
__Lfunctab                       functab      00000
__LidataBANK1                    idataBANK1   00000
__Lidloc                         idloc        00000
__Linit                          init         0019C
__Lintentry                      intentry     00004
__Lmaintext                      maintext     00000
__Lpowerup                       powerup      00000
__Lram                           ram          00000
__Lreset_vec                     reset_vec    00000
__Lsfr0                          sfr0         00000
__Lsfr1                          sfr1         00000
__Lsfr10                         sfr10        00000
__Lsfr11                         sfr11        00000
__Lsfr12                         sfr12        00000
__Lsfr13                         sfr13        00000
__Lsfr14                         sfr14        00000
__Lsfr15                         sfr15        00000
__Lsfr16                         sfr16        00000
__Lsfr17                         sfr17        00000
__Lsfr18                         sfr18        00000
__Lsfr19                         sfr19        00000
__Lsfr2                          sfr2         00000
__Lsfr20                         sfr20        00000
__Lsfr21                         sfr21        00000
__Lsfr22                         sfr22        00000
__Lsfr23                         sfr23        00000
__Lsfr24                         sfr24        00000
__Lsfr25                         sfr25        00000
__Lsfr26                         sfr26        00000
__Lsfr27                         sfr27        00000
__Lsfr28                         sfr28        00000
__Lsfr29                         sfr29        00000
__Lsfr3                          sfr3         00000
__Lsfr30                         sfr30        00000
__Lsfr31                         sfr31        00000
__Lsfr4                          sfr4         00000
__Lsfr5                          sfr5         00000
__Lsfr6                          sfr6         00000
__Lsfr7                          sfr7         00000
__Lsfr8                          sfr8         00000
__Lsfr9                          sfr9         00000
__Lspace_0                       (abs)        00000
__Lspace_1                       (abs)        00000
__Lspace_2                       (abs)        00000
__Lspace_3                       (abs)        00000
__Lstack                         stack        00000
__Lstrings                       strings      00000
__Lstringtext1                   stringtext1  00000
__Lstringtext10                  stringtext10 00000
__Lstringtext11                  stringtext11 00000
__Lstringtext12                  stringtext12 00000
__Lstringtext13                  stringtext13 00000
__Lstringtext2                   stringtext2  00000
__Lstringtext3                   stringtext3  00000
__Lstringtext4                   stringtext4  00000
__Lstringtext5                   stringtext5  00000
__Lstringtext6                   stringtext6  00000
__Lstringtext7                   stringtext7  00000
__Lstringtext8                   stringtext8  00000
__Lstringtext9                   stringtext9  00000
__Ltext                          text         00000
__S0                             (abs)        08009
__S1                             (abs)        0024D
__S2                             (abs)        00000
___awdiv                         text5        00762
___awdiv@counter                 cstackBANK0  00039
___awdiv@dividend                cstackBANK0  00036
___awdiv@divisor                 cstackBANK0  00034
___awdiv@quotient                cstackBANK0  0003B
___awdiv@sign                    cstackBANK0  0003A
___awmod                         text4        00EE0
___awmod@counter                 cstackBANK0  00039
___awmod@dividend                cstackBANK0  00036
___awmod@divisor                 cstackBANK0  00034
___awmod@sign                    cstackBANK0  0003A
___int_sp                        stack        00000
___latbits                       (abs)        00003
___sp                            stack        00000
__end_of_Add_Trace               text26       00E44
__end_of_Debounce                text25       00E90
__end_of_GetTemp                 text23       00CA1
__end_of_PrintLog                text15       007FA
__end_of_SetToGetTemp            text14       00C77
__end_of_SetToReadDataFromLCD    text20       00B21
__end_of_SetToSendDataToLCD      text22       00B1B
__end_of_ToggleBitRB5            text13       00B33
__end_of_WakeTemp                text12       00B74
__end_of___awdiv                 text5        007CC
__end_of___awmod                 text4        00F3E
__end_of__initialization         cinit        001CF
__end_of_clearDisplay            text9        00B09
__end_of_initLCD                 text8        00EE0
__end_of_lcdWriteText            text16       00CCB
__end_of_main                    maintext     004B1
__end_of_memset                  text24       00582
__end_of_moveCursorToHome        text7        00B29
__end_of_myint                   intentry     0019C
__end_of_powerOnLcd              text6        00B49
__end_of_printEM1812             text3        0063B
__end_of_setCursorOff            text2        00B54
__end_of_setCursorPosition       text18       00F9E
__end_of_setData                 text21       00E01
__end_of_setNotBlinkingCursor    text1        00B5F
__end_of_strcat                  text27       00BBE
__end_of_strcpy                  text29       00C4E
__end_of_strlen                  text28       00C29
__end_of_waitLCDBusy             text19       00D4F
__end_of_writeInsChk             text10       00B3E
__end_of_writeInsNoChk           text11       00B8C
__end_of_writeTxtChk             text17       006D2
__end_ofi1_Add_Trace             text38       00D89
__end_ofi1_SetToReadDataFromLCD  text35       00B15
__end_ofi1_SetToSendDataToLCD    text37       00B0F
__end_ofi1_lcdWriteText          text31       00CF6
__end_ofi1_setCursorPosition     text33       01000
__end_ofi1_setData               text36       00DC5
__end_ofi1_strcat                text39       00BA5
__end_ofi1_strcpy                text41       00C05
__end_ofi1_strlen                text40       00BE1
__end_ofi1_waitLCDBusy           text34       00D22
__end_ofi1_writeTxtChk           text32       00762
__initialization                 cinit        0019E
__pbssBANK0                      bssBANK0     0004D
__pbssBANK1                      bssBANK1     000A0
__pbssBANK2                      bssBANK2     00120
__pbssBANK3                      bssBANK3     001A0
__pcstackBANK0                   cstackBANK0  00020
__pcstackBANK1                   cstackBANK1  000BB
__pcstackBANK4                   cstackBANK4  00220
__pcstackCOMMON                  cstackCOMMON 00070
__pdataBANK1                     dataBANK1    000C1
__pidataBANK1                    idataBANK1   00B00
__pintentry                      intentry     00004
__pmaintext                      maintext     001D3
__pstringtext1                   stringtext1  01000
__pstringtext10                  stringtext10 01062
__pstringtext11                  stringtext11 01064
__pstringtext12                  stringtext12 01066
__pstringtext13                  stringtext13 00000
__pstringtext2                   stringtext2  01010
__pstringtext3                   stringtext3  01020
__pstringtext4                   stringtext4  01030
__pstringtext5                   stringtext5  01040
__pstringtext6                   stringtext6  0104C
__pstringtext7                   stringtext7  01055
__pstringtext8                   stringtext8  0105C
__pstringtext9                   stringtext9  01060
__pswtext1                       swtext1      00800
__ptext1                         text1        00B54
__ptext10                        text10       00B33
__ptext11                        text11       00B74
__ptext12                        text12       00B5F
__ptext13                        text13       00B29
__ptext14                        text14       00C4E
__ptext15                        text15       007CC
__ptext16                        text16       00CA1
__ptext17                        text17       0063B
__ptext18                        text18       00F3E
__ptext19                        text19       00D22
__ptext2                         text2        00B49
__ptext20                        text20       00B1B
__ptext21                        text21       00DC5
__ptext22                        text22       00B15
__ptext23                        text23       00C77
__ptext24                        text24       004B1
__ptext25                        text25       00E44
__ptext26                        text26       00E01
__ptext27                        text27       00BA5
__ptext28                        text28       00C05
__ptext29                        text29       00C29
__ptext3                         text3        00582
__ptext31                        text31       00CCB
__ptext32                        text32       006D2
__ptext33                        text33       00F9E
__ptext34                        text34       00CF6
__ptext35                        text35       00B0F
__ptext36                        text36       00D89
__ptext37                        text37       00B09
__ptext38                        text38       00D4F
__ptext39                        text39       00B8C
__ptext4                         text4        00EE0
__ptext40                        text40       00BBE
__ptext41                        text41       00BE1
__ptext5                         text5        00762
__ptext6                         text6        00B3E
__ptext7                         text7        00B21
__ptext8                         text8        00E90
__ptext9                         text9        00B04
__size_of_Add_Trace              (abs)        00000
__size_of_Debounce               (abs)        00000
__size_of_GetTemp                (abs)        00000
__size_of_PrintLog               (abs)        00000
__size_of_SetToGetTemp           (abs)        00000
__size_of_SetToReadDataFromLCD   (abs)        00000
__size_of_SetToSendDataToLCD     (abs)        00000
__size_of_ToggleBitRB5           (abs)        00000
__size_of_WakeTemp               (abs)        00000
__size_of___awdiv                (abs)        00000
__size_of___awmod                (abs)        00000
__size_of_clearDisplay           (abs)        00000
__size_of_initLCD                (abs)        00000
__size_of_lcdWriteText           (abs)        00000
__size_of_main                   (abs)        00000
__size_of_memset                 (abs)        00000
__size_of_moveCursorToHome       (abs)        00000
__size_of_myint                  (abs)        00000
__size_of_powerOnLcd             (abs)        00000
__size_of_printEM1812            (abs)        00000
__size_of_setCursorOff           (abs)        00000
__size_of_setCursorPosition      (abs)        00000
__size_of_setData                (abs)        00000
__size_of_setNotBlinkingCursor   (abs)        00000
__size_of_strcat                 (abs)        00000
__size_of_strcpy                 (abs)        00000
__size_of_strlen                 (abs)        00000
__size_of_waitLCDBusy            (abs)        00000
__size_of_writeInsChk            (abs)        00000
__size_of_writeInsNoChk          (abs)        00000
__size_of_writeTxtChk            (abs)        00000
__size_ofi1_Add_Trace            (abs)        00000
__size_ofi1_SetToReadDataFromLCD (abs)        00000
__size_ofi1_SetToSendDataToLCD   (abs)        00000
__size_ofi1_lcdWriteText         (abs)        00000
__size_ofi1_setCursorPosition    (abs)        00000
__size_ofi1_setData              (abs)        00000
__size_ofi1_strcat               (abs)        00000
__size_ofi1_strcpy               (abs)        00000
__size_ofi1_strlen               (abs)        00000
__size_ofi1_waitLCDBusy          (abs)        00000
__size_ofi1_writeTxtChk          (abs)        00000
_clearDisplay                    text9        00B04
_initLCD                         text8        00E90
_lcdWriteText                    text16       00CA1
_mCursorDisplayShiftReg          bssBANK0     0005A
_mDisplayOnOffReg                bssBANK0     0005B
_mWritingPosition                bssBANK0     00059
_main                            maintext     001D3
_memset                          text24       004B1
_moveCursorToHome                text7        00B21
_myint                           intentry     00004
_powerOnLcd                      text6        00B3E
_printEM1812                     text3        00582
_setCursorOff                    text2        00B49
_setCursorPosition               text18       00F3E
_setData                         text21       00DC5
_setNotBlinkingCursor            text1        00B54
_strcat                          text27       00BA5
_strcpy                          text29       00C29
_strlen                          text28       00C05
_wHumidity                       bssBANK1     000A2
_wI2CCommandState                bssBANK1     000A6
_wI2CRxBufferSize                bssBANK0     00054
_wI2CTxBuffer                    bssBANK1     000A7
_wI2CTxBufferSize                bssBANK0     00055
_wI2CTxSendPos                   bssBANK0     00053
_wInterruptText                  bssBANK3     001A0
_wReceptionBuffer                bssBANK2     00134
_wReceptionBufferPosition        bssBANK0     00058
_wReceptionCounter               bssBANK0     00057
_wTempState                      bssBANK1     000A4
_wTempUpdate                     bssBANK0     00051
_wTemperature                    bssBANK1     000A0
_wTimer0Counter                  bssBANK1     000A5
_wTimer1IntCounter               bssBANK0     00050
_wTrial                          bssBANK0     00052
_waitLCDBusy                     text19       00D22
_writeInsChk                     text10       00B33
_writeInsNoChk                   text11       00B74
_writeTxtChk                     text17       0063B
btemp                            (abs)        0007E
clear_ram0                       clrtext      007FA
end_of_initialization            cinit        001CF
i1Add_Trace@iSizeOfoText         cstackBANK0  00025
i1Add_Trace@iText                cstackBANK0  00026
i1Add_Trace@oText                cstackBANK0  0002E
i1_Add_Trace                     text38       00D4F
i1_SetToReadDataFromLCD          text35       00B0F
i1_SetToSendDataToLCD            text37       00B09
i1_lcdWriteText                  text31       00CCB
i1_setCursorPosition             text33       00F9E
i1_setData                       text36       00D89
i1_strcat                        text39       00B8C
i1_strcpy                        text41       00BE1
i1_strlen                        text40       00BBE
i1_waitLCDBusy                   text34       00CF6
i1_writeTxtChk                   text32       006D2
i1lcdWriteText@iText             cstackBANK0  00020
i1lcdWriteText@wCharReadingPos   cstackCOMMON 0007D
i1setCursorPosition@iLine        cstackCOMMON 00078
i1setCursorPosition@iPosition    cstackCOMMON 00075
i1setCursorPosition@wLCDIndex    cstackCOMMON 00079
i1setData@iValue                 cstackCOMMON 00072
i1strcat@dest                    cstackBANK0  00024
i1strcat@src                     cstackBANK0  00020
i1strcpy@d                       cstackCOMMON 0007D
i1strcpy@dest                    cstackCOMMON 0007C
i1strcpy@s                       cstackCOMMON 0007A
i1strcpy@src                     cstackCOMMON 00076
i1strlen@a                       cstackCOMMON 00074
i1strlen@s                       cstackCOMMON 00070
i1waitLCDBusy@busyFlag           cstackCOMMON 00073
i1writeTxtChk@iOpCode            cstackCOMMON 0007C
int$flags                        (abs)        0007E
intlevel0                        functab      00000
intlevel1                        functab      00000
intlevel2                        functab      00000
intlevel3                        functab      00000
intlevel4                        functab      00000
intlevel5                        functab      00000
lcdWriteText@iText               cstackBANK0  00041
lcdWriteText@wCharReadingPos     cstackBANK0  00046
main@F2250                       dataBANK1    000C1
main@wConv                       cstackBANK4  00236
main@wCounter                    cstackBANK4  00248
main@wDebounceDown               cstackBANK4  00246
main@wDebounceEnter              cstackBANK4  00242
main@wDebounceUp                 cstackBANK4  00244
main@wDownBottonPressed          cstackBANK4  0024B
main@wEnterBottonPressed         cstackBANK4  00241
main@wHumidityPrev               cstackBANK4  0023D
main@wIterationCounter           cstackBANK4  0023A
main@wMenu                       cstackBANK4  0024C
main@wMenuPrev                   cstackBANK4  0023C
main@wReadout                    cstackBANK4  00222
main@wTemp                       cstackBANK4  00220
main@wTemperaturePrev            cstackBANK4  0023F
main@wUpBottonPressed            cstackBANK4  0024A
memset@c                         cstackBANK0  00036
memset@dest                      cstackBANK0  00034
memset@k                         cstackBANK0  0003E
memset@n                         cstackBANK0  00038
memset@s                         cstackBANK0  00040
printEM1812@oTextOut             cstackBANK0  0003F
printEM1812@wDecimal             cstackBANK0  00044
printEM1812@wIsNegative          cstackBANK0  00041
printEM1812@wTen                 cstackBANK0  00042
printEM1812@wUnity               cstackBANK0  00043
printEM1812@wVariable            cstackBANK0  0003D
reset_vec                        reset_vec    00000
setCursorPosition@iLine          cstackBANK0  0003C
setCursorPosition@iPosition      cstackBANK0  00039
setCursorPosition@wLCDIndex      cstackBANK0  0003D
setData@iValue                   cstackBANK0  00036
stackhi                          (abs)        023EF
stacklo                          (abs)        0216D
start                            init         0019C
start_initialization             cinit        0019E
strcat@dest                      cstackBANK0  00046
strcat@src                       cstackBANK0  00042
strcpy@d                         cstackBANK0  00040
strcpy@dest                      cstackBANK0  00041
strcpy@s                         cstackBANK0  0003E
strcpy@src                       cstackBANK0  0003A
strlen@a                         cstackBANK0  00038
strlen@s                         cstackBANK0  00034
waitLCDBusy@busyFlag             cstackBANK0  00037
writeInsChk@iOpCode              cstackBANK0  00039
writeInsNoChk@iOpCode            cstackBANK0  00038
writeTxtChk@iOpCode              cstackBANK0  00040
wtemp0                           (abs)        0007E


FUNCTION INFORMATION:

 *************** function _main *****************
 Defined at:
		line 202 in file "161518_temp_main.c"
 Parameters:    Size  Location     Type
		None
 Auto vars:     Size  Location     Type
  wReadout       20    2[BANK4 ] unsigned char [20]
  wConv           4   22[BANK4 ] unsigned char [4]
  wCounter        2   40[BANK4 ] int 
  wDebounceDow    2   38[BANK4 ] unsigned short 
  wDebounceUp     2   36[BANK4 ] unsigned short 
  wDebounceEnt    2   34[BANK4 ] unsigned short 
  wTemperature    2   31[BANK4 ] short 
  wHumidityPre    2   29[BANK4 ] short 
  wIterationCo    2   26[BANK4 ] unsigned short 
  wTemp           2    0[BANK4 ] int 
  wMenu           1   44[BANK4 ] unsigned char 
  wDownBottonP    1   43[BANK4 ] unsigned char 
  wUpBottonPre    1   42[BANK4 ] unsigned char 
  wEnterBotton    1   33[BANK4 ] unsigned char 
  wMenuPrev       1   28[BANK4 ] unsigned char 
 Return value:  Size  Location     Type
                  1    wreg      void 
 Registers used:
		wreg, fsr0l, fsr0h, fsr1l, fsr1h, status,2, status,0, pclath, cstack
 Tracked objects:
		On entry : 
		On exit  : 
		Unchanged: 
 Data sizes:     COMMON   BANK0   BANK1   BANK2   BANK3   BANK4   BANK5   BANK6   BANK7   BANK8   BANK9  BANK10  BANK11  BANK12
      Params:         0       0       0       0       0       0       0       0       0       0       0       0       0       0
      Locals:         0       0       0       0       0      45       0       0       0       0       0       0       0       0
      Temps:          0       2       0       0       0       0       0       0       0       0       0       0       0       0
      Totals:         0       2       0       0       0      45       0       0       0       0       0       0       0       0
Total ram usage:       47 bytes
 Hardware stack levels required when called:   12
 This function calls:
		_Add_Trace
		_Debounce
		_GetTemp
		_PrintLog
		_SetToGetTemp
		_ToggleBitRB5
		_WakeTemp
		_clearDisplay
		_initLCD
		_lcdWriteText
		_memset
		_moveCursorToHome
		_powerOnLcd
		_printEM1812
		_setCursorOff
		_setCursorPosition
		_setNotBlinkingCursor
 This function is called by:
		Startup code after reset
 This function uses a non-reentrant model


 *************** function _setNotBlinkingCursor *****************
 Defined at:
		line 198 in file "LCD_hd44780u_qy_2004a.c"
 Parameters:    Size  Location     Type
		None
 Auto vars:     Size  Location     Type
		None
 Return value:  Size  Location     Type
                  1    wreg      void 
 Registers used:
		wreg, status,2, status,0, pclath, cstack
 Tracked objects:
		On entry : 
		On exit  : 
		Unchanged: 
 Data sizes:     COMMON   BANK0   BANK1   BANK2   BANK3   BANK4   BANK5   BANK6   BANK7   BANK8   BANK9  BANK10  BANK11  BANK12
      Params:         0       0       0       0       0       0       0       0       0       0       0       0       0       0
      Locals:         0       0       0       0       0       0       0       0       0       0       0       0       0       0
      Temps:          0       1       0       0       0       0       0       0       0       0       0       0       0       0
      Totals:         0       1       0       0       0       0       0       0       0       0       0       0       0       0
Total ram usage:        1 bytes
 Hardware stack levels used:    1
 Hardware stack levels required when called:    9
 This function calls:
		_writeInsChk
 This function is called by:
		_main
 This function uses a non-reentrant model


 *************** function _setCursorOff *****************
 Defined at:
		line 203 in file "LCD_hd44780u_qy_2004a.c"
 Parameters:    Size  Location     Type
		None
 Auto vars:     Size  Location     Type
		None
 Return value:  Size  Location     Type
                  1    wreg      void 
 Registers used:
		wreg, status,2, status,0, pclath, cstack
 Tracked objects:
		On entry : 
		On exit  : 
		Unchanged: 
 Data sizes:     COMMON   BANK0   BANK1   BANK2   BANK3   BANK4   BANK5   BANK6   BANK7   BANK8   BANK9  BANK10  BANK11  BANK12
      Params:         0       0       0       0       0       0       0       0       0       0       0       0       0       0
      Locals:         0       0       0       0       0       0       0       0       0       0       0       0       0       0
      Temps:          0       1       0       0       0       0       0       0       0       0       0       0       0       0
      Totals:         0       1       0       0       0       0       0       0       0       0       0       0       0       0
Total ram usage:        1 bytes
 Hardware stack levels used:    1
 Hardware stack levels required when called:    9
 This function calls:
		_writeInsChk
 This function is called by:
		_main
 This function uses a non-reentrant model


 *************** function _printEM1812 *****************
 Defined at:
		line 129 in file "161518_temp_main.c"
 Parameters:    Size  Location     Type
  wVariable       2   29[BANK0 ] short 
  oTextOut        1   31[BANK0 ] PTR unsigned char 
		 -> main@wReadout(20), 
 Auto vars:     Size  Location     Type
  wDecimal        1   36[BANK0 ] unsigned char 
  wUnity          1   35[BANK0 ] unsigned char 
  wTen            1   34[BANK0 ] unsigned char 
  wIsNegative     1   33[BANK0 ] unsigned char 
 Return value:  Size  Location     Type
                  1    wreg      void 
 Registers used:
		wreg, fsr1l, fsr1h, status,2, status,0, pclath, cstack
 Tracked objects:
		On entry : 
		On exit  : 
		Unchanged: 
 Data sizes:     COMMON   BANK0   BANK1   BANK2   BANK3   BANK4   BANK5   BANK6   BANK7   BANK8   BANK9  BANK10  BANK11  BANK12
      Params:         0       3       0       0       0       0       0       0       0       0       0       0       0       0
      Locals:         0       4       0       0       0       0       0       0       0       0       0       0       0       0
      Temps:          0       1       0       0       0       0       0       0       0       0       0       0       0       0
      Totals:         0       8       0       0       0       0       0       0       0       0       0       0       0       0
Total ram usage:        8 bytes
 Hardware stack levels used:    1
 Hardware stack levels required when called:    7
 This function calls:
		___awdiv
		___awmod
 This function is called by:
		_main
 This function uses a non-reentrant model


 *************** function ___awmod *****************
 Defined at:
		line 5 in file "C:\Program Files (x86)\Microchip\xc8\v2.00\pic\sources\c99\common\awmod.c"
 Parameters:    Size  Location     Type
  divisor         2   20[BANK0 ] int 
  dividend        2   22[BANK0 ] int 
 Auto vars:     Size  Location     Type
  sign            1   26[BANK0 ] unsigned char 
  counter         1   25[BANK0 ] unsigned char 
 Return value:  Size  Location     Type
                  2   20[BANK0 ] int 
 Registers used:
		wreg, status,2, status,0
 Tracked objects:
		On entry : 
		On exit  : 
		Unchanged: 
 Data sizes:     COMMON   BANK0   BANK1   BANK2   BANK3   BANK4   BANK5   BANK6   BANK7   BANK8   BANK9  BANK10  BANK11  BANK12
      Params:         0       4       0       0       0       0       0       0       0       0       0       0       0       0
      Locals:         0       2       0       0       0       0       0       0       0       0       0       0       0       0
      Temps:          0       1       0       0       0       0       0       0       0       0       0       0       0       0
      Totals:         0       7       0       0       0       0       0       0       0       0       0       0       0       0
Total ram usage:        7 bytes
 Hardware stack levels used:    1
 Hardware stack levels required when called:    6
 This function calls:
		Nothing
 This function is called by:
		_printEM1812
 This function uses a non-reentrant model


 *************** function ___awdiv *****************
 Defined at:
		line 5 in file "C:\Program Files (x86)\Microchip\xc8\v2.00\pic\sources\c99\common\awdiv.c"
 Parameters:    Size  Location     Type
  divisor         2   20[BANK0 ] int 
  dividend        2   22[BANK0 ] int 
 Auto vars:     Size  Location     Type
  quotient        2   27[BANK0 ] int 
  sign            1   26[BANK0 ] unsigned char 
  counter         1   25[BANK0 ] unsigned char 
 Return value:  Size  Location     Type
                  2   20[BANK0 ] int 
 Registers used:
		wreg, status,2, status,0
 Tracked objects:
		On entry : 
		On exit  : 
		Unchanged: 
 Data sizes:     COMMON   BANK0   BANK1   BANK2   BANK3   BANK4   BANK5   BANK6   BANK7   BANK8   BANK9  BANK10  BANK11  BANK12
      Params:         0       4       0       0       0       0       0       0       0       0       0       0       0       0
      Locals:         0       4       0       0       0       0       0       0       0       0       0       0       0       0
      Temps:          0       1       0       0       0       0       0       0       0       0       0       0       0       0
      Totals:         0       9       0       0       0       0       0       0       0       0       0       0       0       0
Total ram usage:        9 bytes
 Hardware stack levels used:    1
 Hardware stack levels required when called:    6
 This function calls:
		Nothing
 This function is called by:
		_printEM1812
 This function uses a non-reentrant model


 *************** function _powerOnLcd *****************
 Defined at:
		line 188 in file "LCD_hd44780u_qy_2004a.c"
 Parameters:    Size  Location     Type
		None
 Auto vars:     Size  Location     Type
		None
 Return value:  Size  Location     Type
                  1    wreg      void 
 Registers used:
		wreg, status,2, status,0, pclath, cstack
 Tracked objects:
		On entry : 
		On exit  : 
		Unchanged: 
 Data sizes:     COMMON   BANK0   BANK1   BANK2   BANK3   BANK4   BANK5   BANK6   BANK7   BANK8   BANK9  BANK10  BANK11  BANK12
      Params:         0       0       0       0       0       0       0       0       0       0       0       0       0       0
      Locals:         0       0       0       0       0       0       0       0       0       0       0       0       0       0
      Temps:          0       1       0       0       0       0       0       0       0       0       0       0       0       0
      Totals:         0       1       0       0       0       0       0       0       0       0       0       0       0       0
Total ram usage:        1 bytes
 Hardware stack levels used:    1
 Hardware stack levels required when called:    9
 This function calls:
		_writeInsChk
 This function is called by:
		_main
 This function uses a non-reentrant model


 *************** function _moveCursorToHome *****************
 Defined at:
		line 249 in file "LCD_hd44780u_qy_2004a.c"
 Parameters:    Size  Location     Type
		None
 Auto vars:     Size  Location     Type
		None
 Return value:  Size  Location     Type
                  1    wreg      void 
 Registers used:
		wreg, status,2, status,0, pclath, cstack
 Tracked objects:
		On entry : 
		On exit  : 
		Unchanged: 
 Data sizes:     COMMON   BANK0   BANK1   BANK2   BANK3   BANK4   BANK5   BANK6   BANK7   BANK8   BANK9  BANK10  BANK11  BANK12
      Params:         0       0       0       0       0       0       0       0       0       0       0       0       0       0
      Locals:         0       0       0       0       0       0       0       0       0       0       0       0       0       0
      Temps:          0       0       0       0       0       0       0       0       0       0       0       0       0       0
      Totals:         0       0       0       0       0       0       0       0       0       0       0       0       0       0
Total ram usage:        0 bytes
 Hardware stack levels used:    1
 Hardware stack levels required when called:    9
 This function calls:
		_writeInsChk
 This function is called by:
		_main
 This function uses a non-reentrant model


 *************** function _initLCD *****************
 Defined at:
		line 10 in file "LCD_hd44780u_qy_2004a.c"
 Parameters:    Size  Location     Type
		None
 Auto vars:     Size  Location     Type
		None
 Return value:  Size  Location     Type
                  1    wreg      void 
 Registers used:
		wreg, status,2, status,0, pclath, cstack
 Tracked objects:
		On entry : 
		On exit  : 
		Unchanged: 
 Data sizes:     COMMON   BANK0   BANK1   BANK2   BANK3   BANK4   BANK5   BANK6   BANK7   BANK8   BANK9  BANK10  BANK11  BANK12
      Params:         0       0       0       0       0       0       0       0       0       0       0       0       0       0
      Locals:         0       0       0       0       0       0       0       0       0       0       0       0       0       0
      Temps:          0       1       0       0       0       0       0       0       0       0       0       0       0       0
      Totals:         0       1       0       0       0       0       0       0       0       0       0       0       0       0
Total ram usage:        1 bytes
 Hardware stack levels used:    1
 Hardware stack levels required when called:   10
 This function calls:
		_clearDisplay
		_setData
		_writeInsChk
 This function is called by:
		_main
 This function uses a non-reentrant model


 *************** function _clearDisplay *****************
 Defined at:
		line 245 in file "LCD_hd44780u_qy_2004a.c"
 Parameters:    Size  Location     Type
		None
 Auto vars:     Size  Location     Type
		None
 Return value:  Size  Location     Type
                  1    wreg      void 
 Registers used:
		wreg, status,2, status,0, pclath, cstack
 Tracked objects:
		On entry : 
		On exit  : 
		Unchanged: 
 Data sizes:     COMMON   BANK0   BANK1   BANK2   BANK3   BANK4   BANK5   BANK6   BANK7   BANK8   BANK9  BANK10  BANK11  BANK12
      Params:         0       0       0       0       0       0       0       0       0       0       0       0       0       0
      Locals:         0       0       0       0       0       0       0       0       0       0       0       0       0       0
      Temps:          0       0       0       0       0       0       0       0       0       0       0       0       0       0
      Totals:         0       0       0       0       0       0       0       0       0       0       0       0       0       0
Total ram usage:        0 bytes
 Hardware stack levels used:    1
 Hardware stack levels required when called:    9
 This function calls:
		_writeInsChk
 This function is called by:
		_main
		_initLCD
 This function uses a non-reentrant model


 *************** function _writeInsChk *****************
 Defined at:
		line 132 in file "LCD_hd44780u_qy_2004a.c"
 Parameters:    Size  Location     Type
  iOpCode         1    wreg     unsigned char 
 Auto vars:     Size  Location     Type
  iOpCode         1   25[BANK0 ] unsigned char 
 Return value:  Size  Location     Type
                  1    wreg      void 
 Registers used:
		wreg, status,2, status,0, pclath, cstack
 Tracked objects:
		On entry : 
		On exit  : 
		Unchanged: 
 Data sizes:     COMMON   BANK0   BANK1   BANK2   BANK3   BANK4   BANK5   BANK6   BANK7   BANK8   BANK9  BANK10  BANK11  BANK12
      Params:         0       0       0       0       0       0       0       0       0       0       0       0       0       0
      Locals:         0       1       0       0       0       0       0       0       0       0       0       0       0       0
      Temps:          0       0       0       0       0       0       0       0       0       0       0       0       0       0
      Totals:         0       1       0       0       0       0       0       0       0       0       0       0       0       0
Total ram usage:        1 bytes
 Hardware stack levels used:    1
 Hardware stack levels required when called:    8
 This function calls:
		_waitLCDBusy
		_writeInsNoChk
 This function is called by:
		_initLCD
		_powerOnLcd
		_setNotBlinkingCursor
		_setCursorOff
		_clearDisplay
		_moveCursorToHome
		_powerOffLcd
		_setBlinkingCursor
		_setCursorOn
		_setCursorMovingLeft
		_setCursorMovingRight
		_setDisplayMovingRight
		_setDisplayMovingLeft
		_moveCursorRight
		_moveCursorLeft
 This function uses a non-reentrant model


 *************** function _writeInsNoChk *****************
 Defined at:
		line 138 in file "LCD_hd44780u_qy_2004a.c"
 Parameters:    Size  Location     Type
  iOpCode         1    wreg     unsigned char 
 Auto vars:     Size  Location     Type
  iOpCode         1   24[BANK0 ] unsigned char 
 Return value:  Size  Location     Type
                  1    wreg      void 
 Registers used:
		wreg, status,2, status,0, pclath, cstack
 Tracked objects:
		On entry : 
		On exit  : 
		Unchanged: 
 Data sizes:     COMMON   BANK0   BANK1   BANK2   BANK3   BANK4   BANK5   BANK6   BANK7   BANK8   BANK9  BANK10  BANK11  BANK12
      Params:         0       0       0       0       0       0       0       0       0       0       0       0       0       0
      Locals:         0       1       0       0       0       0       0       0       0       0       0       0       0       0
      Temps:          0       1       0       0       0       0       0       0       0       0       0       0       0       0
      Totals:         0       2       0       0       0       0       0       0       0       0       0       0       0       0
Total ram usage:        2 bytes
 Hardware stack levels used:    1
 Hardware stack levels required when called:    7
 This function calls:
		_SetToSendDataToLCD
		_setData
 This function is called by:
		_writeInsChk
 This function uses a non-reentrant model


 *************** function _WakeTemp *****************
 Defined at:
		line 108 in file "161518_temp_main.c"
 Parameters:    Size  Location     Type
		None
 Auto vars:     Size  Location     Type
		None
 Return value:  Size  Location     Type
                  1    wreg      void 
 Registers used:
		wreg, status,2, status,0
 Tracked objects:
		On entry : 
		On exit  : 
		Unchanged: 
 Data sizes:     COMMON   BANK0   BANK1   BANK2   BANK3   BANK4   BANK5   BANK6   BANK7   BANK8   BANK9  BANK10  BANK11  BANK12
      Params:         0       0       0       0       0       0       0       0       0       0       0       0       0       0
      Locals:         0       0       0       0       0       0       0       0       0       0       0       0       0       0
      Temps:          0       1       0       0       0       0       0       0       0       0       0       0       0       0
      Totals:         0       1       0       0       0       0       0       0       0       0       0       0       0       0
Total ram usage:        1 bytes
 Hardware stack levels used:    1
 Hardware stack levels required when called:    6
 This function calls:
		Nothing
 This function is called by:
		_main
 This function uses a non-reentrant model


 *************** function _ToggleBitRB5 *****************
 Defined at:
		line 55 in file "161518_temp_main.c"
 Parameters:    Size  Location     Type
		None
 Auto vars:     Size  Location     Type
		None
 Return value:  Size  Location     Type
                  1    wreg      void 
 Registers used:
		None
 Tracked objects:
		On entry : 
		On exit  : 
		Unchanged: 
 Data sizes:     COMMON   BANK0   BANK1   BANK2   BANK3   BANK4   BANK5   BANK6   BANK7   BANK8   BANK9  BANK10  BANK11  BANK12
      Params:         0       0       0       0       0       0       0       0       0       0       0       0       0       0
      Locals:         0       0       0       0       0       0       0       0       0       0       0       0       0       0
      Temps:          0       0       0       0       0       0       0       0       0       0       0       0       0       0
      Totals:         0       0       0       0       0       0       0       0       0       0       0       0       0       0
Total ram usage:        0 bytes
 Hardware stack levels used:    1
 Hardware stack levels required when called:    6
 This function calls:
		Nothing
 This function is called by:
		_main
 This function uses a non-reentrant model


 *************** function _SetToGetTemp *****************
 Defined at:
		line 68 in file "161518_temp_main.c"
 Parameters:    Size  Location     Type
		None
 Auto vars:     Size  Location     Type
		None
 Return value:  Size  Location     Type
                  1    wreg      void 
 Registers used:
		wreg, status,2, status,0
 Tracked objects:
		On entry : 
		On exit  : 
		Unchanged: 
 Data sizes:     COMMON   BANK0   BANK1   BANK2   BANK3   BANK4   BANK5   BANK6   BANK7   BANK8   BANK9  BANK10  BANK11  BANK12
      Params:         0       0       0       0       0       0       0       0       0       0       0       0       0       0
      Locals:         0       0       0       0       0       0       0       0       0       0       0       0       0       0
      Temps:          0       1       0       0       0       0       0       0       0       0       0       0       0       0
      Totals:         0       1       0       0       0       0       0       0       0       0       0       0       0       0
Total ram usage:        1 bytes
 Hardware stack levels used:    1
 Hardware stack levels required when called:    6
 This function calls:
		Nothing
 This function is called by:
		_main
 This function uses a non-reentrant model


 *************** function _PrintLog *****************
 Defined at:
		line 119 in file "161518_temp_main.c"
 Parameters:    Size  Location     Type
  iText           1    wreg     PTR unsigned char 
		 -> wInterruptText(75), 
 Auto vars:     Size  Location     Type
  iText           1   42[BANK0 ] PTR unsigned char 
		 -> wInterruptText(75), 
  wInterruptTe    1   41[BANK0 ] unsigned char 
 Return value:  Size  Location     Type
                  1    wreg      void 
 Registers used:
		wreg, fsr0l, fsr0h, fsr1l, fsr1h, status,2, status,0, pclath, cstack
 Tracked objects:
		On entry : 
		On exit  : 
		Unchanged: 
 Data sizes:     COMMON   BANK0   BANK1   BANK2   BANK3   BANK4   BANK5   BANK6   BANK7   BANK8   BANK9  BANK10  BANK11  BANK12
      Params:         0       0       0       0       0       0       0       0       0       0       0       0       0       0
      Locals:         0       2       0       0       0       0       0       0       0       0       0       0       0       0
[...]
Total ram usage:        5 bytes
 Hardware stack levels used:    1
 Hardware stack levels required when called:    5
 This function calls:
		i1_Add_Trace
		i1_lcdWriteText
 This function is called by:
		Interrupt level 1
 This function uses a non-reentrant model


 *************** function i1_lcdWriteText *****************
 Defined at:
		line 41 in file "LCD_hd44780u_qy_2004a.c"
 Parameters:    Size  Location     Type
  iText           2    0[BANK0 ] PTR unsigned char 
		 -> STR_11(2), STR_10(2), STR_9(2), STR_8(2), 
		 -> STR_6(16), STR_5(16), STR_4(16), STR_3(16), 
		 -> main@wConv(4), wInterruptText(75), 
 Auto vars:     Size  Location     Type
  lcdWriteText    1   13[COMMON] unsigned char 
 Return value:  Size  Location     Type
                  1    wreg      void 
 Registers used:
		wreg, fsr0l, fsr0h, status,2, status,0, pclath, cstack
 Tracked objects:
		On entry : 
		On exit  : 
		Unchanged: 
 Data sizes:     COMMON   BANK0   BANK1   BANK2   BANK3   BANK4   BANK5   BANK6   BANK7   BANK8   BANK9  BANK10  BANK11  BANK12
      Params:         0       2       0       0       0       0       0       0       0       0       0       0       0       0
      Locals:         1       0       0       0       0       0       0       0       0       0       0       0       0       0
      Temps:          0       3       0       0       0       0       0       0       0       0       0       0       0       0
      Totals:         1       5       0       0       0       0       0       0       0       0       0       0       0       0
Total ram usage:        6 bytes
 Hardware stack levels used:    1
 Hardware stack levels required when called:    4
 This function calls:
		i1_writeTxtChk
 This function is called by:
		_myint
 This function uses a non-reentrant model


 *************** function i1_writeTxtChk *****************
 Defined at:
		line 79 in file "LCD_hd44780u_qy_2004a.c"
 Parameters:    Size  Location     Type
  iOpCode         1    wreg     unsigned char 
 Auto vars:     Size  Location     Type
  iOpCode         1   12[COMMON] unsigned char 
 Return value:  Size  Location     Type
                  1    wreg      void 
 Registers used:
		wreg, fsr0l, fsr0h, status,2, status,0, pclath, cstack
 Tracked objects:
		On entry : 
		On exit  : 
		Unchanged: 
 Data sizes:     COMMON   BANK0   BANK1   BANK2   BANK3   BANK4   BANK5   BANK6   BANK7   BANK8   BANK9  BANK10  BANK11  BANK12
      Params:         0       0       0       0       0       0       0       0       0       0       0       0       0       0
      Locals:         1       0       0       0       0       0       0       0       0       0       0       0       0       0
      Temps:          2       0       0       0       0       0       0       0       0       0       0       0       0       0
      Totals:         3       0       0       0       0       0       0       0       0       0       0       0       0       0
Total ram usage:        3 bytes
 Hardware stack levels used:    1
 Hardware stack levels required when called:    3
 This function calls:
		i1_SetToSendDataToLCD
		i1_setCursorPosition
		i1_setData
		i1_waitLCDBusy
 This function is called by:
		i1_lcdWriteText
 This function uses a non-reentrant model


 *************** function i1_setCursorPosition *****************
 Defined at:
		line 254 in file "LCD_hd44780u_qy_2004a.c"
 Parameters:    Size  Location     Type
  iLine           1    wreg     unsigned char 
  iPosition       1    5[COMMON] unsigned char 
 Auto vars:     Size  Location     Type
  iLine           1    8[COMMON] unsigned char 
  setCursorPos    1    9[COMMON] unsigned char 
 Return value:  Size  Location     Type
                  1    wreg      void 
 Registers used:
		wreg, fsr0l, fsr0h, status,2, status,0, pclath, cstack
 Tracked objects:
		On entry : 
		On exit  : 
		Unchanged: 
 Data sizes:     COMMON   BANK0   BANK1   BANK2   BANK3   BANK4   BANK5   BANK6   BANK7   BANK8   BANK9  BANK10  BANK11  BANK12
      Params:         1       0       0       0       0       0       0       0       0       0       0       0       0       0
      Locals:         2       0       0       0       0       0       0       0       0       0       0       0       0       0
      Temps:          2       0       0       0       0       0       0       0       0       0       0       0       0       0
      Totals:         5       0       0       0       0       0       0       0       0       0       0       0       0       0
Total ram usage:        5 bytes
 Hardware stack levels used:    1
 Hardware stack levels required when called:    2
 This function calls:
		i1_SetToSendDataToLCD
		i1_setData
		i1_waitLCDBusy
 This function is called by:
		i1_writeTxtChk
 This function uses a non-reentrant model


 *************** function i1_waitLCDBusy *****************
 Defined at:
		line 162 in file "LCD_hd44780u_qy_2004a.c"
 Parameters:    Size  Location     Type
		None
 Auto vars:     Size  Location     Type
  waitLCDBusy     2    3[COMMON] int 
 Return value:  Size  Location     Type
                  1    wreg      void 
 Registers used:
		wreg, status,2, status,0, pclath, cstack
 Tracked objects:
		On entry : 
		On exit  : 
		Unchanged: 
 Data sizes:     COMMON   BANK0   BANK1   BANK2   BANK3   BANK4   BANK5   BANK6   BANK7   BANK8   BANK9  BANK10  BANK11  BANK12
      Params:         0       0       0       0       0       0       0       0       0       0       0       0       0       0
      Locals:         2       0       0       0       0       0       0       0       0       0       0       0       0       0
      Temps:          3       0       0       0       0       0       0       0       0       0       0       0       0       0
      Totals:         5       0       0       0       0       0       0       0       0       0       0       0       0       0
Total ram usage:        5 bytes
 Hardware stack levels used:    1
 Hardware stack levels required when called:    1
 This function calls:
		i1_SetToReadDataFromLCD
 This function is called by:
		i1_writeTxtChk
		i1_setCursorPosition
 This function uses a non-reentrant model


 *************** function i1_SetToReadDataFromLCD *****************
 Defined at:
		line 147 in file "LCD_hd44780u_qy_2004a.c"
 Parameters:    Size  Location     Type
		None
 Auto vars:     Size  Location     Type
		None
 Return value:  Size  Location     Type
                  1    wreg      void 
 Registers used:
		None
 Tracked objects:
		On entry : 
		On exit  : 
		Unchanged: 
 Data sizes:     COMMON   BANK0   BANK1   BANK2   BANK3   BANK4   BANK5   BANK6   BANK7   BANK8   BANK9  BANK10  BANK11  BANK12
      Params:         0       0       0       0       0       0       0       0       0       0       0       0       0       0
      Locals:         0       0       0       0       0       0       0       0       0       0       0       0       0       0
      Temps:          0       0       0       0       0       0       0       0       0       0       0       0       0       0
      Totals:         0       0       0       0       0       0       0       0       0       0       0       0       0       0
Total ram usage:        0 bytes
 Hardware stack levels used:    1
 This function calls:
		Nothing
 This function is called by:
		i1_waitLCDBusy
 This function uses a non-reentrant model


 *************** function i1_setData *****************
 Defined at:
		line 67 in file "LCD_hd44780u_qy_2004a.c"
 Parameters:    Size  Location     Type
  iValue          1    wreg     unsigned char 
 Auto vars:     Size  Location     Type
  iValue          1    2[COMMON] unsigned char 
 Return value:  Size  Location     Type
                  1    wreg      void 
 Registers used:
		wreg, status,2, status,0
 Tracked objects:
		On entry : 
		On exit  : 
		Unchanged: 
 Data sizes:     COMMON   BANK0   BANK1   BANK2   BANK3   BANK4   BANK5   BANK6   BANK7   BANK8   BANK9  BANK10  BANK11  BANK12
      Params:         0       0       0       0       0       0       0       0       0       0       0       0       0       0
      Locals:         1       0       0       0       0       0       0       0       0       0       0       0       0       0
      Temps:          2       0       0       0       0       0       0       0       0       0       0       0       0       0
      Totals:         3       0       0       0       0       0       0       0       0       0       0       0       0       0
Total ram usage:        3 bytes
 Hardware stack levels used:    1
 This function calls:
		Nothing
 This function is called by:
		i1_writeTxtChk
		i1_setCursorPosition
 This function uses a non-reentrant model


 *************** function i1_SetToSendDataToLCD *****************
 Defined at:
		line 154 in file "LCD_hd44780u_qy_2004a.c"
 Parameters:    Size  Location     Type
		None
 Auto vars:     Size  Location     Type
		None
 Return value:  Size  Location     Type
                  1    wreg      void 
 Registers used:
		None
 Tracked objects:
		On entry : 
		On exit  : 
		Unchanged: 
 Data sizes:     COMMON   BANK0   BANK1   BANK2   BANK3   BANK4   BANK5   BANK6   BANK7   BANK8   BANK9  BANK10  BANK11  BANK12
      Params:         0       0       0       0       0       0       0       0       0       0       0       0       0       0
      Locals:         0       0       0       0       0       0       0       0       0       0       0       0       0       0
      Temps:          0       0       0       0       0       0       0       0       0       0       0       0       0       0
      Totals:         0       0       0       0       0       0       0       0       0       0       0       0       0       0
Total ram usage:        0 bytes
 Hardware stack levels used:    1
 This function calls:
		Nothing
 This function is called by:
		i1_writeTxtChk
		i1_setCursorPosition
 This function uses a non-reentrant model


 *************** function i1_Add_Trace *****************
 Defined at:
		line 86 in file "161518_temp_main.c"
 Parameters:    Size  Location     Type
  oText           1    wreg     PTR unsigned char 
		 -> wInterruptText(75), 
  iSizeOfoText    1    5[BANK0 ] unsigned char 
  iText           2    6[BANK0 ] PTR unsigned char 
		 -> STR_12(7), STR_7(4), STR_2(9), STR_1(12), 
		 -> main@wReadout(20), 
 Auto vars:     Size  Location     Type
  oText           1   14[BANK0 ] PTR unsigned char 
		 -> wInterruptText(75), 
 Return value:  Size  Location     Type
                  1    wreg      void 
 Registers used:
		wreg, fsr0l, fsr0h, fsr1l, fsr1h, status,2, status,0, pclath, cstack
 Tracked objects:
		On entry : 
		On exit  : 
		Unchanged: 
 Data sizes:     COMMON   BANK0   BANK1   BANK2   BANK3   BANK4   BANK5   BANK6   BANK7   BANK8   BANK9  BANK10  BANK11  BANK12
      Params:         0       3       0       0       0       0       0       0       0       0       0       0       0       0
      Locals:         0       1       0       0       0       0       0       0       0       0       0       0       0       0
      Temps:          0       6       0       0       0       0       0       0       0       0       0       0       0       0
      Totals:         0      10       0       0       0       0       0       0       0       0       0       0       0       0
Total ram usage:       10 bytes
 Hardware stack levels used:    1
 Hardware stack levels required when called:    2
 This function calls:
		i1_strcat
		i1_strlen
 This function is called by:
		_myint
 This function uses a non-reentrant model


 *************** function i1_strcat *****************
 Defined at:
		line 3 in file "C:\Program Files (x86)\Microchip\xc8\v2.00\pic\sources\c99\common\strcat.c"
 Parameters:    Size  Location     Type
  dest            1    wreg     PTR unsigned char 
		 -> wInterruptText(75), 
  src             2    0[BANK0 ] PTR const unsigned char 
		 -> STR_12(7), STR_7(4), STR_2(9), STR_1(12), 
		 -> main@wReadout(20), 
 Auto vars:     Size  Location     Type
  dest            1    4[BANK0 ] PTR unsigned char 
		 -> wInterruptText(75), 
 Return value:  Size  Location     Type
                  1    wreg      PTR unsigned char 
 Registers used:
		wreg, fsr0l, fsr0h, fsr1l, fsr1h, status,2, status,0, pclath, cstack
 Tracked objects:
		On entry : 
		On exit  : 
		Unchanged: 
 Data sizes:     COMMON   BANK0   BANK1   BANK2   BANK3   BANK4   BANK5   BANK6   BANK7   BANK8   BANK9  BANK10  BANK11  BANK12
      Params:         0       2       0       0       0       0       0       0       0       0       0       0       0       0
      Locals:         0       1       0       0       0       0       0       0       0       0       0       0       0       0
      Temps:          0       2       0       0       0       0       0       0       0       0       0       0       0       0
      Totals:         0       5       0       0       0       0       0       0       0       0       0       0       0       0
Total ram usage:        5 bytes
 Hardware stack levels used:    1
 Hardware stack levels required when called:    1
 This function calls:
		i1_strcpy
		i1_strlen
 This function is called by:
		i1_Add_Trace
 This function uses a non-reentrant model


 *************** function i1_strlen *****************
 Defined at:
		line 12 in file "C:\Program Files (x86)\Microchip\xc8\v2.00\pic\sources\c99\common\strlen.c"
 Parameters:    Size  Location     Type
  s               2    0[COMMON] PTR const unsigned char 
		 -> STR_12(7), STR_7(4), STR_2(9), STR_1(12), 
		 -> main@wReadout(20), wInterruptText(75), 
 Auto vars:     Size  Location     Type
  strlen          2    4[COMMON] PTR const unsigned char 
		 -> STR_12(7), STR_7(4), STR_2(9), STR_1(12), 
		 -> main@wReadout(20), wInterruptText(75), 
 Return value:  Size  Location     Type
                  2    0[COMMON] unsigned int 
 Registers used:
		wreg, fsr0l, fsr0h, status,2, status,0
 Tracked objects:
		On entry : 
		On exit  : 
		Unchanged: 
 Data sizes:     COMMON   BANK0   BANK1   BANK2   BANK3   BANK4   BANK5   BANK6   BANK7   BANK8   BANK9  BANK10  BANK11  BANK12
      Params:         2       0       0       0       0       0       0       0       0       0       0       0       0       0
      Locals:         2       0       0       0       0       0       0       0       0       0       0       0       0       0
      Temps:          2       0       0       0       0       0       0       0       0       0       0       0       0       0
      Totals:         6       0       0       0       0       0       0       0       0       0       0       0       0       0
Total ram usage:        6 bytes
 Hardware stack levels used:    1
 This function calls:
		Nothing
 This function is called by:
		i1_Add_Trace
		i1_strcat
 This function uses a non-reentrant model


 *************** function i1_strcpy *****************
 Defined at:
		line 7 in file "C:\Program Files (x86)\Microchip\xc8\v2.00\pic\sources\c99\common\strcpy.c"
 Parameters:    Size  Location     Type
  dest            1    wreg     PTR unsigned char 
		 -> wInterruptText(75), 
  src             2    6[COMMON] PTR const unsigned char 
		 -> STR_12(7), STR_7(4), STR_2(9), STR_1(12), 
		 -> main@wReadout(20), 
 Auto vars:     Size  Location     Type
  dest            1   12[COMMON] PTR unsigned char 
		 -> wInterruptText(75), 
  strcpy          2   10[COMMON] PTR const unsigned char 
		 -> STR_12(7), STR_7(4), STR_2(9), STR_1(12), 
		 -> main@wReadout(20), 
  strcpy          1   13[COMMON] PTR unsigned char 
		 -> wInterruptText(75), 
 Return value:  Size  Location     Type
                  1    wreg      PTR unsigned char 
 Registers used:
		wreg, fsr0l, fsr0h, fsr1l, fsr1h, status,2, status,0, pclath
 Tracked objects:
		On entry : 
		On exit  : 
		Unchanged: 
 Data sizes:     COMMON   BANK0   BANK1   BANK2   BANK3   BANK4   BANK5   BANK6   BANK7   BANK8   BANK9  BANK10  BANK11  BANK12
      Params:         2       0       0       0       0       0       0       0       0       0       0       0       0       0
      Locals:         4       0       0       0       0       0       0       0       0       0       0       0       0       0
      Temps:          2       0       0       0       0       0       0       0       0       0       0       0       0       0
      Totals:         8       0       0       0       0       0       0       0       0       0       0       0       0       0
Total ram usage:        8 bytes
 Hardware stack levels used:    1
 This function calls:
		Nothing
 This function is called by:
		i1_strcat
 This function uses a non-reentrant model



MODULE INFORMATION

Module		Function		Class		Link	Load	Size
C:\Program Files (x86)\Microchip\xc8\v2.00\pic\sources\c99\common\strcat.c
		_strcat        		CODE           	0BA5	0000	26

C:\Program Files (x86)\Microchip\xc8\v2.00\pic\sources\c99\common\strcat.c estimated size: 26

C:\Program Files (x86)\Microchip\xc8\v2.00\pic\sources\c99\common\awmod.c
		___awmod       		CODE           	0EE0	0000	95

C:\Program Files (x86)\Microchip\xc8\v2.00\pic\sources\c99\common\awmod.c estimated size: 95

161518_temp_main.c
		_GetTemp       		CODE           	0C77	0000	43
		_main          		CODE           	01D3	0000	735
		_printEM1812   		CODE           	0582	0000	186
		_ToggleBitRB5  		CODE           	0B29	0000	11
		_SetToGetTemp  		CODE           	0C4E	0000	42
		_WakeTemp      		CODE           	0B5F	0000	22
		_myint         		CODE           	0004	0000	409
		_Add_Trace     		CODE           	0E01	0000	68
		_Debounce      		CODE           	0E44	0000	77
		_PrintLog      		CODE           	07CC	0000	47

161518_temp_main.c estimated size: 1640

C:\Program Files (x86)\Microchip\xc8\v2.00\pic\sources\c99\common\strlen.c
		_strlen        		CODE           	0C05	0000	37

C:\Program Files (x86)\Microchip\xc8\v2.00\pic\sources\c99\common\strlen.c estimated size: 37

C:\Program Files (x86)\Microchip\xc8\v2.00\pic\sources\c99\common\strcpy.c
		_strcpy        		CODE           	0C29	0000	38

C:\Program Files (x86)\Microchip\xc8\v2.00\pic\sources\c99\common\strcpy.c estimated size: 38

C:\Program Files (x86)\Microchip\xc8\v2.00\pic\sources\c99\common\memset.c
		_memset        		CODE           	04B1	0000	210

C:\Program Files (x86)\Microchip\xc8\v2.00\pic\sources\c99\common\memset.c estimated size: 210

C:\Program Files (x86)\Microchip\xc8\v2.00\pic\sources\c99\common\awdiv.c
		___awdiv       		CODE           	0762	0000	107

C:\Program Files (x86)\Microchip\xc8\v2.00\pic\sources\c99\common\awdiv.c estimated size: 107

shared
		i1_strcat      		CODE           	0B8C	0000	26
		i1_writeTxtChk 		CODE           	06D2	0000	145
		i1_setCursorPosition		CODE           	0F9E	0000	99
		i1_strcpy      		CODE           	0BE1	0000	37
		i1_setData     		CODE           	0D89	0000	61
		__initialization		CODE           	019E	0000	50
		i1_waitLCDBusy 		CODE           	0CF6	0000	45
		i1_SetToSendDataToLCD		CODE           	0B09	0000	7
		i1_lcdWriteText		CODE           	0CCB	0000	44
		i1_Add_Trace   		CODE           	0D4F	0000	59
		i1_SetToReadDataFromLCD		CODE           	0B0F	0000	7
		i1_strlen      		CODE           	0BBE	0000	36

shared estimated size: 616

LCD_hd44780u_qy_2004a.c
		_setCursorPosition		CODE           	0F3E	0000	97
		_writeTxtChk   		CODE           	063B	0000	152
		_clearDisplay  		CODE           	0B04	0000	6
		_writeInsChk   		CODE           	0B33	0000	12
		_writeInsNoChk 		CODE           	0B74	0000	25
		_SetToSendDataToLCD		CODE           	0B15	0000	7
		_setData       		CODE           	0DC5	0000	61
		_moveCursorToHome		CODE           	0B21	0000	9
		_lcdWriteText  		CODE           	0CA1	0000	43
		_setCursorOff  		CODE           	0B49	0000	12
		_SetToReadDataFromLCD		CODE           	0B1B	0000	7
		_waitLCDBusy   		CODE           	0D22	0000	46
		_powerOnLcd    		CODE           	0B3E	0000	12
		_setNotBlinkingCursor		CODE           	0B54	0000	12
		_initLCD       		CODE           	0E90	0000	81

LCD_hd44780u_qy_2004a.c estimated size: 582

