Microchip MPLAB XC8 Compiler V2.00 ()

Linker command line:

-W-3 --edf=C:\Program Files (x86)\Microchip\xc8\v2.00\pic\dat\en_msgs.txt \
  -cs -h+dist/default/production\16F1518_Temp.X.production.sym \
  --cmf=dist/default/production\16F1518_Temp.X.production.cmf -z -Q16F1518 \
  -oC:\Users\dell\AppData\Local\Temp\sd0.2 --defsym=__MPLAB_BUILD=1 \
  -Mdist/default/production/16F1518_Temp.X.production.map -E1 -ver=XC8 \
  --acfsm=1493 -ASTACK=0215Eh-023efh -pstack=STACK -ACODE=00h-07FFhx8 \
  -ASTRCODE=00h-03FFFh -ASTRING=00h-0FFhx64 -ACONST=00h-0FFhx64 \
  -AENTRY=00h-0FFhx64 -ACOMMON=070h-07Fh -ABANK0=020h-06Fh \
  -ABANK1=0A0h-0EFh -ABANK2=0120h-016Fh -ABANK3=01A0h-01EFh \
  -ABANK4=0220h-026Fh -ABANK5=02A0h-02EFh -ABANK6=0320h-036Fh \
  -ABANK7=03A0h-03EFh -ABANK8=0420h-046Fh -ABANK9=04A0h-04EFh \
  -ABANK10=0520h-056Fh -ABANK11=05A0h-05EFh -ABANK12=0620h-064Fh \
  -ABIGRAM=02000h-023EFh \
  -ARAM=020h-06Fh,0A0h-0EFh,0120h-016Fh,01A0h-01EFh,0220h-026Fh,02A0h-02EFh,0320h-036Fh,03A0h-03EFh,0420h-046Fh,04A0h-04EFh,0520h-056Fh,05A0h-05EFh,0620h-064Fh \
  -AABS1=020h-07Fh,0A0h-0EFh,0120h-016Fh,01A0h-01EFh,0220h-026Fh,02A0h-02EFh,0320h-036Fh,03A0h-03EFh,0420h-046Fh,04A0h-04EFh,0520h-056Fh,05A0h-05EFh,0620h-064Fh \
  -ASFR0=00h-01Fh -ASFR1=080h-09Fh -ASFR2=0100h-011Fh -ASFR3=0180h-019Fh \
  -ASFR4=0200h-021Fh -ASFR5=0280h-029Fh -ASFR6=0300h-031Fh \
  -ASFR7=0380h-039Fh -ASFR8=0400h-041Fh -ASFR9=0480h-049Fh \
  -ASFR10=0500h-051Fh -ASFR11=0580h-059Fh -ASFR12=0600h-061Fh \
  -ASFR13=0680h-06EFh -ASFR14=0700h-076Fh -ASFR15=0780h-07EFh \
  -ASFR16=0800h-086Fh -ASFR17=0880h-08EFh -ASFR18=0900h-096Fh \
  -ASFR19=0980h-09EFh -ASFR20=0A00h-0A6Fh -ASFR21=0A80h-0AEFh \
  -ASFR22=0B00h-0B6Fh -ASFR23=0B80h-0BEFh -ASFR24=0C00h-0C6Fh \
  -ASFR25=0C80h-0CEFh -ASFR26=0D00h-0D6Fh -ASFR27=0D80h-0DEFh \
  -ASFR28=0E00h-0E6Fh -ASFR29=0E80h-0EEFh -ASFR30=0F00h-0F6Fh \
  -ASFR31=0F80h-0FEFh -preset_vec=00h,intentry=04h,init,end_init \
  -ppowerup=CODE -pcinit=CODE -pfunctab=ENTRY -ACONFIG=08007h-08008h \
  -pconfig=CONFIG -DCONFIG=2 -AIDLOC=08000h-08003h -pidloc=IDLOC -DIDLOC=2 \
  -DCODE=2 -DSTRCODE=2 -DSTRING=2 -DCONST=2 -DENTRY=2 -k \
  C:\Users\dell\AppData\Local\Temp\sd0.o \
  dist/default/production\16F1518_Temp.X.production.o 

Object code version is 3.11

Machine type is 16F1518



                Name                               Link     Load   Length Selector   Space Scale
C:\Users\dell\AppData\Local\Temp\sd0.o
                end_init                            158      158        2        8       0
                reset_vec                             0        0        2        0       0
                config                             8007     8007        2    1000E       0
dist/default/production\16F1518_Temp.X.production.o
                cinit                               15A      15A       3D        8       0
                intentry                              4        4      154        8       0
                text41                              C25      C25        A     184A       0
                text40                              5AF      5AF       99        8       0
                text39                              648      648       84        8       0
                text38                              CA6      CA6       1D     194C       0
                text37                                3        3        1        6       0
                text36                              FAB      FAB       55     1F56       0
                text35                              DE9      DE9       2B     1BD2       0
                text34                              CE2      CE2       23     19C4       0
                text33                              78E      78E       5D        8       0
                text32                              2DE      2DE      12B        8       0
                text31                              409      409       D5        8       0
                text30                              E14      E14       2B     1C28       0
                text29                              DC0      DC0       29     1B80       0
                text28                              D05      D05       24     1A0A       0
                text27                              C5B      C5B       19     18B6       0
                text26                              E9A      E9A       3A     1D34       0
                text24                              D4D      D4D       25     1A9A       0
                text23                              D29      D29       24     1A52       0
                text22                              C74      C74       19     18E8       0
                text21                              ED4      ED4       3A     1DA8       0
                text20                              4DE      4DE       D1        8       0
                text19                              D98      D98       28     1B30       0
                text18                              C0B      C0B        6     1816       0
                text17                              F0E      F0E       4D     1E1C       0
                text16                              C11      C11        6     1822       0
                text15                              E6A      E6A       30     1CD4       0
                text14                              72D      72D       61        8       0
                text13                              6CC      6CC       61        8       0
                text12                              D72      D72       26     1AE4       0
                text11                              E3F      E3F       2B     1C7E       0
                text10                              CC3      CC3       1F     1986       0
                text9                               7EB      7EB       11        8       0
                text8                               C8D      C8D       19     191A       0
                text7                               C2F      C2F        B     185E       0
                text6                               C06      C06        5     180C       0
                text5                               F5B      F5B       50     1EB6       0
                text4                               C1D      C1D        8     183A       0
                text3                               C3A      C3A        B     1874       0
                text2                               C45      C45        B     188A       0
                text1                               C50      C50        B     18A0       0
                maintext                            197      197      147        8       0
                cstackBANK0                          20       20       44       20       1
                cstackCOMMON                         70       70        E       70       1
                cstackBANK1                          A0       A0       27       A0       1
                clrtext                             C17      C17        6     182E       0
                bssBANK4                            220      220       1E      220       1
                bssBANK3                            1A0      1A0       4B      1A0       1
                bssBANK2                            120      120       34      120       1
                dataBANK1                            E1       E1        4       A0       1
                bssBANK1                             C7       C7       1A       A0       1
                bssBANK0                             64       64        C       20       1
                stringtext11                       102C     102C        2     2000       0
                stringtext10                       1029     1029        3     2000       0
                stringtext9                        1026     1026        3     2000       0
                stringtext8                        1022     1022        4     2000       0
                stringtext7                        101E     101E        4     2000       0
                stringtext6                        101A     101A        4     2000       0
                stringtext5                        1016     1016        4     2000       0
                stringtext4                        1011     1011        5     2000       0
                stringtext3                        100C     100C        5     2000       0
                stringtext2                        1007     1007        5     2000       0
                stringtext1                        1000     1000        7     2000       0
                idataBANK1                          7FC      7FC        4        8       0

TOTAL           Name                               Link     Load   Length     Space
        CLASS   STACK          

        CLASS   CODE           
                end_init                            158      158        2         0
                cinit                               15A      15A       3D         0
                intentry                              4        4      154         0
                reset_vec                             0        0        2         0
                text41                              C25      C25        A         0
                text40                              5AF      5AF       99         0
                text39                              648      648       84         0
                text38                              CA6      CA6       1D         0
                text37                                3        3        1         0
                text36                              FAB      FAB       55         0
                text35                              DE9      DE9       2B         0
                text34                              CE2      CE2       23         0
                text33                              78E      78E       5D         0
                text32                              2DE      2DE      12B         0
                text31                              409      409       D5         0
                text30                              E14      E14       2B         0
                text29                              DC0      DC0       29         0
                text28                              D05      D05       24         0
                text27                              C5B      C5B       19         0
                text26                              E9A      E9A       3A         0
                text24                              D4D      D4D       25         0
                text23                              D29      D29       24         0
                text22                              C74      C74       19         0
                text21                              ED4      ED4       3A         0
                text20                              4DE      4DE       D1         0
                text19                              D98      D98       28         0
                text18                              C0B      C0B        6         0
                text17                              F0E      F0E       4D         0
                text16                              C11      C11        6         0
                text15                              E6A      E6A       30         0
                text14                              72D      72D       61         0
                text13                              6CC      6CC       61         0
                text12                              D72      D72       26         0
                text11                              E3F      E3F       2B         0
                text10                              CC3      CC3       1F         0
                text9                               7EB      7EB       11         0
                text8                               C8D      C8D       19         0
                text7                               C2F      C2F        B         0
                text6                               C06      C06        5         0
                text5                               F5B      F5B       50         0
                text4                               C1D      C1D        8         0
                text3                               C3A      C3A        B         0
                text2                               C45      C45        B         0
                text1                               C50      C50        B         0
                maintext                            197      197      147         0
                clrtext                             C17      C17        6         0
                idataBANK1                          7FC      7FC        4         0

        CLASS   STRCODE        
                stringtext11                       102C     102C        2         0
                stringtext10                       1029     1029        3         0
                stringtext9                        1026     1026        3         0
                stringtext8                        1022     1022        4         0
                stringtext7                        101E     101E        4         0
                stringtext6                        101A     101A        4         0
                stringtext5                        1016     1016        4         0
                stringtext4                        1011     1011        5         0
                stringtext3                        100C     100C        5         0
                stringtext2                        1007     1007        5         0
                stringtext1                        1000     1000        7         0

        CLASS   STRING         

        CLASS   CONST          

        CLASS   ENTRY          

        CLASS   COMMON         
                cstackCOMMON                         70       70        E         1

        CLASS   BANK0          
                cstackBANK0                          20       20       44         1
                bssBANK0                             64       64        C         1

        CLASS   BANK1          
                cstackBANK1                          A0       A0       27         1
                dataBANK1                            E1       E1        4         1
                bssBANK1                             C7       C7       1A         1

        CLASS   BANK2          
                bssBANK2                            120      120       34         1

        CLASS   BANK3          
                bssBANK3                            1A0      1A0       4B         1

        CLASS   BANK4          
                bssBANK4                            220      220       1E         1

        CLASS   BANK5          

        CLASS   BANK6          

        CLASS   BANK7          

        CLASS   BANK8          

        CLASS   BANK9          

        CLASS   BANK10         

        CLASS   BANK11         

        CLASS   BANK12         

        CLASS   BIGRAM         

        CLASS   RAM            

        CLASS   ABS1           
                abs_s1                               7E       7E        2         1

        CLASS   SFR0           

        CLASS   SFR1           

        CLASS   SFR2           

        CLASS   SFR3           

        CLASS   SFR4           

        CLASS   SFR5           

        CLASS   SFR6           

        CLASS   SFR7           

        CLASS   SFR8           

        CLASS   SFR9           

        CLASS   SFR10          

        CLASS   SFR11          

        CLASS   SFR12          

        CLASS   SFR13          

        CLASS   SFR14          

        CLASS   SFR15          

        CLASS   SFR16          

        CLASS   SFR17          

        CLASS   SFR18          

        CLASS   SFR19          

        CLASS   SFR20          

        CLASS   SFR21          

        CLASS   SFR22          

        CLASS   SFR23          

        CLASS   SFR24          

        CLASS   SFR25          

        CLASS   SFR26          

        CLASS   SFR27          

        CLASS   SFR28          

        CLASS   SFR29          

        CLASS   SFR30          

        CLASS   SFR31          

        CLASS   CONFIG         
                config                             8007     8007        2         0

        CLASS   IDLOC          

        CLASS   BANK31         

        CLASS   BANK30         

        CLASS   BANK29         

        CLASS   BANK28         

        CLASS   BANK27         

        CLASS   BANK26         

        CLASS   BANK25         

        CLASS   BANK24         

        CLASS   BANK23         

        CLASS   BANK22         

        CLASS   BANK21         

        CLASS   BANK20         

        CLASS   BANK19         

        CLASS   BANK18         

        CLASS   BANK17         

        CLASS   BANK16         

        CLASS   BANK15         

        CLASS   BANK14         

        CLASS   BANK13         

        CLASS   EEDATA         



SEGMENTS        Name                           Load    Length   Top    Selector   Space  Class     Delta

                reset_vec                      000000  000002  000002         0       0  CODE        2
                text37                         000003  000001  000004         6       0  CODE        2
                intentry                       000004  0007FC  000800         8       0  CODE        2
                cstackBANK0                    000020  000050  000070        20       1  BANK0       1
                cstackCOMMON                   000070  00000E  00007E        70       1  COMMON      1
                cstackBANK1                    0000A0  000045  0000E5        A0       1  BANK1       1
                bssBANK2                       000120  000034  000154       120       1  BANK2       1
                bssBANK3                       0001A0  00004B  0001EB       1A0       1  BANK3       1
                bssBANK4                       000220  00001E  00023E       220       1  BANK4       1
                text6                          000C06  000005  000C0B      180C       0  CODE        2
                text18                         000C0B  000006  000C11      1816       0  CODE        2
                text16                         000C11  000006  000C17      1822       0  CODE        2
                clrtext                        000C17  000006  000C1D      182E       0  CODE        2
                text4                          000C1D  000008  000C25      183A       0  CODE        2
                text41                         000C25  00000A  000C2F      184A       0  CODE        2
                text7                          000C2F  00000B  000C3A      185E       0  CODE        2
                text3                          000C3A  00000B  000C45      1874       0  CODE        2
                text2                          000C45  00000B  000C50      188A       0  CODE        2
                text1                          000C50  00000B  000C5B      18A0       0  CODE        2
                text27                         000C5B  000019  000C74      18B6       0  CODE        2
                text22                         000C74  000019  000C8D      18E8       0  CODE        2
                text8                          000C8D  000019  000CA6      191A       0  CODE        2
                text38                         000CA6  00001D  000CC3      194C       0  CODE        2
                text10                         000CC3  00001F  000CE2      1986       0  CODE        2
                text34                         000CE2  000023  000D05      19C4       0  CODE        2
                text28                         000D05  000024  000D29      1A0A       0  CODE        2
                text23                         000D29  000024  000D4D      1A52       0  CODE        2
                text24                         000D4D  000025  000D72      1A9A       0  CODE        2
                text12                         000D72  000026  000D98      1AE4       0  CODE        2
                text19                         000D98  000028  000DC0      1B30       0  CODE        2
                text29                         000DC0  000029  000DE9      1B80       0  CODE        2
                text35                         000DE9  00002B  000E14      1BD2       0  CODE        2
                text30                         000E14  00002B  000E3F      1C28       0  CODE        2
                text11                         000E3F  00002B  000E6A      1C7E       0  CODE        2
                text15                         000E6A  000030  000E9A      1CD4       0  CODE        2
                text26                         000E9A  00003A  000ED4      1D34       0  CODE        2
                text21                         000ED4  00003A  000F0E      1DA8       0  CODE        2
                text17                         000F0E  00004D  000F5B      1E1C       0  CODE        2
                text5                          000F5B  000050  000FAB      1EB6       0  CODE        2
                text36                         000FAB  000055  001000      1F56       0  CODE        2
                stringtext1                    001000  00002E  00102E      2000       0  STRCODE     2
                config                         008007  000002  008009     1000E       0  CONFIG      2


UNUSED ADDRESS RANGES

        Name                Unused          Largest block    Delta
        BANK1            000E5-000EF               B           1
        BANK10           00520-0056F              50           1
        BANK11           005A0-005EF              50           1
        BANK12           00620-0064F              30           1
        BANK2            00154-0016F              1C           1
        BANK3            001EB-001EF               5           1
        BANK4            0023E-0026F              32           1
        BANK5            002A0-002EF              50           1
        BANK6            00320-0036F              50           1
        BANK7            003A0-003EF              50           1
        BANK8            00420-0046F              50           1
        BANK9            004A0-004EF              50           1
        BIGRAM           02000-023EF             3F0           1
        CODE             00002-00002               1           2
                         00800-00C05             406
                         0102E-03FFF             800
        CONST            00002-00002               1           2
                         00800-00C05             100
                         0102E-03FFF             100
        ENTRY            00002-00002               1           2
                         00800-00C05             100
                         0102E-03FFF             100
        IDLOC            08000-08003               4           2
        RAM              000E5-000EF               B           1
                         00154-0016F              1C
                         001EB-001EF               5
                         0023E-0026F              32
                         002A0-002EF              50
                         00320-0036F              50
                         003A0-003EF              50
                         00420-0046F              50
                         004A0-004EF              50
                         00520-0056F              50
                         005A0-005EF              50
                         00620-0064F              30
        SFR0             00000-0001F              20           1
        SFR1             00080-0009F              20           1
        SFR10            00500-0051F              20           1
        SFR11            00580-0059F              20           1
        SFR12            00600-0061F              20           1
        SFR13            00680-006EF              70           1
        SFR14            00700-0076F              70           1
        SFR15            00780-007EF              70           1
        SFR16            00800-0086F              70           1
        SFR17            00880-008EF              70           1
        SFR18            00900-0096F              70           1
        SFR19            00980-009EF              70           1
        SFR2             00100-0011F              20           1
        SFR20            00A00-00A6F              70           1
        SFR21            00A80-00AEF              70           1
        SFR22            00B00-00B6F              70           1
        SFR23            00B80-00BEF              70           1
        SFR24            00C00-00C6F              70           1
        SFR25            00C80-00CEF              70           1
        SFR26            00D00-00D6F              70           1
        SFR27            00D80-00DEF              70           1
        SFR28            00E00-00E6F              70           1
        SFR29            00E80-00EEF              70           1
        SFR3             00180-0019F              20           1
        SFR30            00F00-00F6F              70           1
        SFR31            00F80-00FEF              70           1
        SFR4             00200-0021F              20           1
        SFR5             00280-0029F              20           1
        SFR6             00300-0031F              20           1
        SFR7             00380-0039F              20           1
        SFR8             00400-0041F              20           1
        SFR9             00480-0049F              20           1
        STACK            0215E-023EF             292           1
        STRCODE          00002-00002               1           2
                         00800-00C05             406
                         0102E-03FFF            2FD2
        STRING           00002-00002               1           2
                         00800-00C05             100
                         0102E-03FFF             100

                                  Symbol Table

?___aldiv                      cstackCOMMON 00070
?___almod                      cstackCOMMON 00070
?_abs                          cstackCOMMON 0007B
?_dtoa                         cstackBANK0  0002C
?_pad                          cstackBANK0  00024
?_sprintf                      cstackBANK0  00055
?_strlen                       cstackBANK1  000A0
?_vfpfcnvrt                    cstackBANK0  00041
?_vfprintf                     cstackBANK0  0004D
?i1_strlen                     cstackCOMMON 00070
Add_Trace@iSizeOfoText         cstackBANK1  000B3
Add_Trace@iText                cstackBANK1  000B4
Add_Trace@oText                cstackBANK1  000BC
PrintLog@iText                 cstackBANK1  000B4
PrintLog@wInterruptTextLen     cstackBANK1  000B3
_ANSELA                        (abs)        0018C
_ANSELB                        (abs)        0018D
_ANSELCbits                    (abs)        0018E
_Add_Trace                     text21       00ED4
_GetTemp                       text19       00D98
_INTCONbits                    (abs)        0000B
_OSCCONbits                    (abs)        00099
_PIE1bits                      (abs)        00091
_PIE2bits                      (abs)        00092
_PIR1bits                      (abs)        00011
_PIR2bits                      (abs)        00012
_PORTA                         (abs)        0000C
_PORTAbits                     (abs)        0000C
_PORTB                         (abs)        0000D
_PORTBbits                     (abs)        0000D
_PrintLog                      text11       00E3F
_SSPADD                        (abs)        00212
_SSPBUF                        (abs)        00211
_SSPCON1bits                   (abs)        00215
_SSPCON2bits                   (abs)        00216
_SSPCON3bits                   (abs)        00217
_SSPSTATbits                   (abs)        00214
_SetToGetTemp                  text10       00CC3
_SetToReadDataFromLCD          text16       00C11
_SetToSendDataToLCD            text18       00C0B
_TRISA                         (abs)        0008C
_TRISAbits                     (abs)        0008C
_TRISB                         (abs)        0008D
_TRISC                         (abs)        0008E
_ToggleBitRB5                  text41       00C25
_WakeTemp                      text9        007EB
__CFG_BOREN$ON                 (abs)        00000
__CFG_BORV$LO                  (abs)        00000
__CFG_CLKOUTEN$ON              (abs)        00000
__CFG_CP$OFF                   (abs)        00000
__CFG_FCMEN$OFF                (abs)        00000
__CFG_FOSC$INTOSC              (abs)        00000
__CFG_IESO$OFF                 (abs)        00000
__CFG_LPBOR$OFF                (abs)        00000
__CFG_LVP$OFF                  (abs)        00000
__CFG_MCLRE$OFF                (abs)        00000
__CFG_PWRTE$ON                 (abs)        00000
__CFG_STVREN$OFF               (abs)        00000
__CFG_VCAPEN$OFF               (abs)        00000
__CFG_WDTE$OFF                 (abs)        00000
__CFG_WRT$OFF                  (abs)        00000
__Habs1                        abs1         00000
__Hbank0                       bank0        00000
__Hbank1                       bank1        00000
__Hbank10                      bank10       00000
__Hbank11                      bank11       00000
__Hbank12                      bank12       00000
__Hbank13                      bank13       00000
__Hbank14                      bank14       00000
__Hbank15                      bank15       00000
__Hbank16                      bank16       00000
__Hbank17                      bank17       00000
__Hbank18                      bank18       00000
__Hbank19                      bank19       00000
__Hbank2                       bank2        00000
__Hbank20                      bank20       00000
__Hbank21                      bank21       00000
__Hbank22                      bank22       00000
__Hbank23                      bank23       00000
__Hbank24                      bank24       00000
__Hbank25                      bank25       00000
__Hbank26                      bank26       00000
__Hbank27                      bank27       00000
__Hbank28                      bank28       00000
__Hbank29                      bank29       00000
__Hbank3                       bank3        00000
__Hbank30                      bank30       00000
__Hbank31                      bank31       00000
__Hbank4                       bank4        00000
__Hbank5                       bank5        00000
__Hbank6                       bank6        00000
__Hbank7                       bank7        00000
__Hbank8                       bank8        00000
__Hbank9                       bank9        00000
__Hbigram                      bigram       00000
__HbssBANK0                    bssBANK0     00000
__HbssBANK1                    bssBANK1     00000
__HbssBANK2                    bssBANK2     00000
__HbssBANK3                    bssBANK3     00000
__HbssBANK4                    bssBANK4     00000
__Hcinit                       cinit        00197
__Hclrtext                     clrtext      00000
__Hcode                        code         00000
__Hcommon                      common       00000
__Hconfig                      config       08009
__HcstackBANK0                 cstackBANK0  00000
__HcstackBANK1                 cstackBANK1  00000
__HcstackCOMMON                cstackCOMMON 00000
__HdataBANK1                   dataBANK1    00000
__Heeprom_data                 eeprom_data  00000
__Hend_init                    end_init     0015A
__Hfunctab                     functab      00000
__HidataBANK1                  idataBANK1   00000
__Hidloc                       idloc        00000
__Hinit                        init         00158
__Hintentry                    intentry     00158
__Hmaintext                    maintext     00000
__Hpowerup                     powerup      00000
__Hram                         ram          00000
__Hreset_vec                   reset_vec    00002
__Hsfr0                        sfr0         00000
__Hsfr1                        sfr1         00000
__Hsfr10                       sfr10        00000
__Hsfr11                       sfr11        00000
__Hsfr12                       sfr12        00000
__Hsfr13                       sfr13        00000
__Hsfr14                       sfr14        00000
__Hsfr15                       sfr15        00000
__Hsfr16                       sfr16        00000
__Hsfr17                       sfr17        00000
__Hsfr18                       sfr18        00000
__Hsfr19                       sfr19        00000
__Hsfr2                        sfr2         00000
__Hsfr20                       sfr20        00000
__Hsfr21                       sfr21        00000
__Hsfr22                       sfr22        00000
__Hsfr23                       sfr23        00000
__Hsfr24                       sfr24        00000
__Hsfr25                       sfr25        00000
__Hsfr26                       sfr26        00000
__Hsfr27                       sfr27        00000
__Hsfr28                       sfr28        00000
__Hsfr29                       sfr29        00000
__Hsfr3                        sfr3         00000
__Hsfr30                       sfr30        00000
__Hsfr31                       sfr31        00000
__Hsfr4                        sfr4         00000
__Hsfr5                        sfr5         00000
__Hsfr6                        sfr6         00000
__Hsfr7                        sfr7         00000
__Hsfr8                        sfr8         00000
__Hsfr9                        sfr9         00000
__Hspace_0                     (abs)        08009
__Hspace_1                     (abs)        0023E
__Hspace_2                     (abs)        00000
__Hspace_3                     (abs)        00000
__Hstack                       stack        00000
__Hstrings                     strings      00000
__Hstringtext1                 stringtext1  00000
__Hstringtext10                stringtext10 00000
__Hstringtext11                stringtext11 00000
__Hstringtext12                stringtext12 00000
__Hstringtext2                 stringtext2  00000
__Hstringtext3                 stringtext3  00000
__Hstringtext4                 stringtext4  00000
__Hstringtext5                 stringtext5  00000
__Hstringtext6                 stringtext6  00000
__Hstringtext7                 stringtext7  00000
__Hstringtext8                 stringtext8  00000
__Hstringtext9                 stringtext9  00000
__Htext                        text         00000
__Labs1                        abs1         00000
__Lbank0                       bank0        00000
__Lbank1                       bank1        00000
__Lbank10                      bank10       00000
__Lbank11                      bank11       00000
__Lbank12                      bank12       00000
__Lbank13                      bank13       00000
__Lbank14                      bank14       00000
__Lbank15                      bank15       00000
__Lbank16                      bank16       00000
__Lbank17                      bank17       00000
__Lbank18                      bank18       00000
__Lbank19                      bank19       00000
__Lbank2                       bank2        00000
__Lbank20                      bank20       00000
__Lbank21                      bank21       00000
__Lbank22                      bank22       00000
__Lbank23                      bank23       00000
__Lbank24                      bank24       00000
__Lbank25                      bank25       00000
__Lbank26                      bank26       00000
__Lbank27                      bank27       00000
__Lbank28                      bank28       00000
__Lbank29                      bank29       00000
__Lbank3                       bank3        00000
__Lbank30                      bank30       00000
__Lbank31                      bank31       00000
__Lbank4                       bank4        00000
__Lbank5                       bank5        00000
__Lbank6                       bank6        00000
__Lbank7                       bank7        00000
__Lbank8                       bank8        00000
__Lbank9                       bank9        00000
__Lbigram                      bigram       00000
__LbssBANK0                    bssBANK0     00000
__LbssBANK1                    bssBANK1     00000
__LbssBANK2                    bssBANK2     00000
__LbssBANK3                    bssBANK3     00000
__LbssBANK4                    bssBANK4     00000
__Lcinit                       cinit        0015A
__Lclrtext                     clrtext      00000
__Lcode                        code         00000
__Lcommon                      common       00000
__Lconfig                      config       08007
__LcstackBANK0                 cstackBANK0  00000
__LcstackBANK1                 cstackBANK1  00000
__LcstackCOMMON                cstackCOMMON 00000
__LdataBANK1                   dataBANK1    00000
__Leeprom_data                 eeprom_data  00000
__Lend_init                    end_init     00158
__Lfunctab                     functab      00000
__LidataBANK1                  idataBANK1   00000
__Lidloc                       idloc        00000
__Linit                        init         00158
__Lintentry                    intentry     00004
__Lmaintext                    maintext     00000
__Lpowerup                     powerup      00000
__Lram                         ram          00000
__Lreset_vec                   reset_vec    00000
__Lsfr0                        sfr0         00000
__Lsfr1                        sfr1         00000
__Lsfr10                       sfr10        00000
__Lsfr11                       sfr11        00000
__Lsfr12                       sfr12        00000
__Lsfr13                       sfr13        00000
__Lsfr14                       sfr14        00000
__Lsfr15                       sfr15        00000
__Lsfr16                       sfr16        00000
__Lsfr17                       sfr17        00000
__Lsfr18                       sfr18        00000
__Lsfr19                       sfr19        00000
__Lsfr2                        sfr2         00000
__Lsfr20                       sfr20        00000
__Lsfr21                       sfr21        00000
__Lsfr22                       sfr22        00000
__Lsfr23                       sfr23        00000
__Lsfr24                       sfr24        00000
__Lsfr25                       sfr25        00000
__Lsfr26                       sfr26        00000
__Lsfr27                       sfr27        00000
__Lsfr28                       sfr28        00000
__Lsfr29                       sfr29        00000
__Lsfr3                        sfr3         00000
__Lsfr30                       sfr30        00000
__Lsfr31                       sfr31        00000
__Lsfr4                        sfr4         00000
__Lsfr5                        sfr5         00000
__Lsfr6                        sfr6         00000
__Lsfr7                        sfr7         00000
__Lsfr8                        sfr8         00000
__Lsfr9                        sfr9         00000
__Lspace_0                     (abs)        00000
__Lspace_1                     (abs)        00000
__Lspace_2                     (abs)        00000
__Lspace_3                     (abs)        00000
__Lstack                       stack        00000
__Lstrings                     strings      00000
__Lstringtext1                 stringtext1  00000
__Lstringtext10                stringtext10 00000
__Lstringtext11                stringtext11 00000
__Lstringtext12                stringtext12 00000
__Lstringtext2                 stringtext2  00000
__Lstringtext3                 stringtext3  00000
__Lstringtext4                 stringtext4  00000
__Lstringtext5                 stringtext5  00000
__Lstringtext6                 stringtext6  00000
__Lstringtext7                 stringtext7  00000
__Lstringtext8                 stringtext8  00000
__Lstringtext9                 stringtext9  00000
__Ltext                        text         00000
__S0                           (abs)        08009
__S1                           (abs)        0023E
__S2                           (abs)        00000
___aldiv                       text40       005AF
___aldiv@counter               cstackBANK0  00020
___aldiv@dividend              cstackCOMMON 00074
___aldiv@divisor               cstackCOMMON 00070
___aldiv@quotient              cstackBANK0  00022
___aldiv@sign                  cstackBANK0  00021
___almod                       text39       00648
___almod@counter               cstackCOMMON 00079
___almod@dividend              cstackCOMMON 00074
___almod@divisor               cstackCOMMON 00070
___almod@sign                  cstackCOMMON 0007A
___int_sp                      stack        00000
___latbits                     (abs)        00003
___sp                          stack        00000
__end_of_Add_Trace             text21       00F0E
__end_of_GetTemp               text19       00DC0
__end_of_PrintLog              text11       00E6A
__end_of_SetToGetTemp          text10       00CE2
__end_of_SetToReadDataFromLCD  text16       00C17
__end_of_SetToSendDataToLCD    text18       00C11
__end_of_ToggleBitRB5          text41       00C2F
__end_of_WakeTemp              text9        007FC
__end_of___aldiv               text40       00648
__end_of___almod               text39       006CC
__end_of__initialization       cinit        00193
__end_of_abs                   text38       00CC3
__end_of_clearDisplay          text6        00C0B
__end_of_dtoa                  text32       00409
__end_of_fputc                 text36       01000
__end_of_fputs                 text35       00E14
__end_of_initLCD               text5        00FAB
__end_of_lcdWriteText          text12       00D98
__end_of_main                  maintext     002DE
__end_of_memset                text20       005AF
__end_of_moveCursorToHome      text4        00C25
__end_of_myint                 intentry     00158
__end_of_pad                   text33       007EB
__end_of_powerOnLcd            text3        00C45
__end_of_putch                 text37       00004
__end_of_setCursorOff          text2        00C50
__end_of_setCursorPosition     text14       0078E
__end_of_setData               text17       00F5B
__end_of_setNotBlinkingCursor  text1        00C5B
__end_of_sprintf               text29       00DE9
__end_of_strcat                text22       00C8D
__end_of_strcpy                text24       00D72
__end_of_strlen                text23       00D4D
__end_of_vfpfcnvrt             text31       004DE
__end_of_vfprintf              text30       00E3F
__end_of_waitLCDBusy           text15       00E9A
__end_of_writeInsChk           text7        00C3A
__end_of_writeInsNoChk         text8        00CA6
__end_of_writeTxtChk           text13       0072D
__end_ofi1_Add_Trace           text26       00ED4
__end_ofi1_strcat              text27       00C74
__end_ofi1_strcpy              text28       00D29
__end_ofi1_strlen              text34       00D05
__initialization               cinit        0015A
__pbssBANK0                    bssBANK0     00064
__pbssBANK1                    bssBANK1     000C7
__pbssBANK2                    bssBANK2     00120
__pbssBANK3                    bssBANK3     001A0
__pbssBANK4                    bssBANK4     00220
__pcstackBANK0                 cstackBANK0  00020
__pcstackBANK1                 cstackBANK1  000A0
__pcstackCOMMON                cstackCOMMON 00070
__pdataBANK1                   dataBANK1    000E1
__pidataBANK1                  idataBANK1   007FC
__pintentry                    intentry     00004
__pmaintext                    maintext     00197
__pstringtext1                 stringtext1  01000
__pstringtext10                stringtext10 01029
__pstringtext11                stringtext11 0102C
__pstringtext12                stringtext12 00000
__pstringtext2                 stringtext2  01007
__pstringtext3                 stringtext3  0100C
__pstringtext4                 stringtext4  01011
__pstringtext5                 stringtext5  01016
__pstringtext6                 stringtext6  0101A
__pstringtext7                 stringtext7  0101E
__pstringtext8                 stringtext8  01022
__pstringtext9                 stringtext9  01026
__ptext1                       text1        00C50
__ptext10                      text10       00CC3
__ptext11                      text11       00E3F
__ptext12                      text12       00D72
__ptext13                      text13       006CC
__ptext14                      text14       0072D
__ptext15                      text15       00E6A
__ptext16                      text16       00C11
__ptext17                      text17       00F0E
__ptext18                      text18       00C0B
__ptext19                      text19       00D98
__ptext2                       text2        00C45
__ptext20                      text20       004DE
__ptext21                      text21       00ED4
__ptext22                      text22       00C74
__ptext23                      text23       00D29
__ptext24                      text24       00D4D
__ptext26                      text26       00E9A
__ptext27                      text27       00C5B
__ptext28                      text28       00D05
__ptext29                      text29       00DC0
__ptext3                       text3        00C3A
__ptext30                      text30       00E14
__ptext31                      text31       00409
__ptext32                      text32       002DE
__ptext33                      text33       0078E
__ptext34                      text34       00CE2
__ptext35                      text35       00DE9
__ptext36                      text36       00FAB
__ptext37                      text37       00003
__ptext38                      text38       00CA6
__ptext39                      text39       00648
__ptext4                       text4        00C1D
__ptext40                      text40       005AF
__ptext41                      text41       00C25
__ptext5                       text5        00F5B
__ptext6                       text6        00C06
__ptext7                       text7        00C2F
__ptext8                       text8        00C8D
__ptext9                       text9        007EB
__size_of_Add_Trace            (abs)        00000
__size_of_GetTemp              (abs)        00000
__size_of_PrintLog             (abs)        00000
__size_of_SetToGetTemp         (abs)        00000
__size_of_SetToReadDataFromLCD (abs)        00000
__size_of_SetToSendDataToLCD   (abs)        00000
__size_of_ToggleBitRB5         (abs)        00000
__size_of_WakeTemp             (abs)        00000
__size_of___aldiv              (abs)        00000
__size_of___almod              (abs)        00000
__size_of_abs                  (abs)        00000
__size_of_clearDisplay         (abs)        00000
__size_of_dtoa                 (abs)        00000
__size_of_fputc                (abs)        00000
__size_of_fputs                (abs)        00000
__size_of_initLCD              (abs)        00000
__size_of_lcdWriteText         (abs)        00000
__size_of_main                 (abs)        00000
__size_of_memset               (abs)        00000
__size_of_moveCursorToHome     (abs)        00000
__size_of_myint                (abs)        00000
__size_of_pad                  (abs)        00000
__size_of_powerOnLcd           (abs)        00000
__size_of_putch                (abs)        00000
__size_of_setCursorOff         (abs)        00000
__size_of_setCursorPosition    (abs)        00000
__size_of_setData              (abs)        00000
__size_of_setNotBlinkingCursor (abs)        00000
__size_of_sprintf              (abs)        00000
__size_of_strcat               (abs)        00000
__size_of_strcpy               (abs)        00000
__size_of_strlen               (abs)        00000
__size_of_vfpfcnvrt            (abs)        00000
__size_of_vfprintf             (abs)        00000
__size_of_waitLCDBusy          (abs)        00000
__size_of_writeInsChk          (abs)        00000
__size_of_writeInsNoChk        (abs)        00000
__size_of_writeTxtChk          (abs)        00000
__size_ofi1_Add_Trace          (abs)        00000
__size_ofi1_strcat             (abs)        00000
__size_ofi1_strcpy             (abs)        00000
__size_ofi1_strlen             (abs)        00000
_abs                           text38       00CA6
_clearDisplay                  text6        00C06
_dbuf                          bssBANK2     00120
_dtoa                          text32       002DE
_dtoa$672                      cstackBANK0  00032
_flags                         bssBANK0     0006A
_fputc                         text36       00FAB
_fputs                         text35       00DE9
_initLCD                       text5        00F5B
_lcdWriteText                  text12       00D72
_mCursorDisplayShiftReg        bssBANK1     000CB
_mDisplayOnOffReg              bssBANK1     000CC
_mWritingPosition              bssBANK1     000CA
_main                          maintext     00197
_memset                        text20       004DE
_moveCursorToHome              text4        00C1D
_myint                         intentry     00004
_nout                          bssBANK0     00064
_pad                           text33       0078E
_powerOnLcd                    text3        00C3A
_prec                          bssBANK0     00068
_putch                         text37       00003
_setCursorOff                  text2        00C45
_setCursorPosition             text14       0072D
_setData                       text17       00F0E
_setNotBlinkingCursor          text1        00C50
_sprintf                       text29       00DC0
_strcat                        text22       00C74
_strcpy                        text24       00D4D
_strlen                        text23       00D29
_test                          bssBANK1     000C7
_vfpfcnvrt                     text31       00409
_vfprintf                      text30       00E14
_wHexTemp                      bssBANK2     00140
_wI2CRxBufferSize              bssBANK0     0006E
_wI2CTxBuffer                  bssBANK1     000CD
_wI2CTxBufferSize              bssBANK1     000C9
_wI2CTxSendPos                 bssBANK0     0006D
_wInterruptText                bssBANK3     001A0
_wReceptionBuffer              bssBANK4     00220
_wReceptionBufferPosition      bssBANK0     0006F
_waitLCDBusy                   text15       00E6A
_width                         bssBANK0     00066
_writeInsChk                   text7        00C2F
_writeInsNoChk                 text8        00C8D
_writeTxtChk                   text13       006CC
abs@a                          cstackCOMMON 0007B
btemp                          (abs)        0007E
clear_ram0                     clrtext      00C17
dtoa@d                         cstackBANK0  0002C
dtoa@fp                        cstackBANK0  00034
dtoa@i                         cstackBANK0  0003F
dtoa@n                         cstackBANK0  0003B
dtoa@p                         cstackBANK0  00035
dtoa@s                         cstackBANK0  00039
dtoa@w                         cstackBANK0  00037
end_of_initialization          cinit        00193
fputc@c                        cstackCOMMON 00070
fputc@fp                       cstackCOMMON 00072
fputs@c                        cstackBANK0  00020
fputs@fp                       cstackCOMMON 00078
fputs@i                        cstackBANK0  00021
fputs@s                        cstackBANK0  00023
i1Add_Trace@iSizeOfoText       cstackBANK0  00025
i1Add_Trace@iText              cstackBANK0  00026
i1Add_Trace@oText              cstackBANK0  0002E
i1_Add_Trace                   text26       00E9A
i1_strcat                      text27       00C5B
i1_strcpy                      text28       00D05
i1_strlen                      text34       00CE2
i1strcat@dest                  cstackBANK0  00024
i1strcat@src                   cstackBANK0  00020
i1strcpy@d                     cstackCOMMON 0007D
i1strcpy@dest                  cstackCOMMON 0007C
i1strcpy@s                     cstackCOMMON 0007A
i1strcpy@src                   cstackCOMMON 00076
i1strlen@a                     cstackCOMMON 00074
i1strlen@s                     cstackCOMMON 00070
int$flags                      (abs)        0007E
intlevel0                      functab      00000
intlevel1                      functab      00000
intlevel2                      functab      00000
intlevel3                      functab      00000
intlevel4                      functab      00000
intlevel5                      functab      00000
lcdWriteText@iText             cstackBANK1  000AD
lcdWriteText@wCharReadingPos   cstackBANK1  000B1
main@F2190                     dataBANK1    000E1
main@wConv                     cstackBANK1  000C1
main@wCounter                  cstackBANK1  000C5
main@wTemp                     cstackBANK1  000BF
memset@c                       cstackBANK1  000A2
memset@dest                    cstackBANK1  000A0
memset@k                       cstackBANK1  000AA
memset@n                       cstackBANK1  000A4
memset@s                       cstackBANK1  000AC
pad@buf                        cstackBANK0  00024
pad@fp                         cstackBANK0  0002B
pad@i                          cstackBANK0  00027
pad@p                          cstackBANK0  00025
pad@w                          cstackBANK0  00029
reset_vec                      reset_vec    00000
setCursorPosition@iLine        cstackBANK1  000A8
setCursorPosition@iPosition    cstackBANK1  000A5
setCursorPosition@wLCDIndex    cstackBANK1  000A9
setData@iValue                 cstackBANK1  000A2
sprintf@ap                     cstackBANK0  0005B
sprintf@f                      cstackBANK0  0005D
sprintf@fmt                    cstackBANK0  00055
sprintf@ret                    cstackBANK0  00059
sprintf@s                      cstackBANK0  0005C
stackhi                        (abs)        023EF
stacklo                        (abs)        0215E
start                          init         00158
start_initialization           cinit        0015A
strcat@dest                    cstackBANK1  000B2
strcat@src                     cstackBANK1  000AE
strcpy@d                       cstackBANK1  000AC
strcpy@dest                    cstackBANK1  000AD
strcpy@s                       cstackBANK1  000AA
strcpy@src                     cstackBANK1  000A6
strlen@a                       cstackBANK1  000A4
strlen@s                       cstackBANK1  000A0
vfpfcnvrt@ap                   cstackBANK0  00042
vfpfcnvrt@fmt                  cstackBANK0  00041
vfpfcnvrt@fp                   cstackBANK0  0004C
vfpfcnvrt@ll                   cstackBANK0  00048
vfprintf@ap                    cstackBANK0  0004F
vfprintf@cfmt                  cstackBANK0  00053
vfprintf@fmt                   cstackBANK0  0004D
vfprintf@fp                    cstackBANK0  00052
waitLCDBusy@busyFlag           cstackBANK1  000A3
writeInsChk@iOpCode            cstackBANK1  000A5
writeInsNoChk@iOpCode          cstackBANK1  000A4
writeTxtChk@iOpCode            cstackBANK1  000AC
wtemp0                         (abs)        0007E


FUNCTION INFORMATION:

 *************** function _main *****************
 Defined at:
		line 118 in file "161518_temp_main.c"
 Parameters:    Size  Location     Type
		None
 Auto vars:     Size  Location     Type
  wConv           4   33[BANK1 ] unsigned char [4]
  wCounter        2   37[BANK1 ] int 
  wTemp           2   31[BANK1 ] int 
 Return value:  Size  Location     Type
                  1    wreg      void 
 Registers used:
		wreg, fsr0l, fsr0h, fsr1l, fsr1h, status,2, status,0, pclath, cstack
 Tracked objects:
		On entry : 
		On exit  : 
		Unchanged: 
 Data sizes:     COMMON   BANK0   BANK1   BANK2   BANK3   BANK4   BANK5   BANK6   BANK7   BANK8   BANK9  BANK10  BANK11  BANK12
      Params:         0       0       0       0       0       0       0       0       0       0       0       0       0       0
      Locals:         0       0       8       0       0       0       0       0       0       0       0       0       0       0
      Temps:          0       0       2       0       0       0       0       0       0       0       0       0       0       0
      Totals:         0       0      10       0       0       0       0       0       0       0       0       0       0       0
Total ram usage:       10 bytes
 Hardware stack levels required when called:   15
 This function calls:
		_Add_Trace
		_GetTemp
		_PrintLog
		_SetToGetTemp
		_WakeTemp
		_clearDisplay
		_initLCD
		_lcdWriteText
		_memset
		_moveCursorToHome
		_powerOnLcd
		_setCursorOff
		_setNotBlinkingCursor
 This function is called by:
		Startup code after reset
 This function uses a non-reentrant model


 *************** function _setNotBlinkingCursor *****************
 Defined at:
		line 178 in file "LCD_hd44780u_qy_2004a.c"
 Parameters:    Size  Location     Type
		None
 Auto vars:     Size  Location     Type
		None
 Return value:  Size  Location     Type
                  1    wreg      void 
 Registers used:
		wreg, status,2, status,0, pclath, cstack
 Tracked objects:
		On entry : 
		On exit  : 
		Unchanged: 
 Data sizes:     COMMON   BANK0   BANK1   BANK2   BANK3   BANK4   BANK5   BANK6   BANK7   BANK8   BANK9  BANK10  BANK11  BANK12
      Params:         0       0       0       0       0       0       0       0       0       0       0       0       0       0
      Locals:         0       0       0       0       0       0       0       0       0       0       0       0       0       0
      Temps:          0       0       1       0       0       0       0       0       0       0       0       0       0       0
      Totals:         0       0       1       0       0       0       0       0       0       0       0       0       0       0
Total ram usage:        1 bytes
 Hardware stack levels used:    1
 Hardware stack levels required when called:   12
 This function calls:
		_writeInsChk
 This function is called by:
		_main
 This function uses a non-reentrant model


 *************** function _setCursorOff *****************
 Defined at:
		line 183 in file "LCD_hd44780u_qy_2004a.c"
 Parameters:    Size  Location     Type
		None
 Auto vars:     Size  Location     Type
		None
 Return value:  Size  Location     Type
                  1    wreg      void 
 Registers used:
		wreg, status,2, status,0, pclath, cstack
 Tracked objects:
		On entry : 
		On exit  : 
		Unchanged: 
 Data sizes:     COMMON   BANK0   BANK1   BANK2   BANK3   BANK4   BANK5   BANK6   BANK7   BANK8   BANK9  BANK10  BANK11  BANK12
      Params:         0       0       0       0       0       0       0       0       0       0       0       0       0       0
      Locals:         0       0       0       0       0       0       0       0       0       0       0       0       0       0
      Temps:          0       0       1       0       0       0       0       0       0       0       0       0       0       0
      Totals:         0       0       1       0       0       0       0       0       0       0       0       0       0       0
Total ram usage:        1 bytes
 Hardware stack levels used:    1
 Hardware stack levels required when called:   12
 This function calls:
		_writeInsChk
 This function is called by:
		_main
 This function uses a non-reentrant model


 *************** function _powerOnLcd *****************
 Defined at:
		line 168 in file "LCD_hd44780u_qy_2004a.c"
 Parameters:    Size  Location     Type
		None
 Auto vars:     Size  Location     Type
		None
 Return value:  Size  Location     Type
                  1    wreg      void 
 Registers used:
		wreg, status,2, status,0, pclath, cstack
 Tracked objects:
		On entry : 
		On exit  : 
		Unchanged: 
 Data sizes:     COMMON   BANK0   BANK1   BANK2   BANK3   BANK4   BANK5   BANK6   BANK7   BANK8   BANK9  BANK10  BANK11  BANK12
      Params:         0       0       0       0       0       0       0       0       0       0       0       0       0       0
      Locals:         0       0       0       0       0       0       0       0       0       0       0       0       0       0
      Temps:          0       0       1       0       0       0       0       0       0       0       0       0       0       0
      Totals:         0       0       1       0       0       0       0       0       0       0       0       0       0       0
Total ram usage:        1 bytes
 Hardware stack levels used:    1
 Hardware stack levels required when called:   12
 This function calls:
		_writeInsChk
 This function is called by:
		_main
 This function uses a non-reentrant model


 *************** function _moveCursorToHome *****************
 Defined at:
		line 229 in file "LCD_hd44780u_qy_2004a.c"
 Parameters:    Size  Location     Type
		None
 Auto vars:     Size  Location     Type
		None
 Return value:  Size  Location     Type
                  1    wreg      void 
 Registers used:
		wreg, status,2, status,0, pclath, cstack
 Tracked objects:
		On entry : 
		On exit  : 
		Unchanged: 
 Data sizes:     COMMON   BANK0   BANK1   BANK2   BANK3   BANK4   BANK5   BANK6   BANK7   BANK8   BANK9  BANK10  BANK11  BANK12
      Params:         0       0       0       0       0       0       0       0       0       0       0       0       0       0
      Locals:         0       0       0       0       0       0       0       0       0       0       0       0       0       0
      Temps:          0       0       0       0       0       0       0       0       0       0       0       0       0       0
      Totals:         0       0       0       0       0       0       0       0       0       0       0       0       0       0
Total ram usage:        0 bytes
 Hardware stack levels used:    1
 Hardware stack levels required when called:   12
 This function calls:
		_writeInsChk
 This function is called by:
		_main
 This function uses a non-reentrant model


 *************** function _initLCD *****************
 Defined at:
		line 10 in file "LCD_hd44780u_qy_2004a.c"
 Parameters:    Size  Location     Type
		None
 Auto vars:     Size  Location     Type
		None
 Return value:  Size  Location     Type
                  1    wreg      void 
 Registers used:
		wreg, status,2, status,0, pclath, cstack
 Tracked objects:
		On entry : 
		On exit  : 
		Unchanged: 
 Data sizes:     COMMON   BANK0   BANK1   BANK2   BANK3   BANK4   BANK5   BANK6   BANK7   BANK8   BANK9  BANK10  BANK11  BANK12
      Params:         0       0       0       0       0       0       0       0       0       0       0       0       0       0
      Locals:         0       0       0       0       0       0       0       0       0       0       0       0       0       0
      Temps:          0       0       1       0       0       0       0       0       0       0       0       0       0       0
      Totals:         0       0       1       0       0       0       0       0       0       0       0       0       0       0
Total ram usage:        1 bytes
 Hardware stack levels used:    1
 Hardware stack levels required when called:   13
 This function calls:
		_clearDisplay
		_setData
		_writeInsChk
 This function is called by:
		_main
 This function uses a non-reentrant model


 *************** function _clearDisplay *****************
 Defined at:
		line 225 in file "LCD_hd44780u_qy_2004a.c"
 Parameters:    Size  Location     Type
		None
 Auto vars:     Size  Location     Type
		None
 Return value:  Size  Location     Type
                  1    wreg      void 
 Registers used:
		wreg, status,2, status,0, pclath, cstack
 Tracked objects:
		On entry : 
		On exit  : 
		Unchanged: 
 Data sizes:     COMMON   BANK0   BANK1   BANK2   BANK3   BANK4   BANK5   BANK6   BANK7   BANK8   BANK9  BANK10  BANK11  BANK12
      Params:         0       0       0       0       0       0       0       0       0       0       0       0       0       0
      Locals:         0       0       0       0       0       0       0       0       0       0       0       0       0       0
      Temps:          0       0       0       0       0       0       0       0       0       0       0       0       0       0
      Totals:         0       0       0       0       0       0       0       0       0       0       0       0       0       0
Total ram usage:        0 bytes
 Hardware stack levels used:    1
 Hardware stack levels required when called:   12
 This function calls:
		_writeInsChk
 This function is called by:
		_main
		_initLCD
 This function uses a non-reentrant model


 *************** function _writeInsChk *****************
 Defined at:
		line 112 in file "LCD_hd44780u_qy_2004a.c"
 Parameters:    Size  Location     Type
  iOpCode         1    wreg     unsigned char 
 Auto vars:     Size  Location     Type
  iOpCode         1    5[BANK1 ] unsigned char 
 Return value:  Size  Location     Type
                  1    wreg      void 
 Registers used:
		wreg, status,2, status,0, pclath, cstack
 Tracked objects:
		On entry : 
		On exit  : 
		Unchanged: 
 Data sizes:     COMMON   BANK0   BANK1   BANK2   BANK3   BANK4   BANK5   BANK6   BANK7   BANK8   BANK9  BANK10  BANK11  BANK12
      Params:         0       0       0       0       0       0       0       0       0       0       0       0       0       0
      Locals:         0       0       1       0       0       0       0       0       0       0       0       0       0       0
      Temps:          0       0       0       0       0       0       0       0       0       0       0       0       0       0
      Totals:         0       0       1       0       0       0       0       0       0       0       0       0       0       0
Total ram usage:        1 bytes
 Hardware stack levels used:    1
 Hardware stack levels required when called:   11
 This function calls:
		_waitLCDBusy
		_writeInsNoChk
 This function is called by:
		_initLCD
		_powerOnLcd
		_setNotBlinkingCursor
		_setCursorOff
		_clearDisplay
		_moveCursorToHome
		_powerOffLcd
		_setBlinkingCursor
		_setCursorOn
		_setCursorMovingLeft
		_setCursorMovingRight
		_setDisplayMovingRight
		_setDisplayMovingLeft
		_moveCursorRight
		_moveCursorLeft
 This function uses a non-reentrant model


 *************** function _writeInsNoChk *****************
 Defined at:
		line 118 in file "LCD_hd44780u_qy_2004a.c"
 Parameters:    Size  Location     Type
  iOpCode         1    wreg     unsigned char 
 Auto vars:     Size  Location     Type
  iOpCode         1    4[BANK1 ] unsigned char 
 Return value:  Size  Location     Type
                  1    wreg      void 
 Registers used:
		wreg, status,2, status,0, pclath, cstack
 Tracked objects:
		On entry : 
		On exit  : 
		Unchanged: 
 Data sizes:     COMMON   BANK0   BANK1   BANK2   BANK3   BANK4   BANK5   BANK6   BANK7   BANK8   BANK9  BANK10  BANK11  BANK12
      Params:         0       0       0       0       0       0       0       0       0       0       0       0       0       0
      Locals:         0       0       1       0       0       0       0       0       0       0       0       0       0       0
      Temps:          0       0       1       0       0       0       0       0       0       0       0       0       0       0
      Totals:         0       0       2       0       0       0       0       0       0       0       0       0       0       0
Total ram usage:        2 bytes
 Hardware stack levels used:    1
 Hardware stack levels required when called:   10
 This function calls:
		_SetToSendDataToLCD
		_setData
 This function is called by:
		_writeInsChk
 This function uses a non-reentrant model


 *************** function _WakeTemp *****************
 Defined at:
		line 98 in file "161518_temp_main.c"
 Parameters:    Size  Location     Type
		None
 Auto vars:     Size  Location     Type
		None
 Return value:  Size  Location     Type
                  1    wreg      void 
 Registers used:
		wreg, status,2, status,0
 Tracked objects:
		On entry : 
		On exit  : 
		Unchanged: 
 Data sizes:     COMMON   BANK0   BANK1   BANK2   BANK3   BANK4   BANK5   BANK6   BANK7   BANK8   BANK9  BANK10  BANK11  BANK12
      Params:         0       0       0       0       0       0       0       0       0       0       0       0       0       0
      Locals:         0       0       0       0       0       0       0       0       0       0       0       0       0       0
      Temps:          0       0       1       0       0       0       0       0       0       0       0       0       0       0
      Totals:         0       0       1       0       0       0       0       0       0       0       0       0       0       0
Total ram usage:        1 bytes
 Hardware stack levels used:    1
 Hardware stack levels required when called:    9
 This function calls:
		Nothing
 This function is called by:
		_main
 This function uses a non-reentrant model


 *************** function _SetToGetTemp *****************
 Defined at:
		line 62 in file "161518_temp_main.c"
 Parameters:    Size  Location     Type
		None
 Auto vars:     Size  Location     Type
		None
 Return value:  Size  Location     Type
                  1    wreg      void 
 Registers used:
		wreg, status,2, status,0
 Tracked objects:
		On entry : 
		On exit  : 
		Unchanged: 
 Data sizes:     COMMON   BANK0   BANK1   BANK2   BANK3   BANK4   BANK5   BANK6   BANK7   BANK8   BANK9  BANK10  BANK11  BANK12
      Params:         0       0       0       0       0       0       0       0       0       0       0       0       0       0
      Locals:         0       0       0       0       0       0       0       0       0       0       0       0       0       0
      Temps:          0       0       1       0       0       0       0       0       0       0       0       0       0       0
      Totals:         0       0       1       0       0       0       0       0       0       0       0       0       0       0
Total ram usage:        1 bytes
 Hardware stack levels used:    1
 Hardware stack levels required when called:    9
 This function calls:
		Nothing
 This function is called by:
		_main
 This function uses a non-reentrant model


 *************** function _PrintLog *****************
 Defined at:
		line 108 in file "161518_temp_main.c"
 Parameters:    Size  Location     Type
  iText           1    wreg     PTR unsigned char 
		 -> wInterruptText(75), 
 Auto vars:     Size  Location     Type
  iText           1   20[BANK1 ] PTR unsigned char 
		 -> wInterruptText(75), 
  wInterruptTe    1   19[BANK1 ] unsigned char 
 Return value:  Size  Location     Type
                  1    wreg      void 
 Registers used:
		wreg, fsr0l, fsr0h, fsr1l, fsr1h, status,2, status,0, pclath, cstack
 Tracked objects:
		On entry : 
		On exit  : 
		Unchanged: 
 Data sizes:     COMMON   BANK0   BANK1   BANK2   BANK3   BANK4   BANK5   BANK6   BANK7   BANK8   BANK9  BANK10  BANK11  BANK12
      Params:         0       0       0       0       0       0       0       0       0       0       0       0       0       0
      Locals:         0       0       2       0       0       0       0       0       0       0       0       0       0       0
      Temps:          0       0       1       0       0       0       0       0       0       0       0       0       0       0
      Totals:         0       0       3       0       0       0       0       0       0       0       0       0       0       0
Total ram usage:        3 bytes
 Hardware stack levels used:    1
 Hardware stack levels required when called:   14
 This function calls:
		_lcdWriteText
		_memset
		_strlen
 This function is called by:
		_main
 This function uses a non-reentrant model


 *************** function _lcdWriteText *****************
 Defined at:
		line 41 in file "LCD_hd44780u_qy_2004a.c"
 Parameters:    Size  Location     Type
  iText           2   13[BANK1 ] PTR unsigned char 
		 -> main@wConv(4), wInterruptText(75), 
 Auto vars:     Size  Location     Type
  wCharReading    1   17[BANK1 ] unsigned char 
 Return value:  Size  Location     Type
                  1    wreg      void 
 Registers used:
		wreg, fsr0l, fsr0h, fsr1l, fsr1h, status,2, status,0, pclath, cstack
 Tracked objects:
		On entry : 
		On exit  : 
		Unchanged: 
 Data sizes:     COMMON   BANK0   BANK1   BANK2   BANK3   BANK4   BANK5   BANK6   BANK7   BANK8   BANK9  BANK10  BANK11  BANK12
      Params:         0       0       2       0       0       0       0       0       0       0       0       0       0       0
      Locals:         0       0       1       0       0       0       0       0       0       0       0       0       0       0
      Temps:          0       0       2       0       0       0       0       0       0       0       0       0       0       0
      Totals:         0       0       5       0       0       0       0       0       0       0       0       0       0       0
Total ram usage:        5 bytes
 Hardware stack levels used:    1
 Hardware stack levels required when called:   13
 This function calls:
		_writeTxtChk
 This function is called by:
		_PrintLog
		_main
 This function uses a non-reentrant model


 *************** function _writeTxtChk *****************
 Defined at:
		line 79 in file "LCD_hd44780u_qy_2004a.c"
 Parameters:    Size  Location     Type
  iOpCode         1    wreg     unsigned char 
 Auto vars:     Size  Location     Type
  iOpCode         1   12[BANK1 ] unsigned char 
 Return value:  Size  Location     Type
                  1    wreg      void 
 Registers used:
		wreg, fsr0l, fsr0h, status,2, status,0, pclath, cstack
 Tracked objects:
		On entry : 
		On exit  : 
		Unchanged: 
 Data sizes:     COMMON   BANK0   BANK1   BANK2   BANK3   BANK4   BANK5   BANK6   BANK7   BANK8   BANK9  BANK10  BANK11  BANK12
      Params:         0       0       0       0       0       0       0       0       0       0       0       0       0       0
      Locals:         0       0       1       0       0       0       0       0       0       0       0       0       0       0
      Temps:          0       0       2       0       0       0       0       0       0       0       0       0       0       0
      Totals:         0       0       3       0       0       0       0       0       0       0       0       0       0       0
Total ram usage:        3 bytes
 Hardware stack levels used:    1
 Hardware stack levels required when called:   12
 This function calls:
		_SetToSendDataToLCD
		_setCursorPosition
		_setData
		_waitLCDBusy
 This function is called by:
		_lcdWriteText
		_lcdWriteRotText
 This function uses a non-reentrant model


 *************** function _setCursorPosition *****************
 Defined at:
		line 234 in file "LCD_hd44780u_qy_2004a.c"
 Parameters:    Size  Location     Type
  iLine           1    wreg     unsigned char 
  iPosition       1    5[BANK1 ] unsigned char 
 Auto vars:     Size  Location     Type
  iLine           1    8[BANK1 ] unsigned char 
  wLCDIndex       1    9[BANK1 ] unsigned char 
 Return value:  Size  Location     Type
                  1    wreg      void 
 Registers used:
		wreg, fsr0l, fsr0h, status,2, status,0, pclath, cstack
 Tracked objects:
		On entry : 
		On exit  : 
		Unchanged: 
 Data sizes:     COMMON   BANK0   BANK1   BANK2   BANK3   BANK4   BANK5   BANK6   BANK7   BANK8   BANK9  BANK10  BANK11  BANK12
      Params:         0       0       1       0       0       0       0       0       0       0       0       0       0       0
      Locals:         0       0       2       0       0       0       0       0       0       0       0       0       0       0
      Temps:          0       0       2       0       0       0       0       0       0       0       0       0       0       0
      Totals:         0       0       5       0       0       0       0       0       0       0       0       0       0       0
Total ram usage:        5 bytes
 Hardware stack levels used:    1
 Hardware stack levels required when called:   11
 This function calls:
		_SetToSendDataToLCD
		_setData
		_waitLCDBusy
 This function is called by:
		_writeTxtChk
 This function uses a non-reentrant model


 *************** function _waitLCDBusy *****************
 Defined at:
		line 142 in file "LCD_hd44780u_qy_2004a.c"
 Parameters:    Size  Location     Type
		None
 Auto vars:     Size  Location     Type
  busyFlag        2    3[BANK1 ] int 
 Return value:  Size  Location     Type
                  1    wreg      void 
 Registers used:
		wreg, status,2, status,0, pclath, cstack
 Tracked objects:
		On entry : 
		On exit  : 
		Unchanged: 
 Data sizes:     COMMON   BANK0   BANK1   BANK2   BANK3   BANK4   BANK5   BANK6   BANK7   BANK8   BANK9  BANK10  BANK11  BANK12
      Params:         0       0       0       0       0       0       0       0       0       0       0       0       0       0
      Locals:         0       0       2       0       0       0       0       0       0       0       0       0       0       0
      Temps:          0       0       3       0       0       0       0       0       0       0       0       0       0       0
      Totals:         0       0       5       0       0       0       0       0       0       0       0       0       0       0
Total ram usage:        5 bytes
 Hardware stack levels used:    1
 Hardware stack levels required when called:   10
 This function calls:
		_SetToReadDataFromLCD
 This function is called by:
		_writeTxtChk
		_writeInsChk
		_setCursorPosition
 This function uses a non-reentrant model


 *************** function _SetToReadDataFromLCD *****************
 Defined at:
		line 127 in file "LCD_hd44780u_qy_2004a.c"
 Parameters:    Size  Location     Type
		None
 Auto vars:     Size  Location     Type
		None
 Return value:  Size  Location     Type
                  1    wreg      void 
 Registers used:
		None
 Tracked objects:
		On entry : 
		On exit  : 
		Unchanged: 
 Data sizes:     COMMON   BANK0   BANK1   BANK2   BANK3   BANK4   BANK5   BANK6   BANK7   BANK8   BANK9  BANK10  BANK11  BANK12
      Params:         0       0       0       0       0       0       0       0       0       0       0       0       0       0
      Locals:         0       0       0       0       0       0       0       0       0       0       0       0       0       0
      Temps:          0       0       0       0       0       0       0       0       0       0       0       0       0       0
      Totals:         0       0       0       0       0       0       0       0       0       0       0       0       0       0
Total ram usage:        0 bytes
 Hardware stack levels used:    1
 Hardware stack levels required when called:    9
 This function calls:
		Nothing
 This function is called by:
		_waitLCDBusy
 This function uses a non-reentrant model


 *************** function _setData *****************
 Defined at:
		line 67 in file "LCD_hd44780u_qy_2004a.c"
 Parameters:    Size  Location     Type
  iValue          1    wreg     unsigned char 
 Auto vars:     Size  Location     Type
  iValue          1    2[BANK1 ] unsigned char 
 Return value:  Size  Location     Type
                  1    wreg      void 
 Registers used:
		wreg, status,2, status,0
 Tracked objects:
		On entry : 
		On exit  : 
		Unchanged: 
 Data sizes:     COMMON   BANK0   BANK1   BANK2   BANK3   BANK4   BANK5   BANK6   BANK7   BANK8   BANK9  BANK10  BANK11  BANK12
      Params:         0       0       0       0       0       0       0       0       0       0       0       0       0       0
      Locals:         0       0       1       0       0       0       0       0       0       0       0       0       0       0
      Temps:          0       0       2       0       0       0       0       0       0       0       0       0       0       0
[...]
      Locals:         0       5       0       0       0       0       0       0       0       0       0       0       0       0
      Temps:          0       5       0       0       0       0       0       0       0       0       0       0       0       0
      Totals:         0      12       0       0       0       0       0       0       0       0       0       0       0       0
Total ram usage:       12 bytes
 Hardware stack levels used:    1
 Hardware stack levels required when called:    5
 This function calls:
		_dtoa
		_fputc
 This function is called by:
		_vfprintf
 This function uses a non-reentrant model


 *************** function _dtoa *****************
 Defined at:
		line 274 in file "C:\Program Files (x86)\Microchip\xc8\v2.00\pic\sources\c99\common\doprnt.c"
 Parameters:    Size  Location     Type
  fp              1    wreg     PTR struct _IO_FILE
		 -> sprintf@f(5), 
  d               4   12[BANK0 ] long 
 Auto vars:     Size  Location     Type
  fp              1   20[BANK0 ] PTR struct _IO_FILE
		 -> sprintf@f(5), 
  n               4   27[BANK0 ] long 
  i               2   31[BANK0 ] int 
  s               2   25[BANK0 ] int 
  w               2   23[BANK0 ] int 
  p               2   21[BANK0 ] int 
 Return value:  Size  Location     Type
                  2   12[BANK0 ] int 
 Registers used:
		wreg, fsr0l, fsr0h, fsr1l, fsr1h, status,2, status,0, pclath, cstack
 Tracked objects:
		On entry : 
		On exit  : 
		Unchanged: 
 Data sizes:     COMMON   BANK0   BANK1   BANK2   BANK3   BANK4   BANK5   BANK6   BANK7   BANK8   BANK9  BANK10  BANK11  BANK12
      Params:         0       4       0       0       0       0       0       0       0       0       0       0       0       0
      Locals:         0      15       0       0       0       0       0       0       0       0       0       0       0       0
      Temps:          0       2       0       0       0       0       0       0       0       0       0       0       0       0
      Totals:         0      21       0       0       0       0       0       0       0       0       0       0       0       0
Total ram usage:       21 bytes
 Hardware stack levels used:    1
 Hardware stack levels required when called:    4
 This function calls:
		___aldiv
		___almod
		_abs
		_pad
 This function is called by:
		_vfpfcnvrt
 This function uses a non-reentrant model


 *************** function _pad *****************
 Defined at:
		line 72 in file "C:\Program Files (x86)\Microchip\xc8\v2.00\pic\sources\c99\common\doprnt.c"
 Parameters:    Size  Location     Type
  fp              1    wreg     PTR struct _IO_FILE
		 -> sprintf@f(5), 
  buf             1    4[BANK0 ] PTR unsigned char 
		 -> dbuf(32), 
  p               2    5[BANK0 ] int 
 Auto vars:     Size  Location     Type
  fp              1   11[BANK0 ] PTR struct _IO_FILE
		 -> sprintf@f(5), 
  w               2    9[BANK0 ] int 
  i               2    7[BANK0 ] int 
 Return value:  Size  Location     Type
                  2    4[BANK0 ] int 
 Registers used:
		wreg, fsr0l, fsr0h, fsr1l, fsr1h, status,2, status,0, pclath, cstack
 Tracked objects:
		On entry : 
		On exit  : 
		Unchanged: 
 Data sizes:     COMMON   BANK0   BANK1   BANK2   BANK3   BANK4   BANK5   BANK6   BANK7   BANK8   BANK9  BANK10  BANK11  BANK12
      Params:         0       3       0       0       0       0       0       0       0       0       0       0       0       0
      Locals:         0       5       0       0       0       0       0       0       0       0       0       0       0       0
      Temps:          1       0       0       0       0       0       0       0       0       0       0       0       0       0
      Totals:         1       8       0       0       0       0       0       0       0       0       0       0       0       0
Total ram usage:        9 bytes
 Hardware stack levels used:    1
 Hardware stack levels required when called:    3
 This function calls:
		_fputc
		_fputs
		i1_strlen
 This function is called by:
		_dtoa
 This function uses a non-reentrant model


 *************** function i1_strlen *****************
 Defined at:
		line 12 in file "C:\Program Files (x86)\Microchip\xc8\v2.00\pic\sources\c99\common\strlen.c"
 Parameters:    Size  Location     Type
  s               2    0[COMMON] PTR const unsigned char 
		 -> dbuf(32), STR_12(7), STR_11(4), STR_10(4), 
		 -> STR_9(2), STR_8(2), STR_7(5), STR_6(3), 
		 -> wHexTemp(20), STR_4(3), STR_3(4), STR_2(5), 
		 -> STR_1(4), wInterruptText(75), 
 Auto vars:     Size  Location     Type
  strlen          2    4[COMMON] PTR const unsigned char 
		 -> dbuf(32), STR_12(7), STR_11(4), STR_10(4), 
		 -> STR_9(2), STR_8(2), STR_7(5), STR_6(3), 
		 -> wHexTemp(20), STR_4(3), STR_3(4), STR_2(5), 
		 -> STR_1(4), wInterruptText(75), 
 Return value:  Size  Location     Type
                  2    0[COMMON] unsigned int 
 Registers used:
		wreg, fsr0l, fsr0h, status,2, status,0
 Tracked objects:
		On entry : 
		On exit  : 
		Unchanged: 
 Data sizes:     COMMON   BANK0   BANK1   BANK2   BANK3   BANK4   BANK5   BANK6   BANK7   BANK8   BANK9  BANK10  BANK11  BANK12
      Params:         2       0       0       0       0       0       0       0       0       0       0       0       0       0
      Locals:         2       0       0       0       0       0       0       0       0       0       0       0       0       0
      Temps:          2       0       0       0       0       0       0       0       0       0       0       0       0       0
      Totals:         6       0       0       0       0       0       0       0       0       0       0       0       0       0
Total ram usage:        6 bytes
 Hardware stack levels used:    1
 This function calls:
		Nothing
 This function is called by:
		_pad
		i1_Add_Trace
		i1_strcat
 This function uses a non-reentrant model


 *************** function _fputs *****************
 Defined at:
		line 8 in file "C:\Program Files (x86)\Microchip\xc8\v2.00\pic\sources\c99\common\nf_fputs.c"
 Parameters:    Size  Location     Type
  s               1    wreg     PTR const unsigned char 
		 -> dbuf(32), 
  fp              1    8[COMMON] PTR struct _IO_FILE
		 -> sprintf@f(5), 
 Auto vars:     Size  Location     Type
  s               1    3[BANK0 ] PTR const unsigned char 
		 -> dbuf(32), 
  i               2    1[BANK0 ] int 
  c               1    0[BANK0 ] unsigned char 
 Return value:  Size  Location     Type
                  2    8[COMMON] int 
 Registers used:
		wreg, fsr0l, fsr0h, fsr1l, fsr1h, status,2, status,0, pclath, cstack
 Tracked objects:
		On entry : 
		On exit  : 
		Unchanged: 
 Data sizes:     COMMON   BANK0   BANK1   BANK2   BANK3   BANK4   BANK5   BANK6   BANK7   BANK8   BANK9  BANK10  BANK11  BANK12
      Params:         1       0       0       0       0       0       0       0       0       0       0       0       0       0
      Locals:         0       4       0       0       0       0       0       0       0       0       0       0       0       0
      Temps:          3       0       0       0       0       0       0       0       0       0       0       0       0       0
      Totals:         4       4       0       0       0       0       0       0       0       0       0       0       0       0
Total ram usage:        8 bytes
 Hardware stack levels used:    1
 Hardware stack levels required when called:    2
 This function calls:
		_fputc
 This function is called by:
		_pad
 This function uses a non-reentrant model


 *************** function _fputc *****************
 Defined at:
		line 8 in file "C:\Program Files (x86)\Microchip\xc8\v2.00\pic\sources\c99\common\nf_fputc.c"
 Parameters:    Size  Location     Type
  c               2    0[COMMON] int 
  fp              1    2[COMMON] PTR struct _IO_FILE
		 -> sprintf@f(5), 
 Auto vars:     Size  Location     Type
		None
 Return value:  Size  Location     Type
                  2    0[COMMON] int 
 Registers used:
		wreg, fsr0l, fsr0h, fsr1l, fsr1h, status,2, status,0, pclath, cstack
 Tracked objects:
		On entry : 
		On exit  : 
		Unchanged: 
 Data sizes:     COMMON   BANK0   BANK1   BANK2   BANK3   BANK4   BANK5   BANK6   BANK7   BANK8   BANK9  BANK10  BANK11  BANK12
      Params:         3       0       0       0       0       0       0       0       0       0       0       0       0       0
      Locals:         0       0       0       0       0       0       0       0       0       0       0       0       0       0
      Temps:          5       0       0       0       0       0       0       0       0       0       0       0       0       0
      Totals:         8       0       0       0       0       0       0       0       0       0       0       0       0       0
Total ram usage:        8 bytes
 Hardware stack levels used:    1
 Hardware stack levels required when called:    1
 This function calls:
		_putch
 This function is called by:
		_pad
		_vfpfcnvrt
		_fputs
 This function uses a non-reentrant model


 *************** function _putch *****************
 Defined at:
		line 7 in file "C:\Program Files (x86)\Microchip\xc8\v2.00\pic\sources\c99\common\putch.c"
 Parameters:    Size  Location     Type
  c               1    wreg     unsigned char 
 Auto vars:     Size  Location     Type
  c               1    0[COMMON] unsigned char 
 Return value:  Size  Location     Type
                  1    wreg      void 
 Registers used:
		wreg
 Tracked objects:
		On entry : 
		On exit  : 
		Unchanged: 
 Data sizes:     COMMON   BANK0   BANK1   BANK2   BANK3   BANK4   BANK5   BANK6   BANK7   BANK8   BANK9  BANK10  BANK11  BANK12
      Params:         0       0       0       0       0       0       0       0       0       0       0       0       0       0
      Locals:         0       0       0       0       0       0       0       0       0       0       0       0       0       0
      Temps:          0       0       0       0       0       0       0       0       0       0       0       0       0       0
      Totals:         0       0       0       0       0       0       0       0       0       0       0       0       0       0
Total ram usage:        0 bytes
 Hardware stack levels used:    1
 This function calls:
		Nothing
 This function is called by:
		_fputc
 This function uses a non-reentrant model


 *************** function _abs *****************
 Defined at:
		line 1 in file "C:\Program Files (x86)\Microchip\xc8\v2.00\pic\sources\c99\common\abs.c"
 Parameters:    Size  Location     Type
  a               2   11[COMMON] int 
 Auto vars:     Size  Location     Type
		None
 Return value:  Size  Location     Type
                  2   11[COMMON] int 
 Registers used:
		wreg, status,2, status,0
 Tracked objects:
		On entry : 
		On exit  : 
		Unchanged: 
 Data sizes:     COMMON   BANK0   BANK1   BANK2   BANK3   BANK4   BANK5   BANK6   BANK7   BANK8   BANK9  BANK10  BANK11  BANK12
      Params:         2       0       0       0       0       0       0       0       0       0       0       0       0       0
      Locals:         0       0       0       0       0       0       0       0       0       0       0       0       0       0
      Temps:          0       2       0       0       0       0       0       0       0       0       0       0       0       0
      Totals:         2       2       0       0       0       0       0       0       0       0       0       0       0       0
Total ram usage:        4 bytes
 Hardware stack levels used:    1
 This function calls:
		Nothing
 This function is called by:
		_dtoa
 This function uses a non-reentrant model


 *************** function ___almod *****************
 Defined at:
		line 5 in file "C:\Program Files (x86)\Microchip\xc8\v2.00\pic\sources\c99\common\almod.c"
 Parameters:    Size  Location     Type
  divisor         4    0[COMMON] long 
  dividend        4    4[COMMON] long 
 Auto vars:     Size  Location     Type
  sign            1   10[COMMON] unsigned char 
  counter         1    9[COMMON] unsigned char 
 Return value:  Size  Location     Type
                  4    0[COMMON] long 
 Registers used:
		wreg, status,2, status,0
 Tracked objects:
		On entry : 
		On exit  : 
		Unchanged: 
 Data sizes:     COMMON   BANK0   BANK1   BANK2   BANK3   BANK4   BANK5   BANK6   BANK7   BANK8   BANK9  BANK10  BANK11  BANK12
      Params:         8       0       0       0       0       0       0       0       0       0       0       0       0       0
      Locals:         2       0       0       0       0       0       0       0       0       0       0       0       0       0
      Temps:          1       0       0       0       0       0       0       0       0       0       0       0       0       0
      Totals:        11       0       0       0       0       0       0       0       0       0       0       0       0       0
Total ram usage:       11 bytes
 Hardware stack levels used:    1
 This function calls:
		Nothing
 This function is called by:
		_dtoa
 This function uses a non-reentrant model


 *************** function ___aldiv *****************
 Defined at:
		line 5 in file "C:\Program Files (x86)\Microchip\xc8\v2.00\pic\sources\c99\common\aldiv.c"
 Parameters:    Size  Location     Type
  divisor         4    0[COMMON] long 
  dividend        4    4[COMMON] long 
 Auto vars:     Size  Location     Type
  quotient        4    2[BANK0 ] long 
  sign            1    1[BANK0 ] unsigned char 
  counter         1    0[BANK0 ] unsigned char 
 Return value:  Size  Location     Type
                  4    0[COMMON] long 
 Registers used:
		wreg, status,2, status,0
 Tracked objects:
		On entry : 
		On exit  : 
		Unchanged: 
 Data sizes:     COMMON   BANK0   BANK1   BANK2   BANK3   BANK4   BANK5   BANK6   BANK7   BANK8   BANK9  BANK10  BANK11  BANK12
      Params:         8       0       0       0       0       0       0       0       0       0       0       0       0       0
      Locals:         0       6       0       0       0       0       0       0       0       0       0       0       0       0
      Temps:          1       0       0       0       0       0       0       0       0       0       0       0       0       0
      Totals:         9       6       0       0       0       0       0       0       0       0       0       0       0       0
Total ram usage:       15 bytes
 Hardware stack levels used:    1
 This function calls:
		Nothing
 This function is called by:
		_dtoa
 This function uses a non-reentrant model


 *************** function _ToggleBitRB5 *****************
 Defined at:
		line 51 in file "161518_temp_main.c"
 Parameters:    Size  Location     Type
		None
 Auto vars:     Size  Location     Type
		None
 Return value:  Size  Location     Type
                  1    wreg      void 
 Registers used:
		None
 Tracked objects:
		On entry : 
		On exit  : 
		Unchanged: 
 Data sizes:     COMMON   BANK0   BANK1   BANK2   BANK3   BANK4   BANK5   BANK6   BANK7   BANK8   BANK9  BANK10  BANK11  BANK12
      Params:         0       0       0       0       0       0       0       0       0       0       0       0       0       0
      Locals:         0       0       0       0       0       0       0       0       0       0       0       0       0       0
      Temps:          0       0       0       0       0       0       0       0       0       0       0       0       0       0
      Totals:         0       0       0       0       0       0       0       0       0       0       0       0       0       0
Total ram usage:        0 bytes
 Hardware stack levels used:    1
 This function calls:
		Nothing
 This function is called by:
		_myint
 This function uses a non-reentrant model



MODULE INFORMATION

Module		Function		Class		Link	Load	Size
C:\Program Files (x86)\Microchip\xc8\v2.00\pic\sources\c99\common\strcat.c
		_strcat        		CODE           	0C74	0000	26

C:\Program Files (x86)\Microchip\xc8\v2.00\pic\sources\c99\common\strcat.c estimated size: 26

161518_temp_main.c
		_GetTemp       		CODE           	0D98	0000	41
		_main          		CODE           	0197	0000	328
		_ToggleBitRB5  		CODE           	0C25	0000	11
		_SetToGetTemp  		CODE           	0CC3	0000	32
		_WakeTemp      		CODE           	07EB	0000	18
		_myint         		CODE           	0004	0000	341
		_Add_Trace     		CODE           	0ED4	0000	59
		_PrintLog      		CODE           	0E3F	0000	44

161518_temp_main.c estimated size: 874

C:\Program Files (x86)\Microchip\xc8\v2.00\pic\sources\c99\common\putch.c
		_putch         		CODE           	0003	0000	2

C:\Program Files (x86)\Microchip\xc8\v2.00\pic\sources\c99\common\putch.c estimated size: 2

C:\Program Files (x86)\Microchip\xc8\v2.00\pic\sources\c99\common\strlen.c
		_strlen        		CODE           	0D29	0000	37

C:\Program Files (x86)\Microchip\xc8\v2.00\pic\sources\c99\common\strlen.c estimated size: 37

C:\Program Files (x86)\Microchip\xc8\v2.00\pic\sources\c99\common\almod.c
		___almod       		CODE           	0648	0000	133

C:\Program Files (x86)\Microchip\xc8\v2.00\pic\sources\c99\common\almod.c estimated size: 133

C:\Program Files (x86)\Microchip\xc8\v2.00\pic\sources\c99\common\strcpy.c
		_strcpy        		CODE           	0D4D	0000	38

C:\Program Files (x86)\Microchip\xc8\v2.00\pic\sources\c99\common\strcpy.c estimated size: 38

C:\Program Files (x86)\Microchip\xc8\v2.00\pic\sources\c99\common\nf_fputc.c
		_fputc         		CODE           	0FAB	0000	86

C:\Program Files (x86)\Microchip\xc8\v2.00\pic\sources\c99\common\nf_fputc.c estimated size: 86

C:\Program Files (x86)\Microchip\xc8\v2.00\pic\sources\c99\common\memset.c
		_memset        		CODE           	04DE	0000	210

C:\Program Files (x86)\Microchip\xc8\v2.00\pic\sources\c99\common\memset.c estimated size: 210

C:\Program Files (x86)\Microchip\xc8\v2.00\pic\sources\c99\common\abs.c
		_abs           		CODE           	0CA6	0000	30

C:\Program Files (x86)\Microchip\xc8\v2.00\pic\sources\c99\common\abs.c estimated size: 30

C:\Program Files (x86)\Microchip\xc8\v2.00\pic\sources\c99\common\nf_sprintf.c
		_sprintf       		CODE           	0DC0	0000	42

C:\Program Files (x86)\Microchip\xc8\v2.00\pic\sources\c99\common\nf_sprintf.c estimated size: 42

C:\Program Files (x86)\Microchip\xc8\v2.00\pic\sources\c99\common\doprnt.c
		_vfpfcnvrt     		CODE           	0409	0000	214
		_pad           		CODE           	078E	0000	94
		_dtoa          		CODE           	02DE	0000	300
		_vfprintf      		CODE           	0E14	0000	44

C:\Program Files (x86)\Microchip\xc8\v2.00\pic\sources\c99\common\doprnt.c estimated size: 652

shared
		i1_strcat      		CODE           	0C5B	0000	26
		i1_strcpy      		CODE           	0D05	0000	37
		__initialization		CODE           	015A	0000	58
		i1_Add_Trace   		CODE           	0E9A	0000	59
		i1_strlen      		CODE           	0CE2	0000	36

shared estimated size: 216

C:\Program Files (x86)\Microchip\xc8\v2.00\pic\sources\c99\common\aldiv.c
		___aldiv       		CODE           	05AF	0000	154

C:\Program Files (x86)\Microchip\xc8\v2.00\pic\sources\c99\common\aldiv.c estimated size: 154

C:\Program Files (x86)\Microchip\xc8\v2.00\pic\sources\c99\common\nf_fputs.c
		_fputs         		CODE           	0DE9	0000	44

C:\Program Files (x86)\Microchip\xc8\v2.00\pic\sources\c99\common\nf_fputs.c estimated size: 44

LCD_hd44780u_qy_2004a.c
		_setCursorPosition		CODE           	072D	0000	98
		_writeTxtChk   		CODE           	06CC	0000	98
		_clearDisplay  		CODE           	0C06	0000	6
		_writeInsChk   		CODE           	0C2F	0000	12
		_writeInsNoChk 		CODE           	0C8D	0000	26
		_SetToSendDataToLCD		CODE           	0C0B	0000	7
		_setData       		CODE           	0F0E	0000	78
		_moveCursorToHome		CODE           	0C1D	0000	9
		_lcdWriteText  		CODE           	0D72	0000	39
		_setCursorOff  		CODE           	0C45	0000	12
		_SetToReadDataFromLCD		CODE           	0C11	0000	7
		_waitLCDBusy   		CODE           	0E6A	0000	49
		_powerOnLcd    		CODE           	0C3A	0000	12
		_setNotBlinkingCursor		CODE           	0C50	0000	12
		_initLCD       		CODE           	0F5B	0000	81

LCD_hd44780u_qy_2004a.c estimated size: 546

