Microchip MPLAB XC8 Compiler V2.00 ()

Linker command line:

-W-3 --edf=C:\Program Files (x86)\Microchip\xc8\v2.00\pic\dat\en_msgs.txt \
  -cs -h+dist/default/production\16F1518_Temp.X.production.sym \
  --cmf=dist/default/production\16F1518_Temp.X.production.cmf -z -Q16F1518 \
  -oC:\Users\dell\AppData\Local\Temp\salk.2 --defsym=__MPLAB_BUILD=1 \
  -Mdist/default/production/16F1518_Temp.X.production.map -E1 -ver=XC8 \
  --acfsm=1493 -ASTACK=0220Eh-022efh -pstack=STACK -ACODE=00h-07FFhx8 \
  -ASTRCODE=00h-03FFFh -ASTRING=00h-0FFhx64 -ACONST=00h-0FFhx64 \
  -AENTRY=00h-0FFhx64 -ACOMMON=070h-07Fh -ABANK0=020h-06Fh \
  -ABANK1=0A0h-0EFh -ABANK2=0120h-016Fh -ABANK3=01A0h-01EFh \
  -ABANK4=0220h-026Fh -ABANK5=02A0h-02EFh -ABANK6=0320h-036Fh \
  -ABANK7=03A0h-03EFh -ABANK8=0420h-046Fh -ABANK9=04A0h-04EFh \
  -ABANK10=0520h-056Fh -ABANK11=05A0h-05EFh -ABANK12=0620h-064Fh \
  -ABIGRAM=02000h-023EFh \
  -ARAM=020h-06Fh,0A0h-0EFh,0120h-016Fh,01A0h-01EFh,0220h-026Fh,02A0h-02EFh,0320h-036Fh,03A0h-03EFh,0420h-046Fh,04A0h-04EFh,0520h-056Fh,05A0h-05EFh,0620h-064Fh \
  -AABS1=020h-07Fh,0A0h-0EFh,0120h-016Fh,01A0h-01EFh,0220h-026Fh,02A0h-02EFh,0320h-036Fh,03A0h-03EFh,0420h-046Fh,04A0h-04EFh,0520h-056Fh,05A0h-05EFh,0620h-064Fh \
  -ASFR0=00h-01Fh -ASFR1=080h-09Fh -ASFR2=0100h-011Fh -ASFR3=0180h-019Fh \
  -ASFR4=0200h-021Fh -ASFR5=0280h-029Fh -ASFR6=0300h-031Fh \
  -ASFR7=0380h-039Fh -ASFR8=0400h-041Fh -ASFR9=0480h-049Fh \
  -ASFR10=0500h-051Fh -ASFR11=0580h-059Fh -ASFR12=0600h-061Fh \
  -ASFR13=0680h-06EFh -ASFR14=0700h-076Fh -ASFR15=0780h-07EFh \
  -ASFR16=0800h-086Fh -ASFR17=0880h-08EFh -ASFR18=0900h-096Fh \
  -ASFR19=0980h-09EFh -ASFR20=0A00h-0A6Fh -ASFR21=0A80h-0AEFh \
  -ASFR22=0B00h-0B6Fh -ASFR23=0B80h-0BEFh -ASFR24=0C00h-0C6Fh \
  -ASFR25=0C80h-0CEFh -ASFR26=0D00h-0D6Fh -ASFR27=0D80h-0DEFh \
  -ASFR28=0E00h-0E6Fh -ASFR29=0E80h-0EEFh -ASFR30=0F00h-0F6Fh \
  -ASFR31=0F80h-0FEFh -preset_vec=00h,intentry=04h,init,end_init \
  -ppowerup=CODE -pcinit=CODE -pfunctab=ENTRY -ACONFIG=08007h-08008h \
  -pconfig=CONFIG -DCONFIG=2 -AIDLOC=08000h-08003h -pidloc=IDLOC -DIDLOC=2 \
  -DCODE=2 -DSTRCODE=2 -DSTRING=2 -DCONST=2 -DENTRY=2 -k \
  C:\Users\dell\AppData\Local\Temp\salk.o \
  dist/default/production\16F1518_Temp.X.production.o 

Object code version is 3.11

Machine type is 16F1518



                Name                               Link     Load   Length Selector   Space Scale
C:\Users\dell\AppData\Local\Temp\salk.o
                end_init                            1E5      1E5        2        8       0
                reset_vec                             0        0        2        0       0
                config                             8007     8007        2    1000E       0
dist/default/production\16F1518_Temp.X.production.o
                cinit                               1E7      1E7       62        8       0
                intentry                              4        4      1E1        8       0
                text35                              B83      B83       24     1706       0
                text34                              B60      B60       23     16C0       0
                text33                              B2E      B2E       19     165C       0
                text32                              D24      D24       3A     1A48       0
                text30                              BCB      BCB       25     1796       0
                text29                              BA7      BA7       24     174E       0
                text28                              B47      B47       19     168E       0
                text27                              D9A      D9A       43     1B34       0
                text26                              7A8      7A8       4C        8       0
                text25                              621      621       D1        8       0
                text24                              C6E      C6E       2C     18DC       0
                text23                              AC6      AC6        6     158C       0
                text22                              D5E      D5E       3C     1ABC       0
                text21                              ACC      ACC        6     1598       0
                text20                              C9A      C9A       2D     1934       0
                text19                              E3B      E3B       60     1C76       0
                text18                              F69      F69       97     1ED2       0
                text17                              C19      C19       2A     1832       0
                text16                              CC7      CC7       2E     198E       0
                text15                              CF5      CF5       2F     19EA       0
                text14                              C43      C43       2B     1886       0
                text13                              BF0      BF0       29     17E0       0
                text12                              AE0      AE0        A     15C0       0
                text11                              B16      B16       18     162C       0
                text10                              AEA      AEA        B     15D4       0
                text9                               AC1      AC1        5     1582       0
                text8                               E9B      E9B       64     1D36       0
                text7                               AD8      AD8        8     15B0       0
                text6                               AF5      AF5        B     15EA       0
                text5                               EFF      EFF       6A     1DFE       0
                text4                               DDD      DDD       5E     1BBA       0
                text3                               6F2      6F2       B6        8       0
                text2                               B00      B00        B     1600       0
                text1                               B0B      B0B        B     1616       0
                swtext1                             800      800        E     1000       0
                maintext                            249      249      3D8        8       0
                cstackBANK0                          20       20       2B       20       1
                cstackCOMMON                         70       70        E       70       1
                cstackBANK1                          BB       BB        8       A0       1
                cstackBANK6                         320      320       2E      320       1
                clrtext                             7F4      7F4        C        8       0
                bssBANK5                            2A0      2A0       32      2A0       1
                bssBANK4                            220      220       4B      220       1
                bssBANK3                            1A0      1A0       32      1A0       1
                bssBANK2                            120      120       32      120       1
                dataBANK1                            C3       C3        6       A0       1
                bssBANK1                             A0       A0       1B       A0       1
                bssBANK0                             4B       4B       11       20       1
                stringtext11                       1090     1090        4     2000       0
                stringtext10                       1089     1089        7     2000       0
                stringtext9                        1080     1080        9     2000       0
                stringtext8                        1074     1074        C     2000       0
                stringtext7                        1064     1064       10     2000       0
                stringtext6                        1054     1054       10     2000       0
                stringtext5                        1044     1044       10     2000       0
                stringtext4                        1033     1033       11     2000       0
                stringtext3                        1022     1022       11     2000       0
                stringtext2                        1011     1011       11     2000       0
                stringtext1                        1000     1000       11     2000       0
                idataBANK1                          AD2      AD2        6     15A4       0

TOTAL           Name                               Link     Load   Length     Space
        CLASS   STACK          

        CLASS   CODE           
                end_init                            1E5      1E5        2         0
                cinit                               1E7      1E7       62         0
                intentry                              4        4      1E1         0
                reset_vec                             0        0        2         0
                text35                              B83      B83       24         0
                text34                              B60      B60       23         0
                text33                              B2E      B2E       19         0
                text32                              D24      D24       3A         0
                text30                              BCB      BCB       25         0
                text29                              BA7      BA7       24         0
                text28                              B47      B47       19         0
                text27                              D9A      D9A       43         0
                text26                              7A8      7A8       4C         0
                text25                              621      621       D1         0
                text24                              C6E      C6E       2C         0
                text23                              AC6      AC6        6         0
                text22                              D5E      D5E       3C         0
                text21                              ACC      ACC        6         0
                text20                              C9A      C9A       2D         0
                text19                              E3B      E3B       60         0
                text18                              F69      F69       97         0
                text17                              C19      C19       2A         0
                text16                              CC7      CC7       2E         0
                text15                              CF5      CF5       2F         0
                text14                              C43      C43       2B         0
                text13                              BF0      BF0       29         0
                text12                              AE0      AE0        A         0
                text11                              B16      B16       18         0
                text10                              AEA      AEA        B         0
                text9                               AC1      AC1        5         0
                text8                               E9B      E9B       64         0
                text7                               AD8      AD8        8         0
                text6                               AF5      AF5        B         0
                text5                               EFF      EFF       6A         0
                text4                               DDD      DDD       5E         0
                text3                               6F2      6F2       B6         0
                text2                               B00      B00        B         0
                text1                               B0B      B0B        B         0
                maintext                            249      249      3D8         0
                clrtext                             7F4      7F4        C         0
                idataBANK1                          AD2      AD2        6         0

        CLASS   STRCODE        
                stringtext11                       1090     1090        4         0
                stringtext10                       1089     1089        7         0
                stringtext9                        1080     1080        9         0
                stringtext8                        1074     1074        C         0
                stringtext7                        1064     1064       10         0
                stringtext6                        1054     1054       10         0
                stringtext5                        1044     1044       10         0
                stringtext4                        1033     1033       11         0
                stringtext3                        1022     1022       11         0
                stringtext2                        1011     1011       11         0
                stringtext1                        1000     1000       11         0

        CLASS   STRING         

        CLASS   CONST          
                swtext1                             800      800        E         0

        CLASS   ENTRY          

        CLASS   COMMON         
                cstackCOMMON                         70       70        E         1

        CLASS   BANK0          
                cstackBANK0                          20       20       2B         1
                bssBANK0                             4B       4B       11         1

        CLASS   BANK1          
                cstackBANK1                          BB       BB        8         1
                dataBANK1                            C3       C3        6         1
                bssBANK1                             A0       A0       1B         1

        CLASS   BANK2          
                bssBANK2                            120      120       32         1

        CLASS   BANK3          
                bssBANK3                            1A0      1A0       32         1

        CLASS   BANK4          
                bssBANK4                            220      220       4B         1

        CLASS   BANK5          
                bssBANK5                            2A0      2A0       32         1

        CLASS   BANK6          
                cstackBANK6                         320      320       2E         1

        CLASS   BANK7          

        CLASS   BANK8          

        CLASS   BANK9          

        CLASS   BANK10         

        CLASS   BANK11         

        CLASS   BANK12         

        CLASS   BIGRAM         

        CLASS   RAM            

        CLASS   ABS1           
                abs_s1                               7E       7E        2         1
                abs_s1                              4C0      4C0       30         1
                abs_s1                              520      520       50         1
                abs_s1                              5A0      5A0       50         1
                abs_s1                              620      620       30         1
                abs_s1                             22F0     22F0        0         1

        CLASS   SFR0           

        CLASS   SFR1           

        CLASS   SFR2           

        CLASS   SFR3           

        CLASS   SFR4           

        CLASS   SFR5           

        CLASS   SFR6           

        CLASS   SFR7           

        CLASS   SFR8           

        CLASS   SFR9           

        CLASS   SFR10          

        CLASS   SFR11          

        CLASS   SFR12          

        CLASS   SFR13          

        CLASS   SFR14          

        CLASS   SFR15          

        CLASS   SFR16          

        CLASS   SFR17          

        CLASS   SFR18          

        CLASS   SFR19          

        CLASS   SFR20          

        CLASS   SFR21          

        CLASS   SFR22          

        CLASS   SFR23          

        CLASS   SFR24          

        CLASS   SFR25          

        CLASS   SFR26          

        CLASS   SFR27          

        CLASS   SFR28          

        CLASS   SFR29          

        CLASS   SFR30          

        CLASS   SFR31          

        CLASS   CONFIG         
                config                             8007     8007        2         0

        CLASS   IDLOC          

        CLASS   BANK31         

        CLASS   BANK30         

        CLASS   BANK29         

        CLASS   BANK28         

        CLASS   BANK27         

        CLASS   BANK26         

        CLASS   BANK25         

        CLASS   BANK24         

        CLASS   BANK23         

        CLASS   BANK22         

        CLASS   BANK21         

        CLASS   BANK20         

        CLASS   BANK19         

        CLASS   BANK18         

        CLASS   BANK17         

        CLASS   BANK16         

        CLASS   BANK15         

        CLASS   BANK14         

        CLASS   BANK13         

        CLASS   EEDATA         



SEGMENTS        Name                           Load    Length   Top    Selector   Space  Class     Delta

                reset_vec                      000000  000002  000002         0       0  CODE        2
                intentry                       000004  0007FC  000800         8       0  CODE        2
                cstackBANK0                    000020  00003C  00005C        20       1  BANK0       1
                cstackCOMMON                   000070  00000E  00007E        70       1  COMMON      1
                bssBANK1                       0000A0  000029  0000C9        A0       1  BANK1       1
                bssBANK2                       000120  000032  000152       120       1  BANK2       1
                bssBANK3                       0001A0  000032  0001D2       1A0       1  BANK3       1
                bssBANK4                       000220  00004B  00026B       220       1  BANK4       1
                bssBANK5                       0002A0  000032  0002D2       2A0       1  BANK5       1
                cstackBANK6                    000320  00002E  00034E       320       1  BANK6       1
                swtext1                        000800  00000E  00080E      1000       0  CONST       2
                text9                          000AC1  000005  000AC6      1582       0  CODE        2
                text23                         000AC6  000006  000ACC      158C       0  CODE        2
                text21                         000ACC  000006  000AD2      1598       0  CODE        2
                idataBANK1                     000AD2  000006  000AD8      15A4       0  CODE        2
                text7                          000AD8  000008  000AE0      15B0       0  CODE        2
                text12                         000AE0  00000A  000AEA      15C0       0  CODE        2
                text10                         000AEA  00000B  000AF5      15D4       0  CODE        2
                text6                          000AF5  00000B  000B00      15EA       0  CODE        2
                text2                          000B00  00000B  000B0B      1600       0  CODE        2
                text1                          000B0B  00000B  000B16      1616       0  CODE        2
                text11                         000B16  000018  000B2E      162C       0  CODE        2
                text33                         000B2E  000019  000B47      165C       0  CODE        2
                text28                         000B47  000019  000B60      168E       0  CODE        2
                text34                         000B60  000023  000B83      16C0       0  CODE        2
                text35                         000B83  000024  000BA7      1706       0  CODE        2
                text29                         000BA7  000024  000BCB      174E       0  CODE        2
                text30                         000BCB  000025  000BF0      1796       0  CODE        2
                text13                         000BF0  000029  000C19      17E0       0  CODE        2
                text17                         000C19  00002A  000C43      1832       0  CODE        2
                text14                         000C43  00002B  000C6E      1886       0  CODE        2
                text24                         000C6E  00002C  000C9A      18DC       0  CODE        2
                text20                         000C9A  00002D  000CC7      1934       0  CODE        2
                text16                         000CC7  00002E  000CF5      198E       0  CODE        2
                text15                         000CF5  00002F  000D24      19EA       0  CODE        2
                text32                         000D24  00003A  000D5E      1A48       0  CODE        2
                text22                         000D5E  00003C  000D9A      1ABC       0  CODE        2
                text27                         000D9A  000043  000DDD      1B34       0  CODE        2
                text4                          000DDD  00005E  000E3B      1BBA       0  CODE        2
                text19                         000E3B  000060  000E9B      1C76       0  CODE        2
                text8                          000E9B  000064  000EFF      1D36       0  CODE        2
                text5                          000EFF  00006A  000F69      1DFE       0  CODE        2
                text18                         000F69  000097  001000      1ED2       0  CODE        2
                stringtext1                    001000  000094  001094      2000       0  STRCODE     2
                config                         008007  000002  008009     1000E       0  CONFIG      2


UNUSED ADDRESS RANGES

        Name                Unused          Largest block    Delta
        BANK0            0005C-0006F              14           1
        BANK1            000C9-000EF              27           1
        BANK2            00152-0016F              1E           1
        BANK3            001D2-001EF              1E           1
        BANK4            0026B-0026F               5           1
        BANK5            002D2-002EF              1E           1
        BANK6            0034E-0036F              22           1
        BANK7            003A0-003EF              50           1
        BANK8            00420-0046F              50           1
        BANK9            004A0-004BF              20           1
        BIGRAM           02000-023EF             3F0           1
        CODE             00002-00003               2           2
                         0080E-00AC0             2B3
                         01094-03FFF             800
        CONST            00002-00003               2           2
                         0080E-00AC0             100
                         01094-03FFF             100
        ENTRY            00002-00003               2           2
                         0080E-00AC0             100
                         01094-03FFF             100
        IDLOC            08000-08003               4           2
        RAM              0005C-0006F              14           1
                         000C9-000EF              27
                         00152-0016F              1E
                         001D2-001EF              1E
                         0026B-0026F               5
                         002D2-002EF              1E
                         0034E-0036F              22
                         003A0-003EF              50
                         00420-0046F              50
                         004A0-004BF              20
        SFR0             00000-0001F              20           1
        SFR1             00080-0009F              20           1
        SFR10            00500-0051F              20           1
        SFR11            00580-0059F              20           1
        SFR12            00600-0061F              20           1
        SFR13            00680-006EF              70           1
        SFR14            00700-0076F              70           1
        SFR15            00780-007EF              70           1
        SFR16            00800-0086F              70           1
        SFR17            00880-008EF              70           1
        SFR18            00900-0096F              70           1
        SFR19            00980-009EF              70           1
        SFR2             00100-0011F              20           1
        SFR20            00A00-00A6F              70           1
        SFR21            00A80-00AEF              70           1
        SFR22            00B00-00B6F              70           1
        SFR23            00B80-00BEF              70           1
        SFR24            00C00-00C6F              70           1
        SFR25            00C80-00CEF              70           1
        SFR26            00D00-00D6F              70           1
        SFR27            00D80-00DEF              70           1
        SFR28            00E00-00E6F              70           1
        SFR29            00E80-00EEF              70           1
        SFR3             00180-0019F              20           1
        SFR30            00F00-00F6F              70           1
        SFR31            00F80-00FEF              70           1
        SFR4             00200-0021F              20           1
        SFR5             00280-0029F              20           1
        SFR6             00300-0031F              20           1
        SFR7             00380-0039F              20           1
        SFR8             00400-0041F              20           1
        SFR9             00480-0049F              20           1
        STACK            0220E-022EF              E2           1
        STRCODE          00002-00003               2           2
                         0080E-00AC0             2B3
                         01094-03FFF            2F6C
        STRING           00002-00003               2           2
                         0080E-00AC0             100
                         01094-03FFF             100

                                  Symbol Table

?___awdiv                      cstackBANK0  00034
?___awmod                      cstackBANK0  00034
?_strlen                       cstackBANK0  00034
?i1_strlen                     cstackCOMMON 00070
Add_Trace@iSizeOfoText         cstackBANK0  00047
Add_Trace@iText                cstackBANK0  00048
Add_Trace@oText                cstackBANK0  0004A
Debounce@iSwitch               cstackBANK0  00038
Debounce@ioTimer               cstackBANK0  00034
Debounce@swPressed             cstackBANK0  00035
PrintLog@iText                 cstackBANK0  0004A
PrintLog@wInterruptTextLen     cstackBANK0  00049
Send_UART_Data@iData           cstackBANK0  00042
Send_UART_Data@iData_Length    cstackBANK0  0003E
_ANSELAbits                    (abs)        0018C
_ANSELB                        (abs)        0018D
_ANSELCbits                    (abs)        0018E
_Add_Trace                     text27       00D9A
_Debounce                      text26       007A8
_GetTemp                       text24       00C6E
_INTCONbits                    (abs)        0000B
_OPTION_REGbits                (abs)        00095
_OSCCONbits                    (abs)        00099
_PIE1bits                      (abs)        00091
_PIE2bits                      (abs)        00092
_PIR1bits                      (abs)        00011
_PIR2bits                      (abs)        00012
_PORTA                         (abs)        0000C
_PORTAbits                     (abs)        0000C
_PORTB                         (abs)        0000D
_PORTBbits                     (abs)        0000D
_PORTCbits                     (abs)        0000E
_PrintLog                      text16       00CC7
_RCSTAbits                     (abs)        0019D
_SPBRGH                        (abs)        0019C
_SPBRGL                        (abs)        0019B
_SSPADD                        (abs)        00212
_SSPBUF                        (abs)        00211
_SSPCON1bits                   (abs)        00215
_SSPCON2bits                   (abs)        00216
_SSPCON3bits                   (abs)        00217
_SSPSTATbits                   (abs)        00214
_Send_UART_Data                text14       00C43
_SetToGetTemp                  text13       00BF0
_SetToReadDataFromLCD          text21       00ACC
_SetToSendDataToLCD            text23       00AC6
_T1CONbits                     (abs)        00018
_TMR0                          (abs)        00015
_TMR1H                         (abs)        00017
_TMR1L                         (abs)        00016
_TRISAbits                     (abs)        0008C
_TRISB                         (abs)        0008D
_TRISCbits                     (abs)        0008E
_TXREG                         (abs)        0019A
_TXSTAbits                     (abs)        0019E
_ToggleBitRB5                  text12       00AE0
_WPUB                          (abs)        0020D
__CFG_BOREN$ON                 (abs)        00000
__CFG_BORV$LO                  (abs)        00000
__CFG_CLKOUTEN$ON              (abs)        00000
__CFG_CP$OFF                   (abs)        00000
__CFG_FCMEN$OFF                (abs)        00000
__CFG_FOSC$                    (abs)        00002
__CFG_IESO$OFF                 (abs)        00000
__CFG_LPBOR$OFF                (abs)        00000
__CFG_LVP$OFF                  (abs)        00000
__CFG_MCLRE$OFF                (abs)        00000
__CFG_PWRTE$ON                 (abs)        00000
__CFG_STVREN$OFF               (abs)        00000
__CFG_VCAPEN$OFF               (abs)        00000
__CFG_WDTE$OFF                 (abs)        00000
__CFG_WRT$OFF                  (abs)        00000
__Habs1                        abs1         00000
__Hbank0                       bank0        00000
__Hbank1                       bank1        00000
__Hbank10                      bank10       00000
__Hbank11                      bank11       00000
__Hbank12                      bank12       00000
__Hbank13                      bank13       00000
__Hbank14                      bank14       00000
__Hbank15                      bank15       00000
__Hbank16                      bank16       00000
__Hbank17                      bank17       00000
__Hbank18                      bank18       00000
__Hbank19                      bank19       00000
__Hbank2                       bank2        00000
__Hbank20                      bank20       00000
__Hbank21                      bank21       00000
__Hbank22                      bank22       00000
__Hbank23                      bank23       00000
__Hbank24                      bank24       00000
__Hbank25                      bank25       00000
__Hbank26                      bank26       00000
__Hbank27                      bank27       00000
__Hbank28                      bank28       00000
__Hbank29                      bank29       00000
__Hbank3                       bank3        00000
__Hbank30                      bank30       00000
__Hbank31                      bank31       00000
__Hbank4                       bank4        00000
__Hbank5                       bank5        00000
__Hbank6                       bank6        00000
__Hbank7                       bank7        00000
__Hbank8                       bank8        00000
__Hbank9                       bank9        00000
__Hbigram                      bigram       00000
__HbssBANK0                    bssBANK0     00000
__HbssBANK1                    bssBANK1     00000
__HbssBANK2                    bssBANK2     00000
__HbssBANK3                    bssBANK3     00000
__HbssBANK4                    bssBANK4     00000
__HbssBANK5                    bssBANK5     00000
__Hcinit                       cinit        00249
__Hclrtext                     clrtext      00000
__Hcode                        code         00000
__Hcommon                      common       00000
__Hconfig                      config       08009
__HcstackBANK0                 cstackBANK0  00000
__HcstackBANK1                 cstackBANK1  00000
__HcstackBANK6                 cstackBANK6  00000
__HcstackCOMMON                cstackCOMMON 00000
__HdataBANK1                   dataBANK1    00000
__Heeprom_data                 eeprom_data  00000
__Hend_init                    end_init     001E7
__Hfunctab                     functab      00000
__HidataBANK1                  idataBANK1   00000
__Hidloc                       idloc        00000
__Hinit                        init         001E5
__Hintentry                    intentry     001E5
__Hmaintext                    maintext     00000
__Hpowerup                     powerup      00000
__Hram                         ram          00000
__Hreset_vec                   reset_vec    00002
__Hsfr0                        sfr0         00000
__Hsfr1                        sfr1         00000
__Hsfr10                       sfr10        00000
__Hsfr11                       sfr11        00000
__Hsfr12                       sfr12        00000
__Hsfr13                       sfr13        00000
__Hsfr14                       sfr14        00000
__Hsfr15                       sfr15        00000
__Hsfr16                       sfr16        00000
__Hsfr17                       sfr17        00000
__Hsfr18                       sfr18        00000
__Hsfr19                       sfr19        00000
__Hsfr2                        sfr2         00000
__Hsfr20                       sfr20        00000
__Hsfr21                       sfr21        00000
__Hsfr22                       sfr22        00000
__Hsfr23                       sfr23        00000
__Hsfr24                       sfr24        00000
__Hsfr25                       sfr25        00000
__Hsfr26                       sfr26        00000
__Hsfr27                       sfr27        00000
__Hsfr28                       sfr28        00000
__Hsfr29                       sfr29        00000
__Hsfr3                        sfr3         00000
__Hsfr30                       sfr30        00000
__Hsfr31                       sfr31        00000
__Hsfr4                        sfr4         00000
__Hsfr5                        sfr5         00000
__Hsfr6                        sfr6         00000
__Hsfr7                        sfr7         00000
__Hsfr8                        sfr8         00000
__Hsfr9                        sfr9         00000
__Hspace_0                     (abs)        08009
__Hspace_1                     (abs)        0034E
__Hspace_2                     (abs)        00000
__Hspace_3                     (abs)        00000
__Hstack                       stack        00000
__Hstrings                     strings      00000
__Hstringtext1                 stringtext1  00000
__Hstringtext10                stringtext10 00000
__Hstringtext11                stringtext11 00000
__Hstringtext12                stringtext12 00000
__Hstringtext2                 stringtext2  00000
__Hstringtext3                 stringtext3  00000
__Hstringtext4                 stringtext4  00000
__Hstringtext5                 stringtext5  00000
__Hstringtext6                 stringtext6  00000
__Hstringtext7                 stringtext7  00000
__Hstringtext8                 stringtext8  00000
__Hstringtext9                 stringtext9  00000
__Htext                        text         00000
__Labs1                        abs1         00000
__Lbank0                       bank0        00000
__Lbank1                       bank1        00000
__Lbank10                      bank10       00000
__Lbank11                      bank11       00000
__Lbank12                      bank12       00000
__Lbank13                      bank13       00000
__Lbank14                      bank14       00000
__Lbank15                      bank15       00000
__Lbank16                      bank16       00000
__Lbank17                      bank17       00000
__Lbank18                      bank18       00000
__Lbank19                      bank19       00000
__Lbank2                       bank2        00000
__Lbank20                      bank20       00000
__Lbank21                      bank21       00000
__Lbank22                      bank22       00000
__Lbank23                      bank23       00000
__Lbank24                      bank24       00000
__Lbank25                      bank25       00000
__Lbank26                      bank26       00000
__Lbank27                      bank27       00000
__Lbank28                      bank28       00000
__Lbank29                      bank29       00000
__Lbank3                       bank3        00000
__Lbank30                      bank30       00000
__Lbank31                      bank31       00000
__Lbank4                       bank4        00000
__Lbank5                       bank5        00000
__Lbank6                       bank6        00000
__Lbank7                       bank7        00000
__Lbank8                       bank8        00000
__Lbank9                       bank9        00000
__Lbigram                      bigram       00000
__LbssBANK0                    bssBANK0     00000
__LbssBANK1                    bssBANK1     00000
__LbssBANK2                    bssBANK2     00000
__LbssBANK3                    bssBANK3     00000
__LbssBANK4                    bssBANK4     00000
__LbssBANK5                    bssBANK5     00000
__Lcinit                       cinit        001E7
__Lclrtext                     clrtext      00000
__Lcode                        code         00000
__Lcommon                      common       00000
__Lconfig                      config       08007
__LcstackBANK0                 cstackBANK0  00000
__LcstackBANK1                 cstackBANK1  00000
__LcstackBANK6                 cstackBANK6  00000
__LcstackCOMMON                cstackCOMMON 00000
__LdataBANK1                   dataBANK1    00000
__Leeprom_data                 eeprom_data  00000
__Lend_init                    end_init     001E5
__Lfunctab                     functab      00000
__LidataBANK1                  idataBANK1   00000
__Lidloc                       idloc        00000
__Linit                        init         001E5
__Lintentry                    intentry     00004
__Lmaintext                    maintext     00000
__Lpowerup                     powerup      00000
__Lram                         ram          00000
__Lreset_vec                   reset_vec    00000
__Lsfr0                        sfr0         00000
__Lsfr1                        sfr1         00000
__Lsfr10                       sfr10        00000
__Lsfr11                       sfr11        00000
__Lsfr12                       sfr12        00000
__Lsfr13                       sfr13        00000
__Lsfr14                       sfr14        00000
__Lsfr15                       sfr15        00000
__Lsfr16                       sfr16        00000
__Lsfr17                       sfr17        00000
__Lsfr18                       sfr18        00000
__Lsfr19                       sfr19        00000
__Lsfr2                        sfr2         00000
__Lsfr20                       sfr20        00000
__Lsfr21                       sfr21        00000
__Lsfr22                       sfr22        00000
__Lsfr23                       sfr23        00000
__Lsfr24                       sfr24        00000
__Lsfr25                       sfr25        00000
__Lsfr26                       sfr26        00000
__Lsfr27                       sfr27        00000
__Lsfr28                       sfr28        00000
__Lsfr29                       sfr29        00000
__Lsfr3                        sfr3         00000
__Lsfr30                       sfr30        00000
__Lsfr31                       sfr31        00000
__Lsfr4                        sfr4         00000
__Lsfr5                        sfr5         00000
__Lsfr6                        sfr6         00000
__Lsfr7                        sfr7         00000
__Lsfr8                        sfr8         00000
__Lsfr9                        sfr9         00000
__Lspace_0                     (abs)        00000
__Lspace_1                     (abs)        00000
__Lspace_2                     (abs)        00000
__Lspace_3                     (abs)        00000
__Lstack                       stack        00000
__Lstrings                     strings      00000
__Lstringtext1                 stringtext1  00000
__Lstringtext10                stringtext10 00000
__Lstringtext11                stringtext11 00000
__Lstringtext12                stringtext12 00000
__Lstringtext2                 stringtext2  00000
__Lstringtext3                 stringtext3  00000
__Lstringtext4                 stringtext4  00000
__Lstringtext5                 stringtext5  00000
__Lstringtext6                 stringtext6  00000
__Lstringtext7                 stringtext7  00000
__Lstringtext8                 stringtext8  00000
__Lstringtext9                 stringtext9  00000
__Ltext                        text         00000
__S0                           (abs)        08009
__S1                           (abs)        0034E
__S2                           (abs)        00000
___awdiv                       text5        00EFF
___awdiv@counter               cstackBANK0  00039
___awdiv@dividend              cstackBANK0  00036
___awdiv@divisor               cstackBANK0  00034
___awdiv@quotient              cstackBANK0  0003B
___awdiv@sign                  cstackBANK0  0003A
___awmod                       text4        00DDD
___awmod@counter               cstackBANK0  00039
___awmod@dividend              cstackBANK0  00036
___awmod@divisor               cstackBANK0  00034
___awmod@sign                  cstackBANK0  0003A
___int_sp                      stack        00000
___latbits                     (abs)        00003
___sp                          stack        00000
__end_of_Add_Trace             text27       00DDD
__end_of_Debounce              text26       007F4
__end_of_GetTemp               text24       00C9A
__end_of_PrintLog              text16       00CF5
__end_of_Send_UART_Data        text14       00C6E
__end_of_SetToGetTemp          text13       00C19
__end_of_SetToReadDataFromLCD  text21       00AD2
__end_of_SetToSendDataToLCD    text23       00ACC
__end_of_ToggleBitRB5          text12       00AEA
__end_of___awdiv               text5        00F69
__end_of___awmod               text4        00E3B
__end_of__initialization       cinit        00245
__end_of_clearDisplay          text9        00AC6
__end_of_initLCD               text8        00EFF
__end_of_lcdWriteText          text17       00C43
__end_of_main                  maintext     00621
__end_of_memcpy                text15       00D24
__end_of_memset                text25       006F2
__end_of_moveCursorToHome      text7        00AE0
__end_of_myint                 intentry     001E5
__end_of_powerOnLcd            text6        00B00
__end_of_printEM1812           text3        007A8
__end_of_setCursorOff          text2        00B0B
__end_of_setCursorPosition     text19       00E9B
__end_of_setData               text22       00D9A
__end_of_setNotBlinkingCursor  text1        00B16
__end_of_strcat                text28       00B60
__end_of_strcpy                text30       00BF0
__end_of_strlen                text29       00BCB
__end_of_waitLCDBusy           text20       00CC7
__end_of_writeInsChk           text10       00AF5
__end_of_writeInsNoChk         text11       00B2E
__end_of_writeTxtChk           text18       01000
__end_ofi1_Add_Trace           text32       00D5E
__end_ofi1_strcat              text33       00B47
__end_ofi1_strcpy              text35       00BA7
__end_ofi1_strlen              text34       00B83
__initialization               cinit        001E7
__pbssBANK0                    bssBANK0     0004B
__pbssBANK1                    bssBANK1     000A0
__pbssBANK2                    bssBANK2     00120
__pbssBANK3                    bssBANK3     001A0
__pbssBANK4                    bssBANK4     00220
__pbssBANK5                    bssBANK5     002A0
__pbssBIGRAM                   (abs)        022F0
__pcstackBANK0                 cstackBANK0  00020
__pcstackBANK1                 cstackBANK1  000BB
__pcstackBANK6                 cstackBANK6  00320
__pcstackCOMMON                cstackCOMMON 00070
__pdataBANK1                   dataBANK1    000C3
__pidataBANK1                  idataBANK1   00AD2
__pintentry                    intentry     00004
__pmaintext                    maintext     00249
__pstringtext1                 stringtext1  01000
__pstringtext10                stringtext10 01089
__pstringtext11                stringtext11 01090
__pstringtext12                stringtext12 00000
__pstringtext2                 stringtext2  01011
__pstringtext3                 stringtext3  01022
__pstringtext4                 stringtext4  01033
__pstringtext5                 stringtext5  01044
__pstringtext6                 stringtext6  01054
__pstringtext7                 stringtext7  01064
__pstringtext8                 stringtext8  01074
__pstringtext9                 stringtext9  01080
__pswtext1                     swtext1      00800
__ptext1                       text1        00B0B
__ptext10                      text10       00AEA
__ptext11                      text11       00B16
__ptext12                      text12       00AE0
__ptext13                      text13       00BF0
__ptext14                      text14       00C43
__ptext15                      text15       00CF5
__ptext16                      text16       00CC7
__ptext17                      text17       00C19
__ptext18                      text18       00F69
__ptext19                      text19       00E3B
__ptext2                       text2        00B00
__ptext20                      text20       00C9A
__ptext21                      text21       00ACC
__ptext22                      text22       00D5E
__ptext23                      text23       00AC6
__ptext24                      text24       00C6E
__ptext25                      text25       00621
__ptext26                      text26       007A8
__ptext27                      text27       00D9A
__ptext28                      text28       00B47
__ptext29                      text29       00BA7
__ptext3                       text3        006F2
__ptext30                      text30       00BCB
__ptext32                      text32       00D24
__ptext33                      text33       00B2E
__ptext34                      text34       00B60
__ptext35                      text35       00B83
__ptext4                       text4        00DDD
__ptext5                       text5        00EFF
__ptext6                       text6        00AF5
__ptext7                       text7        00AD8
__ptext8                       text8        00E9B
__ptext9                       text9        00AC1
__size_of_Add_Trace            (abs)        00000
__size_of_Debounce             (abs)        00000
__size_of_GetTemp              (abs)        00000
__size_of_PrintLog             (abs)        00000
__size_of_Send_UART_Data       (abs)        00000
__size_of_SetToGetTemp         (abs)        00000
__size_of_SetToReadDataFromLCD (abs)        00000
__size_of_SetToSendDataToLCD   (abs)        00000
__size_of_ToggleBitRB5         (abs)        00000
__size_of___awdiv              (abs)        00000
__size_of___awmod              (abs)        00000
__size_of_clearDisplay         (abs)        00000
__size_of_initLCD              (abs)        00000
__size_of_lcdWriteText         (abs)        00000
__size_of_main                 (abs)        00000
__size_of_memcpy               (abs)        00000
__size_of_memset               (abs)        00000
__size_of_moveCursorToHome     (abs)        00000
__size_of_myint                (abs)        00000
__size_of_powerOnLcd           (abs)        00000
__size_of_printEM1812          (abs)        00000
__size_of_setCursorOff         (abs)        00000
__size_of_setCursorPosition    (abs)        00000
__size_of_setData              (abs)        00000
__size_of_setNotBlinkingCursor (abs)        00000
__size_of_strcat               (abs)        00000
__size_of_strcpy               (abs)        00000
__size_of_strlen               (abs)        00000
__size_of_waitLCDBusy          (abs)        00000
__size_of_writeInsChk          (abs)        00000
__size_of_writeInsNoChk        (abs)        00000
__size_of_writeTxtChk          (abs)        00000
__size_ofi1_Add_Trace          (abs)        00000
__size_ofi1_strcat             (abs)        00000
__size_ofi1_strcpy             (abs)        00000
__size_ofi1_strlen             (abs)        00000
_clearDisplay                  text9        00AC1
_gTxBuffer                     (abs)        022F0
_gTxReadingPosition            bssBANK0     00050
_gTxTransmitSize               bssBANK0     00051
_gUartTXBuffer                 bssBANK3     001A0
_initLCD                       text8        00E9B
_lcdWriteText                  text17       00C19
_mCursorDisplayShiftReg        bssBANK0     0005A
_mDisplayOnOffReg              bssBANK0     0005B
_mWritingPosition              bssBANK0     00059
_main                          maintext     00249
_memcpy                        text15       00CF5
_memset                        text25       00621
_moveCursorToHome              text7        00AD8
_myint                         intentry     00004
_powerOnLcd                    text6        00AF5
_printEM1812                   text3        006F2
_setCursorOff                  text2        00B00
_setCursorPosition             text19       00E3B
_setData                       text22       00D5E
_setNotBlinkingCursor          text1        00B0B
_strcat                        text28       00B47
_strcpy                        text30       00BCB
_strlen                        text29       00BA7
_wHumidity                     bssBANK1     000A2
_wI2CCommandState              bssBANK1     000A6
_wI2CRxBufferSize              bssBANK0     00054
_wI2CTxBuffer                  bssBANK1     000A7
_wI2CTxBufferSize              bssBANK0     00055
_wI2CTxSendPos                 bssBANK0     00053
_wInterruptText                bssBANK4     00220
_wReceptionBuffer              bssBANK2     00134
_wReceptionBufferPosition      bssBANK0     00058
_wReceptionCounter             bssBANK0     00057
_wTempSet                      dataBANK1    000C7
_wTempState                    bssBANK1     000A4
_wTempUpdate                   bssBANK0     0004F
_wTemperature                  bssBANK1     000A0
_wTimer0Counter                bssBANK1     000A5
_wTimer1IntCounter             bssBANK0     0004E
_wTrial                        bssBANK0     00052
_waitLCDBusy                   text20       00C9A
_writeInsChk                   text10       00AEA
_writeInsNoChk                 text11       00B16
_writeTxtChk                   text18       00F69
btemp                          (abs)        0007E
clear_ram0                     clrtext      007F4
end_of_initialization          cinit        00245
i1Add_Trace@iSizeOfoText       cstackBANK0  00025
i1Add_Trace@iText              cstackBANK0  00026
i1Add_Trace@oText              cstackBANK0  0002E
i1_Add_Trace                   text32       00D24
i1_strcat                      text33       00B2E
i1_strcpy                      text35       00B83
i1_strlen                      text34       00B60
i1strcat@dest                  cstackBANK0  00024
i1strcat@src                   cstackBANK0  00020
i1strcpy@d                     cstackCOMMON 0007D
i1strcpy@dest                  cstackCOMMON 0007C
i1strcpy@s                     cstackCOMMON 0007A
i1strcpy@src                   cstackCOMMON 00076
i1strlen@a                     cstackCOMMON 00074
i1strlen@s                     cstackCOMMON 00070
int$flags                      (abs)        0007E
intlevel0                      functab      00000
intlevel1                      functab      00000
intlevel2                      functab      00000
intlevel3                      functab      00000
intlevel4                      functab      00000
intlevel5                      functab      00000
lcdWriteText@iText             cstackBANK0  00041
lcdWriteText@wCharReadingPos   cstackBANK0  00046
main@F2273                     dataBANK1    000C3
main@wConv                     cstackBANK6  00322
main@wCounter                  cstackBANK6  00348
main@wDebounceDown             cstackBANK6  00346
main@wDebounceEnter            cstackBANK6  00342
main@wDebounceUp               cstackBANK6  00344
main@wDownBottonPressed        cstackBANK6  0034B
main@wEditingMode              cstackBANK6  0033C
main@wEnterBottonPressed       cstackBANK6  0034C
main@wHumidityPrev             cstackBANK6  0033D
main@wIterationCounter         cstackBANK6  0033A
main@wMenu                     cstackBANK6  0034D
main@wReadout                  cstackBANK6  00326
main@wTemp                     cstackBANK6  00320
main@wTemperaturePrev          cstackBANK6  0033F
main@wUpBottonPressed          cstackBANK6  0034A
main@wUpdateMenu               cstackBANK6  00341
memcpy@d                       cstackBANK0  0003B
memcpy@d1                      cstackBANK0  00034
memcpy@n                       cstackBANK0  00037
memcpy@s                       cstackBANK0  0003D
memcpy@s1                      cstackBANK0  00036
memcpy@tmp                     cstackBANK0  0003A
memset@c                       cstackBANK0  00036
memset@dest                    cstackBANK0  00034
memset@k                       cstackBANK0  0003E
memset@n                       cstackBANK0  00038
memset@s                       cstackBANK0  00040
printEM1812@oTextOut           cstackBANK0  0003F
printEM1812@wDecimal           cstackBANK0  00043
printEM1812@wIsNegative        cstackBANK0  00044
printEM1812@wTen               cstackBANK0  00045
printEM1812@wUnity             cstackBANK0  00042
printEM1812@wVariable          cstackBANK0  0003D
printEM1812@wWritingPosition   cstackBANK0  00046
reset_vec                      reset_vec    00000
setCursorPosition@iLine        cstackBANK0  0003C
setCursorPosition@iPosition    cstackBANK0  00039
setCursorPosition@wLCDIndex    cstackBANK0  0003D
setData@iValue                 cstackBANK0  00036
stackhi                        (abs)        022EF
stacklo                        (abs)        0220E
start                          init         001E5
start_initialization           cinit        001E7
strcat@dest                    cstackBANK0  00046
strcat@src                     cstackBANK0  00042
strcpy@d                       cstackBANK0  00040
strcpy@dest                    cstackBANK0  00041
strcpy@s                       cstackBANK0  0003E
strcpy@src                     cstackBANK0  0003A
strlen@a                       cstackBANK0  00038
strlen@s                       cstackBANK0  00034
waitLCDBusy@busyFlag           cstackBANK0  00037
writeInsChk@iOpCode            cstackBANK0  00039
writeInsNoChk@iOpCode          cstackBANK0  00038
writeTxtChk@iOpCode            cstackBANK0  00040
wtemp0                         (abs)        0007E


FUNCTION INFORMATION:

 *************** function _main *****************
 Defined at:
		line 249 in file "161518_temp_main.c"
 Parameters:    Size  Location     Type
		None
 Auto vars:     Size  Location     Type
  wReadout       20    6[BANK6 ] unsigned char [20]
  wConv           4    2[BANK6 ] unsigned char [4]
  wCounter        2   40[BANK6 ] int 
  wDebounceDow    2   38[BANK6 ] unsigned short 
  wDebounceUp     2   36[BANK6 ] unsigned short 
  wDebounceEnt    2   34[BANK6 ] unsigned short 
  wTemperature    2   31[BANK6 ] short 
  wHumidityPre    2   29[BANK6 ] short 
  wIterationCo    2   26[BANK6 ] unsigned short 
  wTemp           2    0[BANK6 ] int 
  wMenu           1   45[BANK6 ] unsigned char 
  wEnterBotton    1   44[BANK6 ] unsigned char 
  wDownBottonP    1   43[BANK6 ] unsigned char 
  wUpBottonPre    1   42[BANK6 ] unsigned char 
  wUpdateMenu     1   33[BANK6 ] unsigned char 
  wEditingMode    1   28[BANK6 ] unsigned char 
 Return value:  Size  Location     Type
                  1    wreg      void 
 Registers used:
		wreg, fsr0l, fsr0h, fsr1l, fsr1h, status,2, status,0, pclath, cstack
 Tracked objects:
		On entry : 
		On exit  : 
		Unchanged: 
 Data sizes:     COMMON   BANK0   BANK1   BANK2   BANK3   BANK4   BANK5   BANK6   BANK7   BANK8   BANK9  BANK10  BANK11  BANK12
      Params:         0       0       0       0       0       0       0       0       0       0       0       0       0       0
      Locals:         0       0       0       0       0       0       0      46       0       0       0       0       0       0
      Temps:          0       0       2       0       0       0       0       0       0       0       0       0       0       0
      Totals:         0       0       2       0       0       0       0      46       0       0       0       0       0       0
Total ram usage:       48 bytes
 Hardware stack levels required when called:   10
 This function calls:
		_Add_Trace
		_Debounce
		_GetTemp
		_PrintLog
		_Send_UART_Data
		_SetToGetTemp
		_ToggleBitRB5
		_clearDisplay
		_initLCD
		_lcdWriteText
		_memset
		_moveCursorToHome
		_powerOnLcd
		_printEM1812
		_setCursorOff
		_setCursorPosition
		_setNotBlinkingCursor
 This function is called by:
		Startup code after reset
 This function uses a non-reentrant model


 *************** function _setNotBlinkingCursor *****************
 Defined at:
		line 220 in file "LCD_hd44780u_qy_2004a.c"
 Parameters:    Size  Location     Type
		None
 Auto vars:     Size  Location     Type
		None
 Return value:  Size  Location     Type
                  1    wreg      void 
 Registers used:
		wreg, status,2, status,0, pclath, cstack
 Tracked objects:
		On entry : 
		On exit  : 
		Unchanged: 
 Data sizes:     COMMON   BANK0   BANK1   BANK2   BANK3   BANK4   BANK5   BANK6   BANK7   BANK8   BANK9  BANK10  BANK11  BANK12
      Params:         0       0       0       0       0       0       0       0       0       0       0       0       0       0
      Locals:         0       0       0       0       0       0       0       0       0       0       0       0       0       0
      Temps:          0       1       0       0       0       0       0       0       0       0       0       0       0       0
      Totals:         0       1       0       0       0       0       0       0       0       0       0       0       0       0
Total ram usage:        1 bytes
 Hardware stack levels used:    1
 Hardware stack levels required when called:    7
 This function calls:
		_writeInsChk
 This function is called by:
		_main
 This function uses a non-reentrant model


 *************** function _setCursorOff *****************
 Defined at:
		line 225 in file "LCD_hd44780u_qy_2004a.c"
 Parameters:    Size  Location     Type
		None
 Auto vars:     Size  Location     Type
		None
 Return value:  Size  Location     Type
                  1    wreg      void 
 Registers used:
		wreg, status,2, status,0, pclath, cstack
 Tracked objects:
		On entry : 
		On exit  : 
		Unchanged: 
 Data sizes:     COMMON   BANK0   BANK1   BANK2   BANK3   BANK4   BANK5   BANK6   BANK7   BANK8   BANK9  BANK10  BANK11  BANK12
      Params:         0       0       0       0       0       0       0       0       0       0       0       0       0       0
      Locals:         0       0       0       0       0       0       0       0       0       0       0       0       0       0
      Temps:          0       1       0       0       0       0       0       0       0       0       0       0       0       0
      Totals:         0       1       0       0       0       0       0       0       0       0       0       0       0       0
Total ram usage:        1 bytes
 Hardware stack levels used:    1
 Hardware stack levels required when called:    7
 This function calls:
		_writeInsChk
 This function is called by:
		_main
 This function uses a non-reentrant model


 *************** function _printEM1812 *****************
 Defined at:
		line 134 in file "161518_temp_main.c"
 Parameters:    Size  Location     Type
  wVariable       2   29[BANK0 ] short 
  oTextOut        1   31[BANK0 ] PTR unsigned char 
		 -> main@wReadout(20), 
 Auto vars:     Size  Location     Type
  wWritingPosi    1   38[BANK0 ] unsigned char 
  wTen            1   37[BANK0 ] unsigned char 
  wIsNegative     1   36[BANK0 ] unsigned char 
  wDecimal        1   35[BANK0 ] unsigned char 
  wUnity          1   34[BANK0 ] unsigned char 
 Return value:  Size  Location     Type
                  1    wreg      void 
 Registers used:
		wreg, fsr1l, fsr1h, status,2, status,0, pclath, cstack
 Tracked objects:
		On entry : 
		On exit  : 
		Unchanged: 
 Data sizes:     COMMON   BANK0   BANK1   BANK2   BANK3   BANK4   BANK5   BANK6   BANK7   BANK8   BANK9  BANK10  BANK11  BANK12
      Params:         0       3       0       0       0       0       0       0       0       0       0       0       0       0
      Locals:         0       5       0       0       0       0       0       0       0       0       0       0       0       0
      Temps:          0       2       0       0       0       0       0       0       0       0       0       0       0       0
      Totals:         0      10       0       0       0       0       0       0       0       0       0       0       0       0
Total ram usage:       10 bytes
 Hardware stack levels used:    1
 Hardware stack levels required when called:    5
 This function calls:
		___awdiv
		___awmod
 This function is called by:
		_main
 This function uses a non-reentrant model


 *************** function ___awmod *****************
 Defined at:
		line 5 in file "C:\Program Files (x86)\Microchip\xc8\v2.00\pic\sources\c99\common\awmod.c"
 Parameters:    Size  Location     Type
  divisor         2   20[BANK0 ] int 
  dividend        2   22[BANK0 ] int 
 Auto vars:     Size  Location     Type
  sign            1   26[BANK0 ] unsigned char 
  counter         1   25[BANK0 ] unsigned char 
 Return value:  Size  Location     Type
                  2   20[BANK0 ] int 
 Registers used:
		wreg, status,2, status,0
 Tracked objects:
		On entry : 
		On exit  : 
		Unchanged: 
 Data sizes:     COMMON   BANK0   BANK1   BANK2   BANK3   BANK4   BANK5   BANK6   BANK7   BANK8   BANK9  BANK10  BANK11  BANK12
      Params:         0       4       0       0       0       0       0       0       0       0       0       0       0       0
      Locals:         0       2       0       0       0       0       0       0       0       0       0       0       0       0
      Temps:          0       1       0       0       0       0       0       0       0       0       0       0       0       0
      Totals:         0       7       0       0       0       0       0       0       0       0       0       0       0       0
Total ram usage:        7 bytes
 Hardware stack levels used:    1
 Hardware stack levels required when called:    4
 This function calls:
		Nothing
 This function is called by:
		_printEM1812
 This function uses a non-reentrant model


 *************** function ___awdiv *****************
 Defined at:
		line 5 in file "C:\Program Files (x86)\Microchip\xc8\v2.00\pic\sources\c99\common\awdiv.c"
 Parameters:    Size  Location     Type
  divisor         2   20[BANK0 ] int 
  dividend        2   22[BANK0 ] int 
 Auto vars:     Size  Location     Type
  quotient        2   27[BANK0 ] int 
  sign            1   26[BANK0 ] unsigned char 
  counter         1   25[BANK0 ] unsigned char 
 Return value:  Size  Location     Type
                  2   20[BANK0 ] int 
 Registers used:
		wreg, status,2, status,0
 Tracked objects:
		On entry : 
		On exit  : 
		Unchanged: 
 Data sizes:     COMMON   BANK0   BANK1   BANK2   BANK3   BANK4   BANK5   BANK6   BANK7   BANK8   BANK9  BANK10  BANK11  BANK12
      Params:         0       4       0       0       0       0       0       0       0       0       0       0       0       0
      Locals:         0       4       0       0       0       0       0       0       0       0       0       0       0       0
      Temps:          0       1       0       0       0       0       0       0       0       0       0       0       0       0
      Totals:         0       9       0       0       0       0       0       0       0       0       0       0       0       0
Total ram usage:        9 bytes
 Hardware stack levels used:    1
 Hardware stack levels required when called:    4
 This function calls:
		Nothing
 This function is called by:
		_printEM1812
 This function uses a non-reentrant model


 *************** function _powerOnLcd *****************
 Defined at:
		line 210 in file "LCD_hd44780u_qy_2004a.c"
 Parameters:    Size  Location     Type
		None
 Auto vars:     Size  Location     Type
		None
 Return value:  Size  Location     Type
                  1    wreg      void 
 Registers used:
		wreg, status,2, status,0, pclath, cstack
 Tracked objects:
		On entry : 
		On exit  : 
		Unchanged: 
 Data sizes:     COMMON   BANK0   BANK1   BANK2   BANK3   BANK4   BANK5   BANK6   BANK7   BANK8   BANK9  BANK10  BANK11  BANK12
      Params:         0       0       0       0       0       0       0       0       0       0       0       0       0       0
      Locals:         0       0       0       0       0       0       0       0       0       0       0       0       0       0
      Temps:          0       1       0       0       0       0       0       0       0       0       0       0       0       0
      Totals:         0       1       0       0       0       0       0       0       0       0       0       0       0       0
Total ram usage:        1 bytes
 Hardware stack levels used:    1
 Hardware stack levels required when called:    7
 This function calls:
		_writeInsChk
 This function is called by:
		_main
 This function uses a non-reentrant model


 *************** function _moveCursorToHome *****************
 Defined at:
		line 271 in file "LCD_hd44780u_qy_2004a.c"
 Parameters:    Size  Location     Type
		None
 Auto vars:     Size  Location     Type
		None
 Return value:  Size  Location     Type
                  1    wreg      void 
 Registers used:
		wreg, status,2, status,0, pclath, cstack
 Tracked objects:
		On entry : 
		On exit  : 
		Unchanged: 
 Data sizes:     COMMON   BANK0   BANK1   BANK2   BANK3   BANK4   BANK5   BANK6   BANK7   BANK8   BANK9  BANK10  BANK11  BANK12
      Params:         0       0       0       0       0       0       0       0       0       0       0       0       0       0
      Locals:         0       0       0       0       0       0       0       0       0       0       0       0       0       0
      Temps:          0       0       0       0       0       0       0       0       0       0       0       0       0       0
      Totals:         0       0       0       0       0       0       0       0       0       0       0       0       0       0
Total ram usage:        0 bytes
 Hardware stack levels used:    1
 Hardware stack levels required when called:    7
 This function calls:
		_writeInsChk
 This function is called by:
		_main
 This function uses a non-reentrant model


 *************** function _initLCD *****************
 Defined at:
		line 10 in file "LCD_hd44780u_qy_2004a.c"
 Parameters:    Size  Location     Type
		None
 Auto vars:     Size  Location     Type
		None
 Return value:  Size  Location     Type
                  1    wreg      void 
 Registers used:
		wreg, status,2, status,0, pclath, cstack
 Tracked objects:
		On entry : 
		On exit  : 
		Unchanged: 
 Data sizes:     COMMON   BANK0   BANK1   BANK2   BANK3   BANK4   BANK5   BANK6   BANK7   BANK8   BANK9  BANK10  BANK11  BANK12
      Params:         0       0       0       0       0       0       0       0       0       0       0       0       0       0
      Locals:         0       0       0       0       0       0       0       0       0       0       0       0       0       0
      Temps:          0       1       0       0       0       0       0       0       0       0       0       0       0       0
      Totals:         0       1       0       0       0       0       0       0       0       0       0       0       0       0
Total ram usage:        1 bytes
 Hardware stack levels used:    1
 Hardware stack levels required when called:    8
 This function calls:
		_clearDisplay
		_setData
		_writeInsChk
 This function is called by:
		_main
 This function uses a non-reentrant model


 *************** function _clearDisplay *****************
 Defined at:
		line 267 in file "LCD_hd44780u_qy_2004a.c"
 Parameters:    Size  Location     Type
		None
 Auto vars:     Size  Location     Type
		None
 Return value:  Size  Location     Type
                  1    wreg      void 
 Registers used:
		wreg, status,2, status,0, pclath, cstack
 Tracked objects:
		On entry : 
		On exit  : 
		Unchanged: 
 Data sizes:     COMMON   BANK0   BANK1   BANK2   BANK3   BANK4   BANK5   BANK6   BANK7   BANK8   BANK9  BANK10  BANK11  BANK12
      Params:         0       0       0       0       0       0       0       0       0       0       0       0       0       0
      Locals:         0       0       0       0       0       0       0       0       0       0       0       0       0       0
      Temps:          0       0       0       0       0       0       0       0       0       0       0       0       0       0
      Totals:         0       0       0       0       0       0       0       0       0       0       0       0       0       0
Total ram usage:        0 bytes
 Hardware stack levels used:    1
 Hardware stack levels required when called:    7
 This function calls:
		_writeInsChk
 This function is called by:
		_main
		_initLCD
 This function uses a non-reentrant model


 *************** function _writeInsChk *****************
 Defined at:
		line 154 in file "LCD_hd44780u_qy_2004a.c"
 Parameters:    Size  Location     Type
  iOpCode         1    wreg     unsigned char 
 Auto vars:     Size  Location     Type
  iOpCode         1   25[BANK0 ] unsigned char 
 Return value:  Size  Location     Type
                  1    wreg      void 
 Registers used:
		wreg, status,2, status,0, pclath, cstack
 Tracked objects:
		On entry : 
		On exit  : 
		Unchanged: 
 Data sizes:     COMMON   BANK0   BANK1   BANK2   BANK3   BANK4   BANK5   BANK6   BANK7   BANK8   BANK9  BANK10  BANK11  BANK12
      Params:         0       0       0       0       0       0       0       0       0       0       0       0       0       0
      Locals:         0       1       0       0       0       0       0       0       0       0       0       0       0       0
      Temps:          0       0       0       0       0       0       0       0       0       0       0       0       0       0
      Totals:         0       1       0       0       0       0       0       0       0       0       0       0       0       0
Total ram usage:        1 bytes
 Hardware stack levels used:    1
 Hardware stack levels required when called:    6
 This function calls:
		_waitLCDBusy
		_writeInsNoChk
 This function is called by:
		_initLCD
		_powerOnLcd
		_setNotBlinkingCursor
		_setCursorOff
		_clearDisplay
		_moveCursorToHome
		_powerOffLcd
		_setBlinkingCursor
		_setCursorOn
		_setCursorMovingLeft
		_setCursorMovingRight
		_setDisplayMovingRight
		_setDisplayMovingLeft
		_moveCursorRight
		_moveCursorLeft
 This function uses a non-reentrant model


 *************** function _writeInsNoChk *****************
 Defined at:
		line 160 in file "LCD_hd44780u_qy_2004a.c"
 Parameters:    Size  Location     Type
  iOpCode         1    wreg     unsigned char 
 Auto vars:     Size  Location     Type
  iOpCode         1   24[BANK0 ] unsigned char 
 Return value:  Size  Location     Type
                  1    wreg      void 
 Registers used:
		wreg, status,2, status,0, pclath, cstack
 Tracked objects:
		On entry : 
		On exit  : 
		Unchanged: 
 Data sizes:     COMMON   BANK0   BANK1   BANK2   BANK3   BANK4   BANK5   BANK6   BANK7   BANK8   BANK9  BANK10  BANK11  BANK12
      Params:         0       0       0       0       0       0       0       0       0       0       0       0       0       0
      Locals:         0       1       0       0       0       0       0       0       0       0       0       0       0       0
      Temps:          0       1       0       0       0       0       0       0       0       0       0       0       0       0
      Totals:         0       2       0       0       0       0       0       0       0       0       0       0       0       0
Total ram usage:        2 bytes
 Hardware stack levels used:    1
 Hardware stack levels required when called:    5
 This function calls:
		_SetToSendDataToLCD
		_setData
 This function is called by:
		_writeInsChk
 This function uses a non-reentrant model


 *************** function _ToggleBitRB5 *****************
 Defined at:
		line 59 in file "161518_temp_main.c"
 Parameters:    Size  Location     Type
		None
 Auto vars:     Size  Location     Type
		None
 Return value:  Size  Location     Type
                  1    wreg      void 
 Registers used:
		None
 Tracked objects:
		On entry : 
		On exit  : 
		Unchanged: 
 Data sizes:     COMMON   BANK0   BANK1   BANK2   BANK3   BANK4   BANK5   BANK6   BANK7   BANK8   BANK9  BANK10  BANK11  BANK12
      Params:         0       0       0       0       0       0       0       0       0       0       0       0       0       0
      Locals:         0       0       0       0       0       0       0       0       0       0       0       0       0       0
      Temps:          0       0       0       0       0       0       0       0       0       0       0       0       0       0
      Totals:         0       0       0       0       0       0       0       0       0       0       0       0       0       0
Total ram usage:        0 bytes
 Hardware stack levels used:    1
 Hardware stack levels required when called:    4
 This function calls:
		Nothing
 This function is called by:
		_main
 This function uses a non-reentrant model


 *************** function _SetToGetTemp *****************
 Defined at:
		line 72 in file "161518_temp_main.c"
 Parameters:    Size  Location     Type
		None
 Auto vars:     Size  Location     Type
		None
 Return value:  Size  Location     Type
                  1    wreg      void 
 Registers used:
		wreg, status,2, status,0
 Tracked objects:
		On entry : 
		On exit  : 
		Unchanged: 
 Data sizes:     COMMON   BANK0   BANK1   BANK2   BANK3   BANK4   BANK5   BANK6   BANK7   BANK8   BANK9  BANK10  BANK11  BANK12
      Params:         0       0       0       0       0       0       0       0       0       0       0       0       0       0
      Locals:         0       0       0       0       0       0       0       0       0       0       0       0       0       0
      Temps:          0       1       0       0       0       0       0       0       0       0       0       0       0       0
      Totals:         0       1       0       0       0       0       0       0       0       0       0       0       0       0
Total ram usage:        1 bytes
 Hardware stack levels used:    1
 Hardware stack levels required when called:    4
 This function calls:
		Nothing
 This function is called by:
		_main
 This function uses a non-reentrant model


 *************** function _Send_UART_Data *****************
 Defined at:
		line 195 in file "161518_temp_main.c"
 Parameters:    Size  Location     Type
  iData           1    wreg     PTR unsigned char 
		 -> gUartTXBuffer(50), 
  iData_Length    1   30[BANK0 ] unsigned char 
 Auto vars:     Size  Location     Type
  iData           1   34[BANK0 ] PTR unsigned char 
		 -> gUartTXBuffer(50), 
 Return value:  Size  Location     Type
                  1    wreg      void 
 Registers used:
		wreg, fsr1l, fsr1h, status,2, status,0, pclath, cstack
 Tracked objects:
		On entry : 
		On exit  : 
		Unchanged: 
 Data sizes:     COMMON   BANK0   BANK1   BANK2   BANK3   BANK4   BANK5   BANK6   BANK7   BANK8   BANK9  BANK10  BANK11  BANK12
      Params:         0       1       0       0       0       0       0       0       0       0       0       0       0       0
      Locals:         0       1       0       0       0       0       0       0       0       0       0       0       0       0
      Temps:          0       3       0       0       0       0       0       0       0       0       0       0       0       0
      Totals:         0       5       0       0       0       0       0       0       0       0       0       0       0       0
Total ram usage:        5 bytes
 Hardware stack levels used:    1
 Hardware stack levels required when called:    5
 This function calls:
		_memcpy
 This function is called by:
		_main
 This function uses a non-reentrant model


 *************** function _memcpy *****************
 Defined at:
		line 4 in file "C:\Program Files (x86)\Microchip\xc8\v2.00\pic\sources\c99\common\memcpy.c"
 Parameters:    Size  Location     Type
  d1              2   20[BANK0 ] PTR void 
		 -> gTxBuffer(256), 
  s1              1   22[BANK0 ] PTR const void 
		 -> gUartTXBuffer(50), 
  n               2   23[BANK0 ] unsigned int 
 Auto vars:     Size  Location     Type
  d               2   27[BANK0 ] PTR unsigned char 
		 -> gTxBuffer(256), 
  s               1   29[BANK0 ] PTR const unsigned char 
		 -> gUartTXBuffer(50), 
  tmp             1   26[BANK0 ] unsigned char 
 Return value:  Size  Location     Type
                  2   20[BANK0 ] PTR void 
 Registers used:
		wreg, fsr1l, fsr1h, status,2, status,0
 Tracked objects:
		On entry : 
		On exit  : 
		Unchanged: 
 Data sizes:     COMMON   BANK0   BANK1   BANK2   BANK3   BANK4   BANK5   BANK6   BANK7   BANK8   BANK9  BANK10  BANK11  BANK12
      Params:         0       5       0       0       0       0       0       0       0       0       0       0       0       0
      Locals:         0       4       0       0       0       0       0       0       0       0       0       0       0       0
      Temps:          0       1       0       0       0       0       0       0       0       0       0       0       0       0
      Totals:         0      10       0       0       0       0       0       0       0       0       0       0       0       0
Total ram usage:       10 bytes
 Hardware stack levels used:    1
 Hardware stack levels required when called:    4
 This function calls:
		Nothing
 This function is called by:
		_Send_UART_Data
 This function uses a non-reentrant model


 *************** function _PrintLog *****************
 Defined at:
		line 124 in file "161518_temp_main.c"
 Parameters:    Size  Location     Type
  iText           1    wreg     PTR unsigned char 
		 -> wInterruptText(75), 
 Auto vars:     Size  Location     Type
  iText           1   42[BANK0 ] PTR unsigned char 
		 -> wInterruptText(75), 
  wInterruptTe    1   41[BANK0 ] unsigned char 
 Return value:  Size  Location     Type
                  1    wreg      void 
 Registers used:
		wreg, fsr0l, fsr0h, fsr1l, fsr1h, status,2, status,0, pclath, cstack
 Tracked objects:
		On entry : 
		On exit  : 
		Unchanged: 
 Data sizes:     COMMON   BANK0   BANK1   BANK2   BANK3   BANK4   BANK5   BANK6   BANK7   BANK8   BANK9  BANK10  BANK11  BANK12
      Params:         0       0       0       0       0       0       0       0       0       0       0       0       0       0
      Locals:         0       2       0       0       0       0       0       0       0       0       0       0       0       0
      Temps:          0       2       0       0       0       0       0       0       0       0       0       0       0       0
      Totals:         0       4       0       0       0       0       0       0       0       0       0       0       0       0
Total ram usage:        4 bytes
 Hardware stack levels used:    1
 Hardware stack levels required when called:    9
 This function calls:
		_lcdWriteText
		_memset
		_strlen
 This function is called by:
		_main
 This function uses a non-reentrant model


[...]
      Totals:         0      14       0       0       0       0       0       0       0       0       0       0       0       0
Total ram usage:       14 bytes
 Hardware stack levels used:    1
 Hardware stack levels required when called:    4
 This function calls:
		Nothing
 This function is called by:
		_GetTemp
		_PrintLog
		_main
 This function uses a non-reentrant model


 *************** function _Debounce *****************
 Defined at:
		line 175 in file "161518_temp_main.c"
 Parameters:    Size  Location     Type
  iSwitch         1    wreg     unsigned char 
  ioTimer         1   20[BANK0 ] PTR unsigned short 
		 -> main@wDebounceDown(2), main@wDebounceUp(2), main@wDebounceEnter(2), 
  swPressed       1   21[BANK0 ] PTR unsigned char 
		 -> main@wEnterBottonPressed(1), main@wDownBottonPressed(1), main@wUpBottonPressed(1), 
 Auto vars:     Size  Location     Type
  iSwitch         1   24[BANK0 ] unsigned char 
 Return value:  Size  Location     Type
                  1    wreg      void 
 Registers used:
		wreg, fsr1l, fsr1h, status,2, status,0
 Tracked objects:
		On entry : 
		On exit  : 
		Unchanged: 
 Data sizes:     COMMON   BANK0   BANK1   BANK2   BANK3   BANK4   BANK5   BANK6   BANK7   BANK8   BANK9  BANK10  BANK11  BANK12
      Params:         0       2       0       0       0       0       0       0       0       0       0       0       0       0
      Locals:         0       1       0       0       0       0       0       0       0       0       0       0       0       0
      Temps:          0       2       0       0       0       0       0       0       0       0       0       0       0       0
      Totals:         0       5       0       0       0       0       0       0       0       0       0       0       0       0
Total ram usage:        5 bytes
 Hardware stack levels used:    1
 Hardware stack levels required when called:    4
 This function calls:
		Nothing
 This function is called by:
		_main
 This function uses a non-reentrant model


 *************** function _Add_Trace *****************
 Defined at:
		line 90 in file "161518_temp_main.c"
 Parameters:    Size  Location     Type
  oText           1    wreg     PTR unsigned char 
		 -> wInterruptText(75), 
  iSizeOfoText    1   39[BANK0 ] unsigned char 
  iText           2   40[BANK0 ] PTR unsigned char 
		 -> STR_11(7), STR_10(4), STR_2(9), STR_1(12), 
		 -> main@wReadout(20), 
 Auto vars:     Size  Location     Type
  oText           1   42[BANK0 ] PTR unsigned char 
		 -> wInterruptText(75), 
 Return value:  Size  Location     Type
                  1    wreg      void 
 Registers used:
		wreg, fsr0l, fsr0h, fsr1l, fsr1h, status,2, status,0, pclath, cstack
 Tracked objects:
		On entry : 
		On exit  : 
		Unchanged: 
 Data sizes:     COMMON   BANK0   BANK1   BANK2   BANK3   BANK4   BANK5   BANK6   BANK7   BANK8   BANK9  BANK10  BANK11  BANK12
      Params:         0       3       0       0       0       0       0       0       0       0       0       0       0       0
      Locals:         0       1       0       0       0       0       0       0       0       0       0       0       0       0
      Temps:          0       0       6       0       0       0       0       0       0       0       0       0       0       0
      Totals:         0       4       6       0       0       0       0       0       0       0       0       0       0       0
Total ram usage:       10 bytes
 Hardware stack levels used:    1
 Hardware stack levels required when called:    6
 This function calls:
		_strcat
		_strlen
 This function is called by:
		_main
 This function uses a non-reentrant model


 *************** function _strcat *****************
 Defined at:
		line 3 in file "C:\Program Files (x86)\Microchip\xc8\v2.00\pic\sources\c99\common\strcat.c"
 Parameters:    Size  Location     Type
  dest            1    wreg     PTR unsigned char 
		 -> wInterruptText(75), 
  src             2   34[BANK0 ] PTR const unsigned char 
		 -> STR_11(7), STR_10(4), STR_2(9), STR_1(12), 
		 -> main@wReadout(20), 
 Auto vars:     Size  Location     Type
  dest            1   38[BANK0 ] PTR unsigned char 
		 -> wInterruptText(75), 
 Return value:  Size  Location     Type
                  1    wreg      PTR unsigned char 
 Registers used:
		wreg, fsr0l, fsr0h, fsr1l, fsr1h, status,2, status,0, pclath, cstack
 Tracked objects:
		On entry : 
		On exit  : 
		Unchanged: 
 Data sizes:     COMMON   BANK0   BANK1   BANK2   BANK3   BANK4   BANK5   BANK6   BANK7   BANK8   BANK9  BANK10  BANK11  BANK12
      Params:         0       2       0       0       0       0       0       0       0       0       0       0       0       0
      Locals:         0       1       0       0       0       0       0       0       0       0       0       0       0       0
      Temps:          0       2       0       0       0       0       0       0       0       0       0       0       0       0
      Totals:         0       5       0       0       0       0       0       0       0       0       0       0       0       0
Total ram usage:        5 bytes
 Hardware stack levels used:    1
 Hardware stack levels required when called:    5
 This function calls:
		_strcpy
		_strlen
 This function is called by:
		_Add_Trace
 This function uses a non-reentrant model


 *************** function _strlen *****************
 Defined at:
		line 12 in file "C:\Program Files (x86)\Microchip\xc8\v2.00\pic\sources\c99\common\strlen.c"
 Parameters:    Size  Location     Type
  s               2   20[BANK0 ] PTR const unsigned char 
		 -> STR_11(7), STR_10(4), STR_2(9), STR_1(12), 
		 -> main@wReadout(20), wInterruptText(75), 
 Auto vars:     Size  Location     Type
  a               2   24[BANK0 ] PTR const unsigned char 
		 -> STR_11(7), STR_10(4), STR_2(9), STR_1(12), 
		 -> main@wReadout(20), wInterruptText(75), 
 Return value:  Size  Location     Type
                  2   20[BANK0 ] unsigned int 
 Registers used:
		wreg, fsr0l, fsr0h, status,2, status,0
 Tracked objects:
		On entry : 
		On exit  : 
		Unchanged: 
 Data sizes:     COMMON   BANK0   BANK1   BANK2   BANK3   BANK4   BANK5   BANK6   BANK7   BANK8   BANK9  BANK10  BANK11  BANK12
      Params:         0       2       0       0       0       0       0       0       0       0       0       0       0       0
      Locals:         0       2       0       0       0       0       0       0       0       0       0       0       0       0
      Temps:          0       2       0       0       0       0       0       0       0       0       0       0       0       0
      Totals:         0       6       0       0       0       0       0       0       0       0       0       0       0       0
Total ram usage:        6 bytes
 Hardware stack levels used:    1
 Hardware stack levels required when called:    4
 This function calls:
		Nothing
 This function is called by:
		_Add_Trace
		_PrintLog
		_strcat
 This function uses a non-reentrant model


 *************** function _strcpy *****************
 Defined at:
		line 7 in file "C:\Program Files (x86)\Microchip\xc8\v2.00\pic\sources\c99\common\strcpy.c"
 Parameters:    Size  Location     Type
  dest            1    wreg     PTR unsigned char 
		 -> wInterruptText(75), 
  src             2   26[BANK0 ] PTR const unsigned char 
		 -> STR_11(7), STR_10(4), STR_2(9), STR_1(12), 
		 -> main@wReadout(20), 
 Auto vars:     Size  Location     Type
  dest            1   33[BANK0 ] PTR unsigned char 
		 -> wInterruptText(75), 
  s               2   30[BANK0 ] PTR const unsigned char 
		 -> STR_11(7), STR_10(4), STR_2(9), STR_1(12), 
		 -> main@wReadout(20), 
  d               1   32[BANK0 ] PTR unsigned char 
		 -> wInterruptText(75), 
 Return value:  Size  Location     Type
                  1    wreg      PTR unsigned char 
 Registers used:
		wreg, fsr0l, fsr0h, fsr1l, fsr1h, status,2, status,0, pclath
 Tracked objects:
		On entry : 
		On exit  : 
		Unchanged: 
 Data sizes:     COMMON   BANK0   BANK1   BANK2   BANK3   BANK4   BANK5   BANK6   BANK7   BANK8   BANK9  BANK10  BANK11  BANK12
      Params:         0       2       0       0       0       0       0       0       0       0       0       0       0       0
      Locals:         0       4       0       0       0       0       0       0       0       0       0       0       0       0
      Temps:          0       2       0       0       0       0       0       0       0       0       0       0       0       0
      Totals:         0       8       0       0       0       0       0       0       0       0       0       0       0       0
Total ram usage:        8 bytes
 Hardware stack levels used:    1
 Hardware stack levels required when called:    4
 This function calls:
		Nothing
 This function is called by:
		_strcat
 This function uses a non-reentrant model


 *************** function _myint *****************
 Defined at:
		line 595 in file "161518_temp_main.c"
 Parameters:    Size  Location     Type
		None
 Auto vars:     Size  Location     Type
		None
 Return value:  Size  Location     Type
                  1    wreg      void 
 Registers used:
		wreg, fsr0l, fsr0h, fsr1l, fsr1h, status,2, status,0, pclath, cstack
 Tracked objects:
		On entry : 
		On exit  : 
		Unchanged: 
 Data sizes:     COMMON   BANK0   BANK1   BANK2   BANK3   BANK4   BANK5   BANK6   BANK7   BANK8   BANK9  BANK10  BANK11  BANK12
      Params:         0       0       0       0       0       0       0       0       0       0       0       0       0       0
      Locals:         0       0       0       0       0       0       0       0       0       0       0       0       0       0
      Temps:          0       5       0       0       0       0       0       0       0       0       0       0       0       0
      Totals:         0       5       0       0       0       0       0       0       0       0       0       0       0       0
Total ram usage:        5 bytes
 Hardware stack levels used:    1
 Hardware stack levels required when called:    3
 This function calls:
		i1_Add_Trace
 This function is called by:
		Interrupt level 1
 This function uses a non-reentrant model


 *************** function i1_Add_Trace *****************
 Defined at:
		line 90 in file "161518_temp_main.c"
 Parameters:    Size  Location     Type
  oText           1    wreg     PTR unsigned char 
		 -> wInterruptText(75), 
  iSizeOfoText    1    5[BANK0 ] unsigned char 
  iText           2    6[BANK0 ] PTR unsigned char 
		 -> STR_11(7), STR_10(4), STR_2(9), STR_1(12), 
		 -> main@wReadout(20), 
 Auto vars:     Size  Location     Type
  oText           1   14[BANK0 ] PTR unsigned char 
		 -> wInterruptText(75), 
 Return value:  Size  Location     Type
                  1    wreg      void 
 Registers used:
		wreg, fsr0l, fsr0h, fsr1l, fsr1h, status,2, status,0, pclath, cstack
 Tracked objects:
		On entry : 
		On exit  : 
		Unchanged: 
 Data sizes:     COMMON   BANK0   BANK1   BANK2   BANK3   BANK4   BANK5   BANK6   BANK7   BANK8   BANK9  BANK10  BANK11  BANK12
      Params:         0       3       0       0       0       0       0       0       0       0       0       0       0       0
      Locals:         0       1       0       0       0       0       0       0       0       0       0       0       0       0
      Temps:          0       6       0       0       0       0       0       0       0       0       0       0       0       0
      Totals:         0      10       0       0       0       0       0       0       0       0       0       0       0       0
Total ram usage:       10 bytes
 Hardware stack levels used:    1
 Hardware stack levels required when called:    2
 This function calls:
		i1_strcat
		i1_strlen
 This function is called by:
		_myint
 This function uses a non-reentrant model


 *************** function i1_strcat *****************
 Defined at:
		line 3 in file "C:\Program Files (x86)\Microchip\xc8\v2.00\pic\sources\c99\common\strcat.c"
 Parameters:    Size  Location     Type
  dest            1    wreg     PTR unsigned char 
		 -> wInterruptText(75), 
  src             2    0[BANK0 ] PTR const unsigned char 
		 -> STR_11(7), STR_10(4), STR_2(9), STR_1(12), 
		 -> main@wReadout(20), 
 Auto vars:     Size  Location     Type
  dest            1    4[BANK0 ] PTR unsigned char 
		 -> wInterruptText(75), 
 Return value:  Size  Location     Type
                  1    wreg      PTR unsigned char 
 Registers used:
		wreg, fsr0l, fsr0h, fsr1l, fsr1h, status,2, status,0, pclath, cstack
 Tracked objects:
		On entry : 
		On exit  : 
		Unchanged: 
 Data sizes:     COMMON   BANK0   BANK1   BANK2   BANK3   BANK4   BANK5   BANK6   BANK7   BANK8   BANK9  BANK10  BANK11  BANK12
      Params:         0       2       0       0       0       0       0       0       0       0       0       0       0       0
      Locals:         0       1       0       0       0       0       0       0       0       0       0       0       0       0
      Temps:          0       2       0       0       0       0       0       0       0       0       0       0       0       0
      Totals:         0       5       0       0       0       0       0       0       0       0       0       0       0       0
Total ram usage:        5 bytes
 Hardware stack levels used:    1
 Hardware stack levels required when called:    1
 This function calls:
		i1_strcpy
		i1_strlen
 This function is called by:
		i1_Add_Trace
 This function uses a non-reentrant model


 *************** function i1_strlen *****************
 Defined at:
		line 12 in file "C:\Program Files (x86)\Microchip\xc8\v2.00\pic\sources\c99\common\strlen.c"
 Parameters:    Size  Location     Type
  s               2    0[COMMON] PTR const unsigned char 
		 -> STR_11(7), STR_10(4), STR_2(9), STR_1(12), 
		 -> main@wReadout(20), wInterruptText(75), 
 Auto vars:     Size  Location     Type
  strlen          2    4[COMMON] PTR const unsigned char 
		 -> STR_11(7), STR_10(4), STR_2(9), STR_1(12), 
		 -> main@wReadout(20), wInterruptText(75), 
 Return value:  Size  Location     Type
                  2    0[COMMON] unsigned int 
 Registers used:
		wreg, fsr0l, fsr0h, status,2, status,0
 Tracked objects:
		On entry : 
		On exit  : 
		Unchanged: 
 Data sizes:     COMMON   BANK0   BANK1   BANK2   BANK3   BANK4   BANK5   BANK6   BANK7   BANK8   BANK9  BANK10  BANK11  BANK12
      Params:         2       0       0       0       0       0       0       0       0       0       0       0       0       0
      Locals:         2       0       0       0       0       0       0       0       0       0       0       0       0       0
      Temps:          2       0       0       0       0       0       0       0       0       0       0       0       0       0
      Totals:         6       0       0       0       0       0       0       0       0       0       0       0       0       0
Total ram usage:        6 bytes
 Hardware stack levels used:    1
 This function calls:
		Nothing
 This function is called by:
		i1_Add_Trace
		i1_strcat
 This function uses a non-reentrant model


 *************** function i1_strcpy *****************
 Defined at:
		line 7 in file "C:\Program Files (x86)\Microchip\xc8\v2.00\pic\sources\c99\common\strcpy.c"
 Parameters:    Size  Location     Type
  dest            1    wreg     PTR unsigned char 
		 -> wInterruptText(75), 
  src             2    6[COMMON] PTR const unsigned char 
		 -> STR_11(7), STR_10(4), STR_2(9), STR_1(12), 
		 -> main@wReadout(20), 
 Auto vars:     Size  Location     Type
  dest            1   12[COMMON] PTR unsigned char 
		 -> wInterruptText(75), 
  strcpy          2   10[COMMON] PTR const unsigned char 
		 -> STR_11(7), STR_10(4), STR_2(9), STR_1(12), 
		 -> main@wReadout(20), 
  strcpy          1   13[COMMON] PTR unsigned char 
		 -> wInterruptText(75), 
 Return value:  Size  Location     Type
                  1    wreg      PTR unsigned char 
 Registers used:
		wreg, fsr0l, fsr0h, fsr1l, fsr1h, status,2, status,0, pclath
 Tracked objects:
		On entry : 
		On exit  : 
		Unchanged: 
 Data sizes:     COMMON   BANK0   BANK1   BANK2   BANK3   BANK4   BANK5   BANK6   BANK7   BANK8   BANK9  BANK10  BANK11  BANK12
      Params:         2       0       0       0       0       0       0       0       0       0       0       0       0       0
      Locals:         4       0       0       0       0       0       0       0       0       0       0       0       0       0
      Temps:          2       0       0       0       0       0       0       0       0       0       0       0       0       0
      Totals:         8       0       0       0       0       0       0       0       0       0       0       0       0       0
Total ram usage:        8 bytes
 Hardware stack levels used:    1
 This function calls:
		Nothing
 This function is called by:
		i1_strcat
 This function uses a non-reentrant model



MODULE INFORMATION

Module		Function		Class		Link	Load	Size
C:\Program Files (x86)\Microchip\xc8\v2.00\pic\sources\c99\common\strcat.c
		_strcat        		CODE           	0B47	0000	26

C:\Program Files (x86)\Microchip\xc8\v2.00\pic\sources\c99\common\strcat.c estimated size: 26

C:\Program Files (x86)\Microchip\xc8\v2.00\pic\sources\c99\common\awmod.c
		___awmod       		CODE           	0DDD	0000	95

C:\Program Files (x86)\Microchip\xc8\v2.00\pic\sources\c99\common\awmod.c estimated size: 95

161518_temp_main.c
		_Send_UART_Data		CODE           	0C43	0000	44
		_GetTemp       		CODE           	0C6E	0000	45
		_main          		CODE           	0249	0000	985
		_printEM1812   		CODE           	06F2	0000	183
		_ToggleBitRB5  		CODE           	0AE0	0000	11
		_SetToGetTemp  		CODE           	0BF0	0000	42
		_myint         		CODE           	0004	0000	482
		_Add_Trace     		CODE           	0D9A	0000	68
		_Debounce      		CODE           	07A8	0000	77
		_PrintLog      		CODE           	0CC7	0000	47

161518_temp_main.c estimated size: 1984

C:\Program Files (x86)\Microchip\xc8\v2.00\pic\sources\c99\common\strlen.c
		_strlen        		CODE           	0BA7	0000	37

C:\Program Files (x86)\Microchip\xc8\v2.00\pic\sources\c99\common\strlen.c estimated size: 37

C:\Program Files (x86)\Microchip\xc8\v2.00\pic\sources\c99\common\strcpy.c
		_strcpy        		CODE           	0BCB	0000	38

C:\Program Files (x86)\Microchip\xc8\v2.00\pic\sources\c99\common\strcpy.c estimated size: 38

C:\Program Files (x86)\Microchip\xc8\v2.00\pic\sources\c99\common\memset.c
		_memset        		CODE           	0621	0000	210

C:\Program Files (x86)\Microchip\xc8\v2.00\pic\sources\c99\common\memset.c estimated size: 210

C:\Program Files (x86)\Microchip\xc8\v2.00\pic\sources\c99\common\awdiv.c
		___awdiv       		CODE           	0EFF	0000	107

C:\Program Files (x86)\Microchip\xc8\v2.00\pic\sources\c99\common\awdiv.c estimated size: 107

shared
		i1_strcat      		CODE           	0B2E	0000	26
		i1_strcpy      		CODE           	0B83	0000	37
		__initialization		CODE           	01E7	0000	95
		i1_Add_Trace   		CODE           	0D24	0000	59
		i1_strlen      		CODE           	0B60	0000	36

shared estimated size: 253

C:\Program Files (x86)\Microchip\xc8\v2.00\pic\sources\c99\common\memcpy.c
		_memcpy        		CODE           	0CF5	0000	48

C:\Program Files (x86)\Microchip\xc8\v2.00\pic\sources\c99\common\memcpy.c estimated size: 48

LCD_hd44780u_qy_2004a.c
		_setCursorPosition		CODE           	0E3B	0000	97
		_writeTxtChk   		CODE           	0F69	0000	152
		_clearDisplay  		CODE           	0AC1	0000	6
		_writeInsChk   		CODE           	0AEA	0000	12
		_writeInsNoChk 		CODE           	0B16	0000	25
		_SetToSendDataToLCD		CODE           	0AC6	0000	7
		_setData       		CODE           	0D5E	0000	61
		_moveCursorToHome		CODE           	0AD8	0000	9
		_lcdWriteText  		CODE           	0C19	0000	43
		_setCursorOff  		CODE           	0B00	0000	12
		_SetToReadDataFromLCD		CODE           	0ACC	0000	7
		_waitLCDBusy   		CODE           	0C9A	0000	46
		_powerOnLcd    		CODE           	0AF5	0000	12
		_setNotBlinkingCursor		CODE           	0B0B	0000	12
		_initLCD       		CODE           	0E9B	0000	101

LCD_hd44780u_qy_2004a.c estimated size: 602

