Microchip MPLAB XC8 Compiler V2.00 ()

Linker command line:

-W-3 --edf=C:\Program Files (x86)\Microchip\xc8\v2.00\pic\dat\en_msgs.txt \
  -cs -h+dist/default/production\16F1518_Temp.X.production.sym \
  --cmf=dist/default/production\16F1518_Temp.X.production.cmf -z -Q16F1518 \
  -oC:\Users\dell\AppData\Local\Temp\s7r8.2 --defsym=__MPLAB_BUILD=1 \
  -Mdist/default/production/16F1518_Temp.X.production.map -E1 -ver=XC8 \
  --acfsm=1493 -ASTACK=0213Bh-023efh -pstack=STACK -ACODE=00h-07FFhx8 \
  -ASTRCODE=00h-03FFFh -ASTRING=00h-0FFhx64 -ACONST=00h-0FFhx64 \
  -AENTRY=00h-0FFhx64 -ACOMMON=070h-07Fh -ABANK0=020h-06Fh \
  -ABANK1=0A0h-0EFh -ABANK2=0120h-016Fh -ABANK3=01A0h-01EFh \
  -ABANK4=0220h-026Fh -ABANK5=02A0h-02EFh -ABANK6=0320h-036Fh \
  -ABANK7=03A0h-03EFh -ABANK8=0420h-046Fh -ABANK9=04A0h-04EFh \
  -ABANK10=0520h-056Fh -ABANK11=05A0h-05EFh -ABANK12=0620h-064Fh \
  -ABIGRAM=02000h-023EFh \
  -ARAM=020h-06Fh,0A0h-0EFh,0120h-016Fh,01A0h-01EFh,0220h-026Fh,02A0h-02EFh,0320h-036Fh,03A0h-03EFh,0420h-046Fh,04A0h-04EFh,0520h-056Fh,05A0h-05EFh,0620h-064Fh \
  -AABS1=020h-07Fh,0A0h-0EFh,0120h-016Fh,01A0h-01EFh,0220h-026Fh,02A0h-02EFh,0320h-036Fh,03A0h-03EFh,0420h-046Fh,04A0h-04EFh,0520h-056Fh,05A0h-05EFh,0620h-064Fh \
  -ASFR0=00h-01Fh -ASFR1=080h-09Fh -ASFR2=0100h-011Fh -ASFR3=0180h-019Fh \
  -ASFR4=0200h-021Fh -ASFR5=0280h-029Fh -ASFR6=0300h-031Fh \
  -ASFR7=0380h-039Fh -ASFR8=0400h-041Fh -ASFR9=0480h-049Fh \
  -ASFR10=0500h-051Fh -ASFR11=0580h-059Fh -ASFR12=0600h-061Fh \
  -ASFR13=0680h-06EFh -ASFR14=0700h-076Fh -ASFR15=0780h-07EFh \
  -ASFR16=0800h-086Fh -ASFR17=0880h-08EFh -ASFR18=0900h-096Fh \
  -ASFR19=0980h-09EFh -ASFR20=0A00h-0A6Fh -ASFR21=0A80h-0AEFh \
  -ASFR22=0B00h-0B6Fh -ASFR23=0B80h-0BEFh -ASFR24=0C00h-0C6Fh \
  -ASFR25=0C80h-0CEFh -ASFR26=0D00h-0D6Fh -ASFR27=0D80h-0DEFh \
  -ASFR28=0E00h-0E6Fh -ASFR29=0E80h-0EEFh -ASFR30=0F00h-0F6Fh \
  -ASFR31=0F80h-0FEFh -preset_vec=00h,intentry=04h,init,end_init \
  -ppowerup=CODE -pcinit=CODE -pfunctab=ENTRY -ACONFIG=08007h-08008h \
  -pconfig=CONFIG -DCONFIG=2 -AIDLOC=08000h-08003h -pidloc=IDLOC -DIDLOC=2 \
  -DCODE=2 -DSTRCODE=2 -DSTRING=2 -DCONST=2 -DENTRY=2 -k \
  C:\Users\dell\AppData\Local\Temp\s7r8.o \
  dist/default/production\16F1518_Temp.X.production.o 

Object code version is 3.11

Machine type is 16F1518



                Name                               Link     Load   Length Selector   Space Scale
C:\Users\dell\AppData\Local\Temp\s7r8.o
                end_init                             D9       D9        2        8       0
                reset_vec                             0        0        2        0       0
                config                             8007     8007        2    1000E       0
dist/default/production\16F1518_Temp.X.production.o
                cinit                                DB       DB       35        8       0
                intentry                              4        4       D5        8       0
                text33                              EE6      EE6       24     1DCC       0
                text32                              EC3      EC3       23     1D86       0
                text31                              E8C      E8C       19     1D18       0
                text30                              78F      78F       3A        8       0
                text28                              F2E      F2E       25     1E5C       0
                text27                              F0A      F0A       24     1E14       0
                text26                              EA5      EA5       1E     1D4A       0
                text25                              68A      68A       49        8       0
                text24                              63E      63E       4C        8       0
                text23                              3B5      3B5       D1        8       0
                text22                              F79      F79       29     1EF2       0
                text21                              E1A      E1A        6     1C34       0
                text20                              753      753       3C        8       0
                text19                              E20      E20        6     1C40       0
                text18                              FA2      FA2       2D     1F44       0
                text17                              58E      58E       60        8       0
                text16                              486      486       97        8       0
                text15                              FCF      FCF       31     1F9E       0
                text14                              7C9      7C9       36        8       0
                text13                              F53      F53       26     1EA6       0
                text12                              E60      E60       14     1CC0       0
                text11                              E74      E74       18     1CE8       0
                text10                              E34      E34        B     1C68       0
                text9                               E15      E15        5     1C2A       0
                text8                               5EE      5EE       50        8       0
                text7                               E2C      E2C        8     1C58       0
                text6                               E3F      E3F        B     1C7E       0
                text5                               6D3      6D3       44        8       0
                text4                               717      717       3C        8       0
                text3                               51D      51D       71        8       0
                text2                               E4A      E4A        B     1C94       0
                text1                               E55      E55        B     1CAA       0
                maintext                            110      110      2A5        8       0
                cstackBANK0                          20       20       22       20       1
                cstackCOMMON                         70       70        E       70       1
                cstackBANK1                          B4       B4       10       A0       1
                cstackBANK2                         120      120       32      120       1
                clrtext                             E26      E26        6     1C4C       0
                bssBANK3                            1A0      1A0       4B      1A0       1
                bssBANK2                            152      152       1E      120       1
                dataBANK1                            C4       C4        4       A0       1
                bssBANK1                             A0       A0       14       A0       1
                bssBANK0                             42       42       1E       20       1
                stringtext8                        105C     105C        4     2000       0
                stringtext7                        1055     1055        7     2000       0
                stringtext6                        104C     104C        9     2000       0
                stringtext5                        1040     1040        C     2000       0
                stringtext4                        1030     1030       10     2000       0
                stringtext3                        1020     1020       10     2000       0
                stringtext2                        1010     1010       10     2000       0
                stringtext1                        1000     1000       10     2000       0
                idataBANK1                          E11      E11        4     1C22       0

TOTAL           Name                               Link     Load   Length     Space
        CLASS   STACK          

        CLASS   CODE           
                end_init                             D9       D9        2         0
                cinit                                DB       DB       35         0
                intentry                              4        4       D5         0
                reset_vec                             0        0        2         0
                text33                              EE6      EE6       24         0
                text32                              EC3      EC3       23         0
                text31                              E8C      E8C       19         0
                text30                              78F      78F       3A         0
                text28                              F2E      F2E       25         0
                text27                              F0A      F0A       24         0
                text26                              EA5      EA5       1E         0
                text25                              68A      68A       49         0
                text24                              63E      63E       4C         0
                text23                              3B5      3B5       D1         0
                text22                              F79      F79       29         0
                text21                              E1A      E1A        6         0
                text20                              753      753       3C         0
                text19                              E20      E20        6         0
                text18                              FA2      FA2       2D         0
                text17                              58E      58E       60         0
                text16                              486      486       97         0
                text15                              FCF      FCF       31         0
                text14                              7C9      7C9       36         0
                text13                              F53      F53       26         0
                text12                              E60      E60       14         0
                text11                              E74      E74       18         0
                text10                              E34      E34        B         0
                text9                               E15      E15        5         0
                text8                               5EE      5EE       50         0
                text7                               E2C      E2C        8         0
                text6                               E3F      E3F        B         0
                text5                               6D3      6D3       44         0
                text4                               717      717       3C         0
                text3                               51D      51D       71         0
                text2                               E4A      E4A        B         0
                text1                               E55      E55        B         0
                maintext                            110      110      2A5         0
                clrtext                             E26      E26        6         0
                idataBANK1                          E11      E11        4         0

        CLASS   STRCODE        
                stringtext8                        105C     105C        4         0
                stringtext7                        1055     1055        7         0
                stringtext6                        104C     104C        9         0
                stringtext5                        1040     1040        C         0
                stringtext4                        1030     1030       10         0
                stringtext3                        1020     1020       10         0
                stringtext2                        1010     1010       10         0
                stringtext1                        1000     1000       10         0

        CLASS   STRING         

        CLASS   CONST          

        CLASS   ENTRY          

        CLASS   COMMON         
                cstackCOMMON                         70       70        E         1

        CLASS   BANK0          
                cstackBANK0                          20       20       22         1
                bssBANK0                             42       42       1E         1

        CLASS   BANK1          
                cstackBANK1                          B4       B4       10         1
                dataBANK1                            C4       C4        4         1
                bssBANK1                             A0       A0       14         1

        CLASS   BANK2          
                cstackBANK2                         120      120       32         1
                bssBANK2                            152      152       1E         1

        CLASS   BANK3          
                bssBANK3                            1A0      1A0       4B         1

        CLASS   BANK4          

        CLASS   BANK5          

        CLASS   BANK6          

        CLASS   BANK7          

        CLASS   BANK8          

        CLASS   BANK9          

        CLASS   BANK10         

        CLASS   BANK11         

        CLASS   BANK12         

        CLASS   BIGRAM         

        CLASS   RAM            

        CLASS   ABS1           
                abs_s1                               7E       7E        2         1

        CLASS   SFR0           

        CLASS   SFR1           

        CLASS   SFR2           

        CLASS   SFR3           

        CLASS   SFR4           

        CLASS   SFR5           

        CLASS   SFR6           

        CLASS   SFR7           

        CLASS   SFR8           

        CLASS   SFR9           

        CLASS   SFR10          

        CLASS   SFR11          

        CLASS   SFR12          

        CLASS   SFR13          

        CLASS   SFR14          

        CLASS   SFR15          

        CLASS   SFR16          

        CLASS   SFR17          

        CLASS   SFR18          

        CLASS   SFR19          

        CLASS   SFR20          

        CLASS   SFR21          

        CLASS   SFR22          

        CLASS   SFR23          

        CLASS   SFR24          

        CLASS   SFR25          

        CLASS   SFR26          

        CLASS   SFR27          

        CLASS   SFR28          

        CLASS   SFR29          

        CLASS   SFR30          

        CLASS   SFR31          

        CLASS   CONFIG         
                config                             8007     8007        2         0

        CLASS   IDLOC          

        CLASS   BANK31         

        CLASS   BANK30         

        CLASS   BANK29         

        CLASS   BANK28         

        CLASS   BANK27         

        CLASS   BANK26         

        CLASS   BANK25         

        CLASS   BANK24         

        CLASS   BANK23         

        CLASS   BANK22         

        CLASS   BANK21         

        CLASS   BANK20         

        CLASS   BANK19         

        CLASS   BANK18         

        CLASS   BANK17         

        CLASS   BANK16         

        CLASS   BANK15         

        CLASS   BANK14         

        CLASS   BANK13         

        CLASS   EEDATA         



SEGMENTS        Name                           Load    Length   Top    Selector   Space  Class     Delta

                reset_vec                      000000  000002  000002         0       0  CODE        2
                intentry                       000004  0007FB  0007FF         8       0  CODE        2
                cstackBANK0                    000020  000040  000060        20       1  BANK0       1
                cstackCOMMON                   000070  00000E  00007E        70       1  COMMON      1
                bssBANK1                       0000A0  000028  0000C8        A0       1  BANK1       1
                cstackBANK2                    000120  000050  000170       120       1  BANK2       1
                bssBANK3                       0001A0  00004B  0001EB       1A0       1  BANK3       1
                idataBANK1                     000E11  000004  000E15      1C22       0  CODE        2
                text9                          000E15  000005  000E1A      1C2A       0  CODE        2
                text21                         000E1A  000006  000E20      1C34       0  CODE        2
                text19                         000E20  000006  000E26      1C40       0  CODE        2
                clrtext                        000E26  000006  000E2C      1C4C       0  CODE        2
                text7                          000E2C  000008  000E34      1C58       0  CODE        2
                text10                         000E34  00000B  000E3F      1C68       0  CODE        2
                text6                          000E3F  00000B  000E4A      1C7E       0  CODE        2
                text2                          000E4A  00000B  000E55      1C94       0  CODE        2
                text1                          000E55  00000B  000E60      1CAA       0  CODE        2
                text12                         000E60  000014  000E74      1CC0       0  CODE        2
                text11                         000E74  000018  000E8C      1CE8       0  CODE        2
                text31                         000E8C  000019  000EA5      1D18       0  CODE        2
                text26                         000EA5  00001E  000EC3      1D4A       0  CODE        2
                text32                         000EC3  000023  000EE6      1D86       0  CODE        2
                text33                         000EE6  000024  000F0A      1DCC       0  CODE        2
                text27                         000F0A  000024  000F2E      1E14       0  CODE        2
                text28                         000F2E  000025  000F53      1E5C       0  CODE        2
                text13                         000F53  000026  000F79      1EA6       0  CODE        2
                text22                         000F79  000029  000FA2      1EF2       0  CODE        2
                text18                         000FA2  00002D  000FCF      1F44       0  CODE        2
                text15                         000FCF  000031  001000      1F9E       0  CODE        2
                stringtext1                    001000  000060  001060      2000       0  STRCODE     2
                config                         008007  000002  008009     1000E       0  CONFIG      2


UNUSED ADDRESS RANGES

        Name                Unused          Largest block    Delta
        BANK0            00060-0006F              10           1
        BANK1            000C8-000EF              28           1
        BANK10           00520-0056F              50           1
        BANK11           005A0-005EF              50           1
        BANK12           00620-0064F              30           1
        BANK3            001EB-001EF               5           1
        BANK4            00220-0026F              50           1
        BANK5            002A0-002EF              50           1
        BANK6            00320-0036F              50           1
        BANK7            003A0-003EF              50           1
        BANK8            00420-0046F              50           1
        BANK9            004A0-004EF              50           1
        BIGRAM           02000-023EF             3F0           1
        CODE             00002-00003               2           2
                         007FF-00E10               1
                         01060-03FFF             800
        CONST            00002-00003               2           2
                         007FF-00E10             100
                         01060-03FFF             100
        ENTRY            00002-00003               2           2
                         007FF-00E10             100
                         01060-03FFF             100
        IDLOC            08000-08003               4           2
        RAM              00060-0006F              10           1
                         000C8-000EF              28
                         001EB-001EF               5
                         00220-0026F              50
                         002A0-002EF              50
                         00320-0036F              50
                         003A0-003EF              50
                         00420-0046F              50
                         004A0-004EF              50
                         00520-0056F              50
                         005A0-005EF              50
                         00620-0064F              30
        SFR0             00000-0001F              20           1
        SFR1             00080-0009F              20           1
        SFR10            00500-0051F              20           1
        SFR11            00580-0059F              20           1
        SFR12            00600-0061F              20           1
        SFR13            00680-006EF              70           1
        SFR14            00700-0076F              70           1
        SFR15            00780-007EF              70           1
        SFR16            00800-0086F              70           1
        SFR17            00880-008EF              70           1
        SFR18            00900-0096F              70           1
        SFR19            00980-009EF              70           1
        SFR2             00100-0011F              20           1
        SFR20            00A00-00A6F              70           1
        SFR21            00A80-00AEF              70           1
        SFR22            00B00-00B6F              70           1
        SFR23            00B80-00BEF              70           1
        SFR24            00C00-00C6F              70           1
        SFR25            00C80-00CEF              70           1
        SFR26            00D00-00D6F              70           1
        SFR27            00D80-00DEF              70           1
        SFR28            00E00-00E6F              70           1
        SFR29            00E80-00EEF              70           1
        SFR3             00180-0019F              20           1
        SFR30            00F00-00F6F              70           1
        SFR31            00F80-00FEF              70           1
        SFR4             00200-0021F              20           1
        SFR5             00280-0029F              20           1
        SFR6             00300-0031F              20           1
        SFR7             00380-0039F              20           1
        SFR8             00400-0041F              20           1
        SFR9             00480-0049F              20           1
        STACK            0213B-023EF             2B5           1
        STRCODE          00002-00003               2           2
                         007FF-00E10             612
                         01060-03FFF            2FA0
        STRING           00002-00003               2           2
                         007FF-00E10             100
                         01060-03FFF             100

                                  Symbol Table

?___lwdiv                      cstackBANK0  00030
?___lwmod                      cstackBANK0  00030
?_strlen                       cstackBANK0  00030
?i1_strlen                     cstackCOMMON 00070
Add_Trace@iSizeOfoText         cstackBANK1  000B5
Add_Trace@iText                cstackBANK1  000B6
Add_Trace@oText                cstackBANK1  000BE
Debounce@iSwitch               cstackBANK0  00034
Debounce@ioTimer               cstackBANK0  00030
Debounce@swPressed             cstackBANK0  00031
PrintLog@iText                 cstackBANK1  000B8
PrintLog@wInterruptTextLen     cstackBANK1  000B7
_ANSELA                        (abs)        0018C
_ANSELB                        (abs)        0018D
_ANSELCbits                    (abs)        0018E
_Add_Trace                     text25       0068A
_Debounce                      text24       0063E
_GetTemp                       text22       00F79
_INTCONbits                    (abs)        0000B
_OPTION_REGbits                (abs)        00095
_OSCCONbits                    (abs)        00099
_PIE1bits                      (abs)        00091
_PIE2bits                      (abs)        00092
_PIR1bits                      (abs)        00011
_PIR2bits                      (abs)        00012
_PORTA                         (abs)        0000C
_PORTAbits                     (abs)        0000C
_PORTB                         (abs)        0000D
_PORTBbits                     (abs)        0000D
_PrintLog                      text14       007C9
_SSPADD                        (abs)        00212
_SSPBUF                        (abs)        00211
_SSPCON1bits                   (abs)        00215
_SSPCON2bits                   (abs)        00216
_SSPCON3bits                   (abs)        00217
_SSPSTATbits                   (abs)        00214
_SetToGetTemp                  text13       00F53
_SetToReadDataFromLCD          text19       00E20
_SetToSendDataToLCD            text21       00E1A
_TRISA                         (abs)        0008C
_TRISAbits                     (abs)        0008C
_TRISB                         (abs)        0008D
_TRISC                         (abs)        0008E
_WPUB                          (abs)        0020D
_WakeTemp                      text12       00E60
__CFG_BOREN$ON                 (abs)        00000
__CFG_BORV$LO                  (abs)        00000
__CFG_CLKOUTEN$ON              (abs)        00000
__CFG_CP$OFF                   (abs)        00000
__CFG_FCMEN$OFF                (abs)        00000
__CFG_FOSC$INTOSC              (abs)        00000
__CFG_IESO$OFF                 (abs)        00000
__CFG_LPBOR$OFF                (abs)        00000
__CFG_LVP$OFF                  (abs)        00000
__CFG_MCLRE$OFF                (abs)        00000
__CFG_PWRTE$ON                 (abs)        00000
__CFG_STVREN$OFF               (abs)        00000
__CFG_VCAPEN$OFF               (abs)        00000
__CFG_WDTE$OFF                 (abs)        00000
__CFG_WRT$OFF                  (abs)        00000
__Habs1                        abs1         00000
__Hbank0                       bank0        00000
__Hbank1                       bank1        00000
__Hbank10                      bank10       00000
__Hbank11                      bank11       00000
__Hbank12                      bank12       00000
__Hbank13                      bank13       00000
__Hbank14                      bank14       00000
__Hbank15                      bank15       00000
__Hbank16                      bank16       00000
__Hbank17                      bank17       00000
__Hbank18                      bank18       00000
__Hbank19                      bank19       00000
__Hbank2                       bank2        00000
__Hbank20                      bank20       00000
__Hbank21                      bank21       00000
__Hbank22                      bank22       00000
__Hbank23                      bank23       00000
__Hbank24                      bank24       00000
__Hbank25                      bank25       00000
__Hbank26                      bank26       00000
__Hbank27                      bank27       00000
__Hbank28                      bank28       00000
__Hbank29                      bank29       00000
__Hbank3                       bank3        00000
__Hbank30                      bank30       00000
__Hbank31                      bank31       00000
__Hbank4                       bank4        00000
__Hbank5                       bank5        00000
__Hbank6                       bank6        00000
__Hbank7                       bank7        00000
__Hbank8                       bank8        00000
__Hbank9                       bank9        00000
__Hbigram                      bigram       00000
__HbssBANK0                    bssBANK0     00000
__HbssBANK1                    bssBANK1     00000
__HbssBANK2                    bssBANK2     00000
__HbssBANK3                    bssBANK3     00000
__Hcinit                       cinit        00110
__Hclrtext                     clrtext      00000
__Hcode                        code         00000
__Hcommon                      common       00000
__Hconfig                      config       08009
__HcstackBANK0                 cstackBANK0  00000
__HcstackBANK1                 cstackBANK1  00000
__HcstackBANK2                 cstackBANK2  00000
__HcstackCOMMON                cstackCOMMON 00000
__HdataBANK1                   dataBANK1    00000
__Heeprom_data                 eeprom_data  00000
__Hend_init                    end_init     000DB
__Hfunctab                     functab      00000
__HidataBANK1                  idataBANK1   00000
__Hidloc                       idloc        00000
__Hinit                        init         000D9
__Hintentry                    intentry     000D9
__Hmaintext                    maintext     00000
__Hpowerup                     powerup      00000
__Hram                         ram          00000
__Hreset_vec                   reset_vec    00002
__Hsfr0                        sfr0         00000
__Hsfr1                        sfr1         00000
__Hsfr10                       sfr10        00000
__Hsfr11                       sfr11        00000
__Hsfr12                       sfr12        00000
__Hsfr13                       sfr13        00000
__Hsfr14                       sfr14        00000
__Hsfr15                       sfr15        00000
__Hsfr16                       sfr16        00000
__Hsfr17                       sfr17        00000
__Hsfr18                       sfr18        00000
__Hsfr19                       sfr19        00000
__Hsfr2                        sfr2         00000
__Hsfr20                       sfr20        00000
__Hsfr21                       sfr21        00000
__Hsfr22                       sfr22        00000
__Hsfr23                       sfr23        00000
__Hsfr24                       sfr24        00000
__Hsfr25                       sfr25        00000
__Hsfr26                       sfr26        00000
__Hsfr27                       sfr27        00000
__Hsfr28                       sfr28        00000
__Hsfr29                       sfr29        00000
__Hsfr3                        sfr3         00000
__Hsfr30                       sfr30        00000
__Hsfr31                       sfr31        00000
__Hsfr4                        sfr4         00000
__Hsfr5                        sfr5         00000
__Hsfr6                        sfr6         00000
__Hsfr7                        sfr7         00000
__Hsfr8                        sfr8         00000
__Hsfr9                        sfr9         00000
__Hspace_0                     (abs)        08009
__Hspace_1                     (abs)        001EB
__Hspace_2                     (abs)        00000
__Hspace_3                     (abs)        00000
__Hstack                       stack        00000
__Hstrings                     strings      00000
__Hstringtext1                 stringtext1  00000
__Hstringtext2                 stringtext2  00000
__Hstringtext3                 stringtext3  00000
__Hstringtext4                 stringtext4  00000
__Hstringtext5                 stringtext5  00000
__Hstringtext6                 stringtext6  00000
__Hstringtext7                 stringtext7  00000
__Hstringtext8                 stringtext8  00000
__Hstringtext9                 stringtext9  00000
__Htext                        text         00000
__Labs1                        abs1         00000
__Lbank0                       bank0        00000
__Lbank1                       bank1        00000
__Lbank10                      bank10       00000
__Lbank11                      bank11       00000
__Lbank12                      bank12       00000
__Lbank13                      bank13       00000
__Lbank14                      bank14       00000
__Lbank15                      bank15       00000
__Lbank16                      bank16       00000
__Lbank17                      bank17       00000
__Lbank18                      bank18       00000
__Lbank19                      bank19       00000
__Lbank2                       bank2        00000
__Lbank20                      bank20       00000
__Lbank21                      bank21       00000
__Lbank22                      bank22       00000
__Lbank23                      bank23       00000
__Lbank24                      bank24       00000
__Lbank25                      bank25       00000
__Lbank26                      bank26       00000
__Lbank27                      bank27       00000
__Lbank28                      bank28       00000
__Lbank29                      bank29       00000
__Lbank3                       bank3        00000
__Lbank30                      bank30       00000
__Lbank31                      bank31       00000
__Lbank4                       bank4        00000
__Lbank5                       bank5        00000
__Lbank6                       bank6        00000
__Lbank7                       bank7        00000
__Lbank8                       bank8        00000
__Lbank9                       bank9        00000
__Lbigram                      bigram       00000
__LbssBANK0                    bssBANK0     00000
__LbssBANK1                    bssBANK1     00000
__LbssBANK2                    bssBANK2     00000
__LbssBANK3                    bssBANK3     00000
__Lcinit                       cinit        000DB
__Lclrtext                     clrtext      00000
__Lcode                        code         00000
__Lcommon                      common       00000
__Lconfig                      config       08007
__LcstackBANK0                 cstackBANK0  00000
__LcstackBANK1                 cstackBANK1  00000
__LcstackBANK2                 cstackBANK2  00000
__LcstackCOMMON                cstackCOMMON 00000
__LdataBANK1                   dataBANK1    00000
__Leeprom_data                 eeprom_data  00000
__Lend_init                    end_init     000D9
__Lfunctab                     functab      00000
__LidataBANK1                  idataBANK1   00000
__Lidloc                       idloc        00000
__Linit                        init         000D9
__Lintentry                    intentry     00004
__Lmaintext                    maintext     00000
__Lpowerup                     powerup      00000
__Lram                         ram          00000
__Lreset_vec                   reset_vec    00000
__Lsfr0                        sfr0         00000
__Lsfr1                        sfr1         00000
__Lsfr10                       sfr10        00000
__Lsfr11                       sfr11        00000
__Lsfr12                       sfr12        00000
__Lsfr13                       sfr13        00000
__Lsfr14                       sfr14        00000
__Lsfr15                       sfr15        00000
__Lsfr16                       sfr16        00000
__Lsfr17                       sfr17        00000
__Lsfr18                       sfr18        00000
__Lsfr19                       sfr19        00000
__Lsfr2                        sfr2         00000
__Lsfr20                       sfr20        00000
__Lsfr21                       sfr21        00000
__Lsfr22                       sfr22        00000
__Lsfr23                       sfr23        00000
__Lsfr24                       sfr24        00000
__Lsfr25                       sfr25        00000
__Lsfr26                       sfr26        00000
__Lsfr27                       sfr27        00000
__Lsfr28                       sfr28        00000
__Lsfr29                       sfr29        00000
__Lsfr3                        sfr3         00000
__Lsfr30                       sfr30        00000
__Lsfr31                       sfr31        00000
__Lsfr4                        sfr4         00000
__Lsfr5                        sfr5         00000
__Lsfr6                        sfr6         00000
__Lsfr7                        sfr7         00000
__Lsfr8                        sfr8         00000
__Lsfr9                        sfr9         00000
__Lspace_0                     (abs)        00000
__Lspace_1                     (abs)        00000
__Lspace_2                     (abs)        00000
__Lspace_3                     (abs)        00000
__Lstack                       stack        00000
__Lstrings                     strings      00000
__Lstringtext1                 stringtext1  00000
__Lstringtext2                 stringtext2  00000
__Lstringtext3                 stringtext3  00000
__Lstringtext4                 stringtext4  00000
__Lstringtext5                 stringtext5  00000
__Lstringtext6                 stringtext6  00000
__Lstringtext7                 stringtext7  00000
__Lstringtext8                 stringtext8  00000
__Lstringtext9                 stringtext9  00000
__Ltext                        text         00000
__S0                           (abs)        08009
__S1                           (abs)        001EB
__S2                           (abs)        00000
___int_sp                      stack        00000
___latbits                     (abs)        00003
___lwdiv                       text5        006D3
___lwdiv@counter               cstackBANK0  00035
___lwdiv@dividend              cstackBANK0  00032
___lwdiv@divisor               cstackBANK0  00030
___lwdiv@quotient              cstackBANK0  00036
___lwmod                       text4        00717
___lwmod@counter               cstackBANK0  00035
___lwmod@dividend              cstackBANK0  00032
___lwmod@divisor               cstackBANK0  00030
___sp                          stack        00000
__end_of_Add_Trace             text25       006D3
__end_of_Debounce              text24       0068A
__end_of_GetTemp               text22       00FA2
__end_of_PrintLog              text14       007FF
__end_of_SetToGetTemp          text13       00F79
__end_of_SetToReadDataFromLCD  text19       00E26
__end_of_SetToSendDataToLCD    text21       00E20
__end_of_WakeTemp              text12       00E74
__end_of___lwdiv               text5        00717
__end_of___lwmod               text4        00753
__end_of__initialization       cinit        0010C
__end_of_clearDisplay          text9        00E1A
__end_of_initLCD               text8        0063E
__end_of_lcdWriteText          text15       01000
__end_of_main                  maintext     003B5
__end_of_memset                text23       00486
__end_of_moveCursorToHome      text7        00E34
__end_of_myint                 intentry     000D9
__end_of_powerOnLcd            text6        00E4A
__end_of_printEM1812           text3        0058E
__end_of_setCursorOff          text2        00E55
__end_of_setCursorPosition     text17       005EE
__end_of_setData               text20       0078F
__end_of_setNotBlinkingCursor  text1        00E60
__end_of_strcat                text26       00EC3
__end_of_strcpy                text28       00F53
__end_of_strlen                text27       00F2E
__end_of_waitLCDBusy           text18       00FCF
__end_of_writeInsChk           text10       00E3F
__end_of_writeInsNoChk         text11       00E8C
__end_of_writeTxtChk           text16       0051D
__end_ofi1_Add_Trace           text30       007C9
__end_ofi1_strcat              text31       00EA5
__end_ofi1_strcpy              text33       00F0A
__end_ofi1_strlen              text32       00EE6
__initialization               cinit        000DB
__pbssBANK0                    bssBANK0     00042
__pbssBANK1                    bssBANK1     000A0
__pbssBANK2                    bssBANK2     00152
__pbssBANK3                    bssBANK3     001A0
__pcstackBANK0                 cstackBANK0  00020
__pcstackBANK1                 cstackBANK1  000B4
__pcstackBANK2                 cstackBANK2  00120
__pcstackCOMMON                cstackCOMMON 00070
__pdataBANK1                   dataBANK1    000C4
__pidataBANK1                  idataBANK1   00E11
__pintentry                    intentry     00004
__pmaintext                    maintext     00110
__pstringtext1                 stringtext1  01000
__pstringtext2                 stringtext2  01010
__pstringtext3                 stringtext3  01020
__pstringtext4                 stringtext4  01030
__pstringtext5                 stringtext5  01040
__pstringtext6                 stringtext6  0104C
__pstringtext7                 stringtext7  01055
__pstringtext8                 stringtext8  0105C
__pstringtext9                 stringtext9  00000
__ptext1                       text1        00E55
__ptext10                      text10       00E34
__ptext11                      text11       00E74
__ptext12                      text12       00E60
__ptext13                      text13       00F53
__ptext14                      text14       007C9
__ptext15                      text15       00FCF
__ptext16                      text16       00486
__ptext17                      text17       0058E
__ptext18                      text18       00FA2
__ptext19                      text19       00E20
__ptext2                       text2        00E4A
__ptext20                      text20       00753
__ptext21                      text21       00E1A
__ptext22                      text22       00F79
__ptext23                      text23       003B5
__ptext24                      text24       0063E
__ptext25                      text25       0068A
__ptext26                      text26       00EA5
__ptext27                      text27       00F0A
__ptext28                      text28       00F2E
__ptext3                       text3        0051D
__ptext30                      text30       0078F
__ptext31                      text31       00E8C
__ptext32                      text32       00EC3
__ptext33                      text33       00EE6
__ptext4                       text4        00717
__ptext5                       text5        006D3
__ptext6                       text6        00E3F
__ptext7                       text7        00E2C
__ptext8                       text8        005EE
__ptext9                       text9        00E15
__size_of_Add_Trace            (abs)        00000
__size_of_Debounce             (abs)        00000
__size_of_GetTemp              (abs)        00000
__size_of_PrintLog             (abs)        00000
__size_of_SetToGetTemp         (abs)        00000
__size_of_SetToReadDataFromLCD (abs)        00000
__size_of_SetToSendDataToLCD   (abs)        00000
__size_of_WakeTemp             (abs)        00000
__size_of___lwdiv              (abs)        00000
__size_of___lwmod              (abs)        00000
__size_of_clearDisplay         (abs)        00000
__size_of_initLCD              (abs)        00000
__size_of_lcdWriteText         (abs)        00000
__size_of_main                 (abs)        00000
__size_of_memset               (abs)        00000
__size_of_moveCursorToHome     (abs)        00000
__size_of_myint                (abs)        00000
__size_of_powerOnLcd           (abs)        00000
__size_of_printEM1812          (abs)        00000
__size_of_setCursorOff         (abs)        00000
__size_of_setCursorPosition    (abs)        00000
__size_of_setData              (abs)        00000
__size_of_setNotBlinkingCursor (abs)        00000
__size_of_strcat               (abs)        00000
__size_of_strcpy               (abs)        00000
__size_of_strlen               (abs)        00000
__size_of_waitLCDBusy          (abs)        00000
__size_of_writeInsChk          (abs)        00000
__size_of_writeInsNoChk        (abs)        00000
__size_of_writeTxtChk          (abs)        00000
__size_ofi1_Add_Trace          (abs)        00000
__size_ofi1_strcat             (abs)        00000
__size_ofi1_strcpy             (abs)        00000
__size_ofi1_strlen             (abs)        00000
_clearDisplay                  text9        00E15
_initLCD                       text8        005EE
_lcdWriteText                  text15       00FCF
_mCursorDisplayShiftReg        bssBANK0     0005E
_mDisplayOnOffReg              bssBANK0     0005F
_mWritingPosition              bssBANK0     0005D
_main                          maintext     00110
_memset                        text23       003B5
_moveCursorToHome              text7        00E2C
_myint                         intentry     00004
_powerOnLcd                    text6        00E3F
_printEM1812                   text3        0051D
_setCursorOff                  text2        00E4A
_setCursorPosition             text17       0058E
_setData                       text20       00753
_setNotBlinkingCursor          text1        00E55
_strcat                        text26       00EA5
_strcpy                        text28       00F2E
_strlen                        text27       00F0A
_wI2CRxBufferSize              bssBANK0     0005A
_wI2CTxBuffer                  bssBANK1     000A0
_wI2CTxBufferSize              bssBANK0     0005B
_wI2CTxSendPos                 bssBANK0     00059
_wInterruptText                bssBANK3     001A0
_wReceptionBuffer              bssBANK2     00152
_wReceptionBufferPosition      bssBANK0     0005C
_waitLCDBusy                   text18       00FA2
_writeInsChk                   text10       00E34
_writeInsNoChk                 text11       00E74
_writeTxtChk                   text16       00486
btemp                          (abs)        0007E
clear_ram0                     clrtext      00E26
end_of_initialization          cinit        0010C
i1Add_Trace@iSizeOfoText       cstackBANK0  00025
i1Add_Trace@iText              cstackBANK0  00026
i1Add_Trace@oText              cstackBANK0  0002E
i1_Add_Trace                   text30       0078F
i1_strcat                      text31       00E8C
i1_strcpy                      text33       00EE6
i1_strlen                      text32       00EC3
i1strcat@dest                  cstackBANK0  00024
i1strcat@src                   cstackBANK0  00020
i1strcpy@d                     cstackCOMMON 0007D
i1strcpy@dest                  cstackCOMMON 0007C
i1strcpy@s                     cstackCOMMON 0007A
i1strcpy@src                   cstackCOMMON 00076
i1strlen@a                     cstackCOMMON 00074
i1strlen@s                     cstackCOMMON 00070
int$flags                      (abs)        0007E
intlevel0                      functab      00000
intlevel1                      functab      00000
intlevel2                      functab      00000
intlevel3                      functab      00000
intlevel4                      functab      00000
intlevel5                      functab      00000
lcdWriteText@iText             cstackBANK0  0003D
lcdWriteText@wCharReadingPos   cstackBANK1  000B4
main@F2238                     dataBANK1    000C4
main@wConv                     cstackBANK2  00136
main@wCounter                  cstackBANK2  0014D
main@wDebounceDown             cstackBANK2  0014B
main@wDebounceEnter            cstackBANK2  00147
main@wDebounceUp               cstackBANK2  00149
main@wDownBottonPressed        cstackBANK2  00150
main@wEnterBottonPressed       cstackBANK2  00144
main@wHumidity                 cstackBANK2  00145
main@wHumidityPrev             cstackBANK2  0013A
main@wIterationCounter         cstackBANK2  0013D
main@wMenu                     cstackBANK2  00151
main@wMenuPrev                 cstackBANK2  0013C
main@wReadout                  cstackBANK2  00120
main@wTemp                     cstackBANK2  00134
main@wTempUpdate               cstackBANK2  0013F
main@wTemperature              cstackBANK2  00140
main@wTemperaturePrev          cstackBANK2  00142
main@wUpBottonPressed          cstackBANK2  0014F
memset@c                       cstackBANK0  00032
memset@dest                    cstackBANK0  00030
memset@k                       cstackBANK0  0003A
memset@n                       cstackBANK0  00034
memset@s                       cstackBANK0  0003C
printEM1812@oTextOut           cstackBANK0  0003A
printEM1812@wDecimal           cstackBANK0  0003E
printEM1812@wTen               cstackBANK0  0003C
printEM1812@wUnity             cstackBANK0  0003D
printEM1812@wVariable          cstackBANK0  00038
reset_vec                      reset_vec    00000
setCursorPosition@iLine        cstackBANK0  00038
setCursorPosition@iPosition    cstackBANK0  00035
setCursorPosition@wLCDIndex    cstackBANK0  00039
setData@iValue                 cstackBANK0  00032
stackhi                        (abs)        023EF
stacklo                        (abs)        0213B
start                          init         000D9
start_initialization           cinit        000DB
strcat@dest                    cstackBANK1  000B4
strcat@src                     cstackBANK0  0003E
strcpy@d                       cstackBANK0  0003C
strcpy@dest                    cstackBANK0  0003D
strcpy@s                       cstackBANK0  0003A
strcpy@src                     cstackBANK0  00036
strlen@a                       cstackBANK0  00034
strlen@s                       cstackBANK0  00030
waitLCDBusy@busyFlag           cstackBANK0  00033
writeInsChk@iOpCode            cstackBANK0  00035
writeInsNoChk@iOpCode          cstackBANK0  00034
writeTxtChk@iOpCode            cstackBANK0  0003C
wtemp0                         (abs)        0007E


FUNCTION INFORMATION:

 *************** function _main *****************
 Defined at:
		line 164 in file "161518_temp_main.c"
 Parameters:    Size  Location     Type
		None
 Auto vars:     Size  Location     Type
  wReadout       20    0[BANK2 ] unsigned char [20]
  wConv           4   22[BANK2 ] unsigned char [4]
  wCounter        2   45[BANK2 ] int 
  wDebounceDow    2   43[BANK2 ] unsigned short 
  wDebounceUp     2   41[BANK2 ] unsigned short 
  wDebounceEnt    2   39[BANK2 ] unsigned short 
  wHumidity       2   37[BANK2 ] short 
  wTemperature    2   34[BANK2 ] short 
  wTemperature    2   32[BANK2 ] short 
  wIterationCo    2   29[BANK2 ] unsigned short 
  wHumidityPre    2   26[BANK2 ] short 
  wTemp           2   20[BANK2 ] int 
  wMenu           1   49[BANK2 ] unsigned char 
  wDownBottonP    1   48[BANK2 ] unsigned char 
  wUpBottonPre    1   47[BANK2 ] unsigned char 
  wEnterBotton    1   36[BANK2 ] unsigned char 
  wTempUpdate     1   31[BANK2 ] unsigned char 
  wMenuPrev       1   28[BANK2 ] unsigned char 
 Return value:  Size  Location     Type
                  1    wreg      void 
 Registers used:
		wreg, fsr0l, fsr0h, fsr1l, fsr1h, status,2, status,0, pclath, cstack
 Tracked objects:
		On entry : 
		On exit  : 
		Unchanged: 
 Data sizes:     COMMON   BANK0   BANK1   BANK2   BANK3   BANK4   BANK5   BANK6   BANK7   BANK8   BANK9  BANK10  BANK11  BANK12
      Params:         0       0       0       0       0       0       0       0       0       0       0       0       0       0
      Locals:         0       0       0      50       0       0       0       0       0       0       0       0       0       0
      Temps:          0       0       5       0       0       0       0       0       0       0       0       0       0       0
      Totals:         0       0       5      50       0       0       0       0       0       0       0       0       0       0
Total ram usage:       55 bytes
 Hardware stack levels required when called:   10
 This function calls:
		_Add_Trace
		_Debounce
		_GetTemp
		_PrintLog
		_SetToGetTemp
		_WakeTemp
		_clearDisplay
		_initLCD
		_lcdWriteText
		_memset
		_moveCursorToHome
		_powerOnLcd
		_printEM1812
		_setCursorOff
		_setCursorPosition
		_setNotBlinkingCursor
 This function is called by:
		Startup code after reset
 This function uses a non-reentrant model


 *************** function _setNotBlinkingCursor *****************
 Defined at:
		line 198 in file "LCD_hd44780u_qy_2004a.c"
 Parameters:    Size  Location     Type
		None
 Auto vars:     Size  Location     Type
		None
 Return value:  Size  Location     Type
                  1    wreg      void 
 Registers used:
		wreg, status,2, status,0, pclath, cstack
 Tracked objects:
		On entry : 
		On exit  : 
		Unchanged: 
 Data sizes:     COMMON   BANK0   BANK1   BANK2   BANK3   BANK4   BANK5   BANK6   BANK7   BANK8   BANK9  BANK10  BANK11  BANK12
      Params:         0       0       0       0       0       0       0       0       0       0       0       0       0       0
      Locals:         0       0       0       0       0       0       0       0       0       0       0       0       0       0
      Temps:          0       1       0       0       0       0       0       0       0       0       0       0       0       0
      Totals:         0       1       0       0       0       0       0       0       0       0       0       0       0       0
Total ram usage:        1 bytes
 Hardware stack levels used:    1
 Hardware stack levels required when called:    7
 This function calls:
		_writeInsChk
 This function is called by:
		_main
 This function uses a non-reentrant model


 *************** function _setCursorOff *****************
 Defined at:
		line 203 in file "LCD_hd44780u_qy_2004a.c"
 Parameters:    Size  Location     Type
		None
 Auto vars:     Size  Location     Type
		None
 Return value:  Size  Location     Type
                  1    wreg      void 
 Registers used:
		wreg, status,2, status,0, pclath, cstack
 Tracked objects:
		On entry : 
		On exit  : 
		Unchanged: 
 Data sizes:     COMMON   BANK0   BANK1   BANK2   BANK3   BANK4   BANK5   BANK6   BANK7   BANK8   BANK9  BANK10  BANK11  BANK12
      Params:         0       0       0       0       0       0       0       0       0       0       0       0       0       0
      Locals:         0       0       0       0       0       0       0       0       0       0       0       0       0       0
      Temps:          0       1       0       0       0       0       0       0       0       0       0       0       0       0
      Totals:         0       1       0       0       0       0       0       0       0       0       0       0       0       0
Total ram usage:        1 bytes
 Hardware stack levels used:    1
 Hardware stack levels required when called:    7
 This function calls:
		_writeInsChk
 This function is called by:
		_main
 This function uses a non-reentrant model


 *************** function _printEM1812 *****************
 Defined at:
		line 119 in file "161518_temp_main.c"
 Parameters:    Size  Location     Type
  wVariable       2   24[BANK0 ] unsigned short 
  oTextOut        1   26[BANK0 ] PTR unsigned char 
		 -> main@wReadout(20), 
 Auto vars:     Size  Location     Type
  QWE            20    0        unsigned char [20]
  wDecimal        1   30[BANK0 ] unsigned char 
  wUnity          1   29[BANK0 ] unsigned char 
  wTen            1   28[BANK0 ] unsigned char 
 Return value:  Size  Location     Type
                  1    wreg      void 
 Registers used:
		wreg, fsr1l, fsr1h, status,2, status,0, pclath, cstack
 Tracked objects:
		On entry : 
		On exit  : 
		Unchanged: 
 Data sizes:     COMMON   BANK0   BANK1   BANK2   BANK3   BANK4   BANK5   BANK6   BANK7   BANK8   BANK9  BANK10  BANK11  BANK12
      Params:         0       3       0       0       0       0       0       0       0       0       0       0       0       0
      Locals:         0       3       0       0       0       0       0       0       0       0       0       0       0       0
      Temps:          0       1       0       0       0       0       0       0       0       0       0       0       0       0
      Totals:         0       7       0       0       0       0       0       0       0       0       0       0       0       0
Total ram usage:        7 bytes
 Hardware stack levels used:    1
 Hardware stack levels required when called:    5
 This function calls:
		___lwdiv
		___lwmod
 This function is called by:
		_main
 This function uses a non-reentrant model


 *************** function ___lwmod *****************
 Defined at:
		line 5 in file "C:\Program Files (x86)\Microchip\xc8\v2.00\pic\sources\c99\common\lwmod.c"
 Parameters:    Size  Location     Type
  divisor         2   16[BANK0 ] unsigned int 
  dividend        2   18[BANK0 ] unsigned int 
 Auto vars:     Size  Location     Type
  counter         1   21[BANK0 ] unsigned char 
 Return value:  Size  Location     Type
                  2   16[BANK0 ] unsigned int 
 Registers used:
		wreg, status,2, status,0
 Tracked objects:
		On entry : 
		On exit  : 
		Unchanged: 
 Data sizes:     COMMON   BANK0   BANK1   BANK2   BANK3   BANK4   BANK5   BANK6   BANK7   BANK8   BANK9  BANK10  BANK11  BANK12
      Params:         0       4       0       0       0       0       0       0       0       0       0       0       0       0
      Locals:         0       1       0       0       0       0       0       0       0       0       0       0       0       0
      Temps:          0       1       0       0       0       0       0       0       0       0       0       0       0       0
      Totals:         0       6       0       0       0       0       0       0       0       0       0       0       0       0
Total ram usage:        6 bytes
 Hardware stack levels used:    1
 Hardware stack levels required when called:    4
 This function calls:
		Nothing
 This function is called by:
		_printEM1812
 This function uses a non-reentrant model


 *************** function ___lwdiv *****************
 Defined at:
		line 5 in file "C:\Program Files (x86)\Microchip\xc8\v2.00\pic\sources\c99\common\lwdiv.c"
 Parameters:    Size  Location     Type
  divisor         2   16[BANK0 ] unsigned int 
  dividend        2   18[BANK0 ] unsigned int 
 Auto vars:     Size  Location     Type
  quotient        2   22[BANK0 ] unsigned int 
  counter         1   21[BANK0 ] unsigned char 
 Return value:  Size  Location     Type
                  2   16[BANK0 ] unsigned int 
 Registers used:
		wreg, status,2, status,0
 Tracked objects:
		On entry : 
		On exit  : 
		Unchanged: 
 Data sizes:     COMMON   BANK0   BANK1   BANK2   BANK3   BANK4   BANK5   BANK6   BANK7   BANK8   BANK9  BANK10  BANK11  BANK12
      Params:         0       4       0       0       0       0       0       0       0       0       0       0       0       0
      Locals:         0       3       0       0       0       0       0       0       0       0       0       0       0       0
      Temps:          0       1       0       0       0       0       0       0       0       0       0       0       0       0
      Totals:         0       8       0       0       0       0       0       0       0       0       0       0       0       0
Total ram usage:        8 bytes
 Hardware stack levels used:    1
 Hardware stack levels required when called:    4
 This function calls:
		Nothing
 This function is called by:
		_printEM1812
 This function uses a non-reentrant model


 *************** function _powerOnLcd *****************
 Defined at:
		line 188 in file "LCD_hd44780u_qy_2004a.c"
 Parameters:    Size  Location     Type
		None
 Auto vars:     Size  Location     Type
		None
 Return value:  Size  Location     Type
                  1    wreg      void 
 Registers used:
		wreg, status,2, status,0, pclath, cstack
 Tracked objects:
		On entry : 
		On exit  : 
		Unchanged: 
 Data sizes:     COMMON   BANK0   BANK1   BANK2   BANK3   BANK4   BANK5   BANK6   BANK7   BANK8   BANK9  BANK10  BANK11  BANK12
      Params:         0       0       0       0       0       0       0       0       0       0       0       0       0       0
      Locals:         0       0       0       0       0       0       0       0       0       0       0       0       0       0
      Temps:          0       1       0       0       0       0       0       0       0       0       0       0       0       0
      Totals:         0       1       0       0       0       0       0       0       0       0       0       0       0       0
Total ram usage:        1 bytes
 Hardware stack levels used:    1
 Hardware stack levels required when called:    7
 This function calls:
		_writeInsChk
 This function is called by:
		_main
 This function uses a non-reentrant model


 *************** function _moveCursorToHome *****************
 Defined at:
		line 249 in file "LCD_hd44780u_qy_2004a.c"
 Parameters:    Size  Location     Type
		None
 Auto vars:     Size  Location     Type
		None
 Return value:  Size  Location     Type
                  1    wreg      void 
 Registers used:
		wreg, status,2, status,0, pclath, cstack
 Tracked objects:
		On entry : 
		On exit  : 
		Unchanged: 
 Data sizes:     COMMON   BANK0   BANK1   BANK2   BANK3   BANK4   BANK5   BANK6   BANK7   BANK8   BANK9  BANK10  BANK11  BANK12
      Params:         0       0       0       0       0       0       0       0       0       0       0       0       0       0
      Locals:         0       0       0       0       0       0       0       0       0       0       0       0       0       0
      Temps:          0       0       0       0       0       0       0       0       0       0       0       0       0       0
      Totals:         0       0       0       0       0       0       0       0       0       0       0       0       0       0
Total ram usage:        0 bytes
 Hardware stack levels used:    1
 Hardware stack levels required when called:    7
 This function calls:
		_writeInsChk
 This function is called by:
		_main
 This function uses a non-reentrant model


 *************** function _initLCD *****************
 Defined at:
		line 10 in file "LCD_hd44780u_qy_2004a.c"
 Parameters:    Size  Location     Type
		None
 Auto vars:     Size  Location     Type
		None
 Return value:  Size  Location     Type
                  1    wreg      void 
 Registers used:
		wreg, status,2, status,0, pclath, cstack
 Tracked objects:
		On entry : 
		On exit  : 
		Unchanged: 
 Data sizes:     COMMON   BANK0   BANK1   BANK2   BANK3   BANK4   BANK5   BANK6   BANK7   BANK8   BANK9  BANK10  BANK11  BANK12
      Params:         0       0       0       0       0       0       0       0       0       0       0       0       0       0
      Locals:         0       0       0       0       0       0       0       0       0       0       0       0       0       0
      Temps:          0       1       0       0       0       0       0       0       0       0       0       0       0       0
      Totals:         0       1       0       0       0       0       0       0       0       0       0       0       0       0
Total ram usage:        1 bytes
 Hardware stack levels used:    1
 Hardware stack levels required when called:    8
 This function calls:
		_clearDisplay
		_setData
		_writeInsChk
 This function is called by:
		_main
 This function uses a non-reentrant model


 *************** function _clearDisplay *****************
 Defined at:
		line 245 in file "LCD_hd44780u_qy_2004a.c"
 Parameters:    Size  Location     Type
		None
 Auto vars:     Size  Location     Type
		None
 Return value:  Size  Location     Type
                  1    wreg      void 
 Registers used:
		wreg, status,2, status,0, pclath, cstack
 Tracked objects:
		On entry : 
		On exit  : 
		Unchanged: 
 Data sizes:     COMMON   BANK0   BANK1   BANK2   BANK3   BANK4   BANK5   BANK6   BANK7   BANK8   BANK9  BANK10  BANK11  BANK12
      Params:         0       0       0       0       0       0       0       0       0       0       0       0       0       0
      Locals:         0       0       0       0       0       0       0       0       0       0       0       0       0       0
      Temps:          0       0       0       0       0       0       0       0       0       0       0       0       0       0
      Totals:         0       0       0       0       0       0       0       0       0       0       0       0       0       0
Total ram usage:        0 bytes
 Hardware stack levels used:    1
 Hardware stack levels required when called:    7
 This function calls:
		_writeInsChk
 This function is called by:
		_main
		_initLCD
 This function uses a non-reentrant model


 *************** function _writeInsChk *****************
 Defined at:
		line 132 in file "LCD_hd44780u_qy_2004a.c"
 Parameters:    Size  Location     Type
  iOpCode         1    wreg     unsigned char 
 Auto vars:     Size  Location     Type
  iOpCode         1   21[BANK0 ] unsigned char 
 Return value:  Size  Location     Type
                  1    wreg      void 
 Registers used:
		wreg, status,2, status,0, pclath, cstack
 Tracked objects:
		On entry : 
		On exit  : 
		Unchanged: 
 Data sizes:     COMMON   BANK0   BANK1   BANK2   BANK3   BANK4   BANK5   BANK6   BANK7   BANK8   BANK9  BANK10  BANK11  BANK12
      Params:         0       0       0       0       0       0       0       0       0       0       0       0       0       0
      Locals:         0       1       0       0       0       0       0       0       0       0       0       0       0       0
      Temps:          0       0       0       0       0       0       0       0       0       0       0       0       0       0
      Totals:         0       1       0       0       0       0       0       0       0       0       0       0       0       0
Total ram usage:        1 bytes
 Hardware stack levels used:    1
 Hardware stack levels required when called:    6
 This function calls:
		_waitLCDBusy
		_writeInsNoChk
 This function is called by:
		_initLCD
		_powerOnLcd
		_setNotBlinkingCursor
		_setCursorOff
		_clearDisplay
		_moveCursorToHome
		_powerOffLcd
		_setBlinkingCursor
		_setCursorOn
		_setCursorMovingLeft
		_setCursorMovingRight
		_setDisplayMovingRight
		_setDisplayMovingLeft
		_moveCursorRight
		_moveCursorLeft
 This function uses a non-reentrant model


 *************** function _writeInsNoChk *****************
 Defined at:
		line 138 in file "LCD_hd44780u_qy_2004a.c"
 Parameters:    Size  Location     Type
  iOpCode         1    wreg     unsigned char 
 Auto vars:     Size  Location     Type
  iOpCode         1   20[BANK0 ] unsigned char 
 Return value:  Size  Location     Type
                  1    wreg      void 
 Registers used:
		wreg, status,2, status,0, pclath, cstack
 Tracked objects:
		On entry : 
		On exit  : 
		Unchanged: 
 Data sizes:     COMMON   BANK0   BANK1   BANK2   BANK3   BANK4   BANK5   BANK6   BANK7   BANK8   BANK9  BANK10  BANK11  BANK12
      Params:         0       0       0       0       0       0       0       0       0       0       0       0       0       0
      Locals:         0       1       0       0       0       0       0       0       0       0       0       0       0       0
      Temps:          0       1       0       0       0       0       0       0       0       0       0       0       0       0
      Totals:         0       2       0       0       0       0       0       0       0       0       0       0       0       0
Total ram usage:        2 bytes
 Hardware stack levels used:    1
 Hardware stack levels required when called:    5
 This function calls:
		_SetToSendDataToLCD
		_setData
 This function is called by:
		_writeInsChk
 This function uses a non-reentrant model


 *************** function _WakeTemp *****************
 Defined at:
		line 99 in file "161518_temp_main.c"
 Parameters:    Size  Location     Type
		None
 Auto vars:     Size  Location     Type
		None
 Return value:  Size  Location     Type
                  1    wreg      void 
 Registers used:
		wreg, status,2, status,0
 Tracked objects:
		On entry : 
		On exit  : 
		Unchanged: 
 Data sizes:     COMMON   BANK0   BANK1   BANK2   BANK3   BANK4   BANK5   BANK6   BANK7   BANK8   BANK9  BANK10  BANK11  BANK12
      Params:         0       0       0       0       0       0       0       0       0       0       0       0       0       0
      Locals:         0       0       0       0       0       0       0       0       0       0       0       0       0       0
      Temps:          0       1       0       0       0       0       0       0       0       0       0       0       0       0
      Totals:         0       1       0       0       0       0       0       0       0       0       0       0       0       0
Total ram usage:        1 bytes
 Hardware stack levels used:    1
 Hardware stack levels required when called:    4
 This function calls:
		Nothing
 This function is called by:
		_main
 This function uses a non-reentrant model


 *************** function _SetToGetTemp *****************
 Defined at:
		line 63 in file "161518_temp_main.c"
 Parameters:    Size  Location     Type
		None
 Auto vars:     Size  Location     Type
		None
 Return value:  Size  Location     Type
                  1    wreg      void 
 Registers used:
		wreg, status,2, status,0
 Tracked objects:
		On entry : 
		On exit  : 
		Unchanged: 
 Data sizes:     COMMON   BANK0   BANK1   BANK2   BANK3   BANK4   BANK5   BANK6   BANK7   BANK8   BANK9  BANK10  BANK11  BANK12
      Params:         0       0       0       0       0       0       0       0       0       0       0       0       0       0
      Locals:         0       0       0       0       0       0       0       0       0       0       0       0       0       0
      Temps:          0       1       0       0       0       0       0       0       0       0       0       0       0       0
      Totals:         0       1       0       0       0       0       0       0       0       0       0       0       0       0
Total ram usage:        1 bytes
 Hardware stack levels used:    1
 Hardware stack levels required when called:    4
 This function calls:
		Nothing
 This function is called by:
		_main
 This function uses a non-reentrant model


 *************** function _PrintLog *****************
 Defined at:
		line 109 in file "161518_temp_main.c"
 Parameters:    Size  Location     Type
  iText           1    wreg     PTR unsigned char 
		 -> wInterruptText(75), 
 Auto vars:     Size  Location     Type
  iText           1    4[BANK1 ] PTR unsigned char 
		 -> wInterruptText(75), 
  wInterruptTe    1    3[BANK1 ] unsigned char 
 Return value:  Size  Location     Type
                  1    wreg      void 
 Registers used:
		wreg, fsr0l, fsr0h, fsr1l, fsr1h, status,2, status,0, pclath, cstack
 Tracked objects:
		On entry : 
		On exit  : 
		Unchanged: 
 Data sizes:     COMMON   BANK0   BANK1   BANK2   BANK3   BANK4   BANK5   BANK6   BANK7   BANK8   BANK9  BANK10  BANK11  BANK12
      Params:         0       0       0       0       0       0       0       0       0       0       0       0       0       0
      Locals:         0       0       2       0       0       0       0       0       0       0       0       0       0       0
      Temps:          0       0       2       0       0       0       0       0       0       0       0       0       0       0
      Totals:         0       0       4       0       0       0       0       0       0       0       0       0       0       0
Total ram usage:        4 bytes
 Hardware stack levels used:    1
 Hardware stack levels required when called:    9
 This function calls:
		_lcdWriteText
		_memset
		_strlen
 This function is called by:
		_main
 This function uses a non-reentrant model


 *************** function _lcdWriteText *****************
 Defined at:
		line 41 in file "LCD_hd44780u_qy_2004a.c"
 Parameters:    Size  Location     Type
  iText           2   29[BANK0 ] PTR unsigned char 
		 -> STR_6(16), STR_5(16), STR_4(16), STR_3(16), 
		 -> main@wConv(4), wInterruptText(75), 
 Auto vars:     Size  Location     Type
  wCharReading    1    0[BANK1 ] unsigned char 
 Return value:  Size  Location     Type
                  1    wreg      void 
 Registers used:
		wreg, fsr0l, fsr0h, status,2, status,0, pclath, cstack
 Tracked objects:
		On entry : 
		On exit  : 
		Unchanged: 
 Data sizes:     COMMON   BANK0   BANK1   BANK2   BANK3   BANK4   BANK5   BANK6   BANK7   BANK8   BANK9  BANK10  BANK11  BANK12
      Params:         0       2       0       0       0       0       0       0       0       0       0       0       0       0
      Locals:         0       0       1       0       0       0       0       0       0       0       0       0       0       0
      Temps:          0       3       0       0       0       0       0       0       0       0       0       0       0       0
      Totals:         0       5       1       0       0       0       0       0       0       0       0       0       0       0
Total ram usage:        6 bytes
 Hardware stack levels used:    1
 Hardware stack levels required when called:    8
 This function calls:
		_writeTxtChk
 This function is called by:
		_PrintLog
		_main
 This function uses a non-reentrant model


 *************** function _writeTxtChk *****************
 Defined at:
		line 79 in file "LCD_hd44780u_qy_2004a.c"
 Parameters:    Size  Location     Type
  iOpCode         1    wreg     unsigned char 
 Auto vars:     Size  Location     Type
  iOpCode         1   28[BANK0 ] unsigned char 
 Return value:  Size  Location     Type
                  1    wreg      void 
 Registers used:
		wreg, fsr0l, fsr0h, status,2, status,0, pclath, cstack
 Tracked objects:
		On entry : 
		On exit  : 
		Unchanged: 
 Data sizes:     COMMON   BANK0   BANK1   BANK2   BANK3   BANK4   BANK5   BANK6   BANK7   BANK8   BANK9  BANK10  BANK11  BANK12
      Params:         0       0       0       0       0       0       0       0       0       0       0       0       0       0
      Locals:         0       1       0       0       0       0       0       0       0       0       0       0       0       0
      Temps:          0       2       0       0       0       0       0       0       0       0       0       0       0       0
      Totals:         0       3       0       0       0       0       0       0       0       0       0       0       0       0
Total ram usage:        3 bytes
 Hardware stack levels used:    1
 Hardware stack levels required when called:    7
 This function calls:
		_SetToSendDataToLCD
		_setCursorPosition
		_setData
		_waitLCDBusy
 This function is called by:
		_lcdWriteText
		_lcdWriteRotText
 This function uses a non-reentrant model


 *************** function _setCursorPosition *****************
 Defined at:
		line 254 in file "LCD_hd44780u_qy_2004a.c"
 Parameters:    Size  Location     Type
  iLine           1    wreg     unsigned char 
  iPosition       1   21[BANK0 ] unsigned char 
 Auto vars:     Size  Location     Type
  iLine           1   24[BANK0 ] unsigned char 
  wLCDIndex       1   25[BANK0 ] unsigned char 
 Return value:  Size  Location     Type
                  1    wreg      void 
 Registers used:
		wreg, fsr0l, fsr0h, status,2, status,0, pclath, cstack
 Tracked objects:
		On entry : 
		On exit  : 
		Unchanged: 
 Data sizes:     COMMON   BANK0   BANK1   BANK2   BANK3   BANK4   BANK5   BANK6   BANK7   BANK8   BANK9  BANK10  BANK11  BANK12
      Params:         0       1       0       0       0       0       0       0       0       0       0       0       0       0
      Locals:         0       2       0       0       0       0       0       0       0       0       0       0       0       0
      Temps:          0       2       0       0       0       0       0       0       0       0       0       0       0       0
      Totals:         0       5       0       0       0       0       0       0       0       0       0       0       0       0
Total ram usage:        5 bytes
 Hardware stack levels used:    1
 Hardware stack levels required when called:    6
 This function calls:
		_SetToSendDataToLCD
		_setData
		_waitLCDBusy
 This function is called by:
		_main
		_writeTxtChk
 This function uses a non-reentrant model


 *************** function _waitLCDBusy *****************
 Defined at:
		line 162 in file "LCD_hd44780u_qy_2004a.c"
 Parameters:    Size  Location     Type
		None
 Auto vars:     Size  Location     Type
  busyFlag        2   19[BANK0 ] int 
 Return value:  Size  Location     Type
                  1    wreg      void 
 Registers used:
		wreg, status,2, status,0, pclath, cstack
 Tracked objects:
		On entry : 
		On exit  : 
		Unchanged: 
 Data sizes:     COMMON   BANK0   BANK1   BANK2   BANK3   BANK4   BANK5   BANK6   BANK7   BANK8   BANK9  BANK10  BANK11  BANK12
      Params:         0       0       0       0       0       0       0       0       0       0       0       0       0       0
      Locals:         0       2       0       0       0       0       0       0       0       0       0       0       0       0
      Temps:          0       3       0       0       0       0       0       0       0       0       0       0       0       0
      Totals:         0       5       0       0       0       0       0       0       0       0       0       0       0       0
Total ram usage:        5 bytes
 Hardware stack levels used:    1
 Hardware stack levels required when called:    5
 This function calls:
		_SetToReadDataFromLCD
 This function is called by:
		_writeTxtChk
		_writeInsChk
		_setCursorPosition
 This function uses a non-reentrant model


 *************** function _SetToReadDataFromLCD *****************
 Defined at:
		line 147 in file "LCD_hd44780u_qy_2004a.c"
 Parameters:    Size  Location     Type
		None
 Auto vars:     Size  Location     Type
		None
 Return value:  Size  Location     Type
                  1    wreg      void 
 Registers used:
		None
 Tracked objects:
		On entry : 
		On exit  : 
		Unchanged: 
 Data sizes:     COMMON   BANK0   BANK1   BANK2   BANK3   BANK4   BANK5   BANK6   BANK7   BANK8   BANK9  BANK10  BANK11  BANK12
      Params:         0       0       0       0       0       0       0       0       0       0       0       0       0       0
      Locals:         0       0       0       0       0       0       0       0       0       0       0       0       0       0
      Temps:          0       0       0       0       0       0       0       0       0       0       0       0       0       0
      Totals:         0       0       0       0       0       0       0       0       0       0       0       0       0       0
Total ram usage:        0 bytes
 Hardware stack levels used:    1
 Hardware stack levels required when called:    4
 This function calls:
		Nothing
 This function is called by:
		_waitLCDBusy
 This function uses a non-reentrant model


 *************** function _setData *****************
 Defined at:
		line 67 in file "LCD_hd44780u_qy_2004a.c"
 Parameters:    Size  Location     Type
  iValue          1    wreg     unsigned char 
 Auto vars:     Size  Location     Type
  iValue          1   18[BANK0 ] unsigned char 
 Return value:  Size  Location     Type
                  1    wreg      void 
 Registers used:
		wreg, status,2, status,0
 Tracked objects:
		On entry : 
		On exit  : 
		Unchanged: 
 Data sizes:     COMMON   BANK0   BANK1   BANK2   BANK3   BANK4   BANK5   BANK6   BANK7   BANK8   BANK9  BANK10  BANK11  BANK12
      Params:         0       0       0       0       0       0       0       0       0       0       0       0       0       0
      Locals:         0       1       0       0       0       0       0       0       0       0       0       0       0       0
      Temps:          0       2       0       0       0       0       0       0       0       0       0       0       0       0
      Totals:         0       3       0       0       0       0       0       0       0       0       0       0       0       0
Total ram usage:        3 bytes
 Hardware stack levels used:    1
 Hardware stack levels required when called:    4
 This function calls:
		Nothing
 This function is called by:
		_initLCD
		_writeTxtChk
		_writeInsNoChk
		_setCursorPosition
 This function uses a non-reentrant model


 *************** function _SetToSendDataToLCD *****************
 Defined at:
		line 154 in file "LCD_hd44780u_qy_2004a.c"
 Parameters:    Size  Location     Type
		None
 Auto vars:     Size  Location     Type
		None
 Return value:  Size  Location     Type
                  1    wreg      void 
 Registers used:
		None
 Tracked objects:
		On entry : 
		On exit  : 
		Unchanged: 
 Data sizes:     COMMON   BANK0   BANK1   BANK2   BANK3   BANK4   BANK5   BANK6   BANK7   BANK8   BANK9  BANK10  BANK11  BANK12
[...]
      Locals:         0       4       0       0       0       0       0       0       0       0       0       0       0       0
      Temps:          0       4       0       0       0       0       0       0       0       0       0       0       0       0
      Totals:         0      14       0       0       0       0       0       0       0       0       0       0       0       0
Total ram usage:       14 bytes
 Hardware stack levels used:    1
 Hardware stack levels required when called:    4
 This function calls:
		Nothing
 This function is called by:
		_GetTemp
		_PrintLog
		_main
 This function uses a non-reentrant model


 *************** function _Debounce *****************
 Defined at:
		line 139 in file "161518_temp_main.c"
 Parameters:    Size  Location     Type
  iSwitch         1    wreg     unsigned char 
  ioTimer         1   16[BANK0 ] PTR unsigned short 
		 -> main@wDebounceDown(2), main@wDebounceUp(2), main@wDebounceEnter(2), 
  swPressed       1   17[BANK0 ] PTR unsigned char 
		 -> main@wEnterBottonPressed(1), main@wDownBottonPressed(1), main@wUpBottonPressed(1), 
 Auto vars:     Size  Location     Type
  iSwitch         1   20[BANK0 ] unsigned char 
 Return value:  Size  Location     Type
                  1    wreg      void 
 Registers used:
		wreg, fsr1l, fsr1h, status,2, status,0
 Tracked objects:
		On entry : 
		On exit  : 
		Unchanged: 
 Data sizes:     COMMON   BANK0   BANK1   BANK2   BANK3   BANK4   BANK5   BANK6   BANK7   BANK8   BANK9  BANK10  BANK11  BANK12
      Params:         0       2       0       0       0       0       0       0       0       0       0       0       0       0
      Locals:         0       1       0       0       0       0       0       0       0       0       0       0       0       0
      Temps:          0       2       0       0       0       0       0       0       0       0       0       0       0       0
      Totals:         0       5       0       0       0       0       0       0       0       0       0       0       0       0
Total ram usage:        5 bytes
 Hardware stack levels used:    1
 Hardware stack levels required when called:    4
 This function calls:
		Nothing
 This function is called by:
		_main
 This function uses a non-reentrant model


 *************** function _Add_Trace *****************
 Defined at:
		line 78 in file "161518_temp_main.c"
 Parameters:    Size  Location     Type
  oText           1    wreg     PTR unsigned char 
		 -> wInterruptText(75), 
  iSizeOfoText    1    1[BANK1 ] unsigned char 
  iText           2    2[BANK1 ] PTR unsigned char 
		 -> STR_8(7), STR_7(4), STR_2(9), STR_1(12), 
		 -> main@wReadout(20), 
 Auto vars:     Size  Location     Type
  oText           1   10[BANK1 ] PTR unsigned char 
		 -> wInterruptText(75), 
 Return value:  Size  Location     Type
                  1    wreg      void 
 Registers used:
		wreg, fsr0l, fsr0h, fsr1l, fsr1h, status,2, status,0, pclath, cstack
 Tracked objects:
		On entry : 
		On exit  : 
		Unchanged: 
 Data sizes:     COMMON   BANK0   BANK1   BANK2   BANK3   BANK4   BANK5   BANK6   BANK7   BANK8   BANK9  BANK10  BANK11  BANK12
      Params:         0       0       3       0       0       0       0       0       0       0       0       0       0       0
      Locals:         0       0       1       0       0       0       0       0       0       0       0       0       0       0
      Temps:          0       0       6       0       0       0       0       0       0       0       0       0       0       0
      Totals:         0       0      10       0       0       0       0       0       0       0       0       0       0       0
Total ram usage:       10 bytes
 Hardware stack levels used:    1
 Hardware stack levels required when called:    6
 This function calls:
		_strcat
		_strlen
 This function is called by:
		_main
 This function uses a non-reentrant model


 *************** function _strcat *****************
 Defined at:
		line 3 in file "C:\Program Files (x86)\Microchip\xc8\v2.00\pic\sources\c99\common\strcat.c"
 Parameters:    Size  Location     Type
  dest            1    wreg     PTR unsigned char 
		 -> wInterruptText(75), 
  src             2   30[BANK0 ] PTR const unsigned char 
		 -> STR_8(7), STR_7(4), STR_2(9), STR_1(12), 
		 -> main@wReadout(20), 
 Auto vars:     Size  Location     Type
  dest            1    0[BANK1 ] PTR unsigned char 
		 -> wInterruptText(75), 
 Return value:  Size  Location     Type
                  1    wreg      PTR unsigned char 
 Registers used:
		wreg, fsr0l, fsr0h, fsr1l, fsr1h, status,2, status,0, pclath, cstack
 Tracked objects:
		On entry : 
		On exit  : 
		Unchanged: 
 Data sizes:     COMMON   BANK0   BANK1   BANK2   BANK3   BANK4   BANK5   BANK6   BANK7   BANK8   BANK9  BANK10  BANK11  BANK12
      Params:         0       2       0       0       0       0       0       0       0       0       0       0       0       0
      Locals:         0       0       1       0       0       0       0       0       0       0       0       0       0       0
      Temps:          0       2       0       0       0       0       0       0       0       0       0       0       0       0
      Totals:         0       4       1       0       0       0       0       0       0       0       0       0       0       0
Total ram usage:        5 bytes
 Hardware stack levels used:    1
 Hardware stack levels required when called:    5
 This function calls:
		_strcpy
		_strlen
 This function is called by:
		_Add_Trace
 This function uses a non-reentrant model


 *************** function _strlen *****************
 Defined at:
		line 12 in file "C:\Program Files (x86)\Microchip\xc8\v2.00\pic\sources\c99\common\strlen.c"
 Parameters:    Size  Location     Type
  s               2   16[BANK0 ] PTR const unsigned char 
		 -> STR_8(7), STR_7(4), STR_2(9), STR_1(12), 
		 -> main@wReadout(20), wInterruptText(75), 
 Auto vars:     Size  Location     Type
  a               2   20[BANK0 ] PTR const unsigned char 
		 -> STR_8(7), STR_7(4), STR_2(9), STR_1(12), 
		 -> main@wReadout(20), wInterruptText(75), 
 Return value:  Size  Location     Type
                  2   16[BANK0 ] unsigned int 
 Registers used:
		wreg, fsr0l, fsr0h, status,2, status,0
 Tracked objects:
		On entry : 
		On exit  : 
		Unchanged: 
 Data sizes:     COMMON   BANK0   BANK1   BANK2   BANK3   BANK4   BANK5   BANK6   BANK7   BANK8   BANK9  BANK10  BANK11  BANK12
      Params:         0       2       0       0       0       0       0       0       0       0       0       0       0       0
      Locals:         0       2       0       0       0       0       0       0       0       0       0       0       0       0
      Temps:          0       2       0       0       0       0       0       0       0       0       0       0       0       0
      Totals:         0       6       0       0       0       0       0       0       0       0       0       0       0       0
Total ram usage:        6 bytes
 Hardware stack levels used:    1
 Hardware stack levels required when called:    4
 This function calls:
		Nothing
 This function is called by:
		_Add_Trace
		_PrintLog
		_strcat
 This function uses a non-reentrant model


 *************** function _strcpy *****************
 Defined at:
		line 7 in file "C:\Program Files (x86)\Microchip\xc8\v2.00\pic\sources\c99\common\strcpy.c"
 Parameters:    Size  Location     Type
  dest            1    wreg     PTR unsigned char 
		 -> wInterruptText(75), 
  src             2   22[BANK0 ] PTR const unsigned char 
		 -> STR_8(7), STR_7(4), STR_2(9), STR_1(12), 
		 -> main@wReadout(20), 
 Auto vars:     Size  Location     Type
  dest            1   29[BANK0 ] PTR unsigned char 
		 -> wInterruptText(75), 
  s               2   26[BANK0 ] PTR const unsigned char 
		 -> STR_8(7), STR_7(4), STR_2(9), STR_1(12), 
		 -> main@wReadout(20), 
  d               1   28[BANK0 ] PTR unsigned char 
		 -> wInterruptText(75), 
 Return value:  Size  Location     Type
                  1    wreg      PTR unsigned char 
 Registers used:
		wreg, fsr0l, fsr0h, fsr1l, fsr1h, status,2, status,0, pclath
 Tracked objects:
		On entry : 
		On exit  : 
		Unchanged: 
 Data sizes:     COMMON   BANK0   BANK1   BANK2   BANK3   BANK4   BANK5   BANK6   BANK7   BANK8   BANK9  BANK10  BANK11  BANK12
      Params:         0       2       0       0       0       0       0       0       0       0       0       0       0       0
      Locals:         0       4       0       0       0       0       0       0       0       0       0       0       0       0
      Temps:          0       2       0       0       0       0       0       0       0       0       0       0       0       0
      Totals:         0       8       0       0       0       0       0       0       0       0       0       0       0       0
Total ram usage:        8 bytes
 Hardware stack levels used:    1
 Hardware stack levels required when called:    4
 This function calls:
		Nothing
 This function is called by:
		_strcat
 This function uses a non-reentrant model


 *************** function _myint *****************
 Defined at:
		line 378 in file "161518_temp_main.c"
 Parameters:    Size  Location     Type
		None
 Auto vars:     Size  Location     Type
		None
 Return value:  Size  Location     Type
                  1    wreg      void 
 Registers used:
		wreg, fsr0l, fsr0h, fsr1l, fsr1h, status,2, status,0, pclath, cstack
 Tracked objects:
		On entry : 
		On exit  : 
		Unchanged: 
 Data sizes:     COMMON   BANK0   BANK1   BANK2   BANK3   BANK4   BANK5   BANK6   BANK7   BANK8   BANK9  BANK10  BANK11  BANK12
      Params:         0       0       0       0       0       0       0       0       0       0       0       0       0       0
      Locals:         0       0       0       0       0       0       0       0       0       0       0       0       0       0
      Temps:          0       1       0       0       0       0       0       0       0       0       0       0       0       0
      Totals:         0       1       0       0       0       0       0       0       0       0       0       0       0       0
Total ram usage:        1 bytes
 Hardware stack levels used:    1
 Hardware stack levels required when called:    3
 This function calls:
		i1_Add_Trace
 This function is called by:
		Interrupt level 1
 This function uses a non-reentrant model


 *************** function i1_Add_Trace *****************
 Defined at:
		line 78 in file "161518_temp_main.c"
 Parameters:    Size  Location     Type
  oText           1    wreg     PTR unsigned char 
		 -> wInterruptText(75), 
  iSizeOfoText    1    5[BANK0 ] unsigned char 
  iText           2    6[BANK0 ] PTR unsigned char 
		 -> STR_8(7), STR_7(4), STR_2(9), STR_1(12), 
		 -> main@wReadout(20), 
 Auto vars:     Size  Location     Type
  oText           1   14[BANK0 ] PTR unsigned char 
		 -> wInterruptText(75), 
 Return value:  Size  Location     Type
                  1    wreg      void 
 Registers used:
		wreg, fsr0l, fsr0h, fsr1l, fsr1h, status,2, status,0, pclath, cstack
 Tracked objects:
		On entry : 
		On exit  : 
		Unchanged: 
 Data sizes:     COMMON   BANK0   BANK1   BANK2   BANK3   BANK4   BANK5   BANK6   BANK7   BANK8   BANK9  BANK10  BANK11  BANK12
      Params:         0       3       0       0       0       0       0       0       0       0       0       0       0       0
      Locals:         0       1       0       0       0       0       0       0       0       0       0       0       0       0
      Temps:          0       6       0       0       0       0       0       0       0       0       0       0       0       0
      Totals:         0      10       0       0       0       0       0       0       0       0       0       0       0       0
Total ram usage:       10 bytes
 Hardware stack levels used:    1
 Hardware stack levels required when called:    2
 This function calls:
		i1_strcat
		i1_strlen
 This function is called by:
		_myint
 This function uses a non-reentrant model


 *************** function i1_strcat *****************
 Defined at:
		line 3 in file "C:\Program Files (x86)\Microchip\xc8\v2.00\pic\sources\c99\common\strcat.c"
 Parameters:    Size  Location     Type
  dest            1    wreg     PTR unsigned char 
		 -> wInterruptText(75), 
  src             2    0[BANK0 ] PTR const unsigned char 
		 -> STR_8(7), STR_7(4), STR_2(9), STR_1(12), 
		 -> main@wReadout(20), 
 Auto vars:     Size  Location     Type
  dest            1    4[BANK0 ] PTR unsigned char 
		 -> wInterruptText(75), 
 Return value:  Size  Location     Type
                  1    wreg      PTR unsigned char 
 Registers used:
		wreg, fsr0l, fsr0h, fsr1l, fsr1h, status,2, status,0, pclath, cstack
 Tracked objects:
		On entry : 
		On exit  : 
		Unchanged: 
 Data sizes:     COMMON   BANK0   BANK1   BANK2   BANK3   BANK4   BANK5   BANK6   BANK7   BANK8   BANK9  BANK10  BANK11  BANK12
      Params:         0       2       0       0       0       0       0       0       0       0       0       0       0       0
      Locals:         0       1       0       0       0       0       0       0       0       0       0       0       0       0
      Temps:          0       2       0       0       0       0       0       0       0       0       0       0       0       0
      Totals:         0       5       0       0       0       0       0       0       0       0       0       0       0       0
Total ram usage:        5 bytes
 Hardware stack levels used:    1
 Hardware stack levels required when called:    1
 This function calls:
		i1_strcpy
		i1_strlen
 This function is called by:
		i1_Add_Trace
 This function uses a non-reentrant model


 *************** function i1_strlen *****************
 Defined at:
		line 12 in file "C:\Program Files (x86)\Microchip\xc8\v2.00\pic\sources\c99\common\strlen.c"
 Parameters:    Size  Location     Type
  s               2    0[COMMON] PTR const unsigned char 
		 -> STR_8(7), STR_7(4), STR_2(9), STR_1(12), 
		 -> main@wReadout(20), wInterruptText(75), 
 Auto vars:     Size  Location     Type
  strlen          2    4[COMMON] PTR const unsigned char 
		 -> STR_8(7), STR_7(4), STR_2(9), STR_1(12), 
		 -> main@wReadout(20), wInterruptText(75), 
 Return value:  Size  Location     Type
                  2    0[COMMON] unsigned int 
 Registers used:
		wreg, fsr0l, fsr0h, status,2, status,0
 Tracked objects:
		On entry : 
		On exit  : 
		Unchanged: 
 Data sizes:     COMMON   BANK0   BANK1   BANK2   BANK3   BANK4   BANK5   BANK6   BANK7   BANK8   BANK9  BANK10  BANK11  BANK12
      Params:         2       0       0       0       0       0       0       0       0       0       0       0       0       0
      Locals:         2       0       0       0       0       0       0       0       0       0       0       0       0       0
      Temps:          2       0       0       0       0       0       0       0       0       0       0       0       0       0
      Totals:         6       0       0       0       0       0       0       0       0       0       0       0       0       0
Total ram usage:        6 bytes
 Hardware stack levels used:    1
 This function calls:
		Nothing
 This function is called by:
		i1_Add_Trace
		i1_strcat
 This function uses a non-reentrant model


 *************** function i1_strcpy *****************
 Defined at:
		line 7 in file "C:\Program Files (x86)\Microchip\xc8\v2.00\pic\sources\c99\common\strcpy.c"
 Parameters:    Size  Location     Type
  dest            1    wreg     PTR unsigned char 
		 -> wInterruptText(75), 
  src             2    6[COMMON] PTR const unsigned char 
		 -> STR_8(7), STR_7(4), STR_2(9), STR_1(12), 
		 -> main@wReadout(20), 
 Auto vars:     Size  Location     Type
  dest            1   12[COMMON] PTR unsigned char 
		 -> wInterruptText(75), 
  strcpy          2   10[COMMON] PTR const unsigned char 
		 -> STR_8(7), STR_7(4), STR_2(9), STR_1(12), 
		 -> main@wReadout(20), 
  strcpy          1   13[COMMON] PTR unsigned char 
		 -> wInterruptText(75), 
 Return value:  Size  Location     Type
                  1    wreg      PTR unsigned char 
 Registers used:
		wreg, fsr0l, fsr0h, fsr1l, fsr1h, status,2, status,0, pclath
 Tracked objects:
		On entry : 
		On exit  : 
		Unchanged: 
 Data sizes:     COMMON   BANK0   BANK1   BANK2   BANK3   BANK4   BANK5   BANK6   BANK7   BANK8   BANK9  BANK10  BANK11  BANK12
      Params:         2       0       0       0       0       0       0       0       0       0       0       0       0       0
      Locals:         4       0       0       0       0       0       0       0       0       0       0       0       0       0
      Temps:          2       0       0       0       0       0       0       0       0       0       0       0       0       0
      Totals:         8       0       0       0       0       0       0       0       0       0       0       0       0       0
Total ram usage:        8 bytes
 Hardware stack levels used:    1
 This function calls:
		Nothing
 This function is called by:
		i1_strcat
 This function uses a non-reentrant model



MODULE INFORMATION

Module		Function		Class		Link	Load	Size
C:\Program Files (x86)\Microchip\xc8\v2.00\pic\sources\c99\common\strcat.c
		_strcat        		CODE           	0EA5	0000	31

C:\Program Files (x86)\Microchip\xc8\v2.00\pic\sources\c99\common\strcat.c estimated size: 31

C:\Program Files (x86)\Microchip\xc8\v2.00\pic\sources\c99\common\lwmod.c
		___lwmod       		CODE           	0717	0000	61

C:\Program Files (x86)\Microchip\xc8\v2.00\pic\sources\c99\common\lwmod.c estimated size: 61

161518_temp_main.c
		_GetTemp       		CODE           	0F79	0000	42
		_main          		CODE           	0110	0000	678
		_printEM1812   		CODE           	051D	0000	114
		_SetToGetTemp  		CODE           	0F53	0000	39
		_WakeTemp      		CODE           	0E60	0000	21
		_myint         		CODE           	0004	0000	214
		_Add_Trace     		CODE           	068A	0000	74
		_Debounce      		CODE           	063E	0000	77
		_PrintLog      		CODE           	07C9	0000	55

161518_temp_main.c estimated size: 1314

C:\Program Files (x86)\Microchip\xc8\v2.00\pic\sources\c99\common\strlen.c
		_strlen        		CODE           	0F0A	0000	37

C:\Program Files (x86)\Microchip\xc8\v2.00\pic\sources\c99\common\strlen.c estimated size: 37

C:\Program Files (x86)\Microchip\xc8\v2.00\pic\sources\c99\common\strcpy.c
		_strcpy        		CODE           	0F2E	0000	38

C:\Program Files (x86)\Microchip\xc8\v2.00\pic\sources\c99\common\strcpy.c estimated size: 38

C:\Program Files (x86)\Microchip\xc8\v2.00\pic\sources\c99\common\memset.c
		_memset        		CODE           	03B5	0000	210

C:\Program Files (x86)\Microchip\xc8\v2.00\pic\sources\c99\common\memset.c estimated size: 210

C:\Program Files (x86)\Microchip\xc8\v2.00\pic\sources\c99\common\lwdiv.c
		___lwdiv       		CODE           	06D3	0000	69

C:\Program Files (x86)\Microchip\xc8\v2.00\pic\sources\c99\common\lwdiv.c estimated size: 69

shared
		i1_strcat      		CODE           	0E8C	0000	26
		i1_strcpy      		CODE           	0EE6	0000	37
		__initialization		CODE           	00DB	0000	50
		i1_Add_Trace   		CODE           	078F	0000	59
		i1_strlen      		CODE           	0EC3	0000	36

shared estimated size: 208

LCD_hd44780u_qy_2004a.c
		_setCursorPosition		CODE           	058E	0000	97
		_writeTxtChk   		CODE           	0486	0000	152
		_clearDisplay  		CODE           	0E15	0000	6
		_writeInsChk   		CODE           	0E34	0000	12
		_writeInsNoChk 		CODE           	0E74	0000	25
		_SetToSendDataToLCD		CODE           	0E1A	0000	7
		_setData       		CODE           	0753	0000	61
		_moveCursorToHome		CODE           	0E2C	0000	9
		_lcdWriteText  		CODE           	0FCF	0000	50
		_setCursorOff  		CODE           	0E4A	0000	12
		_SetToReadDataFromLCD		CODE           	0E20	0000	7
		_waitLCDBusy   		CODE           	0FA2	0000	46
		_powerOnLcd    		CODE           	0E3F	0000	12
		_setNotBlinkingCursor		CODE           	0E55	0000	12
		_initLCD       		CODE           	05EE	0000	81

LCD_hd44780u_qy_2004a.c estimated size: 589

