Microchip MPLAB XC8 Compiler V2.00 ()

Linker command line:

-W-3 --edf=C:\Program Files (x86)\Microchip\xc8\v2.00\pic\dat\en_msgs.txt \
  -cs -h+dist/default/production\16F1518_Temp.X.production.sym \
  --cmf=dist/default/production\16F1518_Temp.X.production.cmf -z -Q16F1518 \
  -oC:\Users\dell\AppData\Local\Temp\sao4.2 --defsym=__MPLAB_BUILD=1 \
  -Mdist/default/production/16F1518_Temp.X.production.map -E1 -ver=XC8 \
  --acfsm=1493 -ASTACK=0227Bh-023efh -pstack=STACK -ACODE=00h-07FFhx8 \
  -ASTRCODE=00h-03FFFh -ASTRING=00h-0FFhx64 -ACONST=00h-0FFhx64 \
  -AENTRY=00h-0FFhx64 -ACOMMON=070h-07Fh -ABANK0=020h-06Fh \
  -ABANK1=0A0h-0EFh -ABANK2=0120h-016Fh -ABANK3=01A0h-01EFh \
  -ABANK4=0220h-026Fh -ABANK5=02A0h-02EFh -ABANK6=0320h-036Fh \
  -ABANK7=03A0h-03EFh -ABANK8=0420h-046Fh -ABANK9=04A0h-04EFh \
  -ABANK10=0520h-056Fh -ABANK11=05A0h-05EFh -ABANK12=0620h-064Fh \
  -ABIGRAM=02000h-023EFh \
  -ARAM=020h-06Fh,0A0h-0EFh,0120h-016Fh,01A0h-01EFh,0220h-026Fh,02A0h-02EFh,0320h-036Fh,03A0h-03EFh,0420h-046Fh,04A0h-04EFh,0520h-056Fh,05A0h-05EFh,0620h-064Fh \
  -AABS1=020h-07Fh,0A0h-0EFh,0120h-016Fh,01A0h-01EFh,0220h-026Fh,02A0h-02EFh,0320h-036Fh,03A0h-03EFh,0420h-046Fh,04A0h-04EFh,0520h-056Fh,05A0h-05EFh,0620h-064Fh \
  -ASFR0=00h-01Fh -ASFR1=080h-09Fh -ASFR2=0100h-011Fh -ASFR3=0180h-019Fh \
  -ASFR4=0200h-021Fh -ASFR5=0280h-029Fh -ASFR6=0300h-031Fh \
  -ASFR7=0380h-039Fh -ASFR8=0400h-041Fh -ASFR9=0480h-049Fh \
  -ASFR10=0500h-051Fh -ASFR11=0580h-059Fh -ASFR12=0600h-061Fh \
  -ASFR13=0680h-06EFh -ASFR14=0700h-076Fh -ASFR15=0780h-07EFh \
  -ASFR16=0800h-086Fh -ASFR17=0880h-08EFh -ASFR18=0900h-096Fh \
  -ASFR19=0980h-09EFh -ASFR20=0A00h-0A6Fh -ASFR21=0A80h-0AEFh \
  -ASFR22=0B00h-0B6Fh -ASFR23=0B80h-0BEFh -ASFR24=0C00h-0C6Fh \
  -ASFR25=0C80h-0CEFh -ASFR26=0D00h-0D6Fh -ASFR27=0D80h-0DEFh \
  -ASFR28=0E00h-0E6Fh -ASFR29=0E80h-0EEFh -ASFR30=0F00h-0F6Fh \
  -ASFR31=0F80h-0FEFh -preset_vec=00h,intentry=04h,init,end_init \
  -ppowerup=CODE -pcinit=CODE -pfunctab=ENTRY -ACONFIG=08007h-08008h \
  -pconfig=CONFIG -DCONFIG=2 -AIDLOC=08000h-08003h -pidloc=IDLOC -DIDLOC=2 \
  -DCODE=2 -DSTRCODE=2 -DSTRING=2 -DCONST=2 -DENTRY=2 -k \
  C:\Users\dell\AppData\Local\Temp\sao4.o \
  dist/default/production\16F1518_Temp.X.production.o 

Object code version is 3.11

Machine type is 16F1518



                Name                               Link     Load   Length Selector   Space Scale
C:\Users\dell\AppData\Local\Temp\sao4.o
                end_init                             6D       6D        2        8       0
                reset_vec                             0        0        2        0       0
                config                             8007     8007        2    1000E       0
dist/default/production\16F1518_Temp.X.production.o
                cinit                                6F       6F       5B        8       0
                intentry                              4        4       69        8       0
                text44                              F39      F39       63     1E72       0
                text43                              AEF      AEF        D     15DE       0
                text42                              A8B      A8B        6     1516       0
                text41                              C69      C69       3C     18D2       0
                text40                              A91      A91        6     1522       0
                text39                              BDD      BDD       2C     17BA       0
                text38                              ED7      ED7       62     1DAE       0
                text37                              6D0      6D0       98        8       0
                text36                              BB2      BB2       2B     1764       0
                text34                              D21      D21       4C     1A42       0
                text33                              AFC      AFC       15     15F8       0
                text32                              C09      C09       2F     1812       0
                text31                              B8B      B8B       27     1716       0
                text30                              768      768       6A        8       0
                text29                              E19      E19       5E     1C32       0
                text28                              B66      B66       25     16CC       0
                text27                              B42      B42       24     1684       0
                text26                              B29      B29       19     1652       0
                text25                              39E      39E      120        8       0
                text24                              A79      A79        4     14F2       0
                text23                              CE1      CE1       40     19C2       0
                text22                              A97      A97        6     152E       0
                text21                              CA5      CA5       3C     194A       0
                text20                              A9D      A9D        6     153A       0
                text19                              7D2      7D2       2D        8       0
                text18                              E77      E77       60     1CEE       0
                text17                              631      631       9F        8       0
                text16                              DBD      DBD       5C     1B7A       0
                text15                              C38      C38       31     1870       0
                text14                              D6D      D6D       50     1ADA       0
                text13                              58F      58F       A2        8       0
                text12                              27D      27D      121        8       0
                text11                              A7D      A7D        4     14FA       0
                text10                              A81      A81        5     1502       0
                text9                               B11      B11       18     1622       0
                text8                               AC3      AC3        B     1586       0
                text7                               A86      A86        5     150C       0
                text6                               F9C      F9C       64     1F38       0
                text5                               4BE      4BE       D1        8       0
                text4                               ABB      ABB        8     1576       0
                text3                               ACE      ACE        B     159C       0
                text2                               AD9      AD9        B     15B2       0
                text1                               AE4      AE4        B     15C8       0
                maintext                             CA       CA      1B3        8       0
                cstackBANK0                          20       20       26       20       1
                cstackCOMMON                         70       70        E       70       1
                cstackBANK1                          A0       A0       49       A0       1
                cstackBANK2                         120      120       1A      120       1
                cstackBANK7                         3A0      3A0       4B      3A0       1
                clrtext                             AA3      AA3        6     1546       0
                inittext                            AA9      AA9        6     1552       0
                bssBANK6                            320      320       4B      320       1
                bssBANK5                            2A0      2A0       32      2A0       1
                bssBANK4                            220      220       46      220       1
                dataBANK3                           1C9      1C9        6      1A0       1
                bssBANK3                            1A0      1A0       29      1A0       1
                dataBANK2                           145      145        6      120       1
                bssBANK2                            13A      13A        B      120       1
                bssBANK1                             E9       E9        2       A0       1
                dataBANK0                            5D       5D        3       20       1
                bssBANK0                             46       46       17       20       1
                stringtext12                       105E     105E        3     2000       0
                stringtext11                       105A     105A        4     2000       0
                stringtext10                       1055     1055        5     2000       0
                stringtext9                        1050     1050        5     2000       0
                stringtext8                        104A     104A        6     2000       0
                stringtext7                        1043     1043        7     2000       0
                stringtext6                        103C     103C        7     2000       0
                stringtext5                        1033     1033        9     2000       0
                stringtext4                        102A     102A        9     2000       0
                stringtext3                        101F     101F        B     2000       0
                stringtext2                        1011     1011        E     2000       0
                stringtext1                        1000     1000       11     2000       0
                idataBANK3                          AAF      AAF        6     155E       0
                idataBANK2                          AB5      AB5        6     156A       0
                idataBANK0                          A76      A76        3     14EC       0

TOTAL           Name                               Link     Load   Length     Space
        CLASS   STACK          

        CLASS   CODE           
                end_init                             6D       6D        2         0
                cinit                                6F       6F       5B         0
                intentry                              4        4       69         0
                reset_vec                             0        0        2         0
                text44                              F39      F39       63         0
                text43                              AEF      AEF        D         0
                text42                              A8B      A8B        6         0
                text41                              C69      C69       3C         0
                text40                              A91      A91        6         0
                text39                              BDD      BDD       2C         0
                text38                              ED7      ED7       62         0
                text37                              6D0      6D0       98         0
                text36                              BB2      BB2       2B         0
                text34                              D21      D21       4C         0
                text33                              AFC      AFC       15         0
                text32                              C09      C09       2F         0
                text31                              B8B      B8B       27         0
                text30                              768      768       6A         0
                text29                              E19      E19       5E         0
                text28                              B66      B66       25         0
                text27                              B42      B42       24         0
                text26                              B29      B29       19         0
                text25                              39E      39E      120         0
                text24                              A79      A79        4         0
                text23                              CE1      CE1       40         0
                text22                              A97      A97        6         0
                text21                              CA5      CA5       3C         0
                text20                              A9D      A9D        6         0
                text19                              7D2      7D2       2D         0
                text18                              E77      E77       60         0
                text17                              631      631       9F         0
                text16                              DBD      DBD       5C         0
                text15                              C38      C38       31         0
                text14                              D6D      D6D       50         0
                text13                              58F      58F       A2         0
                text12                              27D      27D      121         0
                text11                              A7D      A7D        4         0
                text10                              A81      A81        5         0
                text9                               B11      B11       18         0
                text8                               AC3      AC3        B         0
                text7                               A86      A86        5         0
                text6                               F9C      F9C       64         0
                text5                               4BE      4BE       D1         0
                text4                               ABB      ABB        8         0
                text3                               ACE      ACE        B         0
                text2                               AD9      AD9        B         0
                text1                               AE4      AE4        B         0
                maintext                             CA       CA      1B3         0
                clrtext                             AA3      AA3        6         0
                inittext                            AA9      AA9        6         0
                idataBANK3                          AAF      AAF        6         0
                idataBANK2                          AB5      AB5        6         0
                idataBANK0                          A76      A76        3         0

        CLASS   STRCODE        
                stringtext12                       105E     105E        3         0
                stringtext11                       105A     105A        4         0
                stringtext10                       1055     1055        5         0
                stringtext9                        1050     1050        5         0
                stringtext8                        104A     104A        6         0
                stringtext7                        1043     1043        7         0
                stringtext6                        103C     103C        7         0
                stringtext5                        1033     1033        9         0
                stringtext4                        102A     102A        9         0
                stringtext3                        101F     101F        B         0
                stringtext2                        1011     1011        E         0
                stringtext1                        1000     1000       11         0

        CLASS   STRING         

        CLASS   CONST          

        CLASS   ENTRY          

        CLASS   COMMON         
                cstackCOMMON                         70       70        E         1

        CLASS   BANK0          
                cstackBANK0                          20       20       26         1
                dataBANK0                            5D       5D        3         1
                bssBANK0                             46       46       17         1

        CLASS   BANK1          
                cstackBANK1                          A0       A0       49         1
                bssBANK1                             E9       E9        2         1

        CLASS   BANK2          
                cstackBANK2                         120      120       1A         1
                dataBANK2                           145      145        6         1
                bssBANK2                            13A      13A        B         1

        CLASS   BANK3          
                dataBANK3                           1C9      1C9        6         1
                bssBANK3                            1A0      1A0       29         1

        CLASS   BANK4          
                bssBANK4                            220      220       46         1

        CLASS   BANK5          
                bssBANK5                            2A0      2A0       32         1

        CLASS   BANK6          
                bssBANK6                            320      320       4B         1

        CLASS   BANK7          
                cstackBANK7                         3A0      3A0       4B         1

        CLASS   BANK8          

        CLASS   BANK9          

        CLASS   BANK10         

        CLASS   BANK11         

        CLASS   BANK12         

        CLASS   BIGRAM         

        CLASS   RAM            

        CLASS   ABS1           
                abs_s1                               7E       7E        2         1

        CLASS   SFR0           

        CLASS   SFR1           

        CLASS   SFR2           

        CLASS   SFR3           

        CLASS   SFR4           

        CLASS   SFR5           

        CLASS   SFR6           

        CLASS   SFR7           

        CLASS   SFR8           

        CLASS   SFR9           

        CLASS   SFR10          

        CLASS   SFR11          

        CLASS   SFR12          

        CLASS   SFR13          

        CLASS   SFR14          

        CLASS   SFR15          

        CLASS   SFR16          

        CLASS   SFR17          

        CLASS   SFR18          

        CLASS   SFR19          

        CLASS   SFR20          

        CLASS   SFR21          

        CLASS   SFR22          

        CLASS   SFR23          

        CLASS   SFR24          

        CLASS   SFR25          

        CLASS   SFR26          

        CLASS   SFR27          

        CLASS   SFR28          

        CLASS   SFR29          

        CLASS   SFR30          

        CLASS   SFR31          

        CLASS   CONFIG         
                config                             8007     8007        2         0

        CLASS   IDLOC          

        CLASS   BANK31         

        CLASS   BANK30         

        CLASS   BANK29         

        CLASS   BANK28         

        CLASS   BANK27         

        CLASS   BANK26         

        CLASS   BANK25         

        CLASS   BANK24         

        CLASS   BANK23         

        CLASS   BANK22         

        CLASS   BANK21         

        CLASS   BANK20         

        CLASS   BANK19         

        CLASS   BANK18         

        CLASS   BANK17         

        CLASS   BANK16         

        CLASS   BANK15         

        CLASS   BANK14         

        CLASS   BANK13         

        CLASS   EEDATA         



SEGMENTS        Name                           Load    Length   Top    Selector   Space  Class     Delta

                reset_vec                      000000  000002  000002         0       0  CODE        2
                intentry                       000004  0007FB  0007FF         8       0  CODE        2
                cstackBANK0                    000020  000040  000060        20       1  BANK0       1
                cstackCOMMON                   000070  00000E  00007E        70       1  COMMON      1
                cstackBANK1                    0000A0  00004B  0000EB        A0       1  BANK1       1
                cstackBANK2                    000120  00002B  00014B       120       1  BANK2       1
                bssBANK3                       0001A0  00002F  0001CF       1A0       1  BANK3       1
                bssBANK4                       000220  000046  000266       220       1  BANK4       1
                bssBANK5                       0002A0  000032  0002D2       2A0       1  BANK5       1
                bssBANK6                       000320  00004B  00036B       320       1  BANK6       1
                cstackBANK7                    0003A0  00004B  0003EB       3A0       1  BANK7       1
                idataBANK0                     000A76  000003  000A79      14EC       0  CODE        2
                text24                         000A79  000004  000A7D      14F2       0  CODE        2
                text11                         000A7D  000004  000A81      14FA       0  CODE        2
                text10                         000A81  000005  000A86      1502       0  CODE        2
                text7                          000A86  000005  000A8B      150C       0  CODE        2
                text42                         000A8B  000006  000A91      1516       0  CODE        2
                text40                         000A91  000006  000A97      1522       0  CODE        2
                text22                         000A97  000006  000A9D      152E       0  CODE        2
                text20                         000A9D  000006  000AA3      153A       0  CODE        2
                clrtext                        000AA3  000006  000AA9      1546       0  CODE        2
                inittext                       000AA9  000006  000AAF      1552       0  CODE        2
                idataBANK3                     000AAF  000006  000AB5      155E       0  CODE        2
                idataBANK2                     000AB5  000006  000ABB      156A       0  CODE        2
                text4                          000ABB  000008  000AC3      1576       0  CODE        2
                text8                          000AC3  00000B  000ACE      1586       0  CODE        2
                text3                          000ACE  00000B  000AD9      159C       0  CODE        2
                text2                          000AD9  00000B  000AE4      15B2       0  CODE        2
                text1                          000AE4  00000B  000AEF      15C8       0  CODE        2
                text43                         000AEF  00000D  000AFC      15DE       0  CODE        2
                text33                         000AFC  000015  000B11      15F8       0  CODE        2
                text9                          000B11  000018  000B29      1622       0  CODE        2
                text26                         000B29  000019  000B42      1652       0  CODE        2
                text27                         000B42  000024  000B66      1684       0  CODE        2
                text28                         000B66  000025  000B8B      16CC       0  CODE        2
                text31                         000B8B  000027  000BB2      1716       0  CODE        2
                text36                         000BB2  00002B  000BDD      1764       0  CODE        2
                text39                         000BDD  00002C  000C09      17BA       0  CODE        2
                text32                         000C09  00002F  000C38      1812       0  CODE        2
                text15                         000C38  000031  000C69      1870       0  CODE        2
                text41                         000C69  00003C  000CA5      18D2       0  CODE        2
                text21                         000CA5  00003C  000CE1      194A       0  CODE        2
                text23                         000CE1  000040  000D21      19C2       0  CODE        2
                text34                         000D21  00004C  000D6D      1A42       0  CODE        2
                text14                         000D6D  000050  000DBD      1ADA       0  CODE        2
                text16                         000DBD  00005C  000E19      1B7A       0  CODE        2
                text29                         000E19  00005E  000E77      1C32       0  CODE        2
                text18                         000E77  000060  000ED7      1CEE       0  CODE        2
                text38                         000ED7  000062  000F39      1DAE       0  CODE        2
                text44                         000F39  000063  000F9C      1E72       0  CODE        2
                text6                          000F9C  000064  001000      1F38       0  CODE        2
                stringtext1                    001000  000061  001061      2000       0  STRCODE     2
                config                         008007  000002  008009     1000E       0  CONFIG      2


UNUSED ADDRESS RANGES

        Name                Unused          Largest block    Delta
        BANK0            00060-0006F              10           1
        BANK1            000EB-000EF               5           1
        BANK10           00520-0056F              50           1
        BANK11           005A0-005EF              50           1
        BANK12           00620-0064F              30           1
        BANK2            0014B-0016F              25           1
        BANK3            001CF-001EF              21           1
        BANK4            00266-0026F               A           1
        BANK5            002D2-002EF              1E           1
        BANK6            0036B-0036F               5           1
        BANK7            003EB-003EF               5           1
        BANK8            00420-0046F              50           1
        BANK9            004A0-004EF              50           1
        BIGRAM           02000-023EF             3F0           1
        CODE             00002-00003               2           2
                         007FF-00A75               1
                         01061-03FFF             800
        CONST            00002-00003               2           2
                         007FF-00A75             100
                         01061-03FFF             100
        ENTRY            00002-00003               2           2
                         007FF-00A75             100
                         01061-03FFF             100
        IDLOC            08000-08003               4           2
        RAM              00060-0006F              10           1
                         000EB-000EF               5
                         0014B-0016F              25
                         001CF-001EF              21
                         00266-0026F               A
                         002D2-002EF              1E
                         0036B-0036F               5
                         003EB-003EF               5
                         00420-0046F              50
                         004A0-004EF              50
                         00520-0056F              50
                         005A0-005EF              50
                         00620-0064F              30
        SFR0             00000-0001F              20           1
        SFR1             00080-0009F              20           1
        SFR10            00500-0051F              20           1
        SFR11            00580-0059F              20           1
        SFR12            00600-0061F              20           1
        SFR13            00680-006EF              70           1
        SFR14            00700-0076F              70           1
        SFR15            00780-007EF              70           1
        SFR16            00800-0086F              70           1
        SFR17            00880-008EF              70           1
        SFR18            00900-0096F              70           1
        SFR19            00980-009EF              70           1
        SFR2             00100-0011F              20           1
        SFR20            00A00-00A6F              70           1
        SFR21            00A80-00AEF              70           1
        SFR22            00B00-00B6F              70           1
        SFR23            00B80-00BEF              70           1
        SFR24            00C00-00C6F              70           1
        SFR25            00C80-00CEF              70           1
        SFR26            00D00-00D6F              70           1
        SFR27            00D80-00DEF              70           1
        SFR28            00E00-00E6F              70           1
        SFR29            00E80-00EEF              70           1
        SFR3             00180-0019F              20           1
        SFR30            00F00-00F6F              70           1
        SFR31            00F80-00FEF              70           1
        SFR4             00200-0021F              20           1
        SFR5             00280-0029F              20           1
        SFR6             00300-0031F              20           1
        SFR7             00380-0039F              20           1
        SFR8             00400-0041F              20           1
        SFR9             00480-0049F              20           1
        STACK            0227B-023EF             175           1
        STRCODE          00002-00003               2           2
                         007FF-00A75             277
                         01061-03FFF            2F9F
        STRING           00002-00003               2           2
                         007FF-00A75             100
                         01061-03FFF             100

                                  Symbol Table

?_EUSARTInterrupt                              cstackCOMMON 00070
?_Esp8266SetNetworkParameters                  cstackBANK1  000A0
?___awdiv                                      cstackBANK0  00030
?___awmod                                      cstackBANK0  00030
?_memcmp                                       cstackBANK0  00030
?_strlen                                       cstackBANK0  00030
Debounce@iSwitch                               cstackBANK0  00034
Debounce@ioTimer                               cstackBANK0  00030
Debounce@swPressed                             cstackBANK0  00031
EM1812EntryPoint@F1955                         dataBANK2    00145
EM1812EntryPoint@F1957                         bssBANK2     0013A
EM1812EntryPoint@wTry                          bssBANK0     0004A
EUSARTInterrupt@gErrorCode                     cstackCOMMON 00074
Esp8266Entrypoint@prevEusartNbByteReceived     bssBANK2     00144
Esp8266Entrypoint@wCommandsize                 bssBANK2     00142
Esp8266Entrypoint@wCounter                     bssBANK2     00143
Esp8266Entrypoint@wEspBuffer                   cstackBANK1  000B0
Esp8266Entrypoint@wEusartNbByteReceived        cstackBANK1  000E6
Esp8266Entrypoint@wReturnNumber                cstackBANK1  000E2
Esp8266SetNetworkParameters@iChannel           cstackBANK1  000A4
Esp8266SetNetworkParameters@iHidden            cstackBANK1  000A5
Esp8266SetNetworkParameters@iWifiNetworkName   cstackBANK1  000A0
Esp8266SetNetworkParameters@iWifiPassword      cstackBANK1  000A2
Esp8266SetNetworkParameters@wCommand           cstackBANK7  003A0
Esp8266SetNetworkParameters@wCommandSizeReturn cstackBANK7  003E9
Esp8266SetNetworkParameters@wNumber            cstackBANK7  003E6
EusartGetRxBuffer@iDataSize                    cstackBANK0  0003C
EusartGetRxBuffer@oData                        cstackBANK0  00040
EusartGetRxBuffer@oNbOfByteReceived            cstackBANK0  0003D
Send_UART_Data@iData                           cstackBANK0  0003C
Send_UART_Data@iData_Length                    cstackBANK0  0003E
_ANSELAbits                                    (abs)        0018C
_ANSELB                                        (abs)        0018D
_ANSELCbits                                    (abs)        0018E
_Debounce                                      text34       00D21
_EUSARTInit                                    text33       00AFC
_EUSARTInterrupt                               text44       00F39
_Esp8266Entrypoint                             text12       0027D
_Esp8266SetAccessPointMode                     text11       00A7D
_Esp8266SetNetworkParameters                   text25       0039E
_Esp8266SetupWifi                              text10       00A81
_EusartGetNbByteReceived                       text24       00A79
_EusartGetRxBuffer                             text23       00CE1
_INTCONbits                                    (abs)        0000B
_OPTION_REGbits                                (abs)        00095
_OSCCONbits                                    (abs)        00099
_PIE1bits                                      (abs)        00091
_PIE2bits                                      (abs)        00092
_PIR1bits                                      (abs)        00011
_PIR2bits                                      (abs)        00012
_PORTA                                         (abs)        0000C
_PORTAbits                                     (abs)        0000C
_PORTB                                         (abs)        0000D
_PORTBbits                                     (abs)        0000D
_PORTCbits                                     (abs)        0000E
_RCREG                                         (abs)        00199
_RCSTAbits                                     (abs)        0019D
_SPBRGH                                        (abs)        0019C
_SPBRGL                                        (abs)        0019B
_SSPADD                                        (abs)        00212
_SSPBUF                                        (abs)        00211
_SSPCON1bits                                   (abs)        00215
_SSPCON2bits                                   (abs)        00216
_SSPCON3bits                                   (abs)        00217
_SSPSTATbits                                   (abs)        00214
_Send_UART_Data                                text31       00B8B
_SetToReadDataFromLCD                          text20       00A9D
_SetToSendDataToLCD                            text22       00A97
_T1CONbits                                     (abs)        00018
_TMR0                                          (abs)        00015
_TMR1H                                         (abs)        00017
_TMR1L                                         (abs)        00016
_TRISAbits                                     (abs)        0008C
_TRISB                                         (abs)        0008D
_TRISCbits                                     (abs)        0008E
_TXREG                                         (abs)        0019A
_TXSTAbits                                     (abs)        0019E
_TempUpdateRequest                             text43       00AEF
_WPUB                                          (abs)        0020D
__CFG_BOREN$ON                                 (abs)        00000
__CFG_BORV$LO                                  (abs)        00000
__CFG_CLKOUTEN$ON                              (abs)        00000
__CFG_CP$OFF                                   (abs)        00000
__CFG_FCMEN$OFF                                (abs)        00000
__CFG_FOSC$                                    (abs)        00002
__CFG_IESO$OFF                                 (abs)        00000
__CFG_LPBOR$OFF                                (abs)        00000
__CFG_LVP$OFF                                  (abs)        00000
__CFG_MCLRE$OFF                                (abs)        00000
__CFG_PWRTE$ON                                 (abs)        00000
__CFG_STVREN$OFF                               (abs)        00000
__CFG_VCAPEN$OFF                               (abs)        00000
__CFG_WDTE$OFF                                 (abs)        00000
__CFG_WRT$OFF                                  (abs)        00000
__Habs1                                        abs1         00000
__Hbank0                                       bank0        00000
__Hbank1                                       bank1        00000
__Hbank10                                      bank10       00000
__Hbank11                                      bank11       00000
__Hbank12                                      bank12       00000
__Hbank13                                      bank13       00000
__Hbank14                                      bank14       00000
__Hbank15                                      bank15       00000
__Hbank16                                      bank16       00000
__Hbank17                                      bank17       00000
__Hbank18                                      bank18       00000
__Hbank19                                      bank19       00000
__Hbank2                                       bank2        00000
__Hbank20                                      bank20       00000
__Hbank21                                      bank21       00000
__Hbank22                                      bank22       00000
__Hbank23                                      bank23       00000
__Hbank24                                      bank24       00000
__Hbank25                                      bank25       00000
__Hbank26                                      bank26       00000
__Hbank27                                      bank27       00000
__Hbank28                                      bank28       00000
__Hbank29                                      bank29       00000
__Hbank3                                       bank3        00000
__Hbank30                                      bank30       00000
__Hbank31                                      bank31       00000
__Hbank4                                       bank4        00000
__Hbank5                                       bank5        00000
__Hbank6                                       bank6        00000
__Hbank7                                       bank7        00000
__Hbank8                                       bank8        00000
__Hbank9                                       bank9        00000
__Hbigram                                      bigram       00000
__HbssBANK0                                    bssBANK0     00000
__HbssBANK1                                    bssBANK1     00000
__HbssBANK2                                    bssBANK2     00000
__HbssBANK3                                    bssBANK3     00000
__HbssBANK4                                    bssBANK4     00000
__HbssBANK5                                    bssBANK5     00000
__HbssBANK6                                    bssBANK6     00000
__Hcinit                                       cinit        000CA
__Hclrtext                                     clrtext      00000
__Hcode                                        code         00000
__Hcommon                                      common       00000
__Hconfig                                      config       08009
__HcstackBANK0                                 cstackBANK0  00000
__HcstackBANK1                                 cstackBANK1  00000
__HcstackBANK2                                 cstackBANK2  00000
__HcstackBANK7                                 cstackBANK7  00000
__HcstackCOMMON                                cstackCOMMON 00000
__HdataBANK0                                   dataBANK0    00000
__HdataBANK2                                   dataBANK2    00000
__HdataBANK3                                   dataBANK3    00000
__Heeprom_data                                 eeprom_data  00000
__Hend_init                                    end_init     0006F
__Hfunctab                                     functab      00000
__HidataBANK0                                  idataBANK0   00000
__HidataBANK2                                  idataBANK2   00000
__HidataBANK3                                  idataBANK3   00000
__Hidloc                                       idloc        00000
__Hinit                                        init         0006D
__Hinittext                                    inittext     00000
__Hintentry                                    intentry     0006D
__Hmaintext                                    maintext     00000
__Hpowerup                                     powerup      00000
__Hram                                         ram          00000
__Hreset_vec                                   reset_vec    00002
__Hsfr0                                        sfr0         00000
__Hsfr1                                        sfr1         00000
__Hsfr10                                       sfr10        00000
__Hsfr11                                       sfr11        00000
__Hsfr12                                       sfr12        00000
__Hsfr13                                       sfr13        00000
__Hsfr14                                       sfr14        00000
__Hsfr15                                       sfr15        00000
__Hsfr16                                       sfr16        00000
__Hsfr17                                       sfr17        00000
__Hsfr18                                       sfr18        00000
__Hsfr19                                       sfr19        00000
__Hsfr2                                        sfr2         00000
__Hsfr20                                       sfr20        00000
__Hsfr21                                       sfr21        00000
__Hsfr22                                       sfr22        00000
__Hsfr23                                       sfr23        00000
__Hsfr24                                       sfr24        00000
__Hsfr25                                       sfr25        00000
__Hsfr26                                       sfr26        00000
__Hsfr27                                       sfr27        00000
__Hsfr28                                       sfr28        00000
__Hsfr29                                       sfr29        00000
__Hsfr3                                        sfr3         00000
__Hsfr30                                       sfr30        00000
__Hsfr31                                       sfr31        00000
__Hsfr4                                        sfr4         00000
__Hsfr5                                        sfr5         00000
__Hsfr6                                        sfr6         00000
__Hsfr7                                        sfr7         00000
__Hsfr8                                        sfr8         00000
__Hsfr9                                        sfr9         00000
__Hspace_0                                     (abs)        08009
__Hspace_1                                     (abs)        003EB
__Hspace_2                                     (abs)        00000
__Hspace_3                                     (abs)        00000
__Hstack                                       stack        00000
__Hstrings                                     strings      00000
__Hstringtext1                                 stringtext1  00000
__Hstringtext10                                stringtext10 00000
__Hstringtext11                                stringtext11 00000
__Hstringtext12                                stringtext12 00000
__Hstringtext13                                stringtext13 00000
__Hstringtext2                                 stringtext2  00000
__Hstringtext3                                 stringtext3  00000
__Hstringtext4                                 stringtext4  00000
__Hstringtext5                                 stringtext5  00000
__Hstringtext6                                 stringtext6  00000
__Hstringtext7                                 stringtext7  00000
__Hstringtext8                                 stringtext8  00000
__Hstringtext9                                 stringtext9  00000
__Htext                                        text         00000
__Labs1                                        abs1         00000
__Lbank0                                       bank0        00000
__Lbank1                                       bank1        00000
__Lbank10                                      bank10       00000
__Lbank11                                      bank11       00000
__Lbank12                                      bank12       00000
__Lbank13                                      bank13       00000
__Lbank14                                      bank14       00000
__Lbank15                                      bank15       00000
__Lbank16                                      bank16       00000
__Lbank17                                      bank17       00000
__Lbank18                                      bank18       00000
__Lbank19                                      bank19       00000
__Lbank2                                       bank2        00000
__Lbank20                                      bank20       00000
__Lbank21                                      bank21       00000
__Lbank22                                      bank22       00000
__Lbank23                                      bank23       00000
__Lbank24                                      bank24       00000
__Lbank25                                      bank25       00000
__Lbank26                                      bank26       00000
__Lbank27                                      bank27       00000
__Lbank28                                      bank28       00000
__Lbank29                                      bank29       00000
__Lbank3                                       bank3        00000
__Lbank30                                      bank30       00000
__Lbank31                                      bank31       00000
__Lbank4                                       bank4        00000
__Lbank5                                       bank5        00000
__Lbank6                                       bank6        00000
__Lbank7                                       bank7        00000
__Lbank8                                       bank8        00000
__Lbank9                                       bank9        00000
__Lbigram                                      bigram       00000
__LbssBANK0                                    bssBANK0     00000
__LbssBANK1                                    bssBANK1     00000
__LbssBANK2                                    bssBANK2     00000
__LbssBANK3                                    bssBANK3     00000
__LbssBANK4                                    bssBANK4     00000
__LbssBANK5                                    bssBANK5     00000
__LbssBANK6                                    bssBANK6     00000
__Lcinit                                       cinit        0006F
__Lclrtext                                     clrtext      00000
__Lcode                                        code         00000
__Lcommon                                      common       00000
__Lconfig                                      config       08007
__LcstackBANK0                                 cstackBANK0  00000
__LcstackBANK1                                 cstackBANK1  00000
__LcstackBANK2                                 cstackBANK2  00000
__LcstackBANK7                                 cstackBANK7  00000
__LcstackCOMMON                                cstackCOMMON 00000
__LdataBANK0                                   dataBANK0    00000
__LdataBANK2                                   dataBANK2    00000
__LdataBANK3                                   dataBANK3    00000
__Leeprom_data                                 eeprom_data  00000
__Lend_init                                    end_init     0006D
__Lfunctab                                     functab      00000
__LidataBANK0                                  idataBANK0   00000
__LidataBANK2                                  idataBANK2   00000
__LidataBANK3                                  idataBANK3   00000
__Lidloc                                       idloc        00000
__Linit                                        init         0006D
__Linittext                                    inittext     00000
__Lintentry                                    intentry     00004
__Lmaintext                                    maintext     00000
__Lpowerup                                     powerup      00000
__Lram                                         ram          00000
__Lreset_vec                                   reset_vec    00000
__Lsfr0                                        sfr0         00000
__Lsfr1                                        sfr1         00000
__Lsfr10                                       sfr10        00000
__Lsfr11                                       sfr11        00000
__Lsfr12                                       sfr12        00000
__Lsfr13                                       sfr13        00000
__Lsfr14                                       sfr14        00000
__Lsfr15                                       sfr15        00000
__Lsfr16                                       sfr16        00000
__Lsfr17                                       sfr17        00000
__Lsfr18                                       sfr18        00000
__Lsfr19                                       sfr19        00000
__Lsfr2                                        sfr2         00000
__Lsfr20                                       sfr20        00000
__Lsfr21                                       sfr21        00000
__Lsfr22                                       sfr22        00000
__Lsfr23                                       sfr23        00000
__Lsfr24                                       sfr24        00000
__Lsfr25                                       sfr25        00000
__Lsfr26                                       sfr26        00000
__Lsfr27                                       sfr27        00000
__Lsfr28                                       sfr28        00000
__Lsfr29                                       sfr29        00000
__Lsfr3                                        sfr3         00000
__Lsfr30                                       sfr30        00000
__Lsfr31                                       sfr31        00000
__Lsfr4                                        sfr4         00000
__Lsfr5                                        sfr5         00000
__Lsfr6                                        sfr6         00000
__Lsfr7                                        sfr7         00000
__Lsfr8                                        sfr8         00000
__Lsfr9                                        sfr9         00000
__Lspace_0                                     (abs)        00000
__Lspace_1                                     (abs)        00000
__Lspace_2                                     (abs)        00000
__Lspace_3                                     (abs)        00000
__Lstack                                       stack        00000
__Lstrings                                     strings      00000
__Lstringtext1                                 stringtext1  00000
__Lstringtext10                                stringtext10 00000
__Lstringtext11                                stringtext11 00000
__Lstringtext12                                stringtext12 00000
__Lstringtext13                                stringtext13 00000
__Lstringtext2                                 stringtext2  00000
__Lstringtext3                                 stringtext3  00000
__Lstringtext4                                 stringtext4  00000
__Lstringtext5                                 stringtext5  00000
__Lstringtext6                                 stringtext6  00000
__Lstringtext7                                 stringtext7  00000
__Lstringtext8                                 stringtext8  00000
__Lstringtext9                                 stringtext9  00000
__Ltext                                        text         00000
__S0                                           (abs)        08009
__S1                                           (abs)        003EB
__S2                                           (abs)        00000
___awdiv                                       text30       00768
___awdiv@counter                               cstackBANK0  00035
___awdiv@dividend                              cstackBANK0  00032
___awdiv@divisor                               cstackBANK0  00030
___awdiv@quotient                              cstackBANK0  00037
___awdiv@sign                                  cstackBANK0  00036
___awmod                                       text29       00E19
___awmod@counter                               cstackBANK0  00035
___awmod@dividend                              cstackBANK0  00032
___awmod@divisor                               cstackBANK0  00030
___awmod@sign                                  cstackBANK0  00036
___int_sp                                      stack        00000
___latbits                                     (abs)        00003
___sp                                          stack        00000
__end_of_Debounce                              text34       00D6D
__end_of_EUSARTInit                            text33       00B11
__end_of_EUSARTInterrupt                       text44       00F9C
__end_of_Esp8266Entrypoint                     text12       0039E
__end_of_Esp8266SetAccessPointMode             text11       00A81
__end_of_Esp8266SetNetworkParameters           text25       004BE
__end_of_Esp8266SetupWifi                      text10       00A86
__end_of_EusartGetNbByteReceived               text24       00A7D
__end_of_EusartGetRxBuffer                     text23       00D21
__end_of_Send_UART_Data                        text31       00BB2
__end_of_SetToReadDataFromLCD                  text20       00AA3
__end_of_SetToSendDataToLCD                    text22       00A9D
__end_of_TempUpdateRequest                     text43       00AFC
__end_of___awdiv                               text30       007D2
__end_of___awmod                               text29       00E77
__end_of__initialization                       cinit        000C6
__end_of_clearDisplay                          text7        00A8B
__end_of_initLCD                               text6        01000
__end_of_lcdWriteAllText                       text16       00E19
__end_of_lcdWriteText                          text15       00C69
__end_of_main                                  maintext     0027D
__end_of_memcmp                                text14       00DBD
__end_of_memcpy                                text32       00C38
__end_of_memset                                text5        0058F
__end_of_moveCursorToHome                      text4        00AC3
__end_of_myint                                 intentry     0006D
__end_of_powerOnLcd                            text3        00AD9
__end_of_setCursorOff                          text2        00AE4
__end_of_setCursorPosition                     text18       00ED7
__end_of_setData                               text21       00CE1
__end_of_setNotBlinkingCursor                  text1        00AEF
__end_of_strcat                                text26       00B42
__end_of_strcpy                                text28       00B8B
__end_of_strlen                                text27       00B66
__end_of_uint8_tToa                            text13       00631
__end_of_waitLCDBusy                           text19       007FF
__end_of_writeInsChk                           text8        00ACE
__end_of_writeInsNoChk                         text9        00B29
__end_of_writeTxtChk                           text17       006D0
__end_ofi1_SetToReadDataFromLCD                text40       00A97
__end_ofi1_SetToSendDataToLCD                  text42       00A91
__end_ofi1_lcdWriteText                        text36       00BDD
__end_ofi1_setCursorPosition                   text38       00F39
__end_ofi1_setData                             text41       00CA5
__end_ofi1_waitLCDBusy                         text39       00C09
__end_ofi1_writeTxtChk                         text37       00768
__initialization                               cinit        0006F
__pbssBANK0                                    bssBANK0     00046
__pbssBANK1                                    bssBANK1     000E9
__pbssBANK2                                    bssBANK2     0013A
__pbssBANK3                                    bssBANK3     001A0
__pbssBANK4                                    bssBANK4     00220
__pbssBANK5                                    bssBANK5     002A0
__pbssBANK6                                    bssBANK6     00320
__pcstackBANK0                                 cstackBANK0  00020
__pcstackBANK1                                 cstackBANK1  000A0
__pcstackBANK2                                 cstackBANK2  00120
__pcstackBANK7                                 cstackBANK7  003A0
__pcstackCOMMON                                cstackCOMMON 00070
__pdataBANK0                                   dataBANK0    0005D
__pdataBANK2                                   dataBANK2    00145
__pdataBANK3                                   dataBANK3    001C9
__pidataBANK0                                  idataBANK0   00A76
__pidataBANK2                                  idataBANK2   00AB5
__pidataBANK3                                  idataBANK3   00AAF
__pintentry                                    intentry     00004
__pmaintext                                    maintext     000CA
__pstringtext1                                 stringtext1  01000
__pstringtext10                                stringtext10 01055
__pstringtext11                                stringtext11 0105A
__pstringtext12                                stringtext12 0105E
__pstringtext13                                stringtext13 00000
__pstringtext2                                 stringtext2  01011
__pstringtext3                                 stringtext3  0101F
__pstringtext4                                 stringtext4  0102A
__pstringtext5                                 stringtext5  01033
__pstringtext6                                 stringtext6  0103C
__pstringtext7                                 stringtext7  01043
__pstringtext8                                 stringtext8  0104A
__pstringtext9                                 stringtext9  01050
__ptext1                                       text1        00AE4
__ptext10                                      text10       00A81
__ptext11                                      text11       00A7D
__ptext12                                      text12       0027D
__ptext13                                      text13       0058F
__ptext14                                      text14       00D6D
__ptext15                                      text15       00C38
__ptext16                                      text16       00DBD
__ptext17                                      text17       00631
__ptext18                                      text18       00E77
__ptext19                                      text19       007D2
__ptext2                                       text2        00AD9
__ptext20                                      text20       00A9D
__ptext21                                      text21       00CA5
__ptext22                                      text22       00A97
__ptext23                                      text23       00CE1
__ptext24                                      text24       00A79
__ptext25                                      text25       0039E
__ptext26                                      text26       00B29
__ptext27                                      text27       00B42
__ptext28                                      text28       00B66
__ptext29                                      text29       00E19
__ptext3                                       text3        00ACE
__ptext30                                      text30       00768
__ptext31                                      text31       00B8B
__ptext32                                      text32       00C09
__ptext33                                      text33       00AFC
__ptext34                                      text34       00D21
__ptext36                                      text36       00BB2
__ptext37                                      text37       006D0
__ptext38                                      text38       00ED7
__ptext39                                      text39       00BDD
__ptext4                                       text4        00ABB
__ptext40                                      text40       00A91
__ptext41                                      text41       00C69
__ptext42                                      text42       00A8B
__ptext43                                      text43       00AEF
__ptext44                                      text44       00F39
__ptext5                                       text5        004BE
__ptext6                                       text6        00F9C
__ptext7                                       text7        00A86
__ptext8                                       text8        00AC3
__ptext9                                       text9        00B11
__size_of_Debounce                             (abs)        00000
__size_of_EUSARTInit                           (abs)        00000
__size_of_EUSARTInterrupt                      (abs)        00000
__size_of_Esp8266Entrypoint                    (abs)        00000
__size_of_Esp8266SetAccessPointMode            (abs)        00000
__size_of_Esp8266SetNetworkParameters          (abs)        00000
__size_of_Esp8266SetupWifi                     (abs)        00000
__size_of_EusartGetNbByteReceived              (abs)        00000
__size_of_EusartGetRxBuffer                    (abs)        00000
__size_of_Send_UART_Data                       (abs)        00000
__size_of_SetToReadDataFromLCD                 (abs)        00000
__size_of_SetToSendDataToLCD                   (abs)        00000
__size_of_TempUpdateRequest                    (abs)        00000
__size_of___awdiv                              (abs)        00000
__size_of___awmod                              (abs)        00000
__size_of_clearDisplay                         (abs)        00000
__size_of_initLCD                              (abs)        00000
__size_of_lcdWriteAllText                      (abs)        00000
__size_of_lcdWriteText                         (abs)        00000
__size_of_main                                 (abs)        00000
__size_of_memcmp                               (abs)        00000
__size_of_memcpy                               (abs)        00000
__size_of_memset                               (abs)        00000
__size_of_moveCursorToHome                     (abs)        00000
__size_of_myint                                (abs)        00000
__size_of_powerOnLcd                           (abs)        00000
__size_of_setCursorOff                         (abs)        00000
__size_of_setCursorPosition                    (abs)        00000
__size_of_setData                              (abs)        00000
__size_of_setNotBlinkingCursor                 (abs)        00000
__size_of_strcat                               (abs)        00000
__size_of_strcpy                               (abs)        00000
__size_of_strlen                               (abs)        00000
__size_of_uint8_tToa                           (abs)        00000
__size_of_waitLCDBusy                          (abs)        00000
__size_of_writeInsChk                          (abs)        00000
__size_of_writeInsNoChk                        (abs)        00000
__size_of_writeTxtChk                          (abs)        00000
__size_ofi1_SetToReadDataFromLCD               (abs)        00000
__size_ofi1_SetToSendDataToLCD                 (abs)        00000
__size_ofi1_lcdWriteText                       (abs)        00000
__size_ofi1_setCursorPosition                  (abs)        00000
__size_ofi1_setData                            (abs)        00000
__size_ofi1_waitLCDBusy                        (abs)        00000
__size_ofi1_writeTxtChk                        (abs)        00000
_clearDisplay                                  text7        00A86
_gESPCommand                                   dataBANK2    00149
_gErrorCode                                    bssBANK3     001A0
_gEsp8266State                                 dataBANK2    0014A
_gEusartRXBuffer                               bssBANK4     00234
_gEusartRXBufferIndex                          bssBANK0     00050
_gEusartTXBuffer                               bssBANK5     002A0
_gTxReadingPosition                            bssBANK0     0004F
_gTxTransmitSize                               bssBANK0     0004E
_initLCD                                       text6        00F9C
_lcdWriteAllText                               text16       00DBD
_lcdWriteText                                  text15       00C38
_mCursorDisplayShiftReg                        bssBANK0     0005B
_mDisplayOnOffReg                              bssBANK0     0005C
_mWritingPosition                              bssBANK0     0005A
_main                                          maintext     000CA
_memcmp                                        text14       00D6D
_memcpy                                        text32       00C09
_memset                                        text5        004BE
_moveCursorToHome                              text4        00ABB
_myint                                         intentry     00004
_powerOnLcd                                    text3        00ACE
_setCursorOff                                  text2        00AD9
_setCursorPosition                             text18       00E77
_setData                                       text21       00CA5
_setNotBlinkingCursor                          text1        00AE4
_strcat                                        text26       00B29
_strcpy                                        text28       00B66
_strlen                                        text27       00B42
_uint8_tToa                                    text13       0058F
_wI2CCommandState                              dataBANK0    0005F
_wI2CRxBuffer                                  bssBANK3     001A1
_wI2CRxBufferSize                              dataBANK0    0005D
_wI2CRxNbOfByteToReceived                      bssBANK0     00053
_wI2CTxBuffer                                  bssBANK3     001B5
_wI2CTxBufferSize                              dataBANK0    0005E
_wI2CTxNbOfByteToSend                          bssBANK0     00054
_wI2CTxSendPos                                 bssBANK0     00051
_wInterruptText                                bssBANK6     00320
_wNewI2CReception                              bssBANK0     00052
_wReceptionBufferPosition                      bssBANK0     00057
_wTempSet                                      dataBANK3    001CD
_wTempState                                    bssBANK0     00059
_wTimer0Counter                                bssBANK0     00058
_wTimer1IntCounter                             bssBANK0     0004C
_waitLCDBusy                                   text19       007D2
_writeInsChk                                   text8        00AC3
_writeInsNoChk                                 text9        00B11
_writeTxtChk                                   text17       00631
btemp                                          (abs)        0007E
clear_ram0                                     clrtext      00AA3
end_of_initialization                          cinit        000C6
i1_SetToReadDataFromLCD                        text40       00A91
i1_SetToSendDataToLCD                          text42       00A8B
i1_lcdWriteText                                text36       00BB2
i1_setCursorPosition                           text38       00ED7
i1_setData                                     text41       00C69
i1_waitLCDBusy                                 text39       00BDD
i1_writeTxtChk                                 text37       006D0
i1lcdWriteText@iText                           cstackBANK0  00020
i1lcdWriteText@wCharReadingPos                 cstackCOMMON 0007D
i1setCursorPosition@iLine                      cstackCOMMON 00078
i1setCursorPosition@iPosition                  cstackCOMMON 00075
i1setCursorPosition@wLCDIndex                  cstackCOMMON 00079
i1setData@iValue                               cstackCOMMON 00072
i1waitLCDBusy@busyFlag                         cstackCOMMON 00073
i1writeTxtChk@iOpCode                          cstackCOMMON 0007C
init_ram                                       inittext     00AA9
int$flags                                      (abs)        0007E
intlevel0                                      functab      00000
intlevel1                                      functab      00000
intlevel2                                      functab      00000
intlevel3                                      functab      00000
intlevel4                                      functab      00000
intlevel5                                      functab      00000
lcdWriteAllText@iText                          cstackBANK0  0003D
lcdWriteAllText@wCharReadingPos                cstackBANK0  00043
lcdWriteText@iText                             cstackBANK0  00041
lcdWriteText@wCharReadingPos                   cstackBANK1  000A0
main@F2342                                     dataBANK3    001C9
main@wConv                                     cstackBANK2  00120
main@wCounter                                  cstackBANK2  00128
main@wDebounceDown                             cstackBANK2  00134
main@wDebounceEnter                            cstackBANK2  00130
main@wDebounceUp                               cstackBANK2  00132
main@wDownBottonPressed                        cstackBANK2  00137
main@wEditingMode                              cstackBANK2  0012F
main@wEnterBottonPressed                       cstackBANK2  00138
main@wHumidityPrev                             cstackBANK2  00124
main@wIterationCounter                         cstackBANK2  0012C
main@wMenu                                     cstackBANK2  00139
main@wTemp                                     cstackBANK2  0012A
main@wTemperaturePrev                          cstackBANK2  00126
main@wUpBottonPressed                          cstackBANK2  00136
main@wUpdateMenu                               cstackBANK2  0012E
memcmp@l                                       cstackBANK0  00039
memcmp@n                                       cstackBANK0  00032
memcmp@r                                       cstackBANK0  00037
memcmp@vl                                      cstackBANK0  00036
memcmp@vr                                      cstackBANK0  00030
memcpy@d                                       cstackBANK0  00038
memcpy@d1                                      cstackBANK0  00030
memcpy@n                                       cstackBANK0  00034
memcpy@s                                       cstackBANK0  0003A
memcpy@s1                                      cstackBANK0  00032
memcpy@tmp                                     cstackBANK0  00037
memset@c                                       cstackBANK0  00032
memset@dest                                    cstackBANK0  00030
memset@k                                       cstackBANK0  0003A
memset@n                                       cstackBANK0  00034
memset@s                                       cstackBANK0  0003C
myint@wEUSARTError                             cstackBANK0  0002E
myint@wI2CError                                cstackBANK0  00029
myint@wText                                    cstackBANK0  0002B
myint@wText_460                                cstackBANK0  00026
reset_vec                                      reset_vec    00000
setCursorPosition@iLine                        cstackBANK0  00038
setCursorPosition@iPosition                    cstackBANK0  00035
setCursorPosition@wLCDIndex                    cstackBANK0  00039
setData@iValue                                 cstackBANK0  00032
stackhi                                        (abs)        023EF
stacklo                                        (abs)        0227B
start                                          init         0006D
start_initialization                           cinit        0006F
strcat@dest                                    cstackBANK0  00042
strcat@src                                     cstackBANK0  0003E
strcpy@d                                       cstackBANK0  0003C
strcpy@dest                                    cstackBANK0  0003D
strcpy@s                                       cstackBANK0  0003A
strcpy@src                                     cstackBANK0  00036
strlen@a                                       cstackBANK0  00034
strlen@s                                       cstackBANK0  00030
uint8_tToa@iNumber                             cstackBANK0  00039
uint8_tToa@wHundred                            cstackBANK0  0003D
uint8_tToa@wTen                                cstackBANK0  0003E
uint8_tToa@wText                               cstackBANK0  00040
uint8_tToa@wUnit                               cstackBANK0  0003F
waitLCDBusy@busyFlag                           cstackBANK0  00033
writeInsChk@iOpCode                            cstackBANK0  00035
writeInsNoChk@iOpCode                          cstackBANK0  00034
writeTxtChk@iOpCode                            cstackBANK0  0003C
wtemp0                                         (abs)        0007E


FUNCTION INFORMATION:

 *************** function _main *****************
 Defined at:
		line 122 in file "161518_temp_main.c"
 Parameters:    Size  Location     Type
		None
 Auto vars:     Size  Location     Type
  wReadout       20    0        unsigned char [20]
  wConv           4    0[BANK2 ] unsigned char [4]
  wDebounceDow    2   20[BANK2 ] unsigned short 
  wDebounceUp     2   18[BANK2 ] unsigned short 
  wDebounceEnt    2   16[BANK2 ] unsigned short 
  wIterationCo    2   12[BANK2 ] unsigned short 
  wTemp           2   10[BANK2 ] int 
  wCounter        2    8[BANK2 ] int 
  wTemperature    2    6[BANK2 ] short 
  wHumidityPre    2    4[BANK2 ] short 
  wMenu           1   25[BANK2 ] unsigned char 
  wEnterBotton    1   24[BANK2 ] unsigned char 
  wDownBottonP    1   23[BANK2 ] unsigned char 
  wUpBottonPre    1   22[BANK2 ] unsigned char 
  wEditingMode    1   15[BANK2 ] unsigned char 
  wUpdateMenu     1   14[BANK2 ] unsigned char 
 Return value:  Size  Location     Type
                  1    wreg      void 
 Registers used:
		wreg, fsr0l, fsr0h, fsr1l, fsr1h, status,2, status,0, pclath, cstack
 Tracked objects:
		On entry : 
		On exit  : 
		Unchanged: 
 Data sizes:     COMMON   BANK0   BANK1   BANK2   BANK3   BANK4   BANK5   BANK6   BANK7   BANK8   BANK9  BANK10  BANK11  BANK12
      Params:         0       0       0       0       0       0       0       0       0       0       0       0       0       0
      Locals:         0       0       0      26       0       0       0       0       0       0       0       0       0       0
      Temps:          0       0       2       0       0       0       0       0       0       0       0       0       0       0
      Totals:         0       0       2      26       0       0       0       0       0       0       0       0       0       0
Total ram usage:       28 bytes
 Hardware stack levels required when called:   12
 This function calls:
		_Debounce
		_EUSARTInit
		_Esp8266Entrypoint
		_Esp8266SetAccessPointMode
		_Esp8266SetupWifi
		_clearDisplay
		_initLCD
		_memset
		_moveCursorToHome
		_powerOnLcd
		_setCursorOff
		_setNotBlinkingCursor
 This function is called by:
		Startup code after reset
 This function uses a non-reentrant model


 *************** function _setNotBlinkingCursor *****************
 Defined at:
		line 248 in file "LCD_hd44780u_qy_2004a.c"
 Parameters:    Size  Location     Type
		None
 Auto vars:     Size  Location     Type
		None
 Return value:  Size  Location     Type
                  1    wreg      void 
 Registers used:
		wreg, status,2, status,0, pclath, cstack
 Tracked objects:
		On entry : 
		On exit  : 
		Unchanged: 
 Data sizes:     COMMON   BANK0   BANK1   BANK2   BANK3   BANK4   BANK5   BANK6   BANK7   BANK8   BANK9  BANK10  BANK11  BANK12
      Params:         0       0       0       0       0       0       0       0       0       0       0       0       0       0
      Locals:         0       0       0       0       0       0       0       0       0       0       0       0       0       0
      Temps:          0       1       0       0       0       0       0       0       0       0       0       0       0       0
      Totals:         0       1       0       0       0       0       0       0       0       0       0       0       0       0
Total ram usage:        1 bytes
 Hardware stack levels used:    1
 Hardware stack levels required when called:    9
 This function calls:
		_writeInsChk
 This function is called by:
		_main
 This function uses a non-reentrant model


 *************** function _setCursorOff *****************
 Defined at:
		line 253 in file "LCD_hd44780u_qy_2004a.c"
 Parameters:    Size  Location     Type
		None
 Auto vars:     Size  Location     Type
		None
 Return value:  Size  Location     Type
                  1    wreg      void 
 Registers used:
		wreg, status,2, status,0, pclath, cstack
 Tracked objects:
		On entry : 
		On exit  : 
		Unchanged: 
 Data sizes:     COMMON   BANK0   BANK1   BANK2   BANK3   BANK4   BANK5   BANK6   BANK7   BANK8   BANK9  BANK10  BANK11  BANK12
      Params:         0       0       0       0       0       0       0       0       0       0       0       0       0       0
      Locals:         0       0       0       0       0       0       0       0       0       0       0       0       0       0
      Temps:          0       1       0       0       0       0       0       0       0       0       0       0       0       0
      Totals:         0       1       0       0       0       0       0       0       0       0       0       0       0       0
Total ram usage:        1 bytes
 Hardware stack levels used:    1
 Hardware stack levels required when called:    9
 This function calls:
		_writeInsChk
 This function is called by:
		_main
 This function uses a non-reentrant model


 *************** function _powerOnLcd *****************
 Defined at:
		line 238 in file "LCD_hd44780u_qy_2004a.c"
 Parameters:    Size  Location     Type
		None
 Auto vars:     Size  Location     Type
		None
 Return value:  Size  Location     Type
                  1    wreg      void 
 Registers used:
		wreg, status,2, status,0, pclath, cstack
 Tracked objects:
		On entry : 
		On exit  : 
		Unchanged: 
 Data sizes:     COMMON   BANK0   BANK1   BANK2   BANK3   BANK4   BANK5   BANK6   BANK7   BANK8   BANK9  BANK10  BANK11  BANK12
      Params:         0       0       0       0       0       0       0       0       0       0       0       0       0       0
      Locals:         0       0       0       0       0       0       0       0       0       0       0       0       0       0
      Temps:          0       1       0       0       0       0       0       0       0       0       0       0       0       0
      Totals:         0       1       0       0       0       0       0       0       0       0       0       0       0       0
Total ram usage:        1 bytes
 Hardware stack levels used:    1
 Hardware stack levels required when called:    9
 This function calls:
		_writeInsChk
 This function is called by:
		_main
 This function uses a non-reentrant model


 *************** function _moveCursorToHome *****************
 Defined at:
		line 299 in file "LCD_hd44780u_qy_2004a.c"
 Parameters:    Size  Location     Type
		None
 Auto vars:     Size  Location     Type
		None
 Return value:  Size  Location     Type
                  1    wreg      void 
 Registers used:
		wreg, status,2, status,0, pclath, cstack
 Tracked objects:
		On entry : 
		On exit  : 
		Unchanged: 
[...]
      Locals:         0       0       0       0       0       0       0       0       0       0       0       0       0       0
      Temps:          0       0       0       0       0       0       0       0       0       0       0       0       0       0
      Totals:         0       0       0       0       0       0       0       0       0       0       0       0       0       0
Total ram usage:        0 bytes
 Hardware stack levels used:    1
 Hardware stack levels required when called:    6
 This function calls:
		Nothing
 This function is called by:
		_main
 This function uses a non-reentrant model


 *************** function _Debounce *****************
 Defined at:
		line 79 in file "161518_temp_main.c"
 Parameters:    Size  Location     Type
  iSwitch         1    wreg     unsigned char 
  ioTimer         1   16[BANK0 ] PTR unsigned short 
		 -> main@wDebounceDown(2), main@wDebounceUp(2), main@wDebounceEnter(2), 
  swPressed       1   17[BANK0 ] PTR unsigned char 
		 -> main@wEnterBottonPressed(1), main@wDownBottonPressed(1), main@wUpBottonPressed(1), 
 Auto vars:     Size  Location     Type
  iSwitch         1   20[BANK0 ] unsigned char 
 Return value:  Size  Location     Type
                  1    wreg      void 
 Registers used:
		wreg, fsr1l, fsr1h, status,2, status,0
 Tracked objects:
		On entry : 
		On exit  : 
		Unchanged: 
 Data sizes:     COMMON   BANK0   BANK1   BANK2   BANK3   BANK4   BANK5   BANK6   BANK7   BANK8   BANK9  BANK10  BANK11  BANK12
      Params:         0       2       0       0       0       0       0       0       0       0       0       0       0       0
      Locals:         0       1       0       0       0       0       0       0       0       0       0       0       0       0
      Temps:          0       2       0       0       0       0       0       0       0       0       0       0       0       0
      Totals:         0       5       0       0       0       0       0       0       0       0       0       0       0       0
Total ram usage:        5 bytes
 Hardware stack levels used:    1
 Hardware stack levels required when called:    6
 This function calls:
		Nothing
 This function is called by:
		_main
 This function uses a non-reentrant model


 *************** function _myint *****************
 Defined at:
		line 361 in file "161518_temp_main.c"
 Parameters:    Size  Location     Type
		None
 Auto vars:     Size  Location     Type
  wText           3    6[BANK0 ] unsigned char [3]
  wText           3   11[BANK0 ] unsigned char [3]
  wEUSARTError    2   14[BANK0 ] int 
  wI2CError       2    9[BANK0 ] int 
 Return value:  Size  Location     Type
                  1    wreg      void 
 Registers used:
		wreg, fsr0l, fsr0h, fsr1l, fsr1h, status,2, status,0, pclath, cstack
 Tracked objects:
		On entry : 
		On exit  : 
		Unchanged: 
 Data sizes:     COMMON   BANK0   BANK1   BANK2   BANK3   BANK4   BANK5   BANK6   BANK7   BANK8   BANK9  BANK10  BANK11  BANK12
      Params:         0       0       0       0       0       0       0       0       0       0       0       0       0       0
      Locals:         0      10       0       0       0       0       0       0       0       0       0       0       0       0
      Temps:          0       1       0       0       0       0       0       0       0       0       0       0       0       0
      Totals:         0      11       0       0       0       0       0       0       0       0       0       0       0       0
Total ram usage:       11 bytes
 Hardware stack levels used:    1
 Hardware stack levels required when called:    5
 This function calls:
		_EUSARTInterrupt
		_TempUpdateRequest
		i1_lcdWriteText
 This function is called by:
		Interrupt level 1
 This function uses a non-reentrant model


 *************** function i1_lcdWriteText *****************
 Defined at:
		line 63 in file "LCD_hd44780u_qy_2004a.c"
 Parameters:    Size  Location     Type
  iText           2    0[BANK0 ] PTR unsigned char 
		 -> STR_13(9), Esp8266Entrypoint@wReturnNumber(4), STR_12(6), myint@wText_460(3), 
		 -> myint@wText(3), 
 Auto vars:     Size  Location     Type
  lcdWriteText    1   13[COMMON] unsigned char 
 Return value:  Size  Location     Type
                  1    wreg      void 
 Registers used:
		wreg, fsr0l, fsr0h, status,2, status,0, pclath, cstack
 Tracked objects:
		On entry : 
		On exit  : 
		Unchanged: 
 Data sizes:     COMMON   BANK0   BANK1   BANK2   BANK3   BANK4   BANK5   BANK6   BANK7   BANK8   BANK9  BANK10  BANK11  BANK12
      Params:         0       2       0       0       0       0       0       0       0       0       0       0       0       0
      Locals:         1       0       0       0       0       0       0       0       0       0       0       0       0       0
      Temps:          0       3       0       0       0       0       0       0       0       0       0       0       0       0
      Totals:         1       5       0       0       0       0       0       0       0       0       0       0       0       0
Total ram usage:        6 bytes
 Hardware stack levels used:    1
 Hardware stack levels required when called:    4
 This function calls:
		i1_writeTxtChk
 This function is called by:
		_myint
 This function uses a non-reentrant model


 *************** function i1_writeTxtChk *****************
 Defined at:
		line 125 in file "LCD_hd44780u_qy_2004a.c"
 Parameters:    Size  Location     Type
  iOpCode         1    wreg     unsigned char 
 Auto vars:     Size  Location     Type
  iOpCode         1   12[COMMON] unsigned char 
 Return value:  Size  Location     Type
                  1    wreg      void 
 Registers used:
		wreg, fsr0l, fsr0h, status,2, status,0, pclath, cstack
 Tracked objects:
		On entry : 
		On exit  : 
		Unchanged: 
 Data sizes:     COMMON   BANK0   BANK1   BANK2   BANK3   BANK4   BANK5   BANK6   BANK7   BANK8   BANK9  BANK10  BANK11  BANK12
      Params:         0       0       0       0       0       0       0       0       0       0       0       0       0       0
      Locals:         1       0       0       0       0       0       0       0       0       0       0       0       0       0
      Temps:          2       0       0       0       0       0       0       0       0       0       0       0       0       0
      Totals:         3       0       0       0       0       0       0       0       0       0       0       0       0       0
Total ram usage:        3 bytes
 Hardware stack levels used:    1
 Hardware stack levels required when called:    3
 This function calls:
		i1_SetToSendDataToLCD
		i1_setCursorPosition
		i1_setData
		i1_waitLCDBusy
 This function is called by:
		i1_lcdWriteText
 This function uses a non-reentrant model


 *************** function i1_setCursorPosition *****************
 Defined at:
		line 304 in file "LCD_hd44780u_qy_2004a.c"
 Parameters:    Size  Location     Type
  iLine           1    wreg     unsigned char 
  iPosition       1    5[COMMON] unsigned char 
 Auto vars:     Size  Location     Type
  iLine           1    8[COMMON] unsigned char 
  setCursorPos    1    9[COMMON] unsigned char 
 Return value:  Size  Location     Type
                  1    wreg      void 
 Registers used:
		wreg, fsr0l, fsr0h, status,2, status,0, pclath, cstack
 Tracked objects:
		On entry : 
		On exit  : 
		Unchanged: 
 Data sizes:     COMMON   BANK0   BANK1   BANK2   BANK3   BANK4   BANK5   BANK6   BANK7   BANK8   BANK9  BANK10  BANK11  BANK12
      Params:         1       0       0       0       0       0       0       0       0       0       0       0       0       0
      Locals:         2       0       0       0       0       0       0       0       0       0       0       0       0       0
      Temps:          2       0       0       0       0       0       0       0       0       0       0       0       0       0
      Totals:         5       0       0       0       0       0       0       0       0       0       0       0       0       0
Total ram usage:        5 bytes
 Hardware stack levels used:    1
 Hardware stack levels required when called:    2
 This function calls:
		i1_SetToSendDataToLCD
		i1_setData
		i1_waitLCDBusy
 This function is called by:
		i1_writeTxtChk
 This function uses a non-reentrant model


 *************** function i1_waitLCDBusy *****************
 Defined at:
		line 212 in file "LCD_hd44780u_qy_2004a.c"
 Parameters:    Size  Location     Type
		None
 Auto vars:     Size  Location     Type
  waitLCDBusy     2    3[COMMON] int 
 Return value:  Size  Location     Type
                  1    wreg      void 
 Registers used:
		wreg, status,2, status,0, pclath, cstack
 Tracked objects:
		On entry : 
		On exit  : 
		Unchanged: 
 Data sizes:     COMMON   BANK0   BANK1   BANK2   BANK3   BANK4   BANK5   BANK6   BANK7   BANK8   BANK9  BANK10  BANK11  BANK12
      Params:         0       0       0       0       0       0       0       0       0       0       0       0       0       0
      Locals:         2       0       0       0       0       0       0       0       0       0       0       0       0       0
      Temps:          3       0       0       0       0       0       0       0       0       0       0       0       0       0
      Totals:         5       0       0       0       0       0       0       0       0       0       0       0       0       0
Total ram usage:        5 bytes
 Hardware stack levels used:    1
 Hardware stack levels required when called:    1
 This function calls:
		i1_SetToReadDataFromLCD
 This function is called by:
		i1_writeTxtChk
		i1_setCursorPosition
 This function uses a non-reentrant model


 *************** function i1_SetToReadDataFromLCD *****************
 Defined at:
		line 197 in file "LCD_hd44780u_qy_2004a.c"
 Parameters:    Size  Location     Type
		None
 Auto vars:     Size  Location     Type
		None
 Return value:  Size  Location     Type
                  1    wreg      void 
 Registers used:
		None
 Tracked objects:
		On entry : 
		On exit  : 
		Unchanged: 
 Data sizes:     COMMON   BANK0   BANK1   BANK2   BANK3   BANK4   BANK5   BANK6   BANK7   BANK8   BANK9  BANK10  BANK11  BANK12
      Params:         0       0       0       0       0       0       0       0       0       0       0       0       0       0
      Locals:         0       0       0       0       0       0       0       0       0       0       0       0       0       0
      Temps:          0       0       0       0       0       0       0       0       0       0       0       0       0       0
      Totals:         0       0       0       0       0       0       0       0       0       0       0       0       0       0
Total ram usage:        0 bytes
 Hardware stack levels used:    1
 This function calls:
		Nothing
 This function is called by:
		i1_waitLCDBusy
 This function uses a non-reentrant model


 *************** function i1_setData *****************
 Defined at:
		line 113 in file "LCD_hd44780u_qy_2004a.c"
 Parameters:    Size  Location     Type
  iValue          1    wreg     unsigned char 
 Auto vars:     Size  Location     Type
  iValue          1    2[COMMON] unsigned char 
 Return value:  Size  Location     Type
                  1    wreg      void 
 Registers used:
		wreg, status,2, status,0
 Tracked objects:
		On entry : 
		On exit  : 
		Unchanged: 
 Data sizes:     COMMON   BANK0   BANK1   BANK2   BANK3   BANK4   BANK5   BANK6   BANK7   BANK8   BANK9  BANK10  BANK11  BANK12
      Params:         0       0       0       0       0       0       0       0       0       0       0       0       0       0
      Locals:         1       0       0       0       0       0       0       0       0       0       0       0       0       0
      Temps:          2       0       0       0       0       0       0       0       0       0       0       0       0       0
      Totals:         3       0       0       0       0       0       0       0       0       0       0       0       0       0
Total ram usage:        3 bytes
 Hardware stack levels used:    1
 This function calls:
		Nothing
 This function is called by:
		i1_writeTxtChk
		i1_setCursorPosition
 This function uses a non-reentrant model


 *************** function i1_SetToSendDataToLCD *****************
 Defined at:
		line 204 in file "LCD_hd44780u_qy_2004a.c"
 Parameters:    Size  Location     Type
		None
 Auto vars:     Size  Location     Type
		None
 Return value:  Size  Location     Type
                  1    wreg      void 
 Registers used:
		None
 Tracked objects:
		On entry : 
		On exit  : 
		Unchanged: 
 Data sizes:     COMMON   BANK0   BANK1   BANK2   BANK3   BANK4   BANK5   BANK6   BANK7   BANK8   BANK9  BANK10  BANK11  BANK12
      Params:         0       0       0       0       0       0       0       0       0       0       0       0       0       0
      Locals:         0       0       0       0       0       0       0       0       0       0       0       0       0       0
      Temps:          0       0       0       0       0       0       0       0       0       0       0       0       0       0
      Totals:         0       0       0       0       0       0       0       0       0       0       0       0       0       0
Total ram usage:        0 bytes
 Hardware stack levels used:    1
 This function calls:
		Nothing
 This function is called by:
		i1_writeTxtChk
		i1_setCursorPosition
 This function uses a non-reentrant model


 *************** function _TempUpdateRequest *****************
 Defined at:
		line 80 in file "EM1812.c"
 Parameters:    Size  Location     Type
		None
 Auto vars:     Size  Location     Type
		None
 Return value:  Size  Location     Type
                  2   62[None  ] int 
 Registers used:
		wreg, status,2, status,0
 Tracked objects:
		On entry : 
		On exit  : 
		Unchanged: 
 Data sizes:     COMMON   BANK0   BANK1   BANK2   BANK3   BANK4   BANK5   BANK6   BANK7   BANK8   BANK9  BANK10  BANK11  BANK12
      Params:         0       0       0       0       0       0       0       0       0       0       0       0       0       0
      Locals:         0       0       0       0       0       0       0       0       0       0       0       0       0       0
      Temps:          0       0       0       0       0       0       0       0       0       0       0       0       0       0
      Totals:         0       0       0       0       0       0       0       0       0       0       0       0       0       0
Total ram usage:        0 bytes
 Hardware stack levels used:    1
 This function calls:
		Nothing
 This function is called by:
		_myint
 This function uses a non-reentrant model


 *************** function _EUSARTInterrupt *****************
 Defined at:
		line 42 in file "EUSART.c"
 Parameters:    Size  Location     Type
		None
 Auto vars:     Size  Location     Type
  gErrorCode      1    4[COMMON] unsigned char 
 Return value:  Size  Location     Type
                  2    0[COMMON] int 
 Registers used:
		wreg, fsr1l, fsr1h, status,2, status,0
 Tracked objects:
		On entry : 
		On exit  : 
		Unchanged: 
 Data sizes:     COMMON   BANK0   BANK1   BANK2   BANK3   BANK4   BANK5   BANK6   BANK7   BANK8   BANK9  BANK10  BANK11  BANK12
      Params:         2       0       0       0       0       0       0       0       0       0       0       0       0       0
      Locals:         1       0       0       0       0       0       0       0       0       0       0       0       0       0
      Temps:          2       0       0       0       0       0       0       0       0       0       0       0       0       0
      Totals:         5       0       0       0       0       0       0       0       0       0       0       0       0       0
Total ram usage:        5 bytes
 Hardware stack levels used:    1
 This function calls:
		Nothing
 This function is called by:
		_myint
 This function uses a non-reentrant model



MODULE INFORMATION

Module		Function		Class		Link	Load	Size
GeneralFunction.c
		_uint8_tToa    		CODE           	058F	0000	163

GeneralFunction.c estimated size: 163

EUSART.c
		_Send_UART_Data		CODE           	0B8B	0000	40
		_EUSARTInit    		CODE           	0AFC	0000	22
		_EusartGetRxBuffer		CODE           	0CE1	0000	65
		_EusartGetNbByteReceived		CODE           	0A79	0000	5
		_EUSARTInterrupt		CODE           	0F39	0000	100

EUSART.c estimated size: 232

C:\Program Files (x86)\Microchip\xc8\v2.00\pic\sources\c99\common\strcat.c
		_strcat        		CODE           	0B29	0000	26

C:\Program Files (x86)\Microchip\xc8\v2.00\pic\sources\c99\common\strcat.c estimated size: 26

C:\Program Files (x86)\Microchip\xc8\v2.00\pic\sources\c99\common\awmod.c
		___awmod       		CODE           	0E19	0000	95

C:\Program Files (x86)\Microchip\xc8\v2.00\pic\sources\c99\common\awmod.c estimated size: 95

161518_temp_main.c
		_main          		CODE           	00CA	0000	436
		_myint         		CODE           	0004	0000	106
		_Debounce      		CODE           	0D21	0000	77

161518_temp_main.c estimated size: 619

C:\Program Files (x86)\Microchip\xc8\v2.00\pic\sources\c99\common\strlen.c
		_strlen        		CODE           	0B42	0000	37

C:\Program Files (x86)\Microchip\xc8\v2.00\pic\sources\c99\common\strlen.c estimated size: 37

EM1812.c
		_TempUpdateRequest		CODE           	0AEF	0000	14

EM1812.c estimated size: 14

C:\Program Files (x86)\Microchip\xc8\v2.00\pic\sources\c99\common\strcpy.c
		_strcpy        		CODE           	0B66	0000	38

C:\Program Files (x86)\Microchip\xc8\v2.00\pic\sources\c99\common\strcpy.c estimated size: 38

C:\Program Files (x86)\Microchip\xc8\v2.00\pic\sources\c99\common\memset.c
		_memset        		CODE           	04BE	0000	210

C:\Program Files (x86)\Microchip\xc8\v2.00\pic\sources\c99\common\memset.c estimated size: 210

ESP8266.c
		_Esp8266SetupWifi		CODE           	0A81	0000	6
		_Esp8266SetAccessPointMode		CODE           	0A7D	0000	5
		_Esp8266Entrypoint		CODE           	027D	0000	290
		_Esp8266SetNetworkParameters		CODE           	039E	0000	289

ESP8266.c estimated size: 590

C:\Program Files (x86)\Microchip\xc8\v2.00\pic\sources\c99\common\awdiv.c
		___awdiv       		CODE           	0768	0000	107

C:\Program Files (x86)\Microchip\xc8\v2.00\pic\sources\c99\common\awdiv.c estimated size: 107

shared
		i1_writeTxtChk 		CODE           	06D0	0000	153
		i1_setCursorPosition		CODE           	0ED7	0000	99
		i1_setData     		CODE           	0C69	0000	61
		__initialization		CODE           	006F	0000	88
		i1_waitLCDBusy 		CODE           	0BDD	0000	45
		i1_SetToSendDataToLCD		CODE           	0A8B	0000	7
		i1_lcdWriteText		CODE           	0BB2	0000	44
		i1_SetToReadDataFromLCD		CODE           	0A91	0000	7

shared estimated size: 504

C:\Program Files (x86)\Microchip\xc8\v2.00\pic\sources\c99\common\memcmp.c
		_memcmp        		CODE           	0D6D	0000	81

C:\Program Files (x86)\Microchip\xc8\v2.00\pic\sources\c99\common\memcmp.c estimated size: 81

C:\Program Files (x86)\Microchip\xc8\v2.00\pic\sources\c99\common\memcpy.c
		_memcpy        		CODE           	0C09	0000	48

C:\Program Files (x86)\Microchip\xc8\v2.00\pic\sources\c99\common\memcpy.c estimated size: 48

LCD_hd44780u_qy_2004a.c
		_setCursorPosition		CODE           	0E77	0000	97
		_writeTxtChk   		CODE           	0631	0000	160
		_lcdWriteAllText		CODE           	0DBD	0000	93
		_clearDisplay  		CODE           	0A86	0000	6
		_writeInsChk   		CODE           	0AC3	0000	12
		_writeInsNoChk 		CODE           	0B11	0000	25
		_SetToSendDataToLCD		CODE           	0A97	0000	7
		_setData       		CODE           	0CA5	0000	61
		_moveCursorToHome		CODE           	0ABB	0000	9
		_lcdWriteText  		CODE           	0C38	0000	50
		_setCursorOff  		CODE           	0AD9	0000	12
		_SetToReadDataFromLCD		CODE           	0A9D	0000	7
		_waitLCDBusy   		CODE           	07D2	0000	46
		_powerOnLcd    		CODE           	0ACE	0000	12
		_setNotBlinkingCursor		CODE           	0AE4	0000	12
		_initLCD       		CODE           	0F9C	0000	101

LCD_hd44780u_qy_2004a.c estimated size: 710

