Microchip MPLAB XC8 Compiler V2.00 ()

Linker command line:

-W-3 --edf=C:\Program Files (x86)\Microchip\xc8\v2.00\pic\dat\en_msgs.txt \
  -cs -h+dist/default/production\16F1518_Temp.X.production.sym \
  --cmf=dist/default/production\16F1518_Temp.X.production.cmf -z -Q16F1518 \
  -oC:\Users\dell\AppData\Local\Temp\sfr8.2 --defsym=__MPLAB_BUILD=1 \
  -Mdist/default/production/16F1518_Temp.X.production.map -E1 -ver=XC8 \
  --acfsm=1493 -ASTACK=0231Ch-023efh -pstack=STACK -ACODE=00h-07FFhx8 \
  -ASTRCODE=00h-03FFFh -ASTRING=00h-0FFhx64 -ACONST=00h-0FFhx64 \
  -AENTRY=00h-0FFhx64 -ACOMMON=070h-07Fh -ABANK0=020h-06Fh \
  -ABANK1=0A0h-0EFh -ABANK2=0120h-016Fh -ABANK3=01A0h-01EFh \
  -ABANK4=0220h-026Fh -ABANK5=02A0h-02EFh -ABANK6=0320h-036Fh \
  -ABANK7=03A0h-03EFh -ABANK8=0420h-046Fh -ABANK9=04A0h-04EFh \
  -ABANK10=0520h-056Fh -ABANK11=05A0h-05EFh -ABANK12=0620h-064Fh \
  -ABIGRAM=02000h-023EFh \
  -ARAM=020h-06Fh,0A0h-0EFh,0120h-016Fh,01A0h-01EFh,0220h-026Fh,02A0h-02EFh,0320h-036Fh,03A0h-03EFh,0420h-046Fh,04A0h-04EFh,0520h-056Fh,05A0h-05EFh,0620h-064Fh \
  -AABS1=020h-07Fh,0A0h-0EFh,0120h-016Fh,01A0h-01EFh,0220h-026Fh,02A0h-02EFh,0320h-036Fh,03A0h-03EFh,0420h-046Fh,04A0h-04EFh,0520h-056Fh,05A0h-05EFh,0620h-064Fh \
  -ASFR0=00h-01Fh -ASFR1=080h-09Fh -ASFR2=0100h-011Fh -ASFR3=0180h-019Fh \
  -ASFR4=0200h-021Fh -ASFR5=0280h-029Fh -ASFR6=0300h-031Fh \
  -ASFR7=0380h-039Fh -ASFR8=0400h-041Fh -ASFR9=0480h-049Fh \
  -ASFR10=0500h-051Fh -ASFR11=0580h-059Fh -ASFR12=0600h-061Fh \
  -ASFR13=0680h-06EFh -ASFR14=0700h-076Fh -ASFR15=0780h-07EFh \
  -ASFR16=0800h-086Fh -ASFR17=0880h-08EFh -ASFR18=0900h-096Fh \
  -ASFR19=0980h-09EFh -ASFR20=0A00h-0A6Fh -ASFR21=0A80h-0AEFh \
  -ASFR22=0B00h-0B6Fh -ASFR23=0B80h-0BEFh -ASFR24=0C00h-0C6Fh \
  -ASFR25=0C80h-0CEFh -ASFR26=0D00h-0D6Fh -ASFR27=0D80h-0DEFh \
  -ASFR28=0E00h-0E6Fh -ASFR29=0E80h-0EEFh -ASFR30=0F00h-0F6Fh \
  -ASFR31=0F80h-0FEFh -preset_vec=00h,intentry=04h,init,end_init \
  -ppowerup=CODE -pcinit=CODE -pfunctab=ENTRY -ACONFIG=08007h-08008h \
  -pconfig=CONFIG -DCONFIG=2 -AIDLOC=08000h-08003h -pidloc=IDLOC -DIDLOC=2 \
  -DCODE=2 -DSTRCODE=2 -DSTRING=2 -DCONST=2 -DENTRY=2 -k \
  C:\Users\dell\AppData\Local\Temp\sfr8.o \
  dist/default/production\16F1518_Temp.X.production.o 

Object code version is 3.11

Machine type is 16F1518



                Name                               Link     Load   Length Selector   Space Scale
C:\Users\dell\AppData\Local\Temp\sfr8.o
                end_init                             79       79        2        8       0
                reset_vec                             0        0        2        0       0
                config                             8007     8007        2    1000E       0
dist/default/production\16F1518_Temp.X.production.o
                cinit                                7B       7B       5A        8       0
                intentry                              4        4       75        8       0
                text60                              A8C      A8C       70     1518       0
                text59                              EDC      EDC      124     1DB8       0
                text58                             134C     134C        D     2698       0
                text57                             12D7     12D7        6     25AE       0
                text56                             15A7     15A7       3C     2B4E       0
                text55                             12DD     12DD        6     25BA       0
                text54                             14B6     14B6       2C     296C       0
                text53                              95C      95C       62     12B8       0
                text52                              B8D      B8D       98     171A       0
                text51                             1460     1460       2B     28C0       0
                text49                             140C     140C       2A     2818       0
                text48                             13C1     13C1       24     2782       0
                text47                             136E     136E       18     26DC       0
                text46                             1765     1765       49     2ECA       0
                text45                             16DB     16DB       45     2DB6       0
                text44                             130C     130C        A     2618       0
                text43                             150F     150F       2F     2A1E       0
                text42                             139E     139E       23     273C       0
                text41                             1571     1571       36     2AE2       0
                text40                             1720     1720       45     2E40       0
                swtext3                            1000     1000        E     2000       0
                text39                              4E8      4E8      13C        8       0
                text38                             1359     1359       15     26B2       0
                text37                             13E5     13E5       27     27CA       0
                text36                             1697     1697       44     2D2E       0
                text35                             15E3     15E3       3C     2BC6       0
                text34                              AFC      AFC       91     15F8       0
                text33                              75E      75E       A1        8       0
                text32                              A22      A22       6A     1444       0
                text31                              89E      89E       5E     113C       0
                text30                              624      624      13A        8       0
                text29                             12C5     12C5        4     258A       0
                text28                              800      800       42     1000       0
                text27                             12E3     12E3        6     25C6       0
                text26                             161F     161F       3C     2C3E       0
                text25                             12E9     12E9        6     25D2       0
                text24                             14E2     14E2       2D     29C4       0
                text23                              8FC      8FC       60     11F8       0
                text22                              C25      C25       9F     184A       0
                text21                              842      842       5C     1084       0
                text20                             1436     1436       2A     286C       0
                text19                             17AE     17AE       52     2F5C       0
                text18                             165B     165B       3C     2CB6       0
                text17                              D74      D74       B4     1AE8       0
                swtext2                            1018     1018        A     2000       0
                swtext1                            100E     100E        A     2000       0
                text16                              322      322      1C6        8       0
                text15                             1303     1303        9     2606       0
                text14                             12C9     12C9        4     2592       0
                text13                             12CD     12CD        5     259A       0
                text12                              E28      E28       B4     1C50       0
                text11                             153E     153E       33     2A7C       0
                text10                             148B     148B       2B     2916       0
                text9                              1386     1386       18     270C       0
                text8                              1320     1320        B     2640       0
                text7                              12D2     12D2        5     25A4       0
                text6                               9BE      9BE       64     137C       0
                text5                              12FB     12FB        8     25F6       0
                text4                              132B     132B        B     2656       0
                text3                               CC4      CC4       B0     1988       0
                text2                              1336     1336        B     266C       0
                text1                              1341     1341        B     2682       0
                maintext                             D5       D5      24D        8       0
                cstackBANK0                          20       20       2E       20       1
                cstackCOMMON                         70       70        E       70       1
                cstackBANK1                          A0       A0       3E       A0       1
                cstackBANK2                         120      120       4B      120       1
                cstackBANK8                         420      420       4F      420       1
                cstackBANK9                         4A0      4A0       4C      4A0       1
                clrtext                            12EF     12EF        6     25DE       0
                inittext                           12F5     12F5        6     25EA       0
                bssBANK7                            3A0      3A0       46      3A0       1
                bssBANK6                            320      320       46      320       1
                bssBANK5                            2A0      2A0       4B      2A0       1
                bssBANK4                            220      220       44      220       1
                dataBANK3                           1B1      1B1        A      1A0       1
                bssBANK3                            1A0      1A0       11      1A0       1
                dataBANK2                           16D      16D        2      120       1
                bssBANK2                            16B      16B        2      120       1
                bssBANK1                             DE       DE        1       A0       1
                dataBANK0                            5D       5D        3       20       1
                bssBANK0                             4E       4E        F       20       1
                stringtext20                       18AD     18AD        3     3000       0
                stringtext19                       18AA     18AA        3     3000       0
                stringtext18                       18A6     18A6        4     3000       0
                stringtext17                       18A2     18A2        4     3000       0
                stringtext16                       189E     189E        4     3000       0
                stringtext15                       1899     1899        5     3000       0
                stringtext14                       1894     1894        5     3000       0
                stringtext13                       188E     188E        6     3000       0
                stringtext12                       1887     1887        7     3000       0
                stringtext11                       187F     187F        8     3000       0
                stringtext10                       1876     1876        9     3000       0
                stringtext9                        186D     186D        9     3000       0
                stringtext8                        1864     1864        9     3000       0
                stringtext7                        1859     1859        B     3000       0
                stringtext6                        184D     184D        C     3000       0
                stringtext5                        183F     183F        E     3000       0
                stringtext4                        1831     1831        E     3000       0
                stringtext3                        1823     1823        E     3000       0
                stringtext2                        1812     1812       11     3000       0
                stringtext1                        1800     1800       12     3000       0
                idataBANK3                         1316     1316        A     262C       0
                idataBANK2                            2        2        2        0       0
                idataBANK0                         12C2     12C2        3     2584       0

TOTAL           Name                               Link     Load   Length     Space
        CLASS   STACK          

        CLASS   CODE           
                end_init                             79       79        2         0
                cinit                                7B       7B       5A         0
                intentry                              4        4       75         0
                reset_vec                             0        0        2         0
                text60                              A8C      A8C       70         0
                text59                              EDC      EDC      124         0
                text58                             134C     134C        D         0
                text57                             12D7     12D7        6         0
                text56                             15A7     15A7       3C         0
                text55                             12DD     12DD        6         0
                text54                             14B6     14B6       2C         0
                text53                              95C      95C       62         0
                text52                              B8D      B8D       98         0
                text51                             1460     1460       2B         0
                text49                             140C     140C       2A         0
                text48                             13C1     13C1       24         0
                text47                             136E     136E       18         0
                text46                             1765     1765       49         0
                text45                             16DB     16DB       45         0
                text44                             130C     130C        A         0
                text43                             150F     150F       2F         0
                text42                             139E     139E       23         0
                text41                             1571     1571       36         0
                text40                             1720     1720       45         0
                text39                              4E8      4E8      13C         0
                text38                             1359     1359       15         0
                text37                             13E5     13E5       27         0
                text36                             1697     1697       44         0
                text35                             15E3     15E3       3C         0
                text34                              AFC      AFC       91         0
                text33                              75E      75E       A1         0
                text32                              A22      A22       6A         0
                text31                              89E      89E       5E         0
                text30                              624      624      13A         0
                text29                             12C5     12C5        4         0
                text28                              800      800       42         0
                text27                             12E3     12E3        6         0
                text26                             161F     161F       3C         0
                text25                             12E9     12E9        6         0
                text24                             14E2     14E2       2D         0
                text23                              8FC      8FC       60         0
                text22                              C25      C25       9F         0
                text21                              842      842       5C         0
                text20                             1436     1436       2A         0
                text19                             17AE     17AE       52         0
                text18                             165B     165B       3C         0
                text17                              D74      D74       B4         0
                text16                              322      322      1C6         0
                text15                             1303     1303        9         0
                text14                             12C9     12C9        4         0
                text13                             12CD     12CD        5         0
                text12                              E28      E28       B4         0
                text11                             153E     153E       33         0
                text10                             148B     148B       2B         0
                text9                              1386     1386       18         0
                text8                              1320     1320        B         0
                text7                              12D2     12D2        5         0
                text6                               9BE      9BE       64         0
                text5                              12FB     12FB        8         0
                text4                              132B     132B        B         0
                text3                               CC4      CC4       B0         0
                text2                              1336     1336        B         0
                text1                              1341     1341        B         0
                maintext                             D5       D5      24D         0
                clrtext                            12EF     12EF        6         0
                inittext                           12F5     12F5        6         0
                idataBANK3                         1316     1316        A         0
                idataBANK2                            2        2        2         0
                idataBANK0                         12C2     12C2        3         0

        CLASS   STRCODE        
                stringtext20                       18AD     18AD        3         0
                stringtext19                       18AA     18AA        3         0
                stringtext18                       18A6     18A6        4         0
                stringtext17                       18A2     18A2        4         0
                stringtext16                       189E     189E        4         0
                stringtext15                       1899     1899        5         0
                stringtext14                       1894     1894        5         0
                stringtext13                       188E     188E        6         0
                stringtext12                       1887     1887        7         0
                stringtext11                       187F     187F        8         0
                stringtext10                       1876     1876        9         0
                stringtext9                        186D     186D        9         0
                stringtext8                        1864     1864        9         0
                stringtext7                        1859     1859        B         0
                stringtext6                        184D     184D        C         0
                stringtext5                        183F     183F        E         0
                stringtext4                        1831     1831        E         0
                stringtext3                        1823     1823        E         0
                stringtext2                        1812     1812       11         0
                stringtext1                        1800     1800       12         0

        CLASS   STRING         

        CLASS   CONST          
                swtext3                            1000     1000        E         0
                swtext2                            1018     1018        A         0
                swtext1                            100E     100E        A         0

        CLASS   ENTRY          

        CLASS   COMMON         
                cstackCOMMON                         70       70        E         1

        CLASS   BANK0          
                cstackBANK0                          20       20       2E         1
                dataBANK0                            5D       5D        3         1
                bssBANK0                             4E       4E        F         1

        CLASS   BANK1          
                cstackBANK1                          A0       A0       3E         1
                bssBANK1                             DE       DE        1         1

        CLASS   BANK2          
                cstackBANK2                         120      120       4B         1
                dataBANK2                           16D      16D        2         1
                bssBANK2                            16B      16B        2         1

        CLASS   BANK3          
                dataBANK3                           1B1      1B1        A         1
                bssBANK3                            1A0      1A0       11         1

        CLASS   BANK4          
                bssBANK4                            220      220       44         1

        CLASS   BANK5          
                bssBANK5                            2A0      2A0       4B         1

        CLASS   BANK6          
                bssBANK6                            320      320       46         1

        CLASS   BANK7          
                bssBANK7                            3A0      3A0       46         1

        CLASS   BANK8          
                cstackBANK8                         420      420       4F         1

        CLASS   BANK9          
                cstackBANK9                         4A0      4A0       4C         1

        CLASS   BANK10         

        CLASS   BANK11         

        CLASS   BANK12         

        CLASS   BIGRAM         

        CLASS   RAM            

        CLASS   ABS1           
                abs_s1                               7E       7E        2         1

        CLASS   SFR0           

        CLASS   SFR1           

        CLASS   SFR2           

        CLASS   SFR3           

        CLASS   SFR4           

        CLASS   SFR5           

        CLASS   SFR6           

        CLASS   SFR7           

        CLASS   SFR8           

        CLASS   SFR9           

        CLASS   SFR10          

        CLASS   SFR11          

        CLASS   SFR12          

        CLASS   SFR13          

        CLASS   SFR14          

        CLASS   SFR15          

        CLASS   SFR16          

        CLASS   SFR17          

        CLASS   SFR18          

        CLASS   SFR19          

        CLASS   SFR20          

        CLASS   SFR21          

        CLASS   SFR22          

        CLASS   SFR23          

        CLASS   SFR24          

        CLASS   SFR25          

        CLASS   SFR26          

        CLASS   SFR27          

        CLASS   SFR28          

        CLASS   SFR29          

        CLASS   SFR30          

        CLASS   SFR31          

        CLASS   CONFIG         
                config                             8007     8007        2         0

        CLASS   IDLOC          

        CLASS   BANK31         

        CLASS   BANK30         

        CLASS   BANK29         

        CLASS   BANK28         

        CLASS   BANK27         

        CLASS   BANK26         

        CLASS   BANK25         

        CLASS   BANK24         

        CLASS   BANK23         

        CLASS   BANK22         

        CLASS   BANK21         

        CLASS   BANK20         

        CLASS   BANK19         

        CLASS   BANK18         

        CLASS   BANK17         

        CLASS   BANK16         

        CLASS   BANK15         

        CLASS   BANK14         

        CLASS   BANK13         

        CLASS   EEDATA         



SEGMENTS        Name                           Load    Length   Top    Selector   Space  Class     Delta

                reset_vec                      000000  000004  000004         0       0  CODE        2
                intentry                       000004  0007FB  0007FF         8       0  CODE        2
                cstackBANK0                    000020  000040  000060        20       1  BANK0       1
                cstackCOMMON                   000070  00000E  00007E        70       1  COMMON      1
                cstackBANK1                    0000A0  00003F  0000DF        A0       1  BANK1       1
                cstackBANK2                    000120  00004F  00016F       120       1  BANK2       1
                bssBANK3                       0001A0  00001B  0001BB       1A0       1  BANK3       1
                bssBANK4                       000220  000044  000264       220       1  BANK4       1
                bssBANK5                       0002A0  00004B  0002EB       2A0       1  BANK5       1
                bssBANK6                       000320  000046  000366       320       1  BANK6       1
                bssBANK7                       0003A0  000046  0003E6       3A0       1  BANK7       1
                cstackBANK8                    000420  00004F  00046F       420       1  BANK8       1
                cstackBANK9                    0004A0  00004C  0004EC       4A0       1  BANK9       1
                text28                         000800  000042  000842      1000       0  CODE        2
                text21                         000842  00005C  00089E      1084       0  CODE        2
                text31                         00089E  00005E  0008FC      113C       0  CODE        2
                text23                         0008FC  000060  00095C      11F8       0  CODE        2
                text53                         00095C  000062  0009BE      12B8       0  CODE        2
                text6                          0009BE  000064  000A22      137C       0  CODE        2
                text32                         000A22  00006A  000A8C      1444       0  CODE        2
                text60                         000A8C  000070  000AFC      1518       0  CODE        2
                text34                         000AFC  000091  000B8D      15F8       0  CODE        2
                text52                         000B8D  000098  000C25      171A       0  CODE        2
                text22                         000C25  00009F  000CC4      184A       0  CODE        2
                text3                          000CC4  0000B0  000D74      1988       0  CODE        2
                text17                         000D74  0000B4  000E28      1AE8       0  CODE        2
                text12                         000E28  0000B4  000EDC      1C50       0  CODE        2
                text59                         000EDC  000124  001000      1DB8       0  CODE        2
                swtext3                        001000  000022  001022      2000       0  CONST       2
                idataBANK0                     0012C2  000003  0012C5      2584       0  CODE        2
                text29                         0012C5  000004  0012C9      258A       0  CODE        2
                text14                         0012C9  000004  0012CD      2592       0  CODE        2
                text13                         0012CD  000005  0012D2      259A       0  CODE        2
                text7                          0012D2  000005  0012D7      25A4       0  CODE        2
                text57                         0012D7  000006  0012DD      25AE       0  CODE        2
                text55                         0012DD  000006  0012E3      25BA       0  CODE        2
                text27                         0012E3  000006  0012E9      25C6       0  CODE        2
                text25                         0012E9  000006  0012EF      25D2       0  CODE        2
                clrtext                        0012EF  000006  0012F5      25DE       0  CODE        2
                inittext                       0012F5  000006  0012FB      25EA       0  CODE        2
                text5                          0012FB  000008  001303      25F6       0  CODE        2
                text15                         001303  000009  00130C      2606       0  CODE        2
                text44                         00130C  00000A  001316      2618       0  CODE        2
                idataBANK3                     001316  00000A  001320      262C       0  CODE        2
                text8                          001320  00000B  00132B      2640       0  CODE        2
                text4                          00132B  00000B  001336      2656       0  CODE        2
                text2                          001336  00000B  001341      266C       0  CODE        2
                text1                          001341  00000B  00134C      2682       0  CODE        2
                text58                         00134C  00000D  001359      2698       0  CODE        2
                text38                         001359  000015  00136E      26B2       0  CODE        2
                text47                         00136E  000018  001386      26DC       0  CODE        2
                text9                          001386  000018  00139E      270C       0  CODE        2
                text42                         00139E  000023  0013C1      273C       0  CODE        2
                text48                         0013C1  000024  0013E5      2782       0  CODE        2
                text37                         0013E5  000027  00140C      27CA       0  CODE        2
                text49                         00140C  00002A  001436      2818       0  CODE        2
                text20                         001436  00002A  001460      286C       0  CODE        2
                text51                         001460  00002B  00148B      28C0       0  CODE        2
                text10                         00148B  00002B  0014B6      2916       0  CODE        2
                text54                         0014B6  00002C  0014E2      296C       0  CODE        2
                text24                         0014E2  00002D  00150F      29C4       0  CODE        2
                text43                         00150F  00002F  00153E      2A1E       0  CODE        2
                text11                         00153E  000033  001571      2A7C       0  CODE        2
                text41                         001571  000036  0015A7      2AE2       0  CODE        2
                text56                         0015A7  00003C  0015E3      2B4E       0  CODE        2
                text35                         0015E3  00003C  00161F      2BC6       0  CODE        2
                text26                         00161F  00003C  00165B      2C3E       0  CODE        2
                text18                         00165B  00003C  001697      2CB6       0  CODE        2
                text36                         001697  000044  0016DB      2D2E       0  CODE        2
                text45                         0016DB  000045  001720      2DB6       0  CODE        2
                text40                         001720  000045  001765      2E40       0  CODE        2
                text46                         001765  000049  0017AE      2ECA       0  CODE        2
                text19                         0017AE  000052  001800      2F5C       0  CODE        2
                stringtext1                    001800  0000B0  0018B0      3000       0  STRCODE     2
                config                         008007  000002  008009     1000E       0  CONFIG      2


UNUSED ADDRESS RANGES

        Name                Unused          Largest block    Delta
        BANK0            00060-0006F              10           1
        BANK1            000DF-000EF              11           1
        BANK10           00520-0056F              50           1
        BANK11           005A0-005EF              50           1
        BANK12           00620-0064F              30           1
        BANK2            0016F-0016F               1           1
        BANK3            001BB-001EF              35           1
        BANK4            00264-0026F               C           1
        BANK5            002EB-002EF               5           1
        BANK6            00366-0036F               A           1
        BANK7            003E6-003EF               A           1
        BANK8            0046F-0046F               1           1
        BANK9            004EC-004EF               4           1
        BIGRAM           02000-023EF             3F0           1
        CODE             007FF-007FF               1           2
                         01022-012C1             2A0
                         018B0-03FFF             800
        CONST            007FF-007FF               1           2
                         01022-012C1             100
                         018B0-03FFF             100
        ENTRY            007FF-007FF               1           2
                         01022-012C1             100
                         018B0-03FFF             100
        IDLOC            08000-08003               4           2
        RAM              00060-0006F              10           1
                         000DF-000EF              11
                         0016F-0016F               1
                         001BB-001EF              35
                         00264-0026F               C
                         002EB-002EF               5
                         00366-0036F               A
                         003E6-003EF               A
                         0046F-0046F               1
                         004EC-004EF               4
                         00520-0056F              50
                         005A0-005EF              50
                         00620-0064F              30
        SFR0             00000-0001F              20           1
        SFR1             00080-0009F              20           1
        SFR10            00500-0051F              20           1
        SFR11            00580-0059F              20           1
        SFR12            00600-0061F              20           1
        SFR13            00680-006EF              70           1
        SFR14            00700-0076F              70           1
        SFR15            00780-007EF              70           1
        SFR16            00800-0086F              70           1
        SFR17            00880-008EF              70           1
        SFR18            00900-0096F              70           1
        SFR19            00980-009EF              70           1
        SFR2             00100-0011F              20           1
        SFR20            00A00-00A6F              70           1
        SFR21            00A80-00AEF              70           1
        SFR22            00B00-00B6F              70           1
        SFR23            00B80-00BEF              70           1
        SFR24            00C00-00C6F              70           1
        SFR25            00C80-00CEF              70           1
        SFR26            00D00-00D6F              70           1
        SFR27            00D80-00DEF              70           1
        SFR28            00E00-00E6F              70           1
        SFR29            00E80-00EEF              70           1
        SFR3             00180-0019F              20           1
        SFR30            00F00-00F6F              70           1
        SFR31            00F80-00FEF              70           1
        SFR4             00200-0021F              20           1
        SFR5             00280-0029F              20           1
        SFR6             00300-0031F              20           1
        SFR7             00380-0039F              20           1
        SFR8             00400-0041F              20           1
        SFR9             00480-0049F              20           1
        STACK            0231C-023EF              D4           1
        STRCODE          007FF-007FF               1           2
                         01022-012C1             2A0
                         018B0-03FFF            2750
        STRING           007FF-007FF               1           2
                         01022-012C1             100
                         018B0-03FFF             100

                                  Symbol Table

?_EM1812EntryPoint                             cstackBANK0  00041
?_EUSARTInterrupt                              cstackCOMMON 00070
?_Esp8266OpenSocketCommand                     cstackBANK1  000A0
?_Esp8266SetNetworkParameters                  cstackBANK1  000A0
?_GetI2CStatus                                 cstackBANK0  00030
?_I2C_GetData                                  cstackBANK0  00030
?_I2C_Interrupt                                cstackCOMMON 00070
?_I2C_SendData                                 cstackBANK0  0003C
?___awdiv                                      cstackBANK0  00030
?___awmod                                      cstackBANK0  00030
?___lwdiv                                      cstackBANK0  00030
?___lwmod                                      cstackBANK0  00030
?_memcmp                                       cstackBANK0  00030
?_strlen                                       cstackBANK0  00030
AddTrace@iSizeOfoText                          cstackBANK0  0004B
AddTrace@iText                                 cstackBANK0  0004C
AddTrace@oText                                 cstackBANK1  000A6
Debounce@iSwitch                               cstackBANK0  00034
Debounce@ioTimer                               cstackBANK0  00030
Debounce@swPressed                             cstackBANK0  00031
EM1812EntryPoint@F1955                         dataBANK3    001B1
EM1812EntryPoint@F1957                         bssBANK4     00234
EM1812EntryPoint@ReceptionBuffer               cstackBANK1  000A4
EM1812EntryPoint@SetGetTempCommand             cstackBANK1  000A0
EM1812EntryPoint@oHumidity                     cstackBANK1  000AC
EM1812EntryPoint@oTemperature                  cstackBANK0  00041
EM1812EntryPoint@wTry                          bssBANK0     0004E
EUSARTInterrupt@gErrorCode                     cstackCOMMON 00074
Esp8266Entrypoint@prevEusartNbByteReceived     bssBANK2     0016C
Esp8266Entrypoint@wCommandAnswer               cstackBANK9  004EA
Esp8266Entrypoint@wCommandsize                 bssBANK2     0016B
Esp8266Entrypoint@wCounter                     bssBANK1     000DE
Esp8266Entrypoint@wEspBuffer                   cstackBANK9  004A0
Esp8266Entrypoint@wEusartNbByteReceived        cstackBANK9  004EB
Esp8266Entrypoint@wReturnNumber                cstackBANK9  004E6
Esp8266OpenSocketCommand@DestinationPort       cstackBANK1  000A4
Esp8266OpenSocketCommand@iDestination          cstackBANK1  000A2
Esp8266OpenSocketCommand@iType                 cstackBANK1  000A0
Esp8266OpenSocketCommand@wCommand              cstackBANK8  00420
Esp8266OpenSocketCommand@wCommandSizeReturn    cstackBANK8  0046D
Esp8266OpenSocketCommand@wPort                 cstackBANK8  00466
Esp8266SetNetworkParameters@iChannel           cstackBANK1  000A4
Esp8266SetNetworkParameters@iHidden            cstackBANK1  000A5
Esp8266SetNetworkParameters@iWifiNetworkName   cstackBANK1  000A0
Esp8266SetNetworkParameters@iWifiPassword      cstackBANK1  000A2
Esp8266SetNetworkParameters@wCommand           cstackBANK2  00120
Esp8266SetNetworkParameters@wCommandSizeReturn cstackBANK2  00169
Esp8266SetNetworkParameters@wNumber            cstackBANK2  00166
EusartGetRxBuffer@iDataSize                    cstackBANK0  0003C
EusartGetRxBuffer@oData                        cstackBANK0  00040
EusartGetRxBuffer@oNbOfByteReceived            cstackBANK0  0003D
GetNewReceivedData@oData                       cstackBANK0  0003F
GetNewReceivedData@oDataSize                   cstackBANK0  0003C
I2C_GetData@iAdress                            cstackBANK0  00033
I2C_GetData@iRxNumberOfByteExpected            cstackBANK0  00030
I2C_Interrupt@oErrorCode                       cstackCOMMON 00074
I2C_SendData@iData                             cstackBANK0  00040
I2C_SendData@iNumberofByte                     cstackBANK0  0003C
PrintLog@iText                                 cstackBANK0  0004B
PrintLog@wInterruptTextLen                     cstackBANK0  0004A
Send_UART_Data@iData                           cstackBANK0  0003C
Send_UART_Data@iData_Length                    cstackBANK0  0003E
_ANSELAbits                                    (abs)        0018C
_ANSELB                                        (abs)        0018D
_ANSELCbits                                    (abs)        0018E
_AddTrace                                      text46       01765
_Debounce                                      text45       016DB
_EM1812EntryPoint                              text39       004E8
_EUSARTInit                                    text38       01359
_EUSARTInterrupt                               text60       00A8C
_Esp8266Entrypoint                             text16       00322
_Esp8266OpenSocket                             text15       01303
_Esp8266OpenSocketCommand                      text33       0075E
_Esp8266SetAccessPointMode                     text14       012C9
_Esp8266SetNetworkParameters                   text30       00624
_Esp8266SetupWifi                              text13       012CD
_EusartGetNbByteReceived                       text29       012C5
_EusartGetRxBuffer                             text28       00800
_GetI2CStatus                                  text44       0130C
_GetNewReceivedData                            text42       0139E
_I2CInit                                       text11       0153E
_I2C_GetData                                   text41       01571
_I2C_Interrupt                                 text59       00EDC
_I2C_SendData                                  text40       01720
_INTCONbits                                    (abs)        0000B
_OPTION_REGbits                                (abs)        00095
_OSCCONbits                                    (abs)        00099
_PIE1bits                                      (abs)        00091
_PIE2bits                                      (abs)        00092
_PIR1bits                                      (abs)        00011
_PIR2bits                                      (abs)        00012
_PORTA                                         (abs)        0000C
_PORTAbits                                     (abs)        0000C
_PORTB                                         (abs)        0000D
_PORTBbits                                     (abs)        0000D
_PORTCbits                                     (abs)        0000E
_PrintLog                                      text10       0148B
_RCREG                                         (abs)        00199
_RCSTAbits                                     (abs)        0019D
_SPBRGH                                        (abs)        0019C
_SPBRGL                                        (abs)        0019B
_SSPADD                                        (abs)        00212
_SSPBUF                                        (abs)        00211
_SSPCON1bits                                   (abs)        00215
_SSPCON2bits                                   (abs)        00216
_SSPCON3bits                                   (abs)        00217
_SSPSTATbits                                   (abs)        00214
_Send_UART_Data                                text37       013E5
_SetToReadDataFromLCD                          text25       012E9
_SetToSendDataToLCD                            text27       012E3
_T1CONbits                                     (abs)        00018
_TMR0                                          (abs)        00015
_TMR1H                                         (abs)        00017
_TMR1L                                         (abs)        00016
_TRISAbits                                     (abs)        0008C
_TRISB                                         (abs)        0008D
_TRISCbits                                     (abs)        0008E
_TXREG                                         (abs)        0019A
_TXSTAbits                                     (abs)        0019E
_TempUpdateRequest                             text58       0134C
_WPUB                                          (abs)        0020D
__CFG_BOREN$ON                                 (abs)        00000
__CFG_BORV$LO                                  (abs)        00000
__CFG_CLKOUTEN$ON                              (abs)        00000
__CFG_CP$OFF                                   (abs)        00000
__CFG_FCMEN$OFF                                (abs)        00000
__CFG_FOSC$                                    (abs)        00002
__CFG_IESO$OFF                                 (abs)        00000
__CFG_LPBOR$OFF                                (abs)        00000
__CFG_LVP$OFF                                  (abs)        00000
__CFG_MCLRE$OFF                                (abs)        00000
__CFG_PWRTE$ON                                 (abs)        00000
__CFG_STVREN$OFF                               (abs)        00000
__CFG_VCAPEN$OFF                               (abs)        00000
__CFG_WDTE$OFF                                 (abs)        00000
__CFG_WRT$OFF                                  (abs)        00000
__Habs1                                        abs1         00000
__Hbank0                                       bank0        00000
__Hbank1                                       bank1        00000
__Hbank10                                      bank10       00000
__Hbank11                                      bank11       00000
__Hbank12                                      bank12       00000
__Hbank13                                      bank13       00000
__Hbank14                                      bank14       00000
__Hbank15                                      bank15       00000
__Hbank16                                      bank16       00000
__Hbank17                                      bank17       00000
__Hbank18                                      bank18       00000
__Hbank19                                      bank19       00000
__Hbank2                                       bank2        00000
__Hbank20                                      bank20       00000
__Hbank21                                      bank21       00000
__Hbank22                                      bank22       00000
__Hbank23                                      bank23       00000
__Hbank24                                      bank24       00000
__Hbank25                                      bank25       00000
__Hbank26                                      bank26       00000
__Hbank27                                      bank27       00000
__Hbank28                                      bank28       00000
__Hbank29                                      bank29       00000
__Hbank3                                       bank3        00000
__Hbank30                                      bank30       00000
__Hbank31                                      bank31       00000
__Hbank4                                       bank4        00000
__Hbank5                                       bank5        00000
__Hbank6                                       bank6        00000
__Hbank7                                       bank7        00000
__Hbank8                                       bank8        00000
__Hbank9                                       bank9        00000
__Hbigram                                      bigram       00000
__HbssBANK0                                    bssBANK0     00000
__HbssBANK1                                    bssBANK1     00000
__HbssBANK2                                    bssBANK2     00000
__HbssBANK3                                    bssBANK3     00000
__HbssBANK4                                    bssBANK4     00000
__HbssBANK5                                    bssBANK5     00000
__HbssBANK6                                    bssBANK6     00000
__HbssBANK7                                    bssBANK7     00000
__Hcinit                                       cinit        000D5
__Hclrtext                                     clrtext      00000
__Hcode                                        code         00000
__Hcommon                                      common       00000
__Hconfig                                      config       08009
__HcstackBANK0                                 cstackBANK0  00000
__HcstackBANK1                                 cstackBANK1  00000
__HcstackBANK2                                 cstackBANK2  00000
__HcstackBANK8                                 cstackBANK8  00000
__HcstackBANK9                                 cstackBANK9  00000
__HcstackCOMMON                                cstackCOMMON 00000
__HdataBANK0                                   dataBANK0    00000
__HdataBANK2                                   dataBANK2    00000
__HdataBANK3                                   dataBANK3    00000
__Heeprom_data                                 eeprom_data  00000
__Hend_init                                    end_init     0007B
__Hfunctab                                     functab      00000
__HidataBANK0                                  idataBANK0   00000
__HidataBANK2                                  idataBANK2   00000
__HidataBANK3                                  idataBANK3   00000
__Hidloc                                       idloc        00000
__Hinit                                        init         00079
__Hinittext                                    inittext     00000
__Hintentry                                    intentry     00079
__Hmaintext                                    maintext     00000
__Hpowerup                                     powerup      00000
__Hram                                         ram          00000
__Hreset_vec                                   reset_vec    00002
__Hsfr0                                        sfr0         00000
__Hsfr1                                        sfr1         00000
__Hsfr10                                       sfr10        00000
__Hsfr11                                       sfr11        00000
__Hsfr12                                       sfr12        00000
__Hsfr13                                       sfr13        00000
__Hsfr14                                       sfr14        00000
__Hsfr15                                       sfr15        00000
__Hsfr16                                       sfr16        00000
__Hsfr17                                       sfr17        00000
__Hsfr18                                       sfr18        00000
__Hsfr19                                       sfr19        00000
__Hsfr2                                        sfr2         00000
__Hsfr20                                       sfr20        00000
__Hsfr21                                       sfr21        00000
__Hsfr22                                       sfr22        00000
__Hsfr23                                       sfr23        00000
__Hsfr24                                       sfr24        00000
__Hsfr25                                       sfr25        00000
__Hsfr26                                       sfr26        00000
__Hsfr27                                       sfr27        00000
__Hsfr28                                       sfr28        00000
__Hsfr29                                       sfr29        00000
__Hsfr3                                        sfr3         00000
__Hsfr30                                       sfr30        00000
__Hsfr31                                       sfr31        00000
__Hsfr4                                        sfr4         00000
__Hsfr5                                        sfr5         00000
__Hsfr6                                        sfr6         00000
__Hsfr7                                        sfr7         00000
__Hsfr8                                        sfr8         00000
__Hsfr9                                        sfr9         00000
__Hspace_0                                     (abs)        08009
__Hspace_1                                     (abs)        004EC
__Hspace_2                                     (abs)        00000
__Hspace_3                                     (abs)        00000
__Hstack                                       stack        00000
__Hstrings                                     strings      00000
__Hstringtext1                                 stringtext1  00000
__Hstringtext10                                stringtext10 00000
__Hstringtext11                                stringtext11 00000
__Hstringtext12                                stringtext12 00000
__Hstringtext13                                stringtext13 00000
__Hstringtext14                                stringtext14 00000
__Hstringtext15                                stringtext15 00000
__Hstringtext16                                stringtext16 00000
__Hstringtext17                                stringtext17 00000
__Hstringtext18                                stringtext18 00000
__Hstringtext19                                stringtext19 00000
__Hstringtext2                                 stringtext2  00000
__Hstringtext20                                stringtext20 00000
__Hstringtext21                                stringtext21 00000
__Hstringtext3                                 stringtext3  00000
__Hstringtext4                                 stringtext4  00000
__Hstringtext5                                 stringtext5  00000
__Hstringtext6                                 stringtext6  00000
__Hstringtext7                                 stringtext7  00000
__Hstringtext8                                 stringtext8  00000
__Hstringtext9                                 stringtext9  00000
__Htext                                        text         00000
__Labs1                                        abs1         00000
__Lbank0                                       bank0        00000
__Lbank1                                       bank1        00000
__Lbank10                                      bank10       00000
__Lbank11                                      bank11       00000
__Lbank12                                      bank12       00000
__Lbank13                                      bank13       00000
__Lbank14                                      bank14       00000
__Lbank15                                      bank15       00000
__Lbank16                                      bank16       00000
__Lbank17                                      bank17       00000
__Lbank18                                      bank18       00000
__Lbank19                                      bank19       00000
__Lbank2                                       bank2        00000
__Lbank20                                      bank20       00000
__Lbank21                                      bank21       00000
__Lbank22                                      bank22       00000
__Lbank23                                      bank23       00000
__Lbank24                                      bank24       00000
__Lbank25                                      bank25       00000
__Lbank26                                      bank26       00000
__Lbank27                                      bank27       00000
__Lbank28                                      bank28       00000
__Lbank29                                      bank29       00000
__Lbank3                                       bank3        00000
__Lbank30                                      bank30       00000
__Lbank31                                      bank31       00000
__Lbank4                                       bank4        00000
__Lbank5                                       bank5        00000
__Lbank6                                       bank6        00000
__Lbank7                                       bank7        00000
__Lbank8                                       bank8        00000
__Lbank9                                       bank9        00000
__Lbigram                                      bigram       00000
__LbssBANK0                                    bssBANK0     00000
__LbssBANK1                                    bssBANK1     00000
__LbssBANK2                                    bssBANK2     00000
__LbssBANK3                                    bssBANK3     00000
__LbssBANK4                                    bssBANK4     00000
__LbssBANK5                                    bssBANK5     00000
__LbssBANK6                                    bssBANK6     00000
__LbssBANK7                                    bssBANK7     00000
__Lcinit                                       cinit        0007B
__Lclrtext                                     clrtext      00000
__Lcode                                        code         00000
__Lcommon                                      common       00000
__Lconfig                                      config       08007
__LcstackBANK0                                 cstackBANK0  00000
__LcstackBANK1                                 cstackBANK1  00000
__LcstackBANK2                                 cstackBANK2  00000
__LcstackBANK8                                 cstackBANK8  00000
__LcstackBANK9                                 cstackBANK9  00000
__LcstackCOMMON                                cstackCOMMON 00000
__LdataBANK0                                   dataBANK0    00000
__LdataBANK2                                   dataBANK2    00000
__LdataBANK3                                   dataBANK3    00000
__Leeprom_data                                 eeprom_data  00000
__Lend_init                                    end_init     00079
__Lfunctab                                     functab      00000
__LidataBANK0                                  idataBANK0   00000
__LidataBANK2                                  idataBANK2   00000
__LidataBANK3                                  idataBANK3   00000
__Lidloc                                       idloc        00000
__Linit                                        init         00079
__Linittext                                    inittext     00000
__Lintentry                                    intentry     00004
__Lmaintext                                    maintext     00000
__Lpowerup                                     powerup      00000
__Lram                                         ram          00000
__Lreset_vec                                   reset_vec    00000
__Lsfr0                                        sfr0         00000
__Lsfr1                                        sfr1         00000
__Lsfr10                                       sfr10        00000
__Lsfr11                                       sfr11        00000
__Lsfr12                                       sfr12        00000
__Lsfr13                                       sfr13        00000
__Lsfr14                                       sfr14        00000
__Lsfr15                                       sfr15        00000
__Lsfr16                                       sfr16        00000
__Lsfr17                                       sfr17        00000
__Lsfr18                                       sfr18        00000
__Lsfr19                                       sfr19        00000
__Lsfr2                                        sfr2         00000
__Lsfr20                                       sfr20        00000
__Lsfr21                                       sfr21        00000
__Lsfr22                                       sfr22        00000
__Lsfr23                                       sfr23        00000
__Lsfr24                                       sfr24        00000
__Lsfr25                                       sfr25        00000
__Lsfr26                                       sfr26        00000
__Lsfr27                                       sfr27        00000
__Lsfr28                                       sfr28        00000
__Lsfr29                                       sfr29        00000
__Lsfr3                                        sfr3         00000
__Lsfr30                                       sfr30        00000
__Lsfr31                                       sfr31        00000
__Lsfr4                                        sfr4         00000
__Lsfr5                                        sfr5         00000
__Lsfr6                                        sfr6         00000
__Lsfr7                                        sfr7         00000
__Lsfr8                                        sfr8         00000
__Lsfr9                                        sfr9         00000
__Lspace_0                                     (abs)        00000
__Lspace_1                                     (abs)        00000
__Lspace_2                                     (abs)        00000
__Lspace_3                                     (abs)        00000
__Lstack                                       stack        00000
__Lstrings                                     strings      00000
__Lstringtext1                                 stringtext1  00000
__Lstringtext10                                stringtext10 00000
__Lstringtext11                                stringtext11 00000
__Lstringtext12                                stringtext12 00000
__Lstringtext13                                stringtext13 00000
__Lstringtext14                                stringtext14 00000
__Lstringtext15                                stringtext15 00000
__Lstringtext16                                stringtext16 00000
__Lstringtext17                                stringtext17 00000
__Lstringtext18                                stringtext18 00000
__Lstringtext19                                stringtext19 00000
__Lstringtext2                                 stringtext2  00000
__Lstringtext20                                stringtext20 00000
__Lstringtext21                                stringtext21 00000
__Lstringtext3                                 stringtext3  00000
__Lstringtext4                                 stringtext4  00000
__Lstringtext5                                 stringtext5  00000
__Lstringtext6                                 stringtext6  00000
__Lstringtext7                                 stringtext7  00000
__Lstringtext8                                 stringtext8  00000
__Lstringtext9                                 stringtext9  00000
__Ltext                                        text         00000
__S0                                           (abs)        08009
__S1                                           (abs)        004EC
__S2                                           (abs)        00000
___awdiv                                       text32       00A22
___awdiv@counter                               cstackBANK0  00035
___awdiv@dividend                              cstackBANK0  00032
___awdiv@divisor                               cstackBANK0  00030
___awdiv@quotient                              cstackBANK0  00037
___awdiv@sign                                  cstackBANK0  00036
___awmod                                       text31       0089E
___awmod@counter                               cstackBANK0  00035
___awmod@dividend                              cstackBANK0  00032
___awmod@divisor                               cstackBANK0  00030
___awmod@sign                                  cstackBANK0  00036
___int_sp                                      stack        00000
___latbits                                     (abs)        00003
___lwdiv                                       text36       01697
___lwdiv@counter                               cstackBANK0  00035
___lwdiv@dividend                              cstackBANK0  00032
___lwdiv@divisor                               cstackBANK0  00030
___lwdiv@quotient                              cstackBANK0  00036
___lwmod                                       text35       015E3
___lwmod@counter                               cstackBANK0  00035
___lwmod@dividend                              cstackBANK0  00032
___lwmod@divisor                               cstackBANK0  00030
___sp                                          stack        00000
__end_of_AddTrace                              text46       017AE
__end_of_Debounce                              text45       01720
__end_of_EM1812EntryPoint                      text39       00624
__end_of_EUSARTInit                            text38       0136E
__end_of_EUSARTInterrupt                       text60       00AFC
__end_of_Esp8266Entrypoint                     text16       004E8
__end_of_Esp8266OpenSocket                     text15       0130C
__end_of_Esp8266OpenSocketCommand              text33       007FF
__end_of_Esp8266SetAccessPointMode             text14       012CD
__end_of_Esp8266SetNetworkParameters           text30       0075E
__end_of_Esp8266SetupWifi                      text13       012D2
__end_of_EusartGetNbByteReceived               text29       012C9
__end_of_EusartGetRxBuffer                     text28       00842
__end_of_GetI2CStatus                          text44       01316
__end_of_GetNewReceivedData                    text42       013C1
__end_of_I2CInit                               text11       01571
__end_of_I2C_GetData                           text41       015A7
__end_of_I2C_Interrupt                         text59       01000
__end_of_I2C_SendData                          text40       01765
__end_of_PrintLog                              text10       014B6
__end_of_Send_UART_Data                        text37       0140C
__end_of_SetToReadDataFromLCD                  text25       012EF
__end_of_SetToSendDataToLCD                    text27       012E9
__end_of_TempUpdateRequest                     text58       01359
__end_of___awdiv                               text32       00A8C
__end_of___awmod                               text31       008FC
__end_of___lwdiv                               text36       016DB
__end_of___lwmod                               text35       0161F
__end_of__initialization                       cinit        000D1
__end_of_clearDisplay                          text7        012D7
__end_of_initLCD                               text6        00A22
__end_of_lcdWriteAllText                       text21       0089E
__end_of_lcdWriteText                          text20       01460
__end_of_main                                  maintext     00322
__end_of_memcmp                                text19       01800
__end_of_memcpy                                text43       0153E
__end_of_memset                                text12       00EDC
__end_of_moveCursorToHome                      text5        01303
__end_of_moveToNextChar                        text18       01697
__end_of_myint                                 intentry     00079
__end_of_powerOnLcd                            text4        01336
__end_of_printEM1812                           text3        00D74
__end_of_setCursorOff                          text2        01341
__end_of_setCursorPosition                     text23       0095C
__end_of_setData                               text26       0165B
__end_of_setNotBlinkingCursor                  text1        0134C
__end_of_strcat                                text47       01386
__end_of_strcpy                                text49       01436
__end_of_strlen                                text48       013E5
__end_of_uint16_tToa                           text34       00B8D
__end_of_uint8_tToa                            text17       00E28
__end_of_waitLCDBusy                           text24       0150F
__end_of_writeInsChk                           text8        0132B
__end_of_writeInsNoChk                         text9        0139E
__end_of_writeTxtChk                           text22       00CC4
__end_ofi1_SetToReadDataFromLCD                text55       012E3
__end_ofi1_SetToSendDataToLCD                  text57       012DD
__end_ofi1_lcdWriteText                        text51       0148B
__end_ofi1_setCursorPosition                   text53       009BE
__end_ofi1_setData                             text56       015E3
__end_ofi1_waitLCDBusy                         text54       014E2
__end_ofi1_writeTxtChk                         text52       00C25
__initialization                               cinit        0007B
__pbssBANK0                                    bssBANK0     0004E
__pbssBANK1                                    bssBANK1     000DE
__pbssBANK2                                    bssBANK2     0016B
__pbssBANK3                                    bssBANK3     001A0
__pbssBANK4                                    bssBANK4     00220
__pbssBANK5                                    bssBANK5     002A0
__pbssBANK6                                    bssBANK6     00320
__pbssBANK7                                    bssBANK7     003A0
__pcstackBANK0                                 cstackBANK0  00020
__pcstackBANK1                                 cstackBANK1  000A0
__pcstackBANK2                                 cstackBANK2  00120
__pcstackBANK8                                 cstackBANK8  00420
__pcstackBANK9                                 cstackBANK9  004A0
__pcstackCOMMON                                cstackCOMMON 00070
__pdataBANK0                                   dataBANK0    0005D
__pdataBANK2                                   dataBANK2    0016D
__pdataBANK3                                   dataBANK3    001B1
__pidataBANK0                                  idataBANK0   012C2
__pidataBANK2                                  idataBANK2   00002
__pidataBANK3                                  idataBANK3   01316
__pintentry                                    intentry     00004
__pmaintext                                    maintext     000D5
__pstringtext1                                 stringtext1  01800
__pstringtext10                                stringtext10 01876
__pstringtext11                                stringtext11 0187F
__pstringtext12                                stringtext12 01887
__pstringtext13                                stringtext13 0188E
__pstringtext14                                stringtext14 01894
__pstringtext15                                stringtext15 01899
__pstringtext16                                stringtext16 0189E
__pstringtext17                                stringtext17 018A2
__pstringtext18                                stringtext18 018A6
__pstringtext19                                stringtext19 018AA
__pstringtext2                                 stringtext2  01812
__pstringtext20                                stringtext20 018AD
__pstringtext21                                stringtext21 00000
__pstringtext3                                 stringtext3  01823
__pstringtext4                                 stringtext4  01831
__pstringtext5                                 stringtext5  0183F
__pstringtext6                                 stringtext6  0184D
__pstringtext7                                 stringtext7  01859
__pstringtext8                                 stringtext8  01864
__pstringtext9                                 stringtext9  0186D
__pswtext1                                     swtext1      0100E
__pswtext2                                     swtext2      01018
__pswtext3                                     swtext3      01000
__ptext1                                       text1        01341
__ptext10                                      text10       0148B
__ptext11                                      text11       0153E
__ptext12                                      text12       00E28
__ptext13                                      text13       012CD
__ptext14                                      text14       012C9
__ptext15                                      text15       01303
__ptext16                                      text16       00322
__ptext17                                      text17       00D74
__ptext18                                      text18       0165B
__ptext19                                      text19       017AE
__ptext2                                       text2        01336
__ptext20                                      text20       01436
__ptext21                                      text21       00842
__ptext22                                      text22       00C25
__ptext23                                      text23       008FC
__ptext24                                      text24       014E2
__ptext25                                      text25       012E9
__ptext26                                      text26       0161F
__ptext27                                      text27       012E3
__ptext28                                      text28       00800
__ptext29                                      text29       012C5
__ptext3                                       text3        00CC4
__ptext30                                      text30       00624
__ptext31                                      text31       0089E
__ptext32                                      text32       00A22
__ptext33                                      text33       0075E
__ptext34                                      text34       00AFC
__ptext35                                      text35       015E3
__ptext36                                      text36       01697
__ptext37                                      text37       013E5
__ptext38                                      text38       01359
__ptext39                                      text39       004E8
__ptext4                                       text4        0132B
__ptext40                                      text40       01720
__ptext41                                      text41       01571
__ptext42                                      text42       0139E
__ptext43                                      text43       0150F
__ptext44                                      text44       0130C
__ptext45                                      text45       016DB
__ptext46                                      text46       01765
__ptext47                                      text47       0136E
__ptext48                                      text48       013C1
__ptext49                                      text49       0140C
__ptext5                                       text5        012FB
__ptext51                                      text51       01460
__ptext52                                      text52       00B8D
__ptext53                                      text53       0095C
__ptext54                                      text54       014B6
__ptext55                                      text55       012DD
__ptext56                                      text56       015A7
__ptext57                                      text57       012D7
__ptext58                                      text58       0134C
__ptext59                                      text59       00EDC
__ptext6                                       text6        009BE
__ptext60                                      text60       00A8C
__ptext7                                       text7        012D2
__ptext8                                       text8        01320
__ptext9                                       text9        01386
__size_of_AddTrace                             (abs)        00000
__size_of_Debounce                             (abs)        00000
__size_of_EM1812EntryPoint                     (abs)        00000
__size_of_EUSARTInit                           (abs)        00000
__size_of_EUSARTInterrupt                      (abs)        00000
__size_of_Esp8266Entrypoint                    (abs)        00000
__size_of_Esp8266OpenSocket                    (abs)        00000
__size_of_Esp8266OpenSocketCommand             (abs)        00000
__size_of_Esp8266SetAccessPointMode            (abs)        00000
__size_of_Esp8266SetNetworkParameters          (abs)        00000
__size_of_Esp8266SetupWifi                     (abs)        00000
__size_of_EusartGetNbByteReceived              (abs)        00000
__size_of_EusartGetRxBuffer                    (abs)        00000
__size_of_GetI2CStatus                         (abs)        00000
__size_of_GetNewReceivedData                   (abs)        00000
__size_of_I2CInit                              (abs)        00000
__size_of_I2C_GetData                          (abs)        00000
__size_of_I2C_Interrupt                        (abs)        00000
__size_of_I2C_SendData                         (abs)        00000
__size_of_PrintLog                             (abs)        00000
__size_of_Send_UART_Data                       (abs)        00000
__size_of_SetToReadDataFromLCD                 (abs)        00000
__size_of_SetToSendDataToLCD                   (abs)        00000
__size_of_TempUpdateRequest                    (abs)        00000
__size_of___awdiv                              (abs)        00000
__size_of___awmod                              (abs)        00000
__size_of___lwdiv                              (abs)        00000
__size_of___lwmod                              (abs)        00000
__size_of_clearDisplay                         (abs)        00000
__size_of_initLCD                              (abs)        00000
__size_of_lcdWriteAllText                      (abs)        00000
__size_of_lcdWriteText                         (abs)        00000
__size_of_main                                 (abs)        00000
__size_of_memcmp                               (abs)        00000
__size_of_memcpy                               (abs)        00000
__size_of_memset                               (abs)        00000
__size_of_moveCursorToHome                     (abs)        00000
__size_of_moveToNextChar                       (abs)        00000
__size_of_myint                                (abs)        00000
__size_of_powerOnLcd                           (abs)        00000
__size_of_printEM1812                          (abs)        00000
__size_of_setCursorOff                         (abs)        00000
__size_of_setCursorPosition                    (abs)        00000
__size_of_setData                              (abs)        00000
__size_of_setNotBlinkingCursor                 (abs)        00000
__size_of_strcat                               (abs)        00000
__size_of_strcpy                               (abs)        00000
__size_of_strlen                               (abs)        00000
__size_of_uint16_tToa                          (abs)        00000
__size_of_uint8_tToa                           (abs)        00000
__size_of_waitLCDBusy                          (abs)        00000
__size_of_writeInsChk                          (abs)        00000
__size_of_writeInsNoChk                        (abs)        00000
__size_of_writeTxtChk                          (abs)        00000
__size_ofi1_SetToReadDataFromLCD               (abs)        00000
__size_ofi1_SetToSendDataToLCD                 (abs)        00000
__size_ofi1_lcdWriteText                       (abs)        00000
__size_ofi1_setCursorPosition                  (abs)        00000
__size_ofi1_setData                            (abs)        00000
[...]
		None
 Auto vars:     Size  Location     Type
  wText           3    9[BANK0 ] unsigned char [3]
  wText           3    6[BANK0 ] unsigned char [3]
  wEUSARTError    2   14[BANK0 ] int 
  wI2CError       2   12[BANK0 ] int 
 Return value:  Size  Location     Type
                  1    wreg      void 
 Registers used:
		wreg, fsr0l, fsr0h, fsr1l, fsr1h, status,2, status,0, pclath, cstack
 Tracked objects:
		On entry : 
		On exit  : 
		Unchanged: 
 Data sizes:     COMMON   BANK0   BANK1   BANK2   BANK3   BANK4   BANK5   BANK6   BANK7   BANK8   BANK9  BANK10  BANK11  BANK12
      Params:         0       0       0       0       0       0       0       0       0       0       0       0       0       0
      Locals:         0      10       0       0       0       0       0       0       0       0       0       0       0       0
      Temps:          0       1       0       0       0       0       0       0       0       0       0       0       0       0
      Totals:         0      11       0       0       0       0       0       0       0       0       0       0       0       0
Total ram usage:       11 bytes
 Hardware stack levels used:    1
 Hardware stack levels required when called:    5
 This function calls:
		_EUSARTInterrupt
		_I2C_Interrupt
		_TempUpdateRequest
		i1_lcdWriteText
 This function is called by:
		Interrupt level 1
 This function uses a non-reentrant model


 *************** function i1_lcdWriteText *****************
 Defined at:
		line 63 in file "LCD_hd44780u_qy_2004a.c"
 Parameters:    Size  Location     Type
  iText           2    0[BANK0 ] PTR unsigned char 
		 -> Esp8266Entrypoint@wReturnNumber(4), STR_25(4), STR_22(4), NULL(0), 
		 -> myint@wText_501(3), myint@wText(3), wInterruptText(75), 
 Auto vars:     Size  Location     Type
  lcdWriteText    1   13[COMMON] unsigned char 
 Return value:  Size  Location     Type
                  1    wreg      void 
 Registers used:
		wreg, fsr0l, fsr0h, status,2, status,0, pclath, cstack
 Tracked objects:
		On entry : 
		On exit  : 
		Unchanged: 
 Data sizes:     COMMON   BANK0   BANK1   BANK2   BANK3   BANK4   BANK5   BANK6   BANK7   BANK8   BANK9  BANK10  BANK11  BANK12
      Params:         0       2       0       0       0       0       0       0       0       0       0       0       0       0
      Locals:         1       0       0       0       0       0       0       0       0       0       0       0       0       0
      Temps:          0       3       0       0       0       0       0       0       0       0       0       0       0       0
      Totals:         1       5       0       0       0       0       0       0       0       0       0       0       0       0
Total ram usage:        6 bytes
 Hardware stack levels used:    1
 Hardware stack levels required when called:    4
 This function calls:
		i1_writeTxtChk
 This function is called by:
		_myint
 This function uses a non-reentrant model


 *************** function i1_writeTxtChk *****************
 Defined at:
		line 125 in file "LCD_hd44780u_qy_2004a.c"
 Parameters:    Size  Location     Type
  iOpCode         1    wreg     unsigned char 
 Auto vars:     Size  Location     Type
  iOpCode         1   12[COMMON] unsigned char 
 Return value:  Size  Location     Type
                  1    wreg      void 
 Registers used:
		wreg, fsr0l, fsr0h, status,2, status,0, pclath, cstack
 Tracked objects:
		On entry : 
		On exit  : 
		Unchanged: 
 Data sizes:     COMMON   BANK0   BANK1   BANK2   BANK3   BANK4   BANK5   BANK6   BANK7   BANK8   BANK9  BANK10  BANK11  BANK12
      Params:         0       0       0       0       0       0       0       0       0       0       0       0       0       0
      Locals:         1       0       0       0       0       0       0       0       0       0       0       0       0       0
      Temps:          2       0       0       0       0       0       0       0       0       0       0       0       0       0
      Totals:         3       0       0       0       0       0       0       0       0       0       0       0       0       0
Total ram usage:        3 bytes
 Hardware stack levels used:    1
 Hardware stack levels required when called:    3
 This function calls:
		i1_SetToSendDataToLCD
		i1_setCursorPosition
		i1_setData
		i1_waitLCDBusy
 This function is called by:
		i1_lcdWriteText
 This function uses a non-reentrant model


 *************** function i1_setCursorPosition *****************
 Defined at:
		line 304 in file "LCD_hd44780u_qy_2004a.c"
 Parameters:    Size  Location     Type
  iLine           1    wreg     unsigned char 
  iPosition       1    5[COMMON] unsigned char 
 Auto vars:     Size  Location     Type
  iLine           1    8[COMMON] unsigned char 
  setCursorPos    1    9[COMMON] unsigned char 
 Return value:  Size  Location     Type
                  1    wreg      void 
 Registers used:
		wreg, fsr0l, fsr0h, status,2, status,0, pclath, cstack
 Tracked objects:
		On entry : 
		On exit  : 
		Unchanged: 
 Data sizes:     COMMON   BANK0   BANK1   BANK2   BANK3   BANK4   BANK5   BANK6   BANK7   BANK8   BANK9  BANK10  BANK11  BANK12
      Params:         1       0       0       0       0       0       0       0       0       0       0       0       0       0
      Locals:         2       0       0       0       0       0       0       0       0       0       0       0       0       0
      Temps:          2       0       0       0       0       0       0       0       0       0       0       0       0       0
      Totals:         5       0       0       0       0       0       0       0       0       0       0       0       0       0
Total ram usage:        5 bytes
 Hardware stack levels used:    1
 Hardware stack levels required when called:    2
 This function calls:
		i1_SetToSendDataToLCD
		i1_setData
		i1_waitLCDBusy
 This function is called by:
		i1_writeTxtChk
 This function uses a non-reentrant model


 *************** function i1_waitLCDBusy *****************
 Defined at:
		line 212 in file "LCD_hd44780u_qy_2004a.c"
 Parameters:    Size  Location     Type
		None
 Auto vars:     Size  Location     Type
  waitLCDBusy     2    3[COMMON] int 
 Return value:  Size  Location     Type
                  1    wreg      void 
 Registers used:
		wreg, status,2, status,0, pclath, cstack
 Tracked objects:
		On entry : 
		On exit  : 
		Unchanged: 
 Data sizes:     COMMON   BANK0   BANK1   BANK2   BANK3   BANK4   BANK5   BANK6   BANK7   BANK8   BANK9  BANK10  BANK11  BANK12
      Params:         0       0       0       0       0       0       0       0       0       0       0       0       0       0
      Locals:         2       0       0       0       0       0       0       0       0       0       0       0       0       0
      Temps:          3       0       0       0       0       0       0       0       0       0       0       0       0       0
      Totals:         5       0       0       0       0       0       0       0       0       0       0       0       0       0
Total ram usage:        5 bytes
 Hardware stack levels used:    1
 Hardware stack levels required when called:    1
 This function calls:
		i1_SetToReadDataFromLCD
 This function is called by:
		i1_writeTxtChk
		i1_setCursorPosition
 This function uses a non-reentrant model


 *************** function i1_SetToReadDataFromLCD *****************
 Defined at:
		line 197 in file "LCD_hd44780u_qy_2004a.c"
 Parameters:    Size  Location     Type
		None
 Auto vars:     Size  Location     Type
		None
 Return value:  Size  Location     Type
                  1    wreg      void 
 Registers used:
		None
 Tracked objects:
		On entry : 
		On exit  : 
		Unchanged: 
 Data sizes:     COMMON   BANK0   BANK1   BANK2   BANK3   BANK4   BANK5   BANK6   BANK7   BANK8   BANK9  BANK10  BANK11  BANK12
      Params:         0       0       0       0       0       0       0       0       0       0       0       0       0       0
      Locals:         0       0       0       0       0       0       0       0       0       0       0       0       0       0
      Temps:          0       0       0       0       0       0       0       0       0       0       0       0       0       0
      Totals:         0       0       0       0       0       0       0       0       0       0       0       0       0       0
Total ram usage:        0 bytes
 Hardware stack levels used:    1
 This function calls:
		Nothing
 This function is called by:
		i1_waitLCDBusy
 This function uses a non-reentrant model


 *************** function i1_setData *****************
 Defined at:
		line 113 in file "LCD_hd44780u_qy_2004a.c"
 Parameters:    Size  Location     Type
  iValue          1    wreg     unsigned char 
 Auto vars:     Size  Location     Type
  iValue          1    2[COMMON] unsigned char 
 Return value:  Size  Location     Type
                  1    wreg      void 
 Registers used:
		wreg, status,2, status,0
 Tracked objects:
		On entry : 
		On exit  : 
		Unchanged: 
 Data sizes:     COMMON   BANK0   BANK1   BANK2   BANK3   BANK4   BANK5   BANK6   BANK7   BANK8   BANK9  BANK10  BANK11  BANK12
      Params:         0       0       0       0       0       0       0       0       0       0       0       0       0       0
      Locals:         1       0       0       0       0       0       0       0       0       0       0       0       0       0
      Temps:          2       0       0       0       0       0       0       0       0       0       0       0       0       0
      Totals:         3       0       0       0       0       0       0       0       0       0       0       0       0       0
Total ram usage:        3 bytes
 Hardware stack levels used:    1
 This function calls:
		Nothing
 This function is called by:
		i1_writeTxtChk
		i1_setCursorPosition
 This function uses a non-reentrant model


 *************** function i1_SetToSendDataToLCD *****************
 Defined at:
		line 204 in file "LCD_hd44780u_qy_2004a.c"
 Parameters:    Size  Location     Type
		None
 Auto vars:     Size  Location     Type
		None
 Return value:  Size  Location     Type
                  1    wreg      void 
 Registers used:
		None
 Tracked objects:
		On entry : 
		On exit  : 
		Unchanged: 
 Data sizes:     COMMON   BANK0   BANK1   BANK2   BANK3   BANK4   BANK5   BANK6   BANK7   BANK8   BANK9  BANK10  BANK11  BANK12
      Params:         0       0       0       0       0       0       0       0       0       0       0       0       0       0
      Locals:         0       0       0       0       0       0       0       0       0       0       0       0       0       0
      Temps:          0       0       0       0       0       0       0       0       0       0       0       0       0       0
      Totals:         0       0       0       0       0       0       0       0       0       0       0       0       0       0
Total ram usage:        0 bytes
 Hardware stack levels used:    1
 This function calls:
		Nothing
 This function is called by:
		i1_writeTxtChk
		i1_setCursorPosition
 This function uses a non-reentrant model


 *************** function _TempUpdateRequest *****************
 Defined at:
		line 80 in file "EM1812.c"
 Parameters:    Size  Location     Type
		None
 Auto vars:     Size  Location     Type
		None
 Return value:  Size  Location     Type
                  2   76[None  ] int 
 Registers used:
		wreg, status,2, status,0
 Tracked objects:
		On entry : 
		On exit  : 
		Unchanged: 
 Data sizes:     COMMON   BANK0   BANK1   BANK2   BANK3   BANK4   BANK5   BANK6   BANK7   BANK8   BANK9  BANK10  BANK11  BANK12
      Params:         0       0       0       0       0       0       0       0       0       0       0       0       0       0
      Locals:         0       0       0       0       0       0       0       0       0       0       0       0       0       0
      Temps:          0       0       0       0       0       0       0       0       0       0       0       0       0       0
      Totals:         0       0       0       0       0       0       0       0       0       0       0       0       0       0
Total ram usage:        0 bytes
 Hardware stack levels used:    1
 This function calls:
		Nothing
 This function is called by:
		_myint
 This function uses a non-reentrant model


 *************** function _I2C_Interrupt *****************
 Defined at:
		line 95 in file "I2C.c"
 Parameters:    Size  Location     Type
		None
 Auto vars:     Size  Location     Type
  oErrorCode      1    4[COMMON] unsigned char 
 Return value:  Size  Location     Type
                  2    0[COMMON] int 
 Registers used:
		wreg, fsr1l, fsr1h, status,2, status,0
 Tracked objects:
		On entry : 
		On exit  : 
		Unchanged: 
 Data sizes:     COMMON   BANK0   BANK1   BANK2   BANK3   BANK4   BANK5   BANK6   BANK7   BANK8   BANK9  BANK10  BANK11  BANK12
      Params:         2       0       0       0       0       0       0       0       0       0       0       0       0       0
      Locals:         1       0       0       0       0       0       0       0       0       0       0       0       0       0
      Temps:          2       0       0       0       0       0       0       0       0       0       0       0       0       0
      Totals:         5       0       0       0       0       0       0       0       0       0       0       0       0       0
Total ram usage:        5 bytes
 Hardware stack levels used:    1
 This function calls:
		Nothing
 This function is called by:
		_myint
 This function uses a non-reentrant model


 *************** function _EUSARTInterrupt *****************
 Defined at:
		line 41 in file "EUSART.c"
 Parameters:    Size  Location     Type
		None
 Auto vars:     Size  Location     Type
  gErrorCode      1    4[COMMON] unsigned char 
 Return value:  Size  Location     Type
                  2    0[COMMON] int 
 Registers used:
		wreg, fsr1l, fsr1h, status,2, status,0
 Tracked objects:
		On entry : 
		On exit  : 
		Unchanged: 
 Data sizes:     COMMON   BANK0   BANK1   BANK2   BANK3   BANK4   BANK5   BANK6   BANK7   BANK8   BANK9  BANK10  BANK11  BANK12
      Params:         2       0       0       0       0       0       0       0       0       0       0       0       0       0
      Locals:         1       0       0       0       0       0       0       0       0       0       0       0       0       0
      Temps:          2       0       0       0       0       0       0       0       0       0       0       0       0       0
      Totals:         5       0       0       0       0       0       0       0       0       0       0       0       0       0
Total ram usage:        5 bytes
 Hardware stack levels used:    1
 This function calls:
		Nothing
 This function is called by:
		_myint
 This function uses a non-reentrant model



MODULE INFORMATION

Module		Function		Class		Link	Load	Size
GeneralFunction.c
		_uint8_tToa    		CODE           	0D74	0000	181
		_AddTrace      		CODE           	1765	0000	74
		_uint16_tToa   		CODE           	0AFC	0000	146
		_moveToNextChar		CODE           	165B	0000	61

GeneralFunction.c estimated size: 462

EUSART.c
		_Send_UART_Data		CODE           	13E5	0000	40
		_EUSARTInit    		CODE           	1359	0000	22
		_EusartGetRxBuffer		CODE           	0800	0000	67
		_EusartGetNbByteReceived		CODE           	12C5	0000	5
		_EUSARTInterrupt		CODE           	0A8C	0000	113

EUSART.c estimated size: 247

C:\Program Files (x86)\Microchip\xc8\v2.00\pic\sources\c99\common\strcat.c
		_strcat        		CODE           	136E	0000	25

C:\Program Files (x86)\Microchip\xc8\v2.00\pic\sources\c99\common\strcat.c estimated size: 25

C:\Program Files (x86)\Microchip\xc8\v2.00\pic\sources\c99\common\lwmod.c
		___lwmod       		CODE           	15E3	0000	61

C:\Program Files (x86)\Microchip\xc8\v2.00\pic\sources\c99\common\lwmod.c estimated size: 61

C:\Program Files (x86)\Microchip\xc8\v2.00\pic\sources\c99\common\awmod.c
		___awmod       		CODE           	089E	0000	95

C:\Program Files (x86)\Microchip\xc8\v2.00\pic\sources\c99\common\awmod.c estimated size: 95

161518_temp_main.c
		_main          		CODE           	00D5	0000	590
		_myint         		CODE           	0004	0000	118
		_Debounce      		CODE           	16DB	0000	70
		_PrintLog      		CODE           	148B	0000	44

161518_temp_main.c estimated size: 822

I2C.c
		_GetI2CStatus  		CODE           	130C	0000	11
		_I2C_Interrupt 		CODE           	0EDC	0000	293
		_GetNewReceivedData		CODE           	139E	0000	36
		_I2C_SendData  		CODE           	1720	0000	70
		_I2C_GetData   		CODE           	1571	0000	55
		_I2CInit       		CODE           	153E	0000	52

I2C.c estimated size: 517

C:\Program Files (x86)\Microchip\xc8\v2.00\pic\sources\c99\common\strlen.c
		_strlen        		CODE           	13C1	0000	37

C:\Program Files (x86)\Microchip\xc8\v2.00\pic\sources\c99\common\strlen.c estimated size: 37

EM1812.c
		_printEM1812   		CODE           	0CC4	0000	177
		_EM1812EntryPoint		CODE           	04E8	0000	317
		_TempUpdateRequest		CODE           	134C	0000	14

EM1812.c estimated size: 508

C:\Program Files (x86)\Microchip\xc8\v2.00\pic\sources\c99\common\strcpy.c
		_strcpy        		CODE           	140C	0000	43

C:\Program Files (x86)\Microchip\xc8\v2.00\pic\sources\c99\common\strcpy.c estimated size: 43

C:\Program Files (x86)\Microchip\xc8\v2.00\pic\sources\c99\common\memset.c
		_memset        		CODE           	0E28	0000	181

C:\Program Files (x86)\Microchip\xc8\v2.00\pic\sources\c99\common\memset.c estimated size: 181

C:\Program Files (x86)\Microchip\xc8\v2.00\pic\sources\c99\common\lwdiv.c
		___lwdiv       		CODE           	1697	0000	69

C:\Program Files (x86)\Microchip\xc8\v2.00\pic\sources\c99\common\lwdiv.c estimated size: 69

ESP8266.c
		_Esp8266SetupWifi		CODE           	12CD	0000	6
		_Esp8266SetAccessPointMode		CODE           	12C9	0000	5
		_Esp8266OpenSocket		CODE           	1303	0000	10
		_Esp8266Entrypoint		CODE           	0322	0000	455
		_Esp8266OpenSocketCommand		CODE           	075E	0000	162
		_Esp8266SetNetworkParameters		CODE           	0624	0000	315

ESP8266.c estimated size: 953

C:\Program Files (x86)\Microchip\xc8\v2.00\pic\sources\c99\common\awdiv.c
		___awdiv       		CODE           	0A22	0000	107

C:\Program Files (x86)\Microchip\xc8\v2.00\pic\sources\c99\common\awdiv.c estimated size: 107

shared
		i1_writeTxtChk 		CODE           	0B8D	0000	153
		i1_setCursorPosition		CODE           	095C	0000	99
		i1_setData     		CODE           	15A7	0000	61
		__initialization		CODE           	007B	0000	87
		i1_waitLCDBusy 		CODE           	14B6	0000	45
		i1_SetToSendDataToLCD		CODE           	12D7	0000	7
		i1_lcdWriteText		CODE           	1460	0000	44
		i1_SetToReadDataFromLCD		CODE           	12DD	0000	7

shared estimated size: 503

C:\Program Files (x86)\Microchip\xc8\v2.00\pic\sources\c99\common\memcmp.c
		_memcmp        		CODE           	17AE	0000	83

C:\Program Files (x86)\Microchip\xc8\v2.00\pic\sources\c99\common\memcmp.c estimated size: 83

C:\Program Files (x86)\Microchip\xc8\v2.00\pic\sources\c99\common\memcpy.c
		_memcpy        		CODE           	150F	0000	48

C:\Program Files (x86)\Microchip\xc8\v2.00\pic\sources\c99\common\memcpy.c estimated size: 48

LCD_hd44780u_qy_2004a.c
		_setCursorPosition		CODE           	08FC	0000	97
		_writeTxtChk   		CODE           	0C25	0000	160
		_lcdWriteAllText		CODE           	0842	0000	93
		_clearDisplay  		CODE           	12D2	0000	6
		_writeInsChk   		CODE           	1320	0000	12
		_writeInsNoChk 		CODE           	1386	0000	25
		_SetToSendDataToLCD		CODE           	12E3	0000	7
		_setData       		CODE           	161F	0000	61
		_moveCursorToHome		CODE           	12FB	0000	9
		_lcdWriteText  		CODE           	1436	0000	43
		_setCursorOff  		CODE           	1336	0000	12
		_SetToReadDataFromLCD		CODE           	12E9	0000	7
		_waitLCDBusy   		CODE           	14E2	0000	46
		_powerOnLcd    		CODE           	132B	0000	12
		_setNotBlinkingCursor		CODE           	1341	0000	12
		_initLCD       		CODE           	09BE	0000	101

LCD_hd44780u_qy_2004a.c estimated size: 703

