Microchip MPLAB XC8 Compiler V2.00 ()

Linker command line:

-W-3 --edf=C:\Program Files (x86)\Microchip\xc8\v2.00\pic\dat\en_msgs.txt \
  -cs -h+dist/default/production\16F1518_Temp.X.production.sym \
  --cmf=dist/default/production\16F1518_Temp.X.production.cmf -z -Q16F1518 \
  -oC:\Users\dell\AppData\Local\Temp\s2o4.2 --defsym=__MPLAB_BUILD=1 \
  -Mdist/default/production/16F1518_Temp.X.production.map -E1 -ver=XC8 \
  --acfsm=1493 -ASTACK=021C2h-022efh -pstack=STACK -ACODE=00h-07FFhx8 \
  -ASTRCODE=00h-03FFFh -ASTRING=00h-0FFhx64 -ACONST=00h-0FFhx64 \
  -AENTRY=00h-0FFhx64 -ACOMMON=070h-07Fh -ABANK0=020h-06Fh \
  -ABANK1=0A0h-0EFh -ABANK2=0120h-016Fh -ABANK3=01A0h-01EFh \
  -ABANK4=0220h-026Fh -ABANK5=02A0h-02EFh -ABANK6=0320h-036Fh \
  -ABANK7=03A0h-03EFh -ABANK8=0420h-046Fh -ABANK9=04A0h-04EFh \
  -ABANK10=0520h-056Fh -ABANK11=05A0h-05EFh -ABANK12=0620h-064Fh \
  -ABIGRAM=02000h-023EFh \
  -ARAM=020h-06Fh,0A0h-0EFh,0120h-016Fh,01A0h-01EFh,0220h-026Fh,02A0h-02EFh,0320h-036Fh,03A0h-03EFh,0420h-046Fh,04A0h-04EFh,0520h-056Fh,05A0h-05EFh,0620h-064Fh \
  -AABS1=020h-07Fh,0A0h-0EFh,0120h-016Fh,01A0h-01EFh,0220h-026Fh,02A0h-02EFh,0320h-036Fh,03A0h-03EFh,0420h-046Fh,04A0h-04EFh,0520h-056Fh,05A0h-05EFh,0620h-064Fh \
  -ASFR0=00h-01Fh -ASFR1=080h-09Fh -ASFR2=0100h-011Fh -ASFR3=0180h-019Fh \
  -ASFR4=0200h-021Fh -ASFR5=0280h-029Fh -ASFR6=0300h-031Fh \
  -ASFR7=0380h-039Fh -ASFR8=0400h-041Fh -ASFR9=0480h-049Fh \
  -ASFR10=0500h-051Fh -ASFR11=0580h-059Fh -ASFR12=0600h-061Fh \
  -ASFR13=0680h-06EFh -ASFR14=0700h-076Fh -ASFR15=0780h-07EFh \
  -ASFR16=0800h-086Fh -ASFR17=0880h-08EFh -ASFR18=0900h-096Fh \
  -ASFR19=0980h-09EFh -ASFR20=0A00h-0A6Fh -ASFR21=0A80h-0AEFh \
  -ASFR22=0B00h-0B6Fh -ASFR23=0B80h-0BEFh -ASFR24=0C00h-0C6Fh \
  -ASFR25=0C80h-0CEFh -ASFR26=0D00h-0D6Fh -ASFR27=0D80h-0DEFh \
  -ASFR28=0E00h-0E6Fh -ASFR29=0E80h-0EEFh -ASFR30=0F00h-0F6Fh \
  -ASFR31=0F80h-0FEFh -preset_vec=00h,intentry=04h,init,end_init \
  -ppowerup=CODE -pcinit=CODE -pfunctab=ENTRY -ACONFIG=08007h-08008h \
  -pconfig=CONFIG -DCONFIG=2 -AIDLOC=08000h-08003h -pidloc=IDLOC -DIDLOC=2 \
  -DCODE=2 -DSTRCODE=2 -DSTRING=2 -DCONST=2 -DENTRY=2 -k \
  C:\Users\dell\AppData\Local\Temp\s2o4.o \
  dist/default/production\16F1518_Temp.X.production.o 

Object code version is 3.11

Machine type is 16F1518



                Name                               Link     Load   Length Selector   Space Scale
C:\Users\dell\AppData\Local\Temp\s2o4.o
                end_init                             B1       B1        2        8       0
                reset_vec                             0        0        2        0       0
                config                             8007     8007        2    1000E       0
dist/default/production\16F1518_Temp.X.production.o
                cinit                                B3       B3       6D        8       0
                intentry                              4        4       AD        8       0
                text43                              4E1      4E1      126        8       0
                text42                              9F5      9F5        D     13EA       0
                text41                              97A      97A        6     12F4       0
                text40                              C53      C53       3C     18A6       0
                text39                              980      980        6     1300       0
                text38                              B2D      B2D       2C     165A       0
                text37                              E13      E13       62     1C26       0
                text36                              ED9      ED9       90     1DB2       0
                text35                              ADB      ADB       27     15B6       0
                text33                              A90      A90       25     1520       0
                text32                              A6C      A6C       24     14D8       0
                text31                              A30      A30       19     1460       0
                text30                              C19      C19       3A     1832       0
                text29                              CCB      CCB       45     1996       0
                text28                              9A7      9A7        A     134E       0
                text27                              BB4      BB4       2F     1768       0
                text26                              A49      A49       23     1492       0
                text25                              BE3      BE3       36     17C6       0
                text24                              D10      D10       45     1A20       0
                swtext1                             7F2      7F2        E      FE4       0
                text23                              3A9      3A9      138        8       0
                text22                              607      607       D1        8       0
                text21                              A02      A02       16     1404       0
                text20                              986      986        6     130C       0
                text19                              C8F      C8F       3C     191E       0
                text18                              98C      98C        6     1318       0
                text17                              B59      B59       2D     16B2       0
                text16                              DB3      DB3       60     1B66       0
                text15                              F69      F69       97     1ED2       0
                text14                              AB5      AB5       26     156A       0
                text13                              B86      B86       2E     170C       0
                text12                              B02      B02       2B     1604       0
                text11                              A18      A18       18     1430       0
                text10                              9B1      9B1        B     1362       0
                text9                               975      975        5     12EA       0
                text8                               E75      E75       64     1CEA       0
                text7                               99F      99F        8     133E       0
                text6                               9BC      9BC        B     1378       0
                text5                               788      788       6A        8       0
                text4                               D55      D55       5E     1AAA       0
                text3                               6D8      6D8       B0        8       0
                text2                               9C7      9C7        B     138E       0
                text1                               9D2      9D2        B     13A4       0
                maintext                            120      120      289        8       0
                cstackBANK0                          20       20       29       20       1
                cstackCOMMON                         70       70        E       70       1
                cstackBANK1                          A0       A0       3B       A0       1
                clrtext                             9DD      9DD        C     13BA       0
                inittext                            9E9      9E9        C     13D2       0
                bssBANK5                            2A0      2A0       32      2A0       1
                bssBANK4                            220      220       4B      220       1
                bssBANK3                            1A0      1A0       32      1A0       1
                bssBANK2                            120      120       3C      120       1
                dataBANK1                            E8       E8        6       A0       1
                bssBANK1                             DB       DB        D       A0       1
                dataBANK0                            5E       5E        7       20       1
                bssBANK0                             49       49       15       20       1
                stringtext4                        103E     103E        9     2000       0
                stringtext3                        1032     1032        C     2000       0
                stringtext2                        1026     1026        C     2000       0
                stringtext1                        1000     1000       26     2000       0
                idataBANK1                          992      992        6     1324       0
                idataBANK0                          998      998        7     1330       0

TOTAL           Name                               Link     Load   Length     Space
        CLASS   STACK          

        CLASS   CODE           
                end_init                             B1       B1        2         0
                cinit                                B3       B3       6D         0
                intentry                              4        4       AD         0
                reset_vec                             0        0        2         0
                text43                              4E1      4E1      126         0
                text42                              9F5      9F5        D         0
                text41                              97A      97A        6         0
                text40                              C53      C53       3C         0
                text39                              980      980        6         0
                text38                              B2D      B2D       2C         0
                text37                              E13      E13       62         0
                text36                              ED9      ED9       90         0
                text35                              ADB      ADB       27         0
                text33                              A90      A90       25         0
                text32                              A6C      A6C       24         0
                text31                              A30      A30       19         0
                text30                              C19      C19       3A         0
                text29                              CCB      CCB       45         0
                text28                              9A7      9A7        A         0
                text27                              BB4      BB4       2F         0
                text26                              A49      A49       23         0
                text25                              BE3      BE3       36         0
                text24                              D10      D10       45         0
                text23                              3A9      3A9      138         0
                text22                              607      607       D1         0
                text21                              A02      A02       16         0
                text20                              986      986        6         0
                text19                              C8F      C8F       3C         0
                text18                              98C      98C        6         0
                text17                              B59      B59       2D         0
                text16                              DB3      DB3       60         0
                text15                              F69      F69       97         0
                text14                              AB5      AB5       26         0
                text13                              B86      B86       2E         0
                text12                              B02      B02       2B         0
                text11                              A18      A18       18         0
                text10                              9B1      9B1        B         0
                text9                               975      975        5         0
                text8                               E75      E75       64         0
                text7                               99F      99F        8         0
                text6                               9BC      9BC        B         0
                text5                               788      788       6A         0
                text4                               D55      D55       5E         0
                text3                               6D8      6D8       B0         0
                text2                               9C7      9C7        B         0
                text1                               9D2      9D2        B         0
                maintext                            120      120      289         0
                clrtext                             9DD      9DD        C         0
                inittext                            9E9      9E9        C         0
                idataBANK1                          992      992        6         0
                idataBANK0                          998      998        7         0

        CLASS   STRCODE        
                stringtext4                        103E     103E        9         0
                stringtext3                        1032     1032        C         0
                stringtext2                        1026     1026        C         0
                stringtext1                        1000     1000       26         0

        CLASS   STRING         

        CLASS   CONST          
                swtext1                             7F2      7F2        E         0

        CLASS   ENTRY          

        CLASS   COMMON         
                cstackCOMMON                         70       70        E         1

        CLASS   BANK0          
                cstackBANK0                          20       20       29         1
                dataBANK0                            5E       5E        7         1
                bssBANK0                             49       49       15         1

        CLASS   BANK1          
                cstackBANK1                          A0       A0       3B         1
                dataBANK1                            E8       E8        6         1
                bssBANK1                             DB       DB        D         1

        CLASS   BANK2          
                bssBANK2                            120      120       3C         1

        CLASS   BANK3          
                bssBANK3                            1A0      1A0       32         1

        CLASS   BANK4          
                bssBANK4                            220      220       4B         1

        CLASS   BANK5          
                bssBANK5                            2A0      2A0       32         1

        CLASS   BANK6          

        CLASS   BANK7          

        CLASS   BANK8          

        CLASS   BANK9          

        CLASS   BANK10         

        CLASS   BANK11         

        CLASS   BANK12         

        CLASS   BIGRAM         

        CLASS   RAM            

        CLASS   ABS1           
                abs_s1                               7E       7E        2         1
                abs_s1                              4C0      4C0       30         1
                abs_s1                              520      520       50         1
                abs_s1                              5A0      5A0       50         1
                abs_s1                              620      620       30         1
                abs_s1                             22F0     22F0        0         1

        CLASS   SFR0           

        CLASS   SFR1           

        CLASS   SFR2           

        CLASS   SFR3           

        CLASS   SFR4           

        CLASS   SFR5           

        CLASS   SFR6           

        CLASS   SFR7           

        CLASS   SFR8           

        CLASS   SFR9           

        CLASS   SFR10          

        CLASS   SFR11          

        CLASS   SFR12          

        CLASS   SFR13          

        CLASS   SFR14          

        CLASS   SFR15          

        CLASS   SFR16          

        CLASS   SFR17          

        CLASS   SFR18          

        CLASS   SFR19          

        CLASS   SFR20          

        CLASS   SFR21          

        CLASS   SFR22          

        CLASS   SFR23          

        CLASS   SFR24          

        CLASS   SFR25          

        CLASS   SFR26          

        CLASS   SFR27          

        CLASS   SFR28          

        CLASS   SFR29          

        CLASS   SFR30          

        CLASS   SFR31          

        CLASS   CONFIG         
                config                             8007     8007        2         0

        CLASS   IDLOC          

        CLASS   BANK31         

        CLASS   BANK30         

        CLASS   BANK29         

        CLASS   BANK28         

        CLASS   BANK27         

        CLASS   BANK26         

        CLASS   BANK25         

        CLASS   BANK24         

        CLASS   BANK23         

        CLASS   BANK22         

        CLASS   BANK21         

        CLASS   BANK20         

        CLASS   BANK19         

        CLASS   BANK18         

        CLASS   BANK17         

        CLASS   BANK16         

        CLASS   BANK15         

        CLASS   BANK14         

        CLASS   BANK13         

        CLASS   EEDATA         



SEGMENTS        Name                           Load    Length   Top    Selector   Space  Class     Delta

                reset_vec                      000000  000002  000002         0       0  CODE        2
                intentry                       000004  0007EE  0007F2         8       0  CODE        2
                cstackBANK0                    000020  000045  000065        20       1  BANK0       1
                cstackCOMMON                   000070  00000E  00007E        70       1  COMMON      1
                cstackBANK1                    0000A0  00004E  0000EE        A0       1  BANK1       1
                bssBANK2                       000120  00003C  00015C       120       1  BANK2       1
                bssBANK3                       0001A0  000032  0001D2       1A0       1  BANK3       1
                bssBANK4                       000220  00004B  00026B       220       1  BANK4       1
                bssBANK5                       0002A0  000032  0002D2       2A0       1  BANK5       1
                swtext1                        0007F2  00000E  000800       FE4       0  CONST       2
                text9                          000975  000005  00097A      12EA       0  CODE        2
                text41                         00097A  000006  000980      12F4       0  CODE        2
                text39                         000980  000006  000986      1300       0  CODE        2
                text20                         000986  000006  00098C      130C       0  CODE        2
                text18                         00098C  000006  000992      1318       0  CODE        2
                idataBANK1                     000992  000006  000998      1324       0  CODE        2
                idataBANK0                     000998  000007  00099F      1330       0  CODE        2
                text7                          00099F  000008  0009A7      133E       0  CODE        2
                text28                         0009A7  00000A  0009B1      134E       0  CODE        2
                text10                         0009B1  00000B  0009BC      1362       0  CODE        2
                text6                          0009BC  00000B  0009C7      1378       0  CODE        2
                text2                          0009C7  00000B  0009D2      138E       0  CODE        2
                text1                          0009D2  00000B  0009DD      13A4       0  CODE        2
                clrtext                        0009DD  00000C  0009E9      13BA       0  CODE        2
                inittext                       0009E9  00000C  0009F5      13D2       0  CODE        2
                text42                         0009F5  00000D  000A02      13EA       0  CODE        2
                text21                         000A02  000016  000A18      1404       0  CODE        2
                text11                         000A18  000018  000A30      1430       0  CODE        2
                text31                         000A30  000019  000A49      1460       0  CODE        2
                text26                         000A49  000023  000A6C      1492       0  CODE        2
                text32                         000A6C  000024  000A90      14D8       0  CODE        2
                text33                         000A90  000025  000AB5      1520       0  CODE        2
                text14                         000AB5  000026  000ADB      156A       0  CODE        2
                text35                         000ADB  000027  000B02      15B6       0  CODE        2
                text12                         000B02  00002B  000B2D      1604       0  CODE        2
                text38                         000B2D  00002C  000B59      165A       0  CODE        2
                text17                         000B59  00002D  000B86      16B2       0  CODE        2
                text13                         000B86  00002E  000BB4      170C       0  CODE        2
                text27                         000BB4  00002F  000BE3      1768       0  CODE        2
                text25                         000BE3  000036  000C19      17C6       0  CODE        2
                text30                         000C19  00003A  000C53      1832       0  CODE        2
                text40                         000C53  00003C  000C8F      18A6       0  CODE        2
                text19                         000C8F  00003C  000CCB      191E       0  CODE        2
                text29                         000CCB  000045  000D10      1996       0  CODE        2
                text24                         000D10  000045  000D55      1A20       0  CODE        2
                text4                          000D55  00005E  000DB3      1AAA       0  CODE        2
                text16                         000DB3  000060  000E13      1B66       0  CODE        2
                text37                         000E13  000062  000E75      1C26       0  CODE        2
                text8                          000E75  000064  000ED9      1CEA       0  CODE        2
                text36                         000ED9  000090  000F69      1DB2       0  CODE        2
                text15                         000F69  000097  001000      1ED2       0  CODE        2
                stringtext1                    001000  000047  001047      2000       0  STRCODE     2
                config                         008007  000002  008009     1000E       0  CONFIG      2


UNUSED ADDRESS RANGES

        Name                Unused          Largest block    Delta
        BANK0            00065-0006F               B           1
        BANK1            000EE-000EF               2           1
        BANK2            0015C-0016F              14           1
        BANK3            001D2-001EF              1E           1
        BANK4            0026B-0026F               5           1
        BANK5            002D2-002EF              1E           1
        BANK6            00320-0036F              50           1
        BANK7            003A0-003EF              50           1
        BANK8            00420-0046F              50           1
        BANK9            004A0-004BF              20           1
        BIGRAM           02000-023EF             3F0           1
        CODE             00002-00003               2           2
                         00800-00974             175
                         01047-03FFF             800
        CONST            00002-00003               2           2
                         00800-00974             100
                         01047-03FFF             100
        ENTRY            00002-00003               2           2
                         00800-00974             100
                         01047-03FFF             100
        IDLOC            08000-08003               4           2
        RAM              00065-0006F               B           1
                         000EE-000EF               2
                         0015C-0016F              14
                         001D2-001EF              1E
                         0026B-0026F               5
                         002D2-002EF              1E
                         00320-0036F              50
                         003A0-003EF              50
                         00420-0046F              50
                         004A0-004BF              20
        SFR0             00000-0001F              20           1
        SFR1             00080-0009F              20           1
        SFR10            00500-0051F              20           1
        SFR11            00580-0059F              20           1
        SFR12            00600-0061F              20           1
        SFR13            00680-006EF              70           1
        SFR14            00700-0076F              70           1
        SFR15            00780-007EF              70           1
        SFR16            00800-0086F              70           1
        SFR17            00880-008EF              70           1
        SFR18            00900-0096F              70           1
        SFR19            00980-009EF              70           1
        SFR2             00100-0011F              20           1
        SFR20            00A00-00A6F              70           1
        SFR21            00A80-00AEF              70           1
        SFR22            00B00-00B6F              70           1
        SFR23            00B80-00BEF              70           1
        SFR24            00C00-00C6F              70           1
        SFR25            00C80-00CEF              70           1
        SFR26            00D00-00D6F              70           1
        SFR27            00D80-00DEF              70           1
        SFR28            00E00-00E6F              70           1
        SFR29            00E80-00EEF              70           1
        SFR3             00180-0019F              20           1
        SFR30            00F00-00F6F              70           1
        SFR31            00F80-00FEF              70           1
        SFR4             00200-0021F              20           1
        SFR5             00280-0029F              20           1
        SFR6             00300-0031F              20           1
        SFR7             00380-0039F              20           1
        SFR8             00400-0041F              20           1
        SFR9             00480-0049F              20           1
        STACK            021C2-022EF             12E           1
        STRCODE          00002-00003               2           2
                         00800-00974             175
                         01047-03FFF            2FB9
        STRING           00002-00003               2           2
                         00800-00974             100
                         01047-03FFF             100

                                  Symbol Table

?_EM1812EntryPoint                  cstackBANK0  0003B
?_GetI2CStatus                      cstackBANK0  0002A
?_I2C_GetData                       cstackBANK0  0002A
?_I2C_Interrupt                     cstackCOMMON 00070
?_I2C_SendData                      cstackBANK0  00036
?___awdiv                           cstackBANK0  0002A
?___awmod                           cstackBANK0  0002A
?_strlen                            cstackBANK0  0002A
AddTrace@iSizeOfoText               cstackBANK0  0003D
AddTrace@iText                      cstackBANK0  0003E
AddTrace@oText                      cstackBANK0  00046
Debounce@iSwitch                    cstackBANK0  0002E
Debounce@ioTimer                    cstackBANK0  0002A
Debounce@swPressed                  cstackBANK0  0002B
EM1812EntryPoint@F1953              dataBANK0    0005E
EM1812EntryPoint@F1955              bssBANK1     000DB
EM1812EntryPoint@ReceptionBuffer    cstackBANK1  000A4
EM1812EntryPoint@SetGetTempCommand  cstackBANK1  000A0
EM1812EntryPoint@oHumidity          cstackBANK1  000AC
EM1812EntryPoint@oTemperature       cstackBANK0  0003B
EM1812EntryPoint@wTry               bssBANK0     0004B
GetNewReceivedData@oData            cstackBANK0  00039
GetNewReceivedData@oDataSize        cstackBANK0  00036
I2C_GetData@iAdress                 cstackBANK0  0002D
I2C_GetData@iRxNumberOfByteExpected cstackBANK0  0002A
I2C_Interrupt@oErrorCode            cstackCOMMON 00074
I2C_SendData@iData                  cstackBANK0  0003A
I2C_SendData@iNumberofByte          cstackBANK0  00036
PrintLog@iText                      cstackBANK0  0003F
PrintLog@wInterruptTextLen          cstackBANK0  0003E
Send_UART_Data@iData                cstackBANK0  00039
Send_UART_Data@iData_Length         cstackBANK0  00036
_ANSELAbits                         (abs)        0018C
_ANSELB                             (abs)        0018D
_ANSELCbits                         (abs)        0018E
_AddTrace                           text30       00C19
_Debounce                           text29       00CCB
_EM1812EntryPoint                   text23       003A9
_GetI2CStatus                       text28       009A7
_GetNewReceivedData                 text26       00A49
_I2CInit                            text21       00A02
_I2C_GetData                        text25       00BE3
_I2C_Interrupt                      text43       004E1
_I2C_SendData                       text24       00D10
_INTCONbits                         (abs)        0000B
_OPTION_REGbits                     (abs)        00095
_OSCCONbits                         (abs)        00099
_PIE1bits                           (abs)        00091
_PIE2bits                           (abs)        00092
_PIR1bits                           (abs)        00011
_PIR2bits                           (abs)        00012
_PORTA                              (abs)        0000C
_PORTAbits                          (abs)        0000C
_PORTB                              (abs)        0000D
_PORTBbits                          (abs)        0000D
_PORTCbits                          (abs)        0000E
_PrintLog                           text13       00B86
_RCREG                              (abs)        00199
_RCSTAbits                          (abs)        0019D
_SPBRGH                             (abs)        0019C
_SPBRGL                             (abs)        0019B
_SSPADD                             (abs)        00212
_SSPBUF                             (abs)        00211
_SSPCON1bits                        (abs)        00215
_SSPCON2bits                        (abs)        00216
_SSPCON3bits                        (abs)        00217
_SSPSTATbits                        (abs)        00214
_Send_UART_Data                     text12       00B02
_SetToReadDataFromLCD               text18       0098C
_SetToSendDataToLCD                 text20       00986
_T1CONbits                          (abs)        00018
_TMR0                               (abs)        00015
_TMR1H                              (abs)        00017
_TMR1L                              (abs)        00016
_TRISAbits                          (abs)        0008C
_TRISB                              (abs)        0008D
_TRISCbits                          (abs)        0008E
_TXREG                              (abs)        0019A
_TXSTAbits                          (abs)        0019E
_TempUpdateRequest                  text42       009F5
_WPUB                               (abs)        0020D
__CFG_BOREN$ON                      (abs)        00000
__CFG_BORV$LO                       (abs)        00000
__CFG_CLKOUTEN$ON                   (abs)        00000
__CFG_CP$OFF                        (abs)        00000
__CFG_FCMEN$OFF                     (abs)        00000
__CFG_FOSC$                         (abs)        00002
__CFG_IESO$OFF                      (abs)        00000
__CFG_LPBOR$OFF                     (abs)        00000
__CFG_LVP$OFF                       (abs)        00000
__CFG_MCLRE$OFF                     (abs)        00000
__CFG_PWRTE$ON                      (abs)        00000
__CFG_STVREN$OFF                    (abs)        00000
__CFG_VCAPEN$OFF                    (abs)        00000
__CFG_WDTE$OFF                      (abs)        00000
__CFG_WRT$OFF                       (abs)        00000
__Habs1                             abs1         00000
__Hbank0                            bank0        00000
__Hbank1                            bank1        00000
__Hbank10                           bank10       00000
__Hbank11                           bank11       00000
__Hbank12                           bank12       00000
__Hbank13                           bank13       00000
__Hbank14                           bank14       00000
__Hbank15                           bank15       00000
__Hbank16                           bank16       00000
__Hbank17                           bank17       00000
__Hbank18                           bank18       00000
__Hbank19                           bank19       00000
__Hbank2                            bank2        00000
__Hbank20                           bank20       00000
__Hbank21                           bank21       00000
__Hbank22                           bank22       00000
__Hbank23                           bank23       00000
__Hbank24                           bank24       00000
__Hbank25                           bank25       00000
__Hbank26                           bank26       00000
__Hbank27                           bank27       00000
__Hbank28                           bank28       00000
__Hbank29                           bank29       00000
__Hbank3                            bank3        00000
__Hbank30                           bank30       00000
__Hbank31                           bank31       00000
__Hbank4                            bank4        00000
__Hbank5                            bank5        00000
__Hbank6                            bank6        00000
__Hbank7                            bank7        00000
__Hbank8                            bank8        00000
__Hbank9                            bank9        00000
__Hbigram                           bigram       00000
__HbssBANK0                         bssBANK0     00000
__HbssBANK1                         bssBANK1     00000
__HbssBANK2                         bssBANK2     00000
__HbssBANK3                         bssBANK3     00000
__HbssBANK4                         bssBANK4     00000
__HbssBANK5                         bssBANK5     00000
__Hcinit                            cinit        00120
__Hclrtext                          clrtext      00000
__Hcode                             code         00000
__Hcommon                           common       00000
__Hconfig                           config       08009
__HcstackBANK0                      cstackBANK0  00000
__HcstackBANK1                      cstackBANK1  00000
__HcstackCOMMON                     cstackCOMMON 00000
__HdataBANK0                        dataBANK0    00000
__HdataBANK1                        dataBANK1    00000
__Heeprom_data                      eeprom_data  00000
__Hend_init                         end_init     000B3
__Hfunctab                          functab      00000
__HidataBANK0                       idataBANK0   00000
__HidataBANK1                       idataBANK1   00000
__Hidloc                            idloc        00000
__Hinit                             init         000B1
__Hinittext                         inittext     00000
__Hintentry                         intentry     000B1
__Hmaintext                         maintext     00000
__Hpowerup                          powerup      00000
__Hram                              ram          00000
__Hreset_vec                        reset_vec    00002
__Hsfr0                             sfr0         00000
__Hsfr1                             sfr1         00000
__Hsfr10                            sfr10        00000
__Hsfr11                            sfr11        00000
__Hsfr12                            sfr12        00000
__Hsfr13                            sfr13        00000
__Hsfr14                            sfr14        00000
__Hsfr15                            sfr15        00000
__Hsfr16                            sfr16        00000
__Hsfr17                            sfr17        00000
__Hsfr18                            sfr18        00000
__Hsfr19                            sfr19        00000
__Hsfr2                             sfr2         00000
__Hsfr20                            sfr20        00000
__Hsfr21                            sfr21        00000
__Hsfr22                            sfr22        00000
__Hsfr23                            sfr23        00000
__Hsfr24                            sfr24        00000
__Hsfr25                            sfr25        00000
__Hsfr26                            sfr26        00000
__Hsfr27                            sfr27        00000
__Hsfr28                            sfr28        00000
__Hsfr29                            sfr29        00000
__Hsfr3                             sfr3         00000
__Hsfr30                            sfr30        00000
__Hsfr31                            sfr31        00000
__Hsfr4                             sfr4         00000
__Hsfr5                             sfr5         00000
__Hsfr6                             sfr6         00000
__Hsfr7                             sfr7         00000
__Hsfr8                             sfr8         00000
__Hsfr9                             sfr9         00000
__Hspace_0                          (abs)        08009
__Hspace_1                          (abs)        002D2
__Hspace_2                          (abs)        00000
__Hspace_3                          (abs)        00000
__Hstack                            stack        00000
__Hstrings                          strings      00000
__Hstringtext1                      stringtext1  00000
__Hstringtext2                      stringtext2  00000
__Hstringtext3                      stringtext3  00000
__Hstringtext4                      stringtext4  00000
__Hstringtext5                      stringtext5  00000
__Htext                             text         00000
__Labs1                             abs1         00000
__Lbank0                            bank0        00000
__Lbank1                            bank1        00000
__Lbank10                           bank10       00000
__Lbank11                           bank11       00000
__Lbank12                           bank12       00000
__Lbank13                           bank13       00000
__Lbank14                           bank14       00000
__Lbank15                           bank15       00000
__Lbank16                           bank16       00000
__Lbank17                           bank17       00000
__Lbank18                           bank18       00000
__Lbank19                           bank19       00000
__Lbank2                            bank2        00000
__Lbank20                           bank20       00000
__Lbank21                           bank21       00000
__Lbank22                           bank22       00000
__Lbank23                           bank23       00000
__Lbank24                           bank24       00000
__Lbank25                           bank25       00000
__Lbank26                           bank26       00000
__Lbank27                           bank27       00000
__Lbank28                           bank28       00000
__Lbank29                           bank29       00000
__Lbank3                            bank3        00000
__Lbank30                           bank30       00000
__Lbank31                           bank31       00000
__Lbank4                            bank4        00000
__Lbank5                            bank5        00000
__Lbank6                            bank6        00000
__Lbank7                            bank7        00000
__Lbank8                            bank8        00000
__Lbank9                            bank9        00000
__Lbigram                           bigram       00000
__LbssBANK0                         bssBANK0     00000
__LbssBANK1                         bssBANK1     00000
__LbssBANK2                         bssBANK2     00000
__LbssBANK3                         bssBANK3     00000
__LbssBANK4                         bssBANK4     00000
__LbssBANK5                         bssBANK5     00000
__Lcinit                            cinit        000B3
__Lclrtext                          clrtext      00000
__Lcode                             code         00000
__Lcommon                           common       00000
__Lconfig                           config       08007
__LcstackBANK0                      cstackBANK0  00000
__LcstackBANK1                      cstackBANK1  00000
__LcstackCOMMON                     cstackCOMMON 00000
__LdataBANK0                        dataBANK0    00000
__LdataBANK1                        dataBANK1    00000
__Leeprom_data                      eeprom_data  00000
__Lend_init                         end_init     000B1
__Lfunctab                          functab      00000
__LidataBANK0                       idataBANK0   00000
__LidataBANK1                       idataBANK1   00000
__Lidloc                            idloc        00000
__Linit                             init         000B1
__Linittext                         inittext     00000
__Lintentry                         intentry     00004
__Lmaintext                         maintext     00000
__Lpowerup                          powerup      00000
__Lram                              ram          00000
__Lreset_vec                        reset_vec    00000
__Lsfr0                             sfr0         00000
__Lsfr1                             sfr1         00000
__Lsfr10                            sfr10        00000
__Lsfr11                            sfr11        00000
__Lsfr12                            sfr12        00000
__Lsfr13                            sfr13        00000
__Lsfr14                            sfr14        00000
__Lsfr15                            sfr15        00000
__Lsfr16                            sfr16        00000
__Lsfr17                            sfr17        00000
__Lsfr18                            sfr18        00000
__Lsfr19                            sfr19        00000
__Lsfr2                             sfr2         00000
__Lsfr20                            sfr20        00000
__Lsfr21                            sfr21        00000
__Lsfr22                            sfr22        00000
__Lsfr23                            sfr23        00000
__Lsfr24                            sfr24        00000
__Lsfr25                            sfr25        00000
__Lsfr26                            sfr26        00000
__Lsfr27                            sfr27        00000
__Lsfr28                            sfr28        00000
__Lsfr29                            sfr29        00000
__Lsfr3                             sfr3         00000
__Lsfr30                            sfr30        00000
__Lsfr31                            sfr31        00000
__Lsfr4                             sfr4         00000
__Lsfr5                             sfr5         00000
__Lsfr6                             sfr6         00000
__Lsfr7                             sfr7         00000
__Lsfr8                             sfr8         00000
__Lsfr9                             sfr9         00000
__Lspace_0                          (abs)        00000
__Lspace_1                          (abs)        00000
__Lspace_2                          (abs)        00000
__Lspace_3                          (abs)        00000
__Lstack                            stack        00000
__Lstrings                          strings      00000
__Lstringtext1                      stringtext1  00000
__Lstringtext2                      stringtext2  00000
__Lstringtext3                      stringtext3  00000
__Lstringtext4                      stringtext4  00000
__Lstringtext5                      stringtext5  00000
__Ltext                             text         00000
__S0                                (abs)        08009
__S1                                (abs)        002D2
__S2                                (abs)        00000
___awdiv                            text5        00788
___awdiv@counter                    cstackBANK0  0002F
___awdiv@dividend                   cstackBANK0  0002C
___awdiv@divisor                    cstackBANK0  0002A
___awdiv@quotient                   cstackBANK0  00031
___awdiv@sign                       cstackBANK0  00030
___awmod                            text4        00D55
___awmod@counter                    cstackBANK0  0002F
___awmod@dividend                   cstackBANK0  0002C
___awmod@divisor                    cstackBANK0  0002A
___awmod@sign                       cstackBANK0  00030
___int_sp                           stack        00000
___latbits                          (abs)        00003
___sp                               stack        00000
__end_of_AddTrace                   text30       00C53
__end_of_Debounce                   text29       00D10
__end_of_EM1812EntryPoint           text23       004E1
__end_of_GetI2CStatus               text28       009B1
__end_of_GetNewReceivedData         text26       00A6C
__end_of_I2CInit                    text21       00A18
__end_of_I2C_GetData                text25       00C19
__end_of_I2C_Interrupt              text43       00607
__end_of_I2C_SendData               text24       00D55
__end_of_PrintLog                   text13       00BB4
__end_of_Send_UART_Data             text12       00B2D
__end_of_SetToReadDataFromLCD       text18       00992
__end_of_SetToSendDataToLCD         text20       0098C
__end_of_TempUpdateRequest          text42       00A02
__end_of___awdiv                    text5        007F2
__end_of___awmod                    text4        00DB3
__end_of__initialization            cinit        0011C
__end_of_clearDisplay               text9        0097A
__end_of_initLCD                    text8        00ED9
__end_of_lcdWriteText               text14       00ADB
__end_of_main                       maintext     003A9
__end_of_memcpy                     text27       00BE3
__end_of_memset                     text22       006D8
__end_of_moveCursorToHome           text7        009A7
__end_of_myint                      intentry     000B1
__end_of_powerOnLcd                 text6        009C7
__end_of_printEM1812                text3        00788
__end_of_setCursorOff               text2        009D2
__end_of_setCursorPosition          text16       00E13
__end_of_setData                    text19       00CCB
__end_of_setNotBlinkingCursor       text1        009DD
__end_of_strcat                     text31       00A49
__end_of_strcpy                     text33       00AB5
__end_of_strlen                     text32       00A90
__end_of_waitLCDBusy                text17       00B86
__end_of_writeInsChk                text10       009BC
__end_of_writeInsNoChk              text11       00A30
__end_of_writeTxtChk                text15       01000
__end_ofi1_SetToReadDataFromLCD     text39       00986
__end_ofi1_SetToSendDataToLCD       text41       00980
__end_ofi1_lcdWriteText             text35       00B02
__end_ofi1_setCursorPosition        text37       00E75
__end_ofi1_setData                  text40       00C8F
__end_ofi1_waitLCDBusy              text38       00B59
__end_ofi1_writeTxtChk              text36       00F69
__initialization                    cinit        000B3
__pbssBANK0                         bssBANK0     00049
__pbssBANK1                         bssBANK1     000DB
__pbssBANK2                         bssBANK2     00120
__pbssBANK3                         bssBANK3     001A0
__pbssBANK4                         bssBANK4     00220
__pbssBANK5                         bssBANK5     002A0
__pbssBIGRAM                        (abs)        022F0
__pcstackBANK0                      cstackBANK0  00020
__pcstackBANK1                      cstackBANK1  000A0
__pcstackCOMMON                     cstackCOMMON 00070
__pdataBANK0                        dataBANK0    0005E
__pdataBANK1                        dataBANK1    000E8
__pidataBANK0                       idataBANK0   00998
__pidataBANK1                       idataBANK1   00992
__pintentry                         intentry     00004
__pmaintext                         maintext     00120
__pstringtext1                      stringtext1  01000
__pstringtext2                      stringtext2  01026
__pstringtext3                      stringtext3  01032
__pstringtext4                      stringtext4  0103E
__pstringtext5                      stringtext5  00000
__pswtext1                          swtext1      007F2
__ptext1                            text1        009D2
__ptext10                           text10       009B1
__ptext11                           text11       00A18
__ptext12                           text12       00B02
__ptext13                           text13       00B86
__ptext14                           text14       00AB5
__ptext15                           text15       00F69
__ptext16                           text16       00DB3
__ptext17                           text17       00B59
__ptext18                           text18       0098C
__ptext19                           text19       00C8F
__ptext2                            text2        009C7
__ptext20                           text20       00986
__ptext21                           text21       00A02
__ptext22                           text22       00607
__ptext23                           text23       003A9
__ptext24                           text24       00D10
__ptext25                           text25       00BE3
__ptext26                           text26       00A49
__ptext27                           text27       00BB4
__ptext28                           text28       009A7
__ptext29                           text29       00CCB
__ptext3                            text3        006D8
__ptext30                           text30       00C19
__ptext31                           text31       00A30
__ptext32                           text32       00A6C
__ptext33                           text33       00A90
__ptext35                           text35       00ADB
__ptext36                           text36       00ED9
__ptext37                           text37       00E13
__ptext38                           text38       00B2D
__ptext39                           text39       00980
__ptext4                            text4        00D55
__ptext40                           text40       00C53
__ptext41                           text41       0097A
__ptext42                           text42       009F5
__ptext43                           text43       004E1
__ptext5                            text5        00788
__ptext6                            text6        009BC
__ptext7                            text7        0099F
__ptext8                            text8        00E75
__ptext9                            text9        00975
__size_of_AddTrace                  (abs)        00000
__size_of_Debounce                  (abs)        00000
__size_of_EM1812EntryPoint          (abs)        00000
__size_of_GetI2CStatus              (abs)        00000
__size_of_GetNewReceivedData        (abs)        00000
__size_of_I2CInit                   (abs)        00000
__size_of_I2C_GetData               (abs)        00000
__size_of_I2C_Interrupt             (abs)        00000
__size_of_I2C_SendData              (abs)        00000
__size_of_PrintLog                  (abs)        00000
__size_of_Send_UART_Data            (abs)        00000
__size_of_SetToReadDataFromLCD      (abs)        00000
__size_of_SetToSendDataToLCD        (abs)        00000
__size_of_TempUpdateRequest         (abs)        00000
__size_of___awdiv                   (abs)        00000
__size_of___awmod                   (abs)        00000
__size_of_clearDisplay              (abs)        00000
__size_of_initLCD                   (abs)        00000
__size_of_lcdWriteText              (abs)        00000
__size_of_main                      (abs)        00000
__size_of_memcpy                    (abs)        00000
__size_of_memset                    (abs)        00000
__size_of_moveCursorToHome          (abs)        00000
__size_of_myint                     (abs)        00000
__size_of_powerOnLcd                (abs)        00000
__size_of_printEM1812               (abs)        00000
__size_of_setCursorOff              (abs)        00000
__size_of_setCursorPosition         (abs)        00000
__size_of_setData                   (abs)        00000
__size_of_setNotBlinkingCursor      (abs)        00000
__size_of_strcat                    (abs)        00000
__size_of_strcpy                    (abs)        00000
__size_of_strlen                    (abs)        00000
__size_of_waitLCDBusy               (abs)        00000
__size_of_writeInsChk               (abs)        00000
__size_of_writeInsNoChk             (abs)        00000
__size_of_writeTxtChk               (abs)        00000
__size_ofi1_SetToReadDataFromLCD    (abs)        00000
__size_ofi1_SetToSendDataToLCD      (abs)        00000
__size_ofi1_lcdWriteText            (abs)        00000
__size_ofi1_setCursorPosition       (abs)        00000
__size_ofi1_setData                 (abs)        00000
__size_ofi1_waitLCDBusy             (abs)        00000
__size_ofi1_writeTxtChk             (abs)        00000
_clearDisplay                       text9        00975
_gErrorCode                         bssBANK1     000E3
_gTxBuffer                          (abs)        022F0
_gTxReadingPosition                 bssBANK0     0004F
_gTxTransmitSize                    bssBANK0     00050
_gUartRXBuffer                      bssBANK5     002A0
_gUartRXBufferIndex                 bssBANK0     0004D
_gUartTXBuffer                      bssBANK3     001A0
_initLCD                            text8        00E75
_lcdWriteText                       text14       00AB5
_mCursorDisplayShiftReg             bssBANK0     0005C
_mDisplayOnOffReg                   bssBANK0     0005D
_mWritingPosition                   bssBANK0     0005B
_main                               maintext     00120
_memcpy                             text27       00BB4
_memset                             text22       00607
_moveCursorToHome                   text7        0099F
_myint                              intentry     00004
_powerOnLcd                         text6        009BC
_printEM1812                        text3        006D8
_setCursorOff                       text2        009C7
_setCursorPosition                  text16       00DB3
_setData                            text19       00C8F
_setNotBlinkingCursor               text1        009D2
_strcat                             text31       00A30
_strcpy                             text33       00A90
_strlen                             text32       00A6C
_wHumidity                          bssBANK1     000E6
_wI2CCommandState                   dataBANK0    00064
_wI2CRxBuffer                       bssBANK2     00134
_wI2CRxBufferSize                   dataBANK0    00062
_wI2CRxNbOfByteToReceived           bssBANK0     00054
_wI2CTxBuffer                       bssBANK2     00148
_wI2CTxBufferSize                   dataBANK0    00063
_wI2CTxNbOfByteToSend               bssBANK0     00055
_wI2CTxSendPos                      bssBANK0     00052
_wInterruptText                     bssBANK4     00220
_wNewI2CReception                   bssBANK0     00053
_wReceptionBufferPosition           bssBANK0     00058
_wTempSet                           dataBANK1    000EC
_wTempState                         bssBANK0     0005A
_wTemperature                       bssBANK1     000E4
_wTimer0Counter                     bssBANK0     00059
_wTimer1IntCounter                  bssBANK0     0004E
_waitLCDBusy                        text17       00B59
_writeInsChk                        text10       009B1
_writeInsNoChk                      text11       00A18
_writeTxtChk                        text15       00F69
btemp                               (abs)        0007E
clear_ram0                          clrtext      009DD
end_of_initialization               cinit        0011C
i1_SetToReadDataFromLCD             text39       00980
i1_SetToSendDataToLCD               text41       0097A
i1_lcdWriteText                     text35       00ADB
i1_setCursorPosition                text37       00E13
i1_setData                          text40       00C53
i1_waitLCDBusy                      text38       00B2D
i1_writeTxtChk                      text36       00ED9
i1lcdWriteText@iText                cstackBANK0  00020
i1lcdWriteText@wCharReadingPos      cstackCOMMON 0007D
i1setCursorPosition@iLine           cstackCOMMON 00078
i1setCursorPosition@iPosition       cstackCOMMON 00075
i1setCursorPosition@wLCDIndex       cstackCOMMON 00079
i1setData@iValue                    cstackCOMMON 00072
i1waitLCDBusy@busyFlag              cstackCOMMON 00073
i1writeTxtChk@iOpCode               cstackCOMMON 0007C
init_ram                            inittext     009E9
int$flags                           (abs)        0007E
intlevel0                           functab      00000
intlevel1                           functab      00000
intlevel2                           functab      00000
intlevel3                           functab      00000
intlevel4                           functab      00000
intlevel5                           functab      00000
lcdWriteText@iText                  cstackBANK0  00037
lcdWriteText@wCharReadingPos        cstackBANK0  0003B
main@F2305                          dataBANK1    000E8
main@wConv                          cstackBANK1  000AD
main@wCounter                       cstackBANK1  000C5
main@wDebounceDown                  cstackBANK1  000D5
main@wDebounceEnter                 cstackBANK1  000D1
main@wDebounceUp                    cstackBANK1  000D3
main@wDownBottonPressed             cstackBANK1  000D8
main@wEditingMode                   cstackBANK1  000CC
main@wEnterBottonPressed            cstackBANK1  000D9
main@wHumidityPrev                  cstackBANK1  000CD
main@wIterationCounter              cstackBANK1  000C9
main@wMenu                          cstackBANK1  000DA
main@wReadout                       cstackBANK1  000B1
main@wTemp                          cstackBANK1  000C7
main@wTemperaturePrev               cstackBANK1  000CF
main@wUpBottonPressed               cstackBANK1  000D7
main@wUpdateMenu                    cstackBANK1  000CB
memcpy@d                            cstackBANK0  00032
memcpy@d1                           cstackBANK0  0002A
memcpy@n                            cstackBANK0  0002E
memcpy@s                            cstackBANK0  00034
memcpy@s1                           cstackBANK0  0002C
memcpy@tmp                          cstackBANK0  00031
memset@c                            cstackBANK0  0002C
memset@dest                         cstackBANK0  0002A
memset@k                            cstackBANK0  00034
memset@n                            cstackBANK0  0002E
memset@s                            cstackBANK0  00036
myint@wI2CError                     cstackBANK0  00028
myint@wText                         cstackBANK0  00026
printEM1812@oTextOut                cstackBANK0  00035
printEM1812@wDecimal                cstackBANK0  00039
printEM1812@wIsNegative             cstackBANK0  0003A
printEM1812@wTen                    cstackBANK0  0003B
printEM1812@wUnity                  cstackBANK0  00038
printEM1812@wVariable               cstackBANK0  00033
printEM1812@wWritingPosition        cstackBANK0  0003C
reset_vec                           reset_vec    00000
setCursorPosition@iLine             cstackBANK0  00032
setCursorPosition@iPosition         cstackBANK0  0002F
setCursorPosition@wLCDIndex         cstackBANK0  00033
setData@iValue                      cstackBANK0  0002C
stackhi                             (abs)        022EF
stacklo                             (abs)        021C2
start                               init         000B1
start_initialization                cinit        000B3
strcat@dest                         cstackBANK0  0003C
strcat@src                          cstackBANK0  00038
strcpy@d                            cstackBANK0  00036
strcpy@dest                         cstackBANK0  00037
strcpy@s                            cstackBANK0  00034
strcpy@src                          cstackBANK0  00030
strlen@a                            cstackBANK0  0002E
strlen@s                            cstackBANK0  0002A
waitLCDBusy@busyFlag                cstackBANK0  0002D
writeInsChk@iOpCode                 cstackBANK0  0002F
writeInsNoChk@iOpCode               cstackBANK0  0002E
writeTxtChk@iOpCode                 cstackBANK0  00036
wtemp0                              (abs)        0007E


FUNCTION INFORMATION:

 *************** function _main *****************
 Defined at:
		line 147 in file "161518_temp_main.c"
 Parameters:    Size  Location     Type
		None
 Auto vars:     Size  Location     Type
  wReadout       20   17[BANK1 ] unsigned char [20]
  wConv           4   13[BANK1 ] unsigned char [4]
  wDebounceDow    2   53[BANK1 ] unsigned short 
  wDebounceUp     2   51[BANK1 ] unsigned short 
  wDebounceEnt    2   49[BANK1 ] unsigned short 
  wTemperature    2   47[BANK1 ] short 
  wHumidityPre    2   45[BANK1 ] short 
  wIterationCo    2   41[BANK1 ] unsigned short 
  wTemp           2   39[BANK1 ] int 
  wCounter        2   37[BANK1 ] int 
  wMenu           1   58[BANK1 ] unsigned char 
  wEnterBotton    1   57[BANK1 ] unsigned char 
  wDownBottonP    1   56[BANK1 ] unsigned char 
  wUpBottonPre    1   55[BANK1 ] unsigned char 
  wEditingMode    1   44[BANK1 ] unsigned char 
  wUpdateMenu     1   43[BANK1 ] unsigned char 
 Return value:  Size  Location     Type
                  1    wreg      void 
 Registers used:
		wreg, fsr0l, fsr0h, fsr1l, fsr1h, status,2, status,0, pclath, cstack
 Tracked objects:
		On entry : 
		On exit  : 
		Unchanged: 
 Data sizes:     COMMON   BANK0   BANK1   BANK2   BANK3   BANK4   BANK5   BANK6   BANK7   BANK8   BANK9  BANK10  BANK11  BANK12
      Params:         0       0       0       0       0       0       0       0       0       0       0       0       0       0
      Locals:         0       0      46       0       0       0       0       0       0       0       0       0       0       0
      Temps:          0       2       0       0       0       0       0       0       0       0       0       0       0       0
      Totals:         0       2      46       0       0       0       0       0       0       0       0       0       0       0
Total ram usage:       48 bytes
 Hardware stack levels required when called:   12
 This function calls:
		_AddTrace
		_Debounce
		_EM1812EntryPoint
		_I2CInit
		_PrintLog
		_Send_UART_Data
		_clearDisplay
		_initLCD
		_memcpy
		_memset
		_moveCursorToHome
		_powerOnLcd
		_printEM1812
		_setCursorOff
		_setCursorPosition
		_setNotBlinkingCursor
 This function is called by:
		Startup code after reset
 This function uses a non-reentrant model


 *************** function _setNotBlinkingCursor *****************
 Defined at:
		line 220 in file "LCD_hd44780u_qy_2004a.c"
 Parameters:    Size  Location     Type
		None
 Auto vars:     Size  Location     Type
		None
 Return value:  Size  Location     Type
                  1    wreg      void 
 Registers used:
		wreg, status,2, status,0, pclath, cstack
 Tracked objects:
		On entry : 
		On exit  : 
		Unchanged: 
 Data sizes:     COMMON   BANK0   BANK1   BANK2   BANK3   BANK4   BANK5   BANK6   BANK7   BANK8   BANK9  BANK10  BANK11  BANK12
      Params:         0       0       0       0       0       0       0       0       0       0       0       0       0       0
      Locals:         0       0       0       0       0       0       0       0       0       0       0       0       0       0
      Temps:          0       1       0       0       0       0       0       0       0       0       0       0       0       0
      Totals:         0       1       0       0       0       0       0       0       0       0       0       0       0       0
Total ram usage:        1 bytes
 Hardware stack levels used:    1
 Hardware stack levels required when called:    9
 This function calls:
		_writeInsChk
 This function is called by:
		_main
 This function uses a non-reentrant model


 *************** function _setCursorOff *****************
 Defined at:
		line 225 in file "LCD_hd44780u_qy_2004a.c"
 Parameters:    Size  Location     Type
		None
 Auto vars:     Size  Location     Type
		None
 Return value:  Size  Location     Type
                  1    wreg      void 
 Registers used:
		wreg, status,2, status,0, pclath, cstack
 Tracked objects:
		On entry : 
		On exit  : 
		Unchanged: 
 Data sizes:     COMMON   BANK0   BANK1   BANK2   BANK3   BANK4   BANK5   BANK6   BANK7   BANK8   BANK9  BANK10  BANK11  BANK12
      Params:         0       0       0       0       0       0       0       0       0       0       0       0       0       0
      Locals:         0       0       0       0       0       0       0       0       0       0       0       0       0       0
      Temps:          0       1       0       0       0       0       0       0       0       0       0       0       0       0
      Totals:         0       1       0       0       0       0       0       0       0       0       0       0       0       0
Total ram usage:        1 bytes
 Hardware stack levels used:    1
 Hardware stack levels required when called:    9
 This function calls:
		_writeInsChk
 This function is called by:
		_main
 This function uses a non-reentrant model


 *************** function _printEM1812 *****************
 Defined at:
		line 16 in file "EM1812.c"
 Parameters:    Size  Location     Type
  wVariable       2   19[BANK0 ] short 
  oTextOut        1   21[BANK0 ] PTR unsigned char 
		 -> main@wReadout(20), 
 Auto vars:     Size  Location     Type
  wWritingPosi    1   28[BANK0 ] unsigned char 
  wTen            1   27[BANK0 ] unsigned char 
  wIsNegative     1   26[BANK0 ] unsigned char 
  wDecimal        1   25[BANK0 ] unsigned char 
  wUnity          1   24[BANK0 ] unsigned char 
 Return value:  Size  Location     Type
                  1    wreg      void 
 Registers used:
		wreg, fsr1l, fsr1h, status,2, status,0, pclath, cstack
 Tracked objects:
		On entry : 
		On exit  : 
		Unchanged: 
 Data sizes:     COMMON   BANK0   BANK1   BANK2   BANK3   BANK4   BANK5   BANK6   BANK7   BANK8   BANK9  BANK10  BANK11  BANK12
      Params:         0       3       0       0       0       0       0       0       0       0       0       0       0       0
      Locals:         0       5       0       0       0       0       0       0       0       0       0       0       0       0
      Temps:          0       2       0       0       0       0       0       0       0       0       0       0       0       0
      Totals:         0      10       0       0       0       0       0       0       0       0       0       0       0       0
Total ram usage:       10 bytes
 Hardware stack levels used:    1
 Hardware stack levels required when called:    7
 This function calls:
		___awdiv
		___awmod
 This function is called by:
		_main
 This function uses a non-reentrant model


 *************** function ___awmod *****************
 Defined at:
		line 5 in file "C:\Program Files (x86)\Microchip\xc8\v2.00\pic\sources\c99\common\awmod.c"
 Parameters:    Size  Location     Type
  divisor         2   10[BANK0 ] int 
  dividend        2   12[BANK0 ] int 
 Auto vars:     Size  Location     Type
  sign            1   16[BANK0 ] unsigned char 
  counter         1   15[BANK0 ] unsigned char 
 Return value:  Size  Location     Type
                  2   10[BANK0 ] int 
 Registers used:
		wreg, status,2, status,0
 Tracked objects:
		On entry : 
		On exit  : 
		Unchanged: 
 Data sizes:     COMMON   BANK0   BANK1   BANK2   BANK3   BANK4   BANK5   BANK6   BANK7   BANK8   BANK9  BANK10  BANK11  BANK12
      Params:         0       4       0       0       0       0       0       0       0       0       0       0       0       0
      Locals:         0       2       0       0       0       0       0       0       0       0       0       0       0       0
      Temps:          0       1       0       0       0       0       0       0       0       0       0       0       0       0
      Totals:         0       7       0       0       0       0       0       0       0       0       0       0       0       0
Total ram usage:        7 bytes
 Hardware stack levels used:    1
 Hardware stack levels required when called:    6
 This function calls:
		Nothing
 This function is called by:
		_printEM1812
 This function uses a non-reentrant model


 *************** function ___awdiv *****************
 Defined at:
		line 5 in file "C:\Program Files (x86)\Microchip\xc8\v2.00\pic\sources\c99\common\awdiv.c"
 Parameters:    Size  Location     Type
  divisor         2   10[BANK0 ] int 
  dividend        2   12[BANK0 ] int 
 Auto vars:     Size  Location     Type
  quotient        2   17[BANK0 ] int 
  sign            1   16[BANK0 ] unsigned char 
  counter         1   15[BANK0 ] unsigned char 
 Return value:  Size  Location     Type
                  2   10[BANK0 ] int 
 Registers used:
		wreg, status,2, status,0
 Tracked objects:
		On entry : 
		On exit  : 
		Unchanged: 
 Data sizes:     COMMON   BANK0   BANK1   BANK2   BANK3   BANK4   BANK5   BANK6   BANK7   BANK8   BANK9  BANK10  BANK11  BANK12
      Params:         0       4       0       0       0       0       0       0       0       0       0       0       0       0
      Locals:         0       4       0       0       0       0       0       0       0       0       0       0       0       0
      Temps:          0       1       0       0       0       0       0       0       0       0       0       0       0       0
      Totals:         0       9       0       0       0       0       0       0       0       0       0       0       0       0
Total ram usage:        9 bytes
 Hardware stack levels used:    1
 Hardware stack levels required when called:    6
 This function calls:
		Nothing
 This function is called by:
		_printEM1812
 This function uses a non-reentrant model


 *************** function _powerOnLcd *****************
 Defined at:
		line 210 in file "LCD_hd44780u_qy_2004a.c"
 Parameters:    Size  Location     Type
		None
 Auto vars:     Size  Location     Type
		None
 Return value:  Size  Location     Type
                  1    wreg      void 
 Registers used:
		wreg, status,2, status,0, pclath, cstack
 Tracked objects:
		On entry : 
		On exit  : 
		Unchanged: 
 Data sizes:     COMMON   BANK0   BANK1   BANK2   BANK3   BANK4   BANK5   BANK6   BANK7   BANK8   BANK9  BANK10  BANK11  BANK12
      Params:         0       0       0       0       0       0       0       0       0       0       0       0       0       0
      Locals:         0       0       0       0       0       0       0       0       0       0       0       0       0       0
      Temps:          0       1       0       0       0       0       0       0       0       0       0       0       0       0
      Totals:         0       1       0       0       0       0       0       0       0       0       0       0       0       0
Total ram usage:        1 bytes
 Hardware stack levels used:    1
 Hardware stack levels required when called:    9
 This function calls:
		_writeInsChk
 This function is called by:
		_main
 This function uses a non-reentrant model


 *************** function _moveCursorToHome *****************
 Defined at:
		line 271 in file "LCD_hd44780u_qy_2004a.c"
 Parameters:    Size  Location     Type
		None
 Auto vars:     Size  Location     Type
		None
 Return value:  Size  Location     Type
                  1    wreg      void 
 Registers used:
		wreg, status,2, status,0, pclath, cstack
 Tracked objects:
		On entry : 
		On exit  : 
		Unchanged: 
 Data sizes:     COMMON   BANK0   BANK1   BANK2   BANK3   BANK4   BANK5   BANK6   BANK7   BANK8   BANK9  BANK10  BANK11  BANK12
      Params:         0       0       0       0       0       0       0       0       0       0       0       0       0       0
      Locals:         0       0       0       0       0       0       0       0       0       0       0       0       0       0
      Temps:          0       0       0       0       0       0       0       0       0       0       0       0       0       0
      Totals:         0       0       0       0       0       0       0       0       0       0       0       0       0       0
Total ram usage:        0 bytes
 Hardware stack levels used:    1
 Hardware stack levels required when called:    9
 This function calls:
		_writeInsChk
 This function is called by:
		_main
 This function uses a non-reentrant model


 *************** function _initLCD *****************
 Defined at:
		line 10 in file "LCD_hd44780u_qy_2004a.c"
 Parameters:    Size  Location     Type
		None
 Auto vars:     Size  Location     Type
		None
 Return value:  Size  Location     Type
                  1    wreg      void 
 Registers used:
		wreg, status,2, status,0, pclath, cstack
 Tracked objects:
		On entry : 
		On exit  : 
		Unchanged: 
 Data sizes:     COMMON   BANK0   BANK1   BANK2   BANK3   BANK4   BANK5   BANK6   BANK7   BANK8   BANK9  BANK10  BANK11  BANK12
      Params:         0       0       0       0       0       0       0       0       0       0       0       0       0       0
      Locals:         0       0       0       0       0       0       0       0       0       0       0       0       0       0
      Temps:          0       1       0       0       0       0       0       0       0       0       0       0       0       0
      Totals:         0       1       0       0       0       0       0       0       0       0       0       0       0       0
Total ram usage:        1 bytes
 Hardware stack levels used:    1
 Hardware stack levels required when called:   10
 This function calls:
		_clearDisplay
		_setData
		_writeInsChk
 This function is called by:
		_main
 This function uses a non-reentrant model


 *************** function _clearDisplay *****************
 Defined at:
		line 267 in file "LCD_hd44780u_qy_2004a.c"
 Parameters:    Size  Location     Type
		None
 Auto vars:     Size  Location     Type
		None
 Return value:  Size  Location     Type
                  1    wreg      void 
 Registers used:
		wreg, status,2, status,0, pclath, cstack
 Tracked objects:
		On entry : 
		On exit  : 
		Unchanged: 
 Data sizes:     COMMON   BANK0   BANK1   BANK2   BANK3   BANK4   BANK5   BANK6   BANK7   BANK8   BANK9  BANK10  BANK11  BANK12
      Params:         0       0       0       0       0       0       0       0       0       0       0       0       0       0
      Locals:         0       0       0       0       0       0       0       0       0       0       0       0       0       0
      Temps:          0       0       0       0       0       0       0       0       0       0       0       0       0       0
      Totals:         0       0       0       0       0       0       0       0       0       0       0       0       0       0
Total ram usage:        0 bytes
 Hardware stack levels used:    1
 Hardware stack levels required when called:    9
 This function calls:
		_writeInsChk
 This function is called by:
		_main
		_initLCD
 This function uses a non-reentrant model


 *************** function _writeInsChk *****************
 Defined at:
		line 154 in file "LCD_hd44780u_qy_2004a.c"
 Parameters:    Size  Location     Type
  iOpCode         1    wreg     unsigned char 
 Auto vars:     Size  Location     Type
  iOpCode         1   15[BANK0 ] unsigned char 
 Return value:  Size  Location     Type
                  1    wreg      void 
 Registers used:
		wreg, status,2, status,0, pclath, cstack
 Tracked objects:
		On entry : 
		On exit  : 
		Unchanged: 
 Data sizes:     COMMON   BANK0   BANK1   BANK2   BANK3   BANK4   BANK5   BANK6   BANK7   BANK8   BANK9  BANK10  BANK11  BANK12
      Params:         0       0       0       0       0       0       0       0       0       0       0       0       0       0
      Locals:         0       1       0       0       0       0       0       0       0       0       0       0       0       0
      Temps:          0       0       0       0       0       0       0       0       0       0       0       0       0       0
      Totals:         0       1       0       0       0       0       0       0       0       0       0       0       0       0
Total ram usage:        1 bytes
 Hardware stack levels used:    1
 Hardware stack levels required when called:    8
 This function calls:
		_waitLCDBusy
		_writeInsNoChk
 This function is called by:
		_initLCD
		_powerOnLcd
		_setNotBlinkingCursor
		_setCursorOff
		_clearDisplay
		_moveCursorToHome
		_powerOffLcd
		_setBlinkingCursor
		_setCursorOn
		_setCursorMovingLeft
		_setCursorMovingRight
		_setDisplayMovingRight
		_setDisplayMovingLeft
		_moveCursorRight
		_moveCursorLeft
 This function uses a non-reentrant model


 *************** function _writeInsNoChk *****************
 Defined at:
		line 160 in file "LCD_hd44780u_qy_2004a.c"
 Parameters:    Size  Location     Type
  iOpCode         1    wreg     unsigned char 
 Auto vars:     Size  Location     Type
  iOpCode         1   14[BANK0 ] unsigned char 
 Return value:  Size  Location     Type
                  1    wreg      void 
 Registers used:
		wreg, status,2, status,0, pclath, cstack
 Tracked objects:
		On entry : 
		On exit  : 
		Unchanged: 
 Data sizes:     COMMON   BANK0   BANK1   BANK2   BANK3   BANK4   BANK5   BANK6   BANK7   BANK8   BANK9  BANK10  BANK11  BANK12
      Params:         0       0       0       0       0       0       0       0       0       0       0       0       0       0
      Locals:         0       1       0       0       0       0       0       0       0       0       0       0       0       0
      Temps:          0       1       0       0       0       0       0       0       0       0       0       0       0       0
      Totals:         0       2       0       0       0       0       0       0       0       0       0       0       0       0
Total ram usage:        2 bytes
 Hardware stack levels used:    1
 Hardware stack levels required when called:    7
 This function calls:
		_SetToSendDataToLCD
		_setData
 This function is called by:
		_writeInsChk
 This function uses a non-reentrant model


 *************** function _Send_UART_Data *****************
 Defined at:
		line 99 in file "161518_temp_main.c"
 Parameters:    Size  Location     Type
  iData           1    wreg     PTR unsigned char 
		 -> gUartTXBuffer(50), 
  iData_Length    1   22[BANK0 ] unsigned char 
 Auto vars:     Size  Location     Type
  iData           1   25[BANK0 ] PTR unsigned char 
		 -> gUartTXBuffer(50), 
 Return value:  Size  Location     Type
                  1    wreg      void 
 Registers used:
		wreg, fsr0l, fsr0h, fsr1l, fsr1h, status,2, status,0, pclath, cstack
 Tracked objects:
		On entry : 
		On exit  : 
		Unchanged: 
 Data sizes:     COMMON   BANK0   BANK1   BANK2   BANK3   BANK4   BANK5   BANK6   BANK7   BANK8   BANK9  BANK10  BANK11  BANK12
      Params:         0       1       0       0       0       0       0       0       0       0       0       0       0       0
[...]
 Registers used:
		wreg, fsr0l, fsr0h, status,2, status,0
 Tracked objects:
		On entry : 
		On exit  : 
		Unchanged: 
 Data sizes:     COMMON   BANK0   BANK1   BANK2   BANK3   BANK4   BANK5   BANK6   BANK7   BANK8   BANK9  BANK10  BANK11  BANK12
      Params:         0       2       0       0       0       0       0       0       0       0       0       0       0       0
      Locals:         0       2       0       0       0       0       0       0       0       0       0       0       0       0
      Temps:          0       2       0       0       0       0       0       0       0       0       0       0       0       0
      Totals:         0       6       0       0       0       0       0       0       0       0       0       0       0       0
Total ram usage:        6 bytes
 Hardware stack levels used:    1
 Hardware stack levels required when called:    6
 This function calls:
		Nothing
 This function is called by:
		_PrintLog
		_AddTrace
		_strcat
 This function uses a non-reentrant model


 *************** function _strcpy *****************
 Defined at:
		line 7 in file "C:\Program Files (x86)\Microchip\xc8\v2.00\pic\sources\c99\common\strcpy.c"
 Parameters:    Size  Location     Type
  dest            1    wreg     PTR unsigned char 
		 -> wInterruptText(75), 
  src             2   16[BANK0 ] PTR const unsigned char 
		 -> STR_2(9), STR_1(12), main@wReadout(20), 
 Auto vars:     Size  Location     Type
  dest            1   23[BANK0 ] PTR unsigned char 
		 -> wInterruptText(75), 
  s               2   20[BANK0 ] PTR const unsigned char 
		 -> STR_2(9), STR_1(12), main@wReadout(20), 
  d               1   22[BANK0 ] PTR unsigned char 
		 -> wInterruptText(75), 
 Return value:  Size  Location     Type
                  1    wreg      PTR unsigned char 
 Registers used:
		wreg, fsr0l, fsr0h, fsr1l, fsr1h, status,2, status,0, pclath
 Tracked objects:
		On entry : 
		On exit  : 
		Unchanged: 
 Data sizes:     COMMON   BANK0   BANK1   BANK2   BANK3   BANK4   BANK5   BANK6   BANK7   BANK8   BANK9  BANK10  BANK11  BANK12
      Params:         0       2       0       0       0       0       0       0       0       0       0       0       0       0
      Locals:         0       4       0       0       0       0       0       0       0       0       0       0       0       0
      Temps:          0       2       0       0       0       0       0       0       0       0       0       0       0       0
      Totals:         0       8       0       0       0       0       0       0       0       0       0       0       0       0
Total ram usage:        8 bytes
 Hardware stack levels used:    1
 Hardware stack levels required when called:    6
 This function calls:
		Nothing
 This function is called by:
		_strcat
 This function uses a non-reentrant model


 *************** function _myint *****************
 Defined at:
		line 532 in file "161518_temp_main.c"
 Parameters:    Size  Location     Type
		None
 Auto vars:     Size  Location     Type
  wText           2    6[BANK0 ] unsigned char [2]
  wI2CError       2    8[BANK0 ] int 
 Return value:  Size  Location     Type
                  1    wreg      void 
 Registers used:
		wreg, fsr0l, fsr0h, fsr1l, fsr1h, status,2, status,0, pclath, cstack
 Tracked objects:
		On entry : 
		On exit  : 
		Unchanged: 
 Data sizes:     COMMON   BANK0   BANK1   BANK2   BANK3   BANK4   BANK5   BANK6   BANK7   BANK8   BANK9  BANK10  BANK11  BANK12
      Params:         0       0       0       0       0       0       0       0       0       0       0       0       0       0
      Locals:         0       4       0       0       0       0       0       0       0       0       0       0       0       0
      Temps:          0       2       0       0       0       0       0       0       0       0       0       0       0       0
      Totals:         0       6       0       0       0       0       0       0       0       0       0       0       0       0
Total ram usage:        6 bytes
 Hardware stack levels used:    1
 Hardware stack levels required when called:    5
 This function calls:
		_I2C_Interrupt
		_TempUpdateRequest
		i1_lcdWriteText
 This function is called by:
		Interrupt level 1
 This function uses a non-reentrant model


 *************** function i1_lcdWriteText *****************
 Defined at:
		line 63 in file "LCD_hd44780u_qy_2004a.c"
 Parameters:    Size  Location     Type
  iText           2    0[BANK0 ] PTR unsigned char 
		 -> myint@wText(2), wInterruptText(75), 
 Auto vars:     Size  Location     Type
  lcdWriteText    1   13[COMMON] unsigned char 
 Return value:  Size  Location     Type
                  1    wreg      void 
 Registers used:
		wreg, fsr0l, fsr0h, fsr1l, fsr1h, status,2, status,0, pclath, cstack
 Tracked objects:
		On entry : 
		On exit  : 
		Unchanged: 
 Data sizes:     COMMON   BANK0   BANK1   BANK2   BANK3   BANK4   BANK5   BANK6   BANK7   BANK8   BANK9  BANK10  BANK11  BANK12
      Params:         0       2       0       0       0       0       0       0       0       0       0       0       0       0
      Locals:         1       0       0       0       0       0       0       0       0       0       0       0       0       0
      Temps:          0       2       0       0       0       0       0       0       0       0       0       0       0       0
      Totals:         1       4       0       0       0       0       0       0       0       0       0       0       0       0
Total ram usage:        5 bytes
 Hardware stack levels used:    1
 Hardware stack levels required when called:    4
 This function calls:
		i1_writeTxtChk
 This function is called by:
		_myint
 This function uses a non-reentrant model


 *************** function i1_writeTxtChk *****************
 Defined at:
		line 101 in file "LCD_hd44780u_qy_2004a.c"
 Parameters:    Size  Location     Type
  iOpCode         1    wreg     unsigned char 
 Auto vars:     Size  Location     Type
  iOpCode         1   12[COMMON] unsigned char 
 Return value:  Size  Location     Type
                  1    wreg      void 
 Registers used:
		wreg, fsr0l, fsr0h, status,2, status,0, pclath, cstack
 Tracked objects:
		On entry : 
		On exit  : 
		Unchanged: 
 Data sizes:     COMMON   BANK0   BANK1   BANK2   BANK3   BANK4   BANK5   BANK6   BANK7   BANK8   BANK9  BANK10  BANK11  BANK12
      Params:         0       0       0       0       0       0       0       0       0       0       0       0       0       0
      Locals:         1       0       0       0       0       0       0       0       0       0       0       0       0       0
      Temps:          2       0       0       0       0       0       0       0       0       0       0       0       0       0
      Totals:         3       0       0       0       0       0       0       0       0       0       0       0       0       0
Total ram usage:        3 bytes
 Hardware stack levels used:    1
 Hardware stack levels required when called:    3
 This function calls:
		i1_SetToSendDataToLCD
		i1_setCursorPosition
		i1_setData
		i1_waitLCDBusy
 This function is called by:
		i1_lcdWriteText
 This function uses a non-reentrant model


 *************** function i1_setCursorPosition *****************
 Defined at:
		line 276 in file "LCD_hd44780u_qy_2004a.c"
 Parameters:    Size  Location     Type
  iLine           1    wreg     unsigned char 
  iPosition       1    5[COMMON] unsigned char 
 Auto vars:     Size  Location     Type
  iLine           1    8[COMMON] unsigned char 
  setCursorPos    1    9[COMMON] unsigned char 
 Return value:  Size  Location     Type
                  1    wreg      void 
 Registers used:
		wreg, fsr0l, fsr0h, status,2, status,0, pclath, cstack
 Tracked objects:
		On entry : 
		On exit  : 
		Unchanged: 
 Data sizes:     COMMON   BANK0   BANK1   BANK2   BANK3   BANK4   BANK5   BANK6   BANK7   BANK8   BANK9  BANK10  BANK11  BANK12
      Params:         1       0       0       0       0       0       0       0       0       0       0       0       0       0
      Locals:         2       0       0       0       0       0       0       0       0       0       0       0       0       0
      Temps:          2       0       0       0       0       0       0       0       0       0       0       0       0       0
      Totals:         5       0       0       0       0       0       0       0       0       0       0       0       0       0
Total ram usage:        5 bytes
 Hardware stack levels used:    1
 Hardware stack levels required when called:    2
 This function calls:
		i1_SetToSendDataToLCD
		i1_setData
		i1_waitLCDBusy
 This function is called by:
		i1_writeTxtChk
 This function uses a non-reentrant model


 *************** function i1_waitLCDBusy *****************
 Defined at:
		line 184 in file "LCD_hd44780u_qy_2004a.c"
 Parameters:    Size  Location     Type
		None
 Auto vars:     Size  Location     Type
  waitLCDBusy     2    3[COMMON] int 
 Return value:  Size  Location     Type
                  1    wreg      void 
 Registers used:
		wreg, status,2, status,0, pclath, cstack
 Tracked objects:
		On entry : 
		On exit  : 
		Unchanged: 
 Data sizes:     COMMON   BANK0   BANK1   BANK2   BANK3   BANK4   BANK5   BANK6   BANK7   BANK8   BANK9  BANK10  BANK11  BANK12
      Params:         0       0       0       0       0       0       0       0       0       0       0       0       0       0
      Locals:         2       0       0       0       0       0       0       0       0       0       0       0       0       0
      Temps:          3       0       0       0       0       0       0       0       0       0       0       0       0       0
      Totals:         5       0       0       0       0       0       0       0       0       0       0       0       0       0
Total ram usage:        5 bytes
 Hardware stack levels used:    1
 Hardware stack levels required when called:    1
 This function calls:
		i1_SetToReadDataFromLCD
 This function is called by:
		i1_writeTxtChk
		i1_setCursorPosition
 This function uses a non-reentrant model


 *************** function i1_SetToReadDataFromLCD *****************
 Defined at:
		line 169 in file "LCD_hd44780u_qy_2004a.c"
 Parameters:    Size  Location     Type
		None
 Auto vars:     Size  Location     Type
		None
 Return value:  Size  Location     Type
                  1    wreg      void 
 Registers used:
		None
 Tracked objects:
		On entry : 
		On exit  : 
		Unchanged: 
 Data sizes:     COMMON   BANK0   BANK1   BANK2   BANK3   BANK4   BANK5   BANK6   BANK7   BANK8   BANK9  BANK10  BANK11  BANK12
      Params:         0       0       0       0       0       0       0       0       0       0       0       0       0       0
      Locals:         0       0       0       0       0       0       0       0       0       0       0       0       0       0
      Temps:          0       0       0       0       0       0       0       0       0       0       0       0       0       0
      Totals:         0       0       0       0       0       0       0       0       0       0       0       0       0       0
Total ram usage:        0 bytes
 Hardware stack levels used:    1
 This function calls:
		Nothing
 This function is called by:
		i1_waitLCDBusy
 This function uses a non-reentrant model


 *************** function i1_setData *****************
 Defined at:
		line 89 in file "LCD_hd44780u_qy_2004a.c"
 Parameters:    Size  Location     Type
  iValue          1    wreg     unsigned char 
 Auto vars:     Size  Location     Type
  iValue          1    2[COMMON] unsigned char 
 Return value:  Size  Location     Type
                  1    wreg      void 
 Registers used:
		wreg, status,2, status,0
 Tracked objects:
		On entry : 
		On exit  : 
		Unchanged: 
 Data sizes:     COMMON   BANK0   BANK1   BANK2   BANK3   BANK4   BANK5   BANK6   BANK7   BANK8   BANK9  BANK10  BANK11  BANK12
      Params:         0       0       0       0       0       0       0       0       0       0       0       0       0       0
      Locals:         1       0       0       0       0       0       0       0       0       0       0       0       0       0
      Temps:          2       0       0       0       0       0       0       0       0       0       0       0       0       0
      Totals:         3       0       0       0       0       0       0       0       0       0       0       0       0       0
Total ram usage:        3 bytes
 Hardware stack levels used:    1
 This function calls:
		Nothing
 This function is called by:
		i1_writeTxtChk
		i1_setCursorPosition
 This function uses a non-reentrant model


 *************** function i1_SetToSendDataToLCD *****************
 Defined at:
		line 176 in file "LCD_hd44780u_qy_2004a.c"
 Parameters:    Size  Location     Type
		None
 Auto vars:     Size  Location     Type
		None
 Return value:  Size  Location     Type
                  1    wreg      void 
 Registers used:
		None
 Tracked objects:
		On entry : 
		On exit  : 
		Unchanged: 
 Data sizes:     COMMON   BANK0   BANK1   BANK2   BANK3   BANK4   BANK5   BANK6   BANK7   BANK8   BANK9  BANK10  BANK11  BANK12
      Params:         0       0       0       0       0       0       0       0       0       0       0       0       0       0
      Locals:         0       0       0       0       0       0       0       0       0       0       0       0       0       0
      Temps:          0       0       0       0       0       0       0       0       0       0       0       0       0       0
      Totals:         0       0       0       0       0       0       0       0       0       0       0       0       0       0
Total ram usage:        0 bytes
 Hardware stack levels used:    1
 This function calls:
		Nothing
 This function is called by:
		i1_writeTxtChk
		i1_setCursorPosition
 This function uses a non-reentrant model


 *************** function _TempUpdateRequest *****************
 Defined at:
		line 80 in file "EM1812.c"
 Parameters:    Size  Location     Type
		None
 Auto vars:     Size  Location     Type
		None
 Return value:  Size  Location     Type
                  2   88[None  ] int 
 Registers used:
		wreg, status,2, status,0
 Tracked objects:
		On entry : 
		On exit  : 
		Unchanged: 
 Data sizes:     COMMON   BANK0   BANK1   BANK2   BANK3   BANK4   BANK5   BANK6   BANK7   BANK8   BANK9  BANK10  BANK11  BANK12
      Params:         0       0       0       0       0       0       0       0       0       0       0       0       0       0
      Locals:         0       0       0       0       0       0       0       0       0       0       0       0       0       0
      Temps:          0       0       0       0       0       0       0       0       0       0       0       0       0       0
      Totals:         0       0       0       0       0       0       0       0       0       0       0       0       0       0
Total ram usage:        0 bytes
 Hardware stack levels used:    1
 This function calls:
		Nothing
 This function is called by:
		_myint
 This function uses a non-reentrant model


 *************** function _I2C_Interrupt *****************
 Defined at:
		line 75 in file "I2C.c"
 Parameters:    Size  Location     Type
		None
 Auto vars:     Size  Location     Type
  oErrorCode      1    4[COMMON] unsigned char 
 Return value:  Size  Location     Type
                  2    0[COMMON] int 
 Registers used:
		wreg, fsr1l, fsr1h, status,2, status,0
 Tracked objects:
		On entry : 
		On exit  : 
		Unchanged: 
 Data sizes:     COMMON   BANK0   BANK1   BANK2   BANK3   BANK4   BANK5   BANK6   BANK7   BANK8   BANK9  BANK10  BANK11  BANK12
      Params:         2       0       0       0       0       0       0       0       0       0       0       0       0       0
      Locals:         1       0       0       0       0       0       0       0       0       0       0       0       0       0
      Temps:          2       0       0       0       0       0       0       0       0       0       0       0       0       0
      Totals:         5       0       0       0       0       0       0       0       0       0       0       0       0       0
Total ram usage:        5 bytes
 Hardware stack levels used:    1
 This function calls:
		Nothing
 This function is called by:
		_myint
 This function uses a non-reentrant model



MODULE INFORMATION

Module		Function		Class		Link	Load	Size
GeneralFunction.c
		_AddTrace      		CODE           	0C19	0000	59

GeneralFunction.c estimated size: 59

C:\Program Files (x86)\Microchip\xc8\v2.00\pic\sources\c99\common\strcat.c
		_strcat        		CODE           	0A30	0000	26

C:\Program Files (x86)\Microchip\xc8\v2.00\pic\sources\c99\common\strcat.c estimated size: 26

C:\Program Files (x86)\Microchip\xc8\v2.00\pic\sources\c99\common\awmod.c
		___awmod       		CODE           	0D55	0000	95

C:\Program Files (x86)\Microchip\xc8\v2.00\pic\sources\c99\common\awmod.c estimated size: 95

161518_temp_main.c
		_Send_UART_Data		CODE           	0B02	0000	44
		_main          		CODE           	0120	0000	650
		_myint         		CODE           	0004	0000	174
		_Debounce      		CODE           	0CCB	0000	70
		_PrintLog      		CODE           	0B86	0000	47

161518_temp_main.c estimated size: 985

I2C.c
		_GetI2CStatus  		CODE           	09A7	0000	11
		_I2C_Interrupt 		CODE           	04E1	0000	295
		_GetNewReceivedData		CODE           	0A49	0000	36
		_I2C_SendData  		CODE           	0D10	0000	70
		_I2C_GetData   		CODE           	0BE3	0000	55
		_I2CInit       		CODE           	0A02	0000	23

I2C.c estimated size: 490

C:\Program Files (x86)\Microchip\xc8\v2.00\pic\sources\c99\common\strlen.c
		_strlen        		CODE           	0A6C	0000	37

C:\Program Files (x86)\Microchip\xc8\v2.00\pic\sources\c99\common\strlen.c estimated size: 37

EM1812.c
		_printEM1812   		CODE           	06D8	0000	177
		_EM1812EntryPoint		CODE           	03A9	0000	313
		_TempUpdateRequest		CODE           	09F5	0000	14

EM1812.c estimated size: 504

C:\Program Files (x86)\Microchip\xc8\v2.00\pic\sources\c99\common\strcpy.c
		_strcpy        		CODE           	0A90	0000	38

C:\Program Files (x86)\Microchip\xc8\v2.00\pic\sources\c99\common\strcpy.c estimated size: 38

C:\Program Files (x86)\Microchip\xc8\v2.00\pic\sources\c99\common\memset.c
		_memset        		CODE           	0607	0000	210

C:\Program Files (x86)\Microchip\xc8\v2.00\pic\sources\c99\common\memset.c estimated size: 210

C:\Program Files (x86)\Microchip\xc8\v2.00\pic\sources\c99\common\awdiv.c
		___awdiv       		CODE           	0788	0000	107

C:\Program Files (x86)\Microchip\xc8\v2.00\pic\sources\c99\common\awdiv.c estimated size: 107

shared
		i1_writeTxtChk 		CODE           	0ED9	0000	145
		i1_setCursorPosition		CODE           	0E13	0000	99
		i1_setData     		CODE           	0C53	0000	61
		__initialization		CODE           	00B3	0000	106
		i1_waitLCDBusy 		CODE           	0B2D	0000	45
		i1_SetToSendDataToLCD		CODE           	097A	0000	7
		i1_lcdWriteText		CODE           	0ADB	0000	40
		i1_SetToReadDataFromLCD		CODE           	0980	0000	7

shared estimated size: 510

C:\Program Files (x86)\Microchip\xc8\v2.00\pic\sources\c99\common\memcpy.c
		_memcpy        		CODE           	0BB4	0000	48

C:\Program Files (x86)\Microchip\xc8\v2.00\pic\sources\c99\common\memcpy.c estimated size: 48

LCD_hd44780u_qy_2004a.c
		_setCursorPosition		CODE           	0DB3	0000	97
		_writeTxtChk   		CODE           	0F69	0000	152
		_clearDisplay  		CODE           	0975	0000	6
		_writeInsChk   		CODE           	09B1	0000	12
		_writeInsNoChk 		CODE           	0A18	0000	25
		_SetToSendDataToLCD		CODE           	0986	0000	7
		_setData       		CODE           	0C8F	0000	61
		_moveCursorToHome		CODE           	099F	0000	9
		_lcdWriteText  		CODE           	0AB5	0000	39
		_setCursorOff  		CODE           	09C7	0000	12
		_SetToReadDataFromLCD		CODE           	098C	0000	7
		_waitLCDBusy   		CODE           	0B59	0000	46
		_powerOnLcd    		CODE           	09BC	0000	12
		_setNotBlinkingCursor		CODE           	09D2	0000	12
		_initLCD       		CODE           	0E75	0000	101

LCD_hd44780u_qy_2004a.c estimated size: 598

