Microchip MPLAB XC8 Compiler V2.00 ()

Linker command line:

-W-3 --edf=C:\Program Files (x86)\Microchip\xc8\v2.00\pic\dat\en_msgs.txt \
  -cs -h+dist/default/production\16F1518_Temp.X.production.sym \
  --cmf=dist/default/production\16F1518_Temp.X.production.cmf -z -Q16F1518 \
  -oC:\Users\dell\AppData\Local\Temp\sckc.2 --defsym=__MPLAB_BUILD=1 \
  -Mdist/default/production/16F1518_Temp.X.production.map -E1 -ver=XC8 \
  --acfsm=1493 -ASTACK=021BEh-02327h -pstack=STACK -ACODE=00h-07FFhx8 \
  -ASTRCODE=00h-03FFFh -ASTRING=00h-0FFhx64 -ACONST=00h-0FFhx64 \
  -AENTRY=00h-0FFhx64 -ACOMMON=070h-07Fh -ABANK0=020h-06Fh \
  -ABANK1=0A0h-0EFh -ABANK2=0120h-016Fh -ABANK3=01A0h-01EFh \
  -ABANK4=0220h-026Fh -ABANK5=02A0h-02EFh -ABANK6=0320h-036Fh \
  -ABANK7=03A0h-03EFh -ABANK8=0420h-046Fh -ABANK9=04A0h-04EFh \
  -ABANK10=0520h-056Fh -ABANK11=05A0h-05EFh -ABANK12=0620h-064Fh \
  -ABIGRAM=02000h-023EFh \
  -ARAM=020h-06Fh,0A0h-0EFh,0120h-016Fh,01A0h-01EFh,0220h-026Fh,02A0h-02EFh,0320h-036Fh,03A0h-03EFh,0420h-046Fh,04A0h-04EFh,0520h-056Fh,05A0h-05EFh,0620h-064Fh \
  -AABS1=020h-07Fh,0A0h-0EFh,0120h-016Fh,01A0h-01EFh,0220h-026Fh,02A0h-02EFh,0320h-036Fh,03A0h-03EFh,0420h-046Fh,04A0h-04EFh,0520h-056Fh,05A0h-05EFh,0620h-064Fh \
  -ASFR0=00h-01Fh -ASFR1=080h-09Fh -ASFR2=0100h-011Fh -ASFR3=0180h-019Fh \
  -ASFR4=0200h-021Fh -ASFR5=0280h-029Fh -ASFR6=0300h-031Fh \
  -ASFR7=0380h-039Fh -ASFR8=0400h-041Fh -ASFR9=0480h-049Fh \
  -ASFR10=0500h-051Fh -ASFR11=0580h-059Fh -ASFR12=0600h-061Fh \
  -ASFR13=0680h-06EFh -ASFR14=0700h-076Fh -ASFR15=0780h-07EFh \
  -ASFR16=0800h-086Fh -ASFR17=0880h-08EFh -ASFR18=0900h-096Fh \
  -ASFR19=0980h-09EFh -ASFR20=0A00h-0A6Fh -ASFR21=0A80h-0AEFh \
  -ASFR22=0B00h-0B6Fh -ASFR23=0B80h-0BEFh -ASFR24=0C00h-0C6Fh \
  -ASFR25=0C80h-0CEFh -ASFR26=0D00h-0D6Fh -ASFR27=0D80h-0DEFh \
  -ASFR28=0E00h-0E6Fh -ASFR29=0E80h-0EEFh -ASFR30=0F00h-0F6Fh \
  -ASFR31=0F80h-0FEFh -preset_vec=00h,intentry=04h,init,end_init \
  -ppowerup=CODE -pcinit=CODE -pfunctab=ENTRY -ACONFIG=08007h-08008h \
  -pconfig=CONFIG -DCONFIG=2 -AIDLOC=08000h-08003h -pidloc=IDLOC -DIDLOC=2 \
  -DCODE=2 -DSTRCODE=2 -DSTRING=2 -DCONST=2 -DENTRY=2 -k \
  C:\Users\dell\AppData\Local\Temp\sckc.o \
  dist/default/production\16F1518_Temp.X.production.o 

Object code version is 3.11

Machine type is 16F1518



                Name                               Link     Load   Length Selector   Space Scale
C:\Users\dell\AppData\Local\Temp\sckc.o
                end_init                             60       60        2        8       0
                reset_vec                             0        0        2        0       0
                config                             8007     8007        2    1000E       0
dist/default/production\16F1518_Temp.X.production.o
                cinit                                62       62       62        8       0
                intentry                              4        4       5C        8       0
                text45                              D98      D98       63     1B30       0
                text44                              512      512      126        8       0
                text43                              99F      99F        D     133E       0
                text42                              90C      90C        6     1218       0
                text41                              B84      B84       3C     1708       0
                text40                              912      912        6     1224       0
                text39                              A23      A23       29     1446       0
                text38                              D36      D36       62     1A6C       0
                text37                              EC9      EC9       98     1D92       0
                text36                              A4C      A4C       2A     1498       0
                text34                              A76      A76       2A     14EC       0
                text33                              9FF      9FF       24     13FE       0
                text32                              9AC      9AC       18     1358       0
                text31                              C41      C41       49     1882       0
                text30                              C8A      C8A       4C     1914       0
                text29                              947      947        A     128E       0
                text28                              B1F      B1F       2F     163E       0
                text27                              9DC      9DC       23     13B8       0
                text26                              B4E      B4E       36     169C       0
                text25                              BFC      BFC       45     17F8       0
                swtext1                             800      800        E     1000       0
                text24                              3E2      3E2      130        8       0
                text23                              92A      92A        7     1254       0
                text22                              931      931        7     1262       0
                text21                              938      938        7     1270       0
                text20                              918      918        6     1230       0
                text19                              BC0      BC0       3C     1780       0
                text18                              91E      91E        6     123C       0
                text17                              AA0      AA0       2A     1540       0
                text16                              CD6      CD6       60     19AC       0
                text15                              F61      F61       9F     1EC2       0
                text14                              ACA      ACA       2A     1594       0
                text13                              6EE      6EE       B4        8       0
                text12                              AF4      AF4       2B     15E8       0
                text11                              9C4      9C4       18     1388       0
                text10                              95B      95B        B     12B6       0
                text9                               907      907        5     120E       0
                text8                               DFB      DFB       64     1BF6       0
                text7                               93F      93F        8     127E       0
                text6                               966      966        B     12CC       0
                text5                               E5F      E5F       6A     1CBE       0
                text4                               7A2      7A2       5E        8       0
                text3                               638      638       B6        8       0
                text2                               971      971        B     12E2       0
                text1                               97C      97C        B     12F8       0
                maintext                             C4       C4      31E        8       0
                cstackBANK0                          20       20       25       20       1
                cstackCOMMON                         70       70        E       70       1
                cstackBANK1                          B7       B7        F       A0       1
                cstackBANK5                         2A0      2A0       2E      2A0       1
                clrtext                             987      987        C     130E       0
                inittext                            993      993        C     1326       0
                bssBANK4                            220      220       46      220       1
                bssBANK3                            1A0      1A0       4B      1A0       1
                bssBANK2                            120      120       3C      120       1
                dataBANK1                            C6       C6        A       A0       1
                bssBANK1                             A0       A0       17       A0       1
                dataBANK0                            5E       5E        6       20       1
                bssBANK0                             45       45       19       20       1
                stringtext34                       115F     115F        3     2000       0
                stringtext33                       115C     115C        3     2000       0
                stringtext32                       1158     1158        4     2000       0
                stringtext31                       1154     1154        4     2000       0
                stringtext30                       1150     1150        4     2000       0
                stringtext29                       114B     114B        5     2000       0
                stringtext28                       1146     1146        5     2000       0
                stringtext27                       1141     1141        5     2000       0
                stringtext26                       113C     113C        5     2000       0
                stringtext25                       1136     1136        6     2000       0
                stringtext24                       1130     1130        6     2000       0
                stringtext23                       1129     1129        7     2000       0
                stringtext22                       1121     1121        8     2000       0
                stringtext21                       1118     1118        9     2000       0
                stringtext20                       110F     110F        9     2000       0
                stringtext19                       1106     1106        9     2000       0
                stringtext18                       10FD     10FD        9     2000       0
                stringtext17                       10F3     10F3        A     2000       0
                stringtext16                       10E8     10E8        B     2000       0
                stringtext15                       10DC     10DC        C     2000       0
                stringtext14                       10CF     10CF        D     2000       0
                stringtext13                       10C1     10C1        E     2000       0
                stringtext12                       10B3     10B3        E     2000       0
                stringtext11                       10A5     10A5        E     2000       0
                stringtext10                       1097     1097        E     2000       0
                stringtext9                        1087     1087       10     2000       0
                stringtext8                        1077     1077       10     2000       0
                stringtext7                        1067     1067       10     2000       0
                stringtext6                        1056     1056       11     2000       0
                stringtext5                        1045     1045       11     2000       0
                stringtext4                        1034     1034       11     2000       0
                stringtext3                        1023     1023       11     2000       0
                stringtext2                        1012     1012       11     2000       0
                stringtext1                        1000     1000       12     2000       0
                idataBANK1                          951      951        A     12A2       0
                idataBANK0                          924      924        6     1248       0

TOTAL           Name                               Link     Load   Length     Space
        CLASS   STACK          

        CLASS   CODE           
                end_init                             60       60        2         0
                cinit                                62       62       62         0
                intentry                              4        4       5C         0
                reset_vec                             0        0        2         0
                text45                              D98      D98       63         0
                text44                              512      512      126         0
                text43                              99F      99F        D         0
                text42                              90C      90C        6         0
                text41                              B84      B84       3C         0
                text40                              912      912        6         0
                text39                              A23      A23       29         0
                text38                              D36      D36       62         0
                text37                              EC9      EC9       98         0
                text36                              A4C      A4C       2A         0
                text34                              A76      A76       2A         0
                text33                              9FF      9FF       24         0
                text32                              9AC      9AC       18         0
                text31                              C41      C41       49         0
                text30                              C8A      C8A       4C         0
                text29                              947      947        A         0
                text28                              B1F      B1F       2F         0
                text27                              9DC      9DC       23         0
                text26                              B4E      B4E       36         0
                text25                              BFC      BFC       45         0
                text24                              3E2      3E2      130         0
                text23                              92A      92A        7         0
                text22                              931      931        7         0
                text21                              938      938        7         0
                text20                              918      918        6         0
                text19                              BC0      BC0       3C         0
                text18                              91E      91E        6         0
                text17                              AA0      AA0       2A         0
                text16                              CD6      CD6       60         0
                text15                              F61      F61       9F         0
                text14                              ACA      ACA       2A         0
                text13                              6EE      6EE       B4         0
                text12                              AF4      AF4       2B         0
                text11                              9C4      9C4       18         0
                text10                              95B      95B        B         0
                text9                               907      907        5         0
                text8                               DFB      DFB       64         0
                text7                               93F      93F        8         0
                text6                               966      966        B         0
                text5                               E5F      E5F       6A         0
                text4                               7A2      7A2       5E         0
                text3                               638      638       B6         0
                text2                               971      971        B         0
                text1                               97C      97C        B         0
                maintext                             C4       C4      31E         0
                clrtext                             987      987        C         0
                inittext                            993      993        C         0
                idataBANK1                          951      951        A         0
                idataBANK0                          924      924        6         0

        CLASS   STRCODE        
                stringtext34                       115F     115F        3         0
                stringtext33                       115C     115C        3         0
                stringtext32                       1158     1158        4         0
                stringtext31                       1154     1154        4         0
                stringtext30                       1150     1150        4         0
                stringtext29                       114B     114B        5         0
                stringtext28                       1146     1146        5         0
                stringtext27                       1141     1141        5         0
                stringtext26                       113C     113C        5         0
                stringtext25                       1136     1136        6         0
                stringtext24                       1130     1130        6         0
                stringtext23                       1129     1129        7         0
                stringtext22                       1121     1121        8         0
                stringtext21                       1118     1118        9         0
                stringtext20                       110F     110F        9         0
                stringtext19                       1106     1106        9         0
                stringtext18                       10FD     10FD        9         0
                stringtext17                       10F3     10F3        A         0
                stringtext16                       10E8     10E8        B         0
                stringtext15                       10DC     10DC        C         0
                stringtext14                       10CF     10CF        D         0
                stringtext13                       10C1     10C1        E         0
                stringtext12                       10B3     10B3        E         0
                stringtext11                       10A5     10A5        E         0
                stringtext10                       1097     1097        E         0
                stringtext9                        1087     1087       10         0
                stringtext8                        1077     1077       10         0
                stringtext7                        1067     1067       10         0
                stringtext6                        1056     1056       11         0
                stringtext5                        1045     1045       11         0
                stringtext4                        1034     1034       11         0
                stringtext3                        1023     1023       11         0
                stringtext2                        1012     1012       11         0
                stringtext1                        1000     1000       12         0

        CLASS   STRING         

        CLASS   CONST          
                swtext1                             800      800        E         0

        CLASS   ENTRY          

        CLASS   COMMON         
                cstackCOMMON                         70       70        E         1

        CLASS   BANK0          
                cstackBANK0                          20       20       25         1
                dataBANK0                            5E       5E        6         1
                bssBANK0                             45       45       19         1

        CLASS   BANK1          
                cstackBANK1                          B7       B7        F         1
                dataBANK1                            C6       C6        A         1
                bssBANK1                             A0       A0       17         1

        CLASS   BANK2          
                bssBANK2                            120      120       3C         1

        CLASS   BANK3          
                bssBANK3                            1A0      1A0       4B         1

        CLASS   BANK4          
                bssBANK4                            220      220       46         1

        CLASS   BANK5          
                cstackBANK5                         2A0      2A0       2E         1

        CLASS   BANK6          

        CLASS   BANK7          

        CLASS   BANK8          

        CLASS   BANK9          

        CLASS   BANK10         

        CLASS   BANK11         

        CLASS   BANK12         

        CLASS   BIGRAM         

        CLASS   RAM            

        CLASS   ABS1           
                abs_s1                               7E       7E        2         1
                abs_s1                              528      528       48         1
                abs_s1                              5A0      5A0       50         1
                abs_s1                              620      620       30         1
                abs_s1                             2328     2328        0         1

        CLASS   SFR0           

        CLASS   SFR1           

        CLASS   SFR2           

        CLASS   SFR3           

        CLASS   SFR4           

        CLASS   SFR5           

        CLASS   SFR6           

        CLASS   SFR7           

        CLASS   SFR8           

        CLASS   SFR9           

        CLASS   SFR10          

        CLASS   SFR11          

        CLASS   SFR12          

        CLASS   SFR13          

        CLASS   SFR14          

        CLASS   SFR15          

        CLASS   SFR16          

        CLASS   SFR17          

        CLASS   SFR18          

        CLASS   SFR19          

        CLASS   SFR20          

        CLASS   SFR21          

        CLASS   SFR22          

        CLASS   SFR23          

        CLASS   SFR24          

        CLASS   SFR25          

        CLASS   SFR26          

        CLASS   SFR27          

        CLASS   SFR28          

        CLASS   SFR29          

        CLASS   SFR30          

        CLASS   SFR31          

        CLASS   CONFIG         
                config                             8007     8007        2         0

        CLASS   IDLOC          

        CLASS   BANK31         

        CLASS   BANK30         

        CLASS   BANK29         

        CLASS   BANK28         

        CLASS   BANK27         

        CLASS   BANK26         

        CLASS   BANK25         

        CLASS   BANK24         

        CLASS   BANK23         

        CLASS   BANK22         

        CLASS   BANK21         

        CLASS   BANK20         

        CLASS   BANK19         

        CLASS   BANK18         

        CLASS   BANK17         

        CLASS   BANK16         

        CLASS   BANK15         

        CLASS   BANK14         

        CLASS   BANK13         

        CLASS   EEDATA         



SEGMENTS        Name                           Load    Length   Top    Selector   Space  Class     Delta

                reset_vec                      000000  000002  000002         0       0  CODE        2
                intentry                       000004  0007FC  000800         8       0  CODE        2
                cstackBANK0                    000020  000044  000064        20       1  BANK0       1
                cstackCOMMON                   000070  00000E  00007E        70       1  COMMON      1
                bssBANK1                       0000A0  000030  0000D0        A0       1  BANK1       1
                bssBANK2                       000120  00003C  00015C       120       1  BANK2       1
                bssBANK3                       0001A0  00004B  0001EB       1A0       1  BANK3       1
                bssBANK4                       000220  000046  000266       220       1  BANK4       1
                cstackBANK5                    0002A0  00002E  0002CE       2A0       1  BANK5       1
                swtext1                        000800  00000E  00080E      1000       0  CONST       2
                text9                          000907  000005  00090C      120E       0  CODE        2
                text42                         00090C  000006  000912      1218       0  CODE        2
                text40                         000912  000006  000918      1224       0  CODE        2
                text20                         000918  000006  00091E      1230       0  CODE        2
                text18                         00091E  000006  000924      123C       0  CODE        2
                idataBANK0                     000924  000006  00092A      1248       0  CODE        2
                text23                         00092A  000007  000931      1254       0  CODE        2
                text22                         000931  000007  000938      1262       0  CODE        2
                text21                         000938  000007  00093F      1270       0  CODE        2
                text7                          00093F  000008  000947      127E       0  CODE        2
                text29                         000947  00000A  000951      128E       0  CODE        2
                idataBANK1                     000951  00000A  00095B      12A2       0  CODE        2
                text10                         00095B  00000B  000966      12B6       0  CODE        2
                text6                          000966  00000B  000971      12CC       0  CODE        2
                text2                          000971  00000B  00097C      12E2       0  CODE        2
                text1                          00097C  00000B  000987      12F8       0  CODE        2
                clrtext                        000987  00000C  000993      130E       0  CODE        2
                inittext                       000993  00000C  00099F      1326       0  CODE        2
                text43                         00099F  00000D  0009AC      133E       0  CODE        2
                text32                         0009AC  000018  0009C4      1358       0  CODE        2
                text11                         0009C4  000018  0009DC      1388       0  CODE        2
                text27                         0009DC  000023  0009FF      13B8       0  CODE        2
                text33                         0009FF  000024  000A23      13FE       0  CODE        2
                text39                         000A23  000029  000A4C      1446       0  CODE        2
                text36                         000A4C  00002A  000A76      1498       0  CODE        2
                text34                         000A76  00002A  000AA0      14EC       0  CODE        2
                text17                         000AA0  00002A  000ACA      1540       0  CODE        2
                text14                         000ACA  00002A  000AF4      1594       0  CODE        2
                text12                         000AF4  00002B  000B1F      15E8       0  CODE        2
                text28                         000B1F  00002F  000B4E      163E       0  CODE        2
                text26                         000B4E  000036  000B84      169C       0  CODE        2
                text41                         000B84  00003C  000BC0      1708       0  CODE        2
                text19                         000BC0  00003C  000BFC      1780       0  CODE        2
                text25                         000BFC  000045  000C41      17F8       0  CODE        2
                text31                         000C41  000049  000C8A      1882       0  CODE        2
                text30                         000C8A  00004C  000CD6      1914       0  CODE        2
                text16                         000CD6  000060  000D36      19AC       0  CODE        2
                text38                         000D36  000062  000D98      1A6C       0  CODE        2
                text45                         000D98  000063  000DFB      1B30       0  CODE        2
                text8                          000DFB  000064  000E5F      1BF6       0  CODE        2
                text5                          000E5F  00006A  000EC9      1CBE       0  CODE        2
                text37                         000EC9  000098  000F61      1D92       0  CODE        2
                text15                         000F61  00009F  001000      1EC2       0  CODE        2
                stringtext1                    001000  000162  001162      2000       0  STRCODE     2
                config                         008007  000002  008009     1000E       0  CONFIG      2


UNUSED ADDRESS RANGES

        Name                Unused          Largest block    Delta
        BANK0            00064-0006F               C           1
        BANK1            000D0-000EF              20           1
        BANK10           00520-00527               8           1
        BANK2            0015C-0016F              14           1
        BANK3            001EB-001EF               5           1
        BANK4            00266-0026F               A           1
        BANK5            002CE-002EF              22           1
        BANK6            00320-0036F              50           1
        BANK7            003A0-003EF              50           1
        BANK8            00420-0046F              50           1
        BANK9            004A0-004EF              50           1
        BIGRAM           02000-023EF             3F0           1
        CODE             00002-00003               2           2
                         0080E-00906              F9
                         01162-03FFF             800
        CONST            00002-00003               2           2
                         0080E-00906              F2
                         01162-03FFF             100
        ENTRY            00002-00003               2           2
                         0080E-00906              F2
                         01162-03FFF             100
        IDLOC            08000-08003               4           2
        RAM              00064-0006F               C           1
                         000D0-000EF              20
                         0015C-0016F              14
                         001EB-001EF               5
                         00266-0026F               A
                         002CE-002EF              22
                         00320-0036F              50
                         003A0-003EF              50
                         00420-0046F              50
                         004A0-004EF              50
                         00520-00527               8
        SFR0             00000-0001F              20           1
        SFR1             00080-0009F              20           1
        SFR10            00500-0051F              20           1
        SFR11            00580-0059F              20           1
        SFR12            00600-0061F              20           1
        SFR13            00680-006EF              70           1
        SFR14            00700-0076F              70           1
        SFR15            00780-007EF              70           1
        SFR16            00800-0086F              70           1
        SFR17            00880-008EF              70           1
        SFR18            00900-0096F              70           1
        SFR19            00980-009EF              70           1
        SFR2             00100-0011F              20           1
        SFR20            00A00-00A6F              70           1
        SFR21            00A80-00AEF              70           1
        SFR22            00B00-00B6F              70           1
        SFR23            00B80-00BEF              70           1
        SFR24            00C00-00C6F              70           1
        SFR25            00C80-00CEF              70           1
        SFR26            00D00-00D6F              70           1
        SFR27            00D80-00DEF              70           1
        SFR28            00E00-00E6F              70           1
        SFR29            00E80-00EEF              70           1
        SFR3             00180-0019F              20           1
        SFR30            00F00-00F6F              70           1
        SFR31            00F80-00FEF              70           1
        SFR4             00200-0021F              20           1
        SFR5             00280-0029F              20           1
        SFR6             00300-0031F              20           1
        SFR7             00380-0039F              20           1
        SFR8             00400-0041F              20           1
        SFR9             00480-0049F              20           1
        STACK            021BE-02327             16A           1
        STRCODE          00002-00003               2           2
                         0080E-00906              F9
                         01162-03FFF            2E9E
        STRING           00002-00003               2           2
                         0080E-00906              F2
                         01162-03FFF             100

                                  Symbol Table

?_EM1812EntryPoint                         cstackBANK0  0003D
?_EUSARTInterrupt                          cstackCOMMON 00070
?_GetI2CStatus                             cstackBANK0  0002C
?_I2C_GetData                              cstackBANK0  0002C
?_I2C_Interrupt                            cstackCOMMON 00070
?_I2C_SendData                             cstackBANK0  00038
?___awdiv                                  cstackBANK0  0002C
?___awmod                                  cstackBANK0  0002C
?_strlen                                   cstackBANK0  0002C
AddTrace@iSizeOfoText                      cstackBANK0  00042
AddTrace@iText                             cstackBANK0  00043
AddTrace@oText                             cstackBANK1  000BD
Debounce@iSwitch                           cstackBANK0  00030
Debounce@ioTimer                           cstackBANK0  0002C
Debounce@swPressed                         cstackBANK0  0002D
EM1812EntryPoint@F1960                     dataBANK1    000C6
EM1812EntryPoint@F1962                     bssBANK1     000A0
EM1812EntryPoint@ReceptionBuffer           cstackBANK1  000BB
EM1812EntryPoint@SetGetTempCommand         cstackBANK1  000B7
EM1812EntryPoint@oHumidity                 cstackBANK1  000C3
EM1812EntryPoint@oTemperature              cstackBANK0  0003D
EM1812EntryPoint@wTry                      bssBANK0     0004A
Esp8266Entrypoint@prevEusartNbByteReceived bssBANK0     00049
Esp8266Entrypoint@wCommandsize             bssBANK0     00047
Esp8266Entrypoint@wCounter                 bssBANK0     00048
GetNewReceivedData@oData                   cstackBANK0  0003B
GetNewReceivedData@oDataSize               cstackBANK0  00038
I2C_GetData@iAdress                        cstackBANK0  0002F
I2C_GetData@iRxNumberOfByteExpected        cstackBANK0  0002C
I2C_Interrupt@oErrorCode                   cstackCOMMON 00074
I2C_SendData@iData                         cstackBANK0  0003C
I2C_SendData@iNumberofByte                 cstackBANK0  00038
PrintLog@iText                             cstackBANK0  00041
PrintLog@wInterruptTextLen                 cstackBANK0  00040
_ANSELAbits                                (abs)        0018C
_ANSELB                                    (abs)        0018D
_ANSELCbits                                (abs)        0018E
_AddTrace                                  text31       00C41
_Debounce                                  text30       00C8A
_EM1812EntryPoint                          text24       003E2
_EUSARTInterrupt                           text45       00D98
_Esp8266OpenSocket                         text23       0092A
_Esp8266SetAccessPointMode                 text22       00931
_Esp8266SetupWifi                          text21       00938
_GetI2CStatus                              text29       00947
_GetNewReceivedData                        text27       009DC
_I2C_GetData                               text26       00B4E
_I2C_Interrupt                             text44       00512
_I2C_SendData                              text25       00BFC
_INTCONbits                                (abs)        0000B
_OPTION_REGbits                            (abs)        00095
_OSCCONbits                                (abs)        00099
_OSCSTATbits                               (abs)        0009A
_PIE1bits                                  (abs)        00091
_PIE2bits                                  (abs)        00092
_PIR1bits                                  (abs)        00011
_PIR2bits                                  (abs)        00012
_PORTA                                     (abs)        0000C
_PORTAbits                                 (abs)        0000C
_PORTB                                     (abs)        0000D
_PORTBbits                                 (abs)        0000D
_PORTCbits                                 (abs)        0000E
_PrintLog                                  text12       00AF4
_RCREG                                     (abs)        00199
_RCSTAbits                                 (abs)        0019D
_SPBRGH                                    (abs)        0019C
_SPBRGL                                    (abs)        0019B
_SSPADD                                    (abs)        00212
_SSPBUF                                    (abs)        00211
_SSPCON1bits                               (abs)        00215
_SSPCON2bits                               (abs)        00216
_SSPCON3bits                               (abs)        00217
_SSPSTATbits                               (abs)        00214
_SetToReadDataFromLCD                      text18       0091E
_SetToSendDataToLCD                        text20       00918
_T1CONbits                                 (abs)        00018
_TMR0                                      (abs)        00015
_TMR1H                                     (abs)        00017
_TMR1L                                     (abs)        00016
_TRISAbits                                 (abs)        0008C
_TRISB                                     (abs)        0008D
_TRISCbits                                 (abs)        0008E
_TXREG                                     (abs)        0019A
_TXSTAbits                                 (abs)        0019E
_TempUpdateRequest                         text43       0099F
_WPUB                                      (abs)        0020D
__CFG_BOREN$ON                             (abs)        00000
__CFG_BORV$LO                              (abs)        00000
__CFG_CLKOUTEN$ON                          (abs)        00000
__CFG_CP$OFF                               (abs)        00000
__CFG_FCMEN$OFF                            (abs)        00000
__CFG_FOSC$                                (abs)        00002
__CFG_IESO$OFF                             (abs)        00000
__CFG_LPBOR$OFF                            (abs)        00000
__CFG_LVP$OFF                              (abs)        00000
__CFG_MCLRE$OFF                            (abs)        00000
__CFG_PWRTE$ON                             (abs)        00000
__CFG_STVREN$OFF                           (abs)        00000
__CFG_VCAPEN$OFF                           (abs)        00000
__CFG_WDTE$OFF                             (abs)        00000
__CFG_WRT$OFF                              (abs)        00000
__Habs1                                    abs1         00000
__Hbank0                                   bank0        00000
__Hbank1                                   bank1        00000
__Hbank10                                  bank10       00000
__Hbank11                                  bank11       00000
__Hbank12                                  bank12       00000
__Hbank13                                  bank13       00000
__Hbank14                                  bank14       00000
__Hbank15                                  bank15       00000
__Hbank16                                  bank16       00000
__Hbank17                                  bank17       00000
__Hbank18                                  bank18       00000
__Hbank19                                  bank19       00000
__Hbank2                                   bank2        00000
__Hbank20                                  bank20       00000
__Hbank21                                  bank21       00000
__Hbank22                                  bank22       00000
__Hbank23                                  bank23       00000
__Hbank24                                  bank24       00000
__Hbank25                                  bank25       00000
__Hbank26                                  bank26       00000
__Hbank27                                  bank27       00000
__Hbank28                                  bank28       00000
__Hbank29                                  bank29       00000
__Hbank3                                   bank3        00000
__Hbank30                                  bank30       00000
__Hbank31                                  bank31       00000
__Hbank4                                   bank4        00000
__Hbank5                                   bank5        00000
__Hbank6                                   bank6        00000
__Hbank7                                   bank7        00000
__Hbank8                                   bank8        00000
__Hbank9                                   bank9        00000
__Hbigram                                  bigram       00000
__HbssBANK0                                bssBANK0     00000
__HbssBANK1                                bssBANK1     00000
__HbssBANK2                                bssBANK2     00000
__HbssBANK3                                bssBANK3     00000
__HbssBANK4                                bssBANK4     00000
__Hcinit                                   cinit        000C4
__Hclrtext                                 clrtext      00000
__Hcode                                    code         00000
__Hcommon                                  common       00000
__Hconfig                                  config       08009
__HcstackBANK0                             cstackBANK0  00000
__HcstackBANK1                             cstackBANK1  00000
__HcstackBANK5                             cstackBANK5  00000
__HcstackCOMMON                            cstackCOMMON 00000
__HdataBANK0                               dataBANK0    00000
__HdataBANK1                               dataBANK1    00000
__Heeprom_data                             eeprom_data  00000
__Hend_init                                end_init     00062
__Hfunctab                                 functab      00000
__HidataBANK0                              idataBANK0   00000
__HidataBANK1                              idataBANK1   00000
__Hidloc                                   idloc        00000
__Hinit                                    init         00060
__Hinittext                                inittext     00000
__Hintentry                                intentry     00060
__Hmaintext                                maintext     00000
__Hpowerup                                 powerup      00000
__Hram                                     ram          00000
__Hreset_vec                               reset_vec    00002
__Hsfr0                                    sfr0         00000
__Hsfr1                                    sfr1         00000
__Hsfr10                                   sfr10        00000
__Hsfr11                                   sfr11        00000
__Hsfr12                                   sfr12        00000
__Hsfr13                                   sfr13        00000
__Hsfr14                                   sfr14        00000
__Hsfr15                                   sfr15        00000
__Hsfr16                                   sfr16        00000
__Hsfr17                                   sfr17        00000
__Hsfr18                                   sfr18        00000
__Hsfr19                                   sfr19        00000
__Hsfr2                                    sfr2         00000
__Hsfr20                                   sfr20        00000
__Hsfr21                                   sfr21        00000
__Hsfr22                                   sfr22        00000
__Hsfr23                                   sfr23        00000
__Hsfr24                                   sfr24        00000
__Hsfr25                                   sfr25        00000
__Hsfr26                                   sfr26        00000
__Hsfr27                                   sfr27        00000
__Hsfr28                                   sfr28        00000
__Hsfr29                                   sfr29        00000
__Hsfr3                                    sfr3         00000
__Hsfr30                                   sfr30        00000
__Hsfr31                                   sfr31        00000
__Hsfr4                                    sfr4         00000
__Hsfr5                                    sfr5         00000
__Hsfr6                                    sfr6         00000
__Hsfr7                                    sfr7         00000
__Hsfr8                                    sfr8         00000
__Hsfr9                                    sfr9         00000
__Hspace_0                                 (abs)        08009
__Hspace_1                                 (abs)        002CE
__Hspace_2                                 (abs)        00000
__Hspace_3                                 (abs)        00000
__Hstack                                   stack        00000
__Hstrings                                 strings      00000
__Hstringtext1                             stringtext1  00000
__Hstringtext10                            stringtext10 00000
__Hstringtext11                            stringtext11 00000
__Hstringtext12                            stringtext12 00000
__Hstringtext13                            stringtext13 00000
__Hstringtext14                            stringtext14 00000
__Hstringtext15                            stringtext15 00000
__Hstringtext16                            stringtext16 00000
__Hstringtext17                            stringtext17 00000
__Hstringtext18                            stringtext18 00000
__Hstringtext19                            stringtext19 00000
__Hstringtext2                             stringtext2  00000
__Hstringtext20                            stringtext20 00000
__Hstringtext21                            stringtext21 00000
__Hstringtext22                            stringtext22 00000
__Hstringtext23                            stringtext23 00000
__Hstringtext24                            stringtext24 00000
__Hstringtext25                            stringtext25 00000
__Hstringtext26                            stringtext26 00000
__Hstringtext27                            stringtext27 00000
__Hstringtext28                            stringtext28 00000
__Hstringtext29                            stringtext29 00000
__Hstringtext3                             stringtext3  00000
__Hstringtext30                            stringtext30 00000
__Hstringtext31                            stringtext31 00000
__Hstringtext32                            stringtext32 00000
__Hstringtext33                            stringtext33 00000
__Hstringtext34                            stringtext34 00000
__Hstringtext35                            stringtext35 00000
__Hstringtext4                             stringtext4  00000
__Hstringtext5                             stringtext5  00000
__Hstringtext6                             stringtext6  00000
__Hstringtext7                             stringtext7  00000
__Hstringtext8                             stringtext8  00000
__Hstringtext9                             stringtext9  00000
__Htext                                    text         00000
__Labs1                                    abs1         00000
__Lbank0                                   bank0        00000
__Lbank1                                   bank1        00000
__Lbank10                                  bank10       00000
__Lbank11                                  bank11       00000
__Lbank12                                  bank12       00000
__Lbank13                                  bank13       00000
__Lbank14                                  bank14       00000
__Lbank15                                  bank15       00000
__Lbank16                                  bank16       00000
__Lbank17                                  bank17       00000
__Lbank18                                  bank18       00000
__Lbank19                                  bank19       00000
__Lbank2                                   bank2        00000
__Lbank20                                  bank20       00000
__Lbank21                                  bank21       00000
__Lbank22                                  bank22       00000
__Lbank23                                  bank23       00000
__Lbank24                                  bank24       00000
__Lbank25                                  bank25       00000
__Lbank26                                  bank26       00000
__Lbank27                                  bank27       00000
__Lbank28                                  bank28       00000
__Lbank29                                  bank29       00000
__Lbank3                                   bank3        00000
__Lbank30                                  bank30       00000
__Lbank31                                  bank31       00000
__Lbank4                                   bank4        00000
__Lbank5                                   bank5        00000
__Lbank6                                   bank6        00000
__Lbank7                                   bank7        00000
__Lbank8                                   bank8        00000
__Lbank9                                   bank9        00000
__Lbigram                                  bigram       00000
__LbssBANK0                                bssBANK0     00000
__LbssBANK1                                bssBANK1     00000
__LbssBANK2                                bssBANK2     00000
__LbssBANK3                                bssBANK3     00000
__LbssBANK4                                bssBANK4     00000
__Lcinit                                   cinit        00062
__Lclrtext                                 clrtext      00000
__Lcode                                    code         00000
__Lcommon                                  common       00000
__Lconfig                                  config       08007
__LcstackBANK0                             cstackBANK0  00000
__LcstackBANK1                             cstackBANK1  00000
__LcstackBANK5                             cstackBANK5  00000
__LcstackCOMMON                            cstackCOMMON 00000
__LdataBANK0                               dataBANK0    00000
__LdataBANK1                               dataBANK1    00000
__Leeprom_data                             eeprom_data  00000
__Lend_init                                end_init     00060
__Lfunctab                                 functab      00000
__LidataBANK0                              idataBANK0   00000
__LidataBANK1                              idataBANK1   00000
__Lidloc                                   idloc        00000
__Linit                                    init         00060
__Linittext                                inittext     00000
__Lintentry                                intentry     00004
__Lmaintext                                maintext     00000
__Lpowerup                                 powerup      00000
__Lram                                     ram          00000
__Lreset_vec                               reset_vec    00000
__Lsfr0                                    sfr0         00000
__Lsfr1                                    sfr1         00000
__Lsfr10                                   sfr10        00000
__Lsfr11                                   sfr11        00000
__Lsfr12                                   sfr12        00000
__Lsfr13                                   sfr13        00000
__Lsfr14                                   sfr14        00000
__Lsfr15                                   sfr15        00000
__Lsfr16                                   sfr16        00000
__Lsfr17                                   sfr17        00000
__Lsfr18                                   sfr18        00000
__Lsfr19                                   sfr19        00000
__Lsfr2                                    sfr2         00000
__Lsfr20                                   sfr20        00000
__Lsfr21                                   sfr21        00000
__Lsfr22                                   sfr22        00000
__Lsfr23                                   sfr23        00000
__Lsfr24                                   sfr24        00000
__Lsfr25                                   sfr25        00000
__Lsfr26                                   sfr26        00000
__Lsfr27                                   sfr27        00000
__Lsfr28                                   sfr28        00000
__Lsfr29                                   sfr29        00000
__Lsfr3                                    sfr3         00000
__Lsfr30                                   sfr30        00000
__Lsfr31                                   sfr31        00000
__Lsfr4                                    sfr4         00000
__Lsfr5                                    sfr5         00000
__Lsfr6                                    sfr6         00000
__Lsfr7                                    sfr7         00000
__Lsfr8                                    sfr8         00000
__Lsfr9                                    sfr9         00000
__Lspace_0                                 (abs)        00000
__Lspace_1                                 (abs)        00000
__Lspace_2                                 (abs)        00000
__Lspace_3                                 (abs)        00000
__Lstack                                   stack        00000
__Lstrings                                 strings      00000
__Lstringtext1                             stringtext1  00000
__Lstringtext10                            stringtext10 00000
__Lstringtext11                            stringtext11 00000
__Lstringtext12                            stringtext12 00000
__Lstringtext13                            stringtext13 00000
__Lstringtext14                            stringtext14 00000
__Lstringtext15                            stringtext15 00000
__Lstringtext16                            stringtext16 00000
__Lstringtext17                            stringtext17 00000
__Lstringtext18                            stringtext18 00000
__Lstringtext19                            stringtext19 00000
__Lstringtext2                             stringtext2  00000
__Lstringtext20                            stringtext20 00000
__Lstringtext21                            stringtext21 00000
__Lstringtext22                            stringtext22 00000
__Lstringtext23                            stringtext23 00000
__Lstringtext24                            stringtext24 00000
__Lstringtext25                            stringtext25 00000
__Lstringtext26                            stringtext26 00000
__Lstringtext27                            stringtext27 00000
__Lstringtext28                            stringtext28 00000
__Lstringtext29                            stringtext29 00000
__Lstringtext3                             stringtext3  00000
__Lstringtext30                            stringtext30 00000
__Lstringtext31                            stringtext31 00000
__Lstringtext32                            stringtext32 00000
__Lstringtext33                            stringtext33 00000
__Lstringtext34                            stringtext34 00000
__Lstringtext35                            stringtext35 00000
__Lstringtext4                             stringtext4  00000
__Lstringtext5                             stringtext5  00000
__Lstringtext6                             stringtext6  00000
__Lstringtext7                             stringtext7  00000
__Lstringtext8                             stringtext8  00000
__Lstringtext9                             stringtext9  00000
__Ltext                                    text         00000
__S0                                       (abs)        08009
__S1                                       (abs)        002CE
__S2                                       (abs)        00000
___awdiv                                   text5        00E5F
___awdiv@counter                           cstackBANK0  00031
___awdiv@dividend                          cstackBANK0  0002E
___awdiv@divisor                           cstackBANK0  0002C
___awdiv@quotient                          cstackBANK0  00033
___awdiv@sign                              cstackBANK0  00032
___awmod                                   text4        007A2
___awmod@counter                           cstackBANK0  00031
___awmod@dividend                          cstackBANK0  0002E
___awmod@divisor                           cstackBANK0  0002C
___awmod@sign                              cstackBANK0  00032
___int_sp                                  stack        00000
___latbits                                 (abs)        00003
___sp                                      stack        00000
__end_of_AddTrace                          text31       00C8A
__end_of_Debounce                          text30       00CD6
__end_of_EM1812EntryPoint                  text24       00512
__end_of_EUSARTInterrupt                   text45       00DFB
__end_of_Esp8266OpenSocket                 text23       00931
__end_of_Esp8266SetAccessPointMode         text22       00938
__end_of_Esp8266SetupWifi                  text21       0093F
__end_of_GetI2CStatus                      text29       00951
__end_of_GetNewReceivedData                text27       009FF
__end_of_I2C_GetData                       text26       00B84
__end_of_I2C_Interrupt                     text44       00638
__end_of_I2C_SendData                      text25       00C41
__end_of_PrintLog                          text12       00B1F
__end_of_SetToReadDataFromLCD              text18       00924
__end_of_SetToSendDataToLCD                text20       0091E
__end_of_TempUpdateRequest                 text43       009AC
__end_of___awdiv                           text5        00EC9
__end_of___awmod                           text4        00800
__end_of__initialization                   cinit        000C0
__end_of_clearDisplay                      text9        0090C
__end_of_initLCD                           text8        00E5F
__end_of_lcdWriteText                      text14       00AF4
__end_of_main                              maintext     003E2
__end_of_memcpy                            text28       00B4E
__end_of_memset                            text13       007A2
__end_of_moveCursorToHome                  text7        00947
__end_of_myint                             intentry     00060
__end_of_powerOnLcd                        text6        00971
__end_of_printEM1812                       text3        006EE
__end_of_setCursorOff                      text2        0097C
__end_of_setCursorPosition                 text16       00D36
__end_of_setData                           text19       00BFC
__end_of_setNotBlinkingCursor              text1        00987
__end_of_strcat                            text32       009C4
__end_of_strcpy                            text34       00AA0
__end_of_strlen                            text33       00A23
__end_of_waitLCDBusy                       text17       00ACA
__end_of_writeInsChk                       text10       00966
__end_of_writeInsNoChk                     text11       009DC
__end_of_writeTxtChk                       text15       01000
__end_ofi1_SetToReadDataFromLCD            text40       00918
__end_ofi1_SetToSendDataToLCD              text42       00912
__end_ofi1_lcdWriteText                    text36       00A76
__end_ofi1_setCursorPosition               text38       00D98
__end_ofi1_setData                         text41       00BC0
__end_ofi1_waitLCDBusy                     text39       00A4C
__end_ofi1_writeTxtChk                     text37       00F61
__initialization                           cinit        00062
__pbssBANK0                                bssBANK0     00045
__pbssBANK1                                bssBANK1     000A0
__pbssBANK2                                bssBANK2     00120
__pbssBANK3                                bssBANK3     001A0
__pbssBANK4                                bssBANK4     00220
__pbssBIGRAM                               (abs)        02328
__pcstackBANK0                             cstackBANK0  00020
__pcstackBANK1                             cstackBANK1  000B7
__pcstackBANK5                             cstackBANK5  002A0
__pcstackCOMMON                            cstackCOMMON 00070
__pdataBANK0                               dataBANK0    0005E
__pdataBANK1                               dataBANK1    000C6
__pidataBANK0                              idataBANK0   00924
__pidataBANK1                              idataBANK1   00951
__pintentry                                intentry     00004
__pmaintext                                maintext     000C4
__pstringtext1                             stringtext1  01000
__pstringtext10                            stringtext10 01097
__pstringtext11                            stringtext11 010A5
__pstringtext12                            stringtext12 010B3
__pstringtext13                            stringtext13 010C1
__pstringtext14                            stringtext14 010CF
__pstringtext15                            stringtext15 010DC
__pstringtext16                            stringtext16 010E8
__pstringtext17                            stringtext17 010F3
__pstringtext18                            stringtext18 010FD
__pstringtext19                            stringtext19 01106
__pstringtext2                             stringtext2  01012
__pstringtext20                            stringtext20 0110F
__pstringtext21                            stringtext21 01118
__pstringtext22                            stringtext22 01121
__pstringtext23                            stringtext23 01129
__pstringtext24                            stringtext24 01130
__pstringtext25                            stringtext25 01136
__pstringtext26                            stringtext26 0113C
__pstringtext27                            stringtext27 01141
__pstringtext28                            stringtext28 01146
__pstringtext29                            stringtext29 0114B
__pstringtext3                             stringtext3  01023
__pstringtext30                            stringtext30 01150
__pstringtext31                            stringtext31 01154
__pstringtext32                            stringtext32 01158
__pstringtext33                            stringtext33 0115C
__pstringtext34                            stringtext34 0115F
__pstringtext35                            stringtext35 00000
__pstringtext4                             stringtext4  01034
__pstringtext5                             stringtext5  01045
__pstringtext6                             stringtext6  01056
__pstringtext7                             stringtext7  01067
__pstringtext8                             stringtext8  01077
__pstringtext9                             stringtext9  01087
__pswtext1                                 swtext1      00800
__ptext1                                   text1        0097C
__ptext10                                  text10       0095B
__ptext11                                  text11       009C4
__ptext12                                  text12       00AF4
__ptext13                                  text13       006EE
__ptext14                                  text14       00ACA
__ptext15                                  text15       00F61
__ptext16                                  text16       00CD6
__ptext17                                  text17       00AA0
__ptext18                                  text18       0091E
__ptext19                                  text19       00BC0
__ptext2                                   text2        00971
__ptext20                                  text20       00918
__ptext21                                  text21       00938
__ptext22                                  text22       00931
__ptext23                                  text23       0092A
__ptext24                                  text24       003E2
__ptext25                                  text25       00BFC
__ptext26                                  text26       00B4E
__ptext27                                  text27       009DC
__ptext28                                  text28       00B1F
__ptext29                                  text29       00947
__ptext3                                   text3        00638
__ptext30                                  text30       00C8A
__ptext31                                  text31       00C41
__ptext32                                  text32       009AC
__ptext33                                  text33       009FF
__ptext34                                  text34       00A76
__ptext36                                  text36       00A4C
__ptext37                                  text37       00EC9
__ptext38                                  text38       00D36
__ptext39                                  text39       00A23
__ptext4                                   text4        007A2
__ptext40                                  text40       00912
__ptext41                                  text41       00B84
__ptext42                                  text42       0090C
__ptext43                                  text43       0099F
__ptext44                                  text44       00512
__ptext45                                  text45       00D98
__ptext5                                   text5        00E5F
__ptext6                                   text6        00966
__ptext7                                   text7        0093F
__ptext8                                   text8        00DFB
__ptext9                                   text9        00907
__size_of_AddTrace                         (abs)        00000
__size_of_Debounce                         (abs)        00000
__size_of_EM1812EntryPoint                 (abs)        00000
__size_of_EUSARTInterrupt                  (abs)        00000
__size_of_Esp8266OpenSocket                (abs)        00000
__size_of_Esp8266SetAccessPointMode        (abs)        00000
__size_of_Esp8266SetupWifi                 (abs)        00000
__size_of_GetI2CStatus                     (abs)        00000
__size_of_GetNewReceivedData               (abs)        00000
__size_of_I2C_GetData                      (abs)        00000
__size_of_I2C_Interrupt                    (abs)        00000
__size_of_I2C_SendData                     (abs)        00000
__size_of_PrintLog                         (abs)        00000
__size_of_SetToReadDataFromLCD             (abs)        00000
__size_of_SetToSendDataToLCD               (abs)        00000
__size_of_TempUpdateRequest                (abs)        00000
__size_of___awdiv                          (abs)        00000
__size_of___awmod                          (abs)        00000
__size_of_clearDisplay                     (abs)        00000
__size_of_initLCD                          (abs)        00000
__size_of_lcdWriteText                     (abs)        00000
__size_of_main                             (abs)        00000
__size_of_memcpy                           (abs)        00000
__size_of_memset                           (abs)        00000
__size_of_moveCursorToHome                 (abs)        00000
__size_of_myint                            (abs)        00000
__size_of_powerOnLcd                       (abs)        00000
__size_of_printEM1812                      (abs)        00000
__size_of_setCursorOff                     (abs)        00000
__size_of_setCursorPosition                (abs)        00000
__size_of_setData                          (abs)        00000
__size_of_setNotBlinkingCursor             (abs)        00000
__size_of_strcat                           (abs)        00000
__size_of_strcpy                           (abs)        00000
__size_of_strlen                           (abs)        00000
__size_of_waitLCDBusy                      (abs)        00000
__size_of_writeInsChk                      (abs)        00000
__size_of_writeInsNoChk                    (abs)        00000
__size_of_writeTxtChk                      (abs)        00000
__size_ofi1_SetToReadDataFromLCD           (abs)        00000
__size_ofi1_SetToSendDataToLCD             (abs)        00000
__size_ofi1_lcdWriteText                   (abs)        00000
__size_ofi1_setCursorPosition              (abs)        00000
__size_ofi1_setData                        (abs)        00000
__size_ofi1_waitLCDBusy                    (abs)        00000
__size_ofi1_writeTxtChk                    (abs)        00000
_clearDisplay                              text9        00907
_gESPCommand                               dataBANK0    0005F
_gEUSARTError                              bssBANK0     0004F
_gErrorCode                                bssBANK1     000B1
_gEsp8266Echo                              dataBANK0    0005E
_gEsp8266State                             dataBANK0    00060
_gEspRxBufferPtr                           bssBANK0     00045
_gEspRxBufferReadingPosition               bssBANK0     0004C
_gEspRxBufferSize                          bssBANK0     0004D
_gEusartRXBuffer                           (abs)        02328
_gEusartRXBufferWritePtr                   bssBANK0     00051
_gEusartTXBuffer                           bssBANK4     00220
_gTxReadingPosition                        bssBANK0     00050
_gTxTransmitSize                           bssBANK0     0004E
_initLCD                                   text8        00DFB
_lcdWriteText                              text14       00ACA
_mCursorDisplayShiftReg                    bssBANK0     0005C
_mDisplayOnOffReg                          bssBANK0     0005D
_mWritingPosition                          bssBANK0     0005B
_main                                      maintext     000C4
_memcpy                                    text28       00B1F
_memset                                    text13       006EE
_moveCursorToHome                          text7        0093F
_myint                                     intentry     00004
_powerOnLcd                                text6        00966
_printEM1812                               text3        00638
_setCursorOff                              text2        00971
_setCursorPosition                         text16       00CD6
_setData                                   text19       00BC0
_setNotBlinkingCursor                      text1        0097C
_strcat                                    text32       009AC
_strcpy                                    text34       00A76
_strlen                                    text33       009FF
_wHumidity                                 bssBANK1     000B5
_wI2CCommandState                          dataBANK0    00063
_wI2CRxBuffer                              bssBANK2     00134
_wI2CRxBufferSize                          dataBANK0    00061
_wI2CRxNbOfByteToReceived                  bssBANK0     00054
_wI2CTxBuffer                              bssBANK2     00148
_wI2CTxBufferSize                          dataBANK0    00062
_wI2CTxNbOfByteToSend                      bssBANK0     00055
_wI2CTxSendPos                             bssBANK0     00052
_wInterruptText                            bssBANK3     001A0
_wNewI2CReception                          bssBANK0     00053
_wReceptionBufferPosition                  bssBANK0     00058
_wTempSet                                  dataBANK1    000CE
_wTempState                                bssBANK0     0005A
_wTemperature                              bssBANK1     000B3
_wTimer0Counter                            bssBANK0     00059
_wTimer1IntCounter                         bssBANK0     0004B
_waitLCDBusy                               text17       00AA0
_writeInsChk                               text10       0095B
_writeInsNoChk                             text11       009C4
_writeTxtChk                               text15       00F61
btemp                                      (abs)        0007E
clear_ram0                                 clrtext      00987
end_of_initialization                      cinit        000C0
i1_SetToReadDataFromLCD                    text40       00912
i1_SetToSendDataToLCD                      text42       0090C
i1_lcdWriteText                            text36       00A4C
i1_setCursorPosition                       text38       00D36
i1_setData                                 text41       00B84
i1_waitLCDBusy                             text39       00A23
i1_writeTxtChk                             text37       00EC9
i1lcdWriteText@iText                       cstackCOMMON 0007C
i1lcdWriteText@wCharReadingPos             cstackBANK0  00023
i1setCursorPosition@iLine                  cstackCOMMON 00077
i1setCursorPosition@iPosition              cstackCOMMON 00074
i1setCursorPosition@wLCDIndex              cstackCOMMON 00078
i1setData@iValue                           cstackCOMMON 00072
i1waitLCDBusy@busyFlag                     cstackCOMMON 00072
i1writeTxtChk@iOpCode                      cstackCOMMON 0007B
init_ram                                   inittext     00993
int$flags                                  (abs)        0007E
intlevel0                                  functab      00000
intlevel1                                  functab      00000
intlevel2                                  functab      00000
intlevel3                                  functab      00000
intlevel4                                  functab      00000
intlevel5                                  functab      00000
lcdWriteText@iText                         cstackBANK0  00038
lcdWriteText@wCharReadingPos               cstackBANK0  0003D
main@F2379                                 dataBANK1    000CA
main@wConv                                 cstackBANK5  002A0
main@wCounter                              cstackBANK5  002A4
main@wDebounceDown                         cstackBANK5  002C8
main@wDebounceEnter                        cstackBANK5  002C4
main@wDebounceUp                           cstackBANK5  002C6
main@wDownBottonPressed                    cstackBANK5  002CB
main@wEditingMode                          cstackBANK5  002BE
main@wEnterBottonPressed                   cstackBANK5  002CC
main@wHumidityPrev                         cstackBANK5  002BF
main@wIterationCounter                     cstackBANK5  002BC
main@wMenu                                 cstackBANK5  002CD
main@wReadout                              cstackBANK5  002A8
main@wTemp                                 cstackBANK5  002A6
main@wTemperaturePrev                      cstackBANK5  002C1
main@wUpBottonPressed                      cstackBANK5  002CA
main@wUpdateMenu                           cstackBANK5  002C3
memcpy@d                                   cstackBANK0  00034
memcpy@d1                                  cstackBANK0  0002C
memcpy@n                                   cstackBANK0  00030
memcpy@s                                   cstackBANK0  00036
memcpy@s1                                  cstackBANK0  0002E
memcpy@tmp                                 cstackBANK0  00033
memset@c                                   cstackBANK0  0002C
memset@dest                                cstackBANK0  00034
memset@k                                   cstackBANK0  00032
memset@n                                   cstackBANK0  0002E
memset@s                                   cstackBANK0  00035
myint@wEUSARTError                         cstackBANK0  00025
myint@wI2CError                            cstackBANK0  0002A
myint@wText                                cstackBANK0  00027
printEM1812@oTextOut                       cstackBANK0  00037
printEM1812@wDecimal                       cstackBANK0  0003B
printEM1812@wIsNegative                    cstackBANK0  0003C
printEM1812@wTen                           cstackBANK0  0003D
printEM1812@wUnity                         cstackBANK0  0003A
printEM1812@wVariable                      cstackBANK0  00035
printEM1812@wWritingPosition               cstackBANK0  0003E
reset_vec                                  reset_vec    00000
setCursorPosition@iLine                    cstackBANK0  00033
setCursorPosition@iPosition                cstackBANK0  00030
setCursorPosition@wLCDIndex                cstackBANK0  00034
setData@iValue                             cstackBANK0  0002E
stackhi                                    (abs)        02327
stacklo                                    (abs)        021BE
start                                      init         00060
start_initialization                       cinit        00062
strcat@dest                                cstackBANK0  0003E
strcat@src                                 cstackBANK0  00040
strcpy@d                                   cstackBANK0  0003C
strcpy@dest                                cstackBANK0  00032
strcpy@s                                   cstackBANK0  0003A
strcpy@src                                 cstackBANK0  00034
strlen@a                                   cstackBANK0  00030
strlen@s                                   cstackBANK0  0002C
uint16_tToa@F1884                          bssBANK1     000A8
waitLCDBusy@busyFlag                       cstackBANK0  0002E
writeInsChk@iOpCode                        cstackBANK0  00031
writeInsNoChk@iOpCode                      cstackBANK0  00030
writeTxtChk@iOpCode                        cstackBANK0  00037
wtemp0                                     (abs)        0007E


FUNCTION INFORMATION:

 *************** function _main *****************
 Defined at:
		line 113 in file "161518_temp_main.c"
 Parameters:    Size  Location     Type
		None
 Auto vars:     Size  Location     Type
  wReadout       20    8[BANK5 ] unsigned char [20]
  wConv           4    0[BANK5 ] unsigned char [4]
  wDebounceDow    2   40[BANK5 ] unsigned short 
  wDebounceUp     2   38[BANK5 ] unsigned short 
  wDebounceEnt    2   36[BANK5 ] unsigned short 
  wTemperature    2   33[BANK5 ] short 
  wHumidityPre    2   31[BANK5 ] short 
  wIterationCo    2   28[BANK5 ] unsigned short 
  wTemp           2    6[BANK5 ] int 
  wCounter        2    4[BANK5 ] int 
  wMenu           1   45[BANK5 ] unsigned char 
  wEnterBotton    1   44[BANK5 ] unsigned char 
  wDownBottonP    1   43[BANK5 ] unsigned char 
  wUpBottonPre    1   42[BANK5 ] unsigned char 
  wUpdateMenu     1   35[BANK5 ] unsigned char 
  wEditingMode    1   30[BANK5 ] unsigned char 
 Return value:  Size  Location     Type
                  1    wreg      void 
 Registers used:
		wreg, fsr0l, fsr0h, fsr1l, fsr1h, status,2, status,0, pclath, cstack
 Tracked objects:
		On entry : 
		On exit  : 
		Unchanged: 
 Data sizes:     COMMON   BANK0   BANK1   BANK2   BANK3   BANK4   BANK5   BANK6   BANK7   BANK8   BANK9  BANK10  BANK11  BANK12
      Params:         0       0       0       0       0       0       0       0       0       0       0       0       0       0
      Locals:         0       0       0       0       0       0      46       0       0       0       0       0       0       0
[...]
                  2   18[BANK0 ] PTR unsigned char 
 Registers used:
		wreg, fsr0l, fsr0h, fsr1l, fsr1h, pclath
 Tracked objects:
		On entry : 
		On exit  : 
		Unchanged: 
 Data sizes:     COMMON   BANK0   BANK1   BANK2   BANK3   BANK4   BANK5   BANK6   BANK7   BANK8   BANK9  BANK10  BANK11  BANK12
      Params:         0       4       0       0       0       0       0       0       0       0       0       0       0       0
      Locals:         0       4       0       0       0       0       0       0       0       0       0       0       0       0
      Temps:          0       4       0       0       0       0       0       0       0       0       0       0       0       0
      Totals:         0      12       0       0       0       0       0       0       0       0       0       0       0       0
Total ram usage:       12 bytes
 Hardware stack levels used:    1
 Hardware stack levels required when called:    6
 This function calls:
		Nothing
 This function is called by:
		_strcat
		_Esp8266OpenSocketCommand
		_Esp8266SetNetworkParameters
 This function uses a non-reentrant model


 *************** function _myint *****************
 Defined at:
		line 362 in file "161518_temp_main.c"
 Parameters:    Size  Location     Type
		None
 Auto vars:     Size  Location     Type
  wText           3    7[BANK0 ] unsigned char [3]
  wI2CError       2   10[BANK0 ] int 
  wEUSARTError    2    5[BANK0 ] int 
 Return value:  Size  Location     Type
                  1    wreg      void 
 Registers used:
		wreg, fsr0l, fsr0h, fsr1l, fsr1h, status,2, status,0, pclath, cstack
 Tracked objects:
		On entry : 
		On exit  : 
		Unchanged: 
 Data sizes:     COMMON   BANK0   BANK1   BANK2   BANK3   BANK4   BANK5   BANK6   BANK7   BANK8   BANK9  BANK10  BANK11  BANK12
      Params:         0       0       0       0       0       0       0       0       0       0       0       0       0       0
      Locals:         0       7       0       0       0       0       0       0       0       0       0       0       0       0
      Temps:          0       1       0       0       0       0       0       0       0       0       0       0       0       0
      Totals:         0       8       0       0       0       0       0       0       0       0       0       0       0       0
Total ram usage:        8 bytes
 Hardware stack levels used:    1
 Hardware stack levels required when called:    5
 This function calls:
		_EUSARTInterrupt
		_I2C_Interrupt
		_TempUpdateRequest
		i1_lcdWriteText
 This function is called by:
		Interrupt level 1
 This function uses a non-reentrant model


 *************** function i1_lcdWriteText *****************
 Defined at:
		line 63 in file "LCD_hd44780u_qy_2004a.c"
 Parameters:    Size  Location     Type
  iText           2   12[COMMON] PTR unsigned char 
		 -> Esp8266Entrypoint@wText(3), Esp8266Entrypoint@wReturnNumber(4), STR_39(4), STR_36(10), 
		 -> STR_34(4), STR_10(14), NULL(0), myint@wText(3), 
		 -> STR_7(16), STR_6(17), STR_5(17), STR_4(17), 
		 -> STR_3(16), main@wReadout(20), STR_2(17), STR_1(16), 
		 -> wInterruptText(75), 
 Auto vars:     Size  Location     Type
  lcdWriteText    1    3[BANK0 ] unsigned char 
 Return value:  Size  Location     Type
                  1    wreg      void 
 Registers used:
		wreg, fsr0l, fsr0h, status,2, status,0, pclath, cstack
 Tracked objects:
		On entry : 
		On exit  : 
		Unchanged: 
 Data sizes:     COMMON   BANK0   BANK1   BANK2   BANK3   BANK4   BANK5   BANK6   BANK7   BANK8   BANK9  BANK10  BANK11  BANK12
      Params:         2       0       0       0       0       0       0       0       0       0       0       0       0       0
      Locals:         0       1       0       0       0       0       0       0       0       0       0       0       0       0
      Temps:          0       3       0       0       0       0       0       0       0       0       0       0       0       0
      Totals:         2       4       0       0       0       0       0       0       0       0       0       0       0       0
Total ram usage:        6 bytes
 Hardware stack levels used:    1
 Hardware stack levels required when called:    4
 This function calls:
		i1_writeTxtChk
 This function is called by:
		_myint
 This function uses a non-reentrant model


 *************** function i1_writeTxtChk *****************
 Defined at:
		line 154 in file "LCD_hd44780u_qy_2004a.c"
 Parameters:    Size  Location     Type
  iOpCode         1    wreg     unsigned char 
 Auto vars:     Size  Location     Type
  iOpCode         1   11[COMMON] unsigned char 
 Return value:  Size  Location     Type
                  1    wreg      void 
 Registers used:
		wreg, fsr0l, fsr0h, status,2, status,0, pclath, cstack
 Tracked objects:
		On entry : 
		On exit  : 
		Unchanged: 
 Data sizes:     COMMON   BANK0   BANK1   BANK2   BANK3   BANK4   BANK5   BANK6   BANK7   BANK8   BANK9  BANK10  BANK11  BANK12
      Params:         0       0       0       0       0       0       0       0       0       0       0       0       0       0
      Locals:         1       0       0       0       0       0       0       0       0       0       0       0       0       0
      Temps:          2       0       0       0       0       0       0       0       0       0       0       0       0       0
      Totals:         3       0       0       0       0       0       0       0       0       0       0       0       0       0
Total ram usage:        3 bytes
 Hardware stack levels used:    1
 Hardware stack levels required when called:    3
 This function calls:
		i1_SetToSendDataToLCD
		i1_setCursorPosition
		i1_setData
		i1_waitLCDBusy
 This function is called by:
		i1_lcdWriteText
 This function uses a non-reentrant model


 *************** function i1_setCursorPosition *****************
 Defined at:
		line 333 in file "LCD_hd44780u_qy_2004a.c"
 Parameters:    Size  Location     Type
  iLine           1    wreg     unsigned char 
  iPosition       1    4[COMMON] unsigned char 
 Auto vars:     Size  Location     Type
  iLine           1    7[COMMON] unsigned char 
  setCursorPos    1    8[COMMON] unsigned char 
 Return value:  Size  Location     Type
                  1    wreg      void 
 Registers used:
		wreg, fsr0l, fsr0h, status,2, status,0, pclath, cstack
 Tracked objects:
		On entry : 
		On exit  : 
		Unchanged: 
 Data sizes:     COMMON   BANK0   BANK1   BANK2   BANK3   BANK4   BANK5   BANK6   BANK7   BANK8   BANK9  BANK10  BANK11  BANK12
      Params:         1       0       0       0       0       0       0       0       0       0       0       0       0       0
      Locals:         2       0       0       0       0       0       0       0       0       0       0       0       0       0
      Temps:          2       0       0       0       0       0       0       0       0       0       0       0       0       0
      Totals:         5       0       0       0       0       0       0       0       0       0       0       0       0       0
Total ram usage:        5 bytes
 Hardware stack levels used:    1
 Hardware stack levels required when called:    2
 This function calls:
		i1_SetToSendDataToLCD
		i1_setData
		i1_waitLCDBusy
 This function is called by:
		i1_writeTxtChk
 This function uses a non-reentrant model


 *************** function i1_waitLCDBusy *****************
 Defined at:
		line 241 in file "LCD_hd44780u_qy_2004a.c"
 Parameters:    Size  Location     Type
		None
 Auto vars:     Size  Location     Type
  waitLCDBusy     2    2[COMMON] int 
 Return value:  Size  Location     Type
                  1    wreg      void 
 Registers used:
		wreg, status,2, status,0, pclath, cstack
 Tracked objects:
		On entry : 
		On exit  : 
		Unchanged: 
 Data sizes:     COMMON   BANK0   BANK1   BANK2   BANK3   BANK4   BANK5   BANK6   BANK7   BANK8   BANK9  BANK10  BANK11  BANK12
      Params:         0       0       0       0       0       0       0       0       0       0       0       0       0       0
      Locals:         2       0       0       0       0       0       0       0       0       0       0       0       0       0
      Temps:          2       0       0       0       0       0       0       0       0       0       0       0       0       0
      Totals:         4       0       0       0       0       0       0       0       0       0       0       0       0       0
Total ram usage:        4 bytes
 Hardware stack levels used:    1
 Hardware stack levels required when called:    1
 This function calls:
		i1_SetToReadDataFromLCD
 This function is called by:
		i1_writeTxtChk
		i1_setCursorPosition
 This function uses a non-reentrant model


 *************** function i1_SetToReadDataFromLCD *****************
 Defined at:
		line 226 in file "LCD_hd44780u_qy_2004a.c"
 Parameters:    Size  Location     Type
		None
 Auto vars:     Size  Location     Type
		None
 Return value:  Size  Location     Type
                  1    wreg      void 
 Registers used:
		None
 Tracked objects:
		On entry : 
		On exit  : 
		Unchanged: 
 Data sizes:     COMMON   BANK0   BANK1   BANK2   BANK3   BANK4   BANK5   BANK6   BANK7   BANK8   BANK9  BANK10  BANK11  BANK12
      Params:         0       0       0       0       0       0       0       0       0       0       0       0       0       0
      Locals:         0       0       0       0       0       0       0       0       0       0       0       0       0       0
      Temps:          0       0       0       0       0       0       0       0       0       0       0       0       0       0
      Totals:         0       0       0       0       0       0       0       0       0       0       0       0       0       0
Total ram usage:        0 bytes
 Hardware stack levels used:    1
 This function calls:
		Nothing
 This function is called by:
		i1_waitLCDBusy
 This function uses a non-reentrant model


 *************** function i1_setData *****************
 Defined at:
		line 142 in file "LCD_hd44780u_qy_2004a.c"
 Parameters:    Size  Location     Type
  iValue          1    wreg     unsigned char 
 Auto vars:     Size  Location     Type
  iValue          1    2[COMMON] unsigned char 
 Return value:  Size  Location     Type
                  1    wreg      void 
 Registers used:
		wreg, status,2, status,0
 Tracked objects:
		On entry : 
		On exit  : 
		Unchanged: 
 Data sizes:     COMMON   BANK0   BANK1   BANK2   BANK3   BANK4   BANK5   BANK6   BANK7   BANK8   BANK9  BANK10  BANK11  BANK12
      Params:         0       0       0       0       0       0       0       0       0       0       0       0       0       0
      Locals:         1       0       0       0       0       0       0       0       0       0       0       0       0       0
      Temps:          2       0       0       0       0       0       0       0       0       0       0       0       0       0
      Totals:         3       0       0       0       0       0       0       0       0       0       0       0       0       0
Total ram usage:        3 bytes
 Hardware stack levels used:    1
 This function calls:
		Nothing
 This function is called by:
		i1_writeTxtChk
		i1_setCursorPosition
 This function uses a non-reentrant model


 *************** function i1_SetToSendDataToLCD *****************
 Defined at:
		line 233 in file "LCD_hd44780u_qy_2004a.c"
 Parameters:    Size  Location     Type
		None
 Auto vars:     Size  Location     Type
		None
 Return value:  Size  Location     Type
                  1    wreg      void 
 Registers used:
		None
 Tracked objects:
		On entry : 
		On exit  : 
		Unchanged: 
 Data sizes:     COMMON   BANK0   BANK1   BANK2   BANK3   BANK4   BANK5   BANK6   BANK7   BANK8   BANK9  BANK10  BANK11  BANK12
      Params:         0       0       0       0       0       0       0       0       0       0       0       0       0       0
      Locals:         0       0       0       0       0       0       0       0       0       0       0       0       0       0
      Temps:          0       0       0       0       0       0       0       0       0       0       0       0       0       0
      Totals:         0       0       0       0       0       0       0       0       0       0       0       0       0       0
Total ram usage:        0 bytes
 Hardware stack levels used:    1
 This function calls:
		Nothing
 This function is called by:
		i1_writeTxtChk
		i1_setCursorPosition
 This function uses a non-reentrant model


 *************** function _TempUpdateRequest *****************
 Defined at:
		line 80 in file "EM1812.c"
 Parameters:    Size  Location     Type
		None
 Auto vars:     Size  Location     Type
		None
 Return value:  Size  Location     Type
                  2   76[None  ] int 
 Registers used:
		wreg, status,2, status,0
 Tracked objects:
		On entry : 
		On exit  : 
		Unchanged: 
 Data sizes:     COMMON   BANK0   BANK1   BANK2   BANK3   BANK4   BANK5   BANK6   BANK7   BANK8   BANK9  BANK10  BANK11  BANK12
      Params:         0       0       0       0       0       0       0       0       0       0       0       0       0       0
      Locals:         0       0       0       0       0       0       0       0       0       0       0       0       0       0
      Temps:          0       0       0       0       0       0       0       0       0       0       0       0       0       0
      Totals:         0       0       0       0       0       0       0       0       0       0       0       0       0       0
Total ram usage:        0 bytes
 Hardware stack levels used:    1
 This function calls:
		Nothing
 This function is called by:
		_myint
 This function uses a non-reentrant model


 *************** function _I2C_Interrupt *****************
 Defined at:
		line 95 in file "I2C.c"
 Parameters:    Size  Location     Type
		None
 Auto vars:     Size  Location     Type
  oErrorCode      1    4[COMMON] unsigned char 
 Return value:  Size  Location     Type
                  2    0[COMMON] int 
 Registers used:
		wreg, fsr1l, fsr1h, status,2, status,0
 Tracked objects:
		On entry : 
		On exit  : 
		Unchanged: 
 Data sizes:     COMMON   BANK0   BANK1   BANK2   BANK3   BANK4   BANK5   BANK6   BANK7   BANK8   BANK9  BANK10  BANK11  BANK12
      Params:         2       0       0       0       0       0       0       0       0       0       0       0       0       0
      Locals:         1       0       0       0       0       0       0       0       0       0       0       0       0       0
      Temps:          2       0       0       0       0       0       0       0       0       0       0       0       0       0
      Totals:         5       0       0       0       0       0       0       0       0       0       0       0       0       0
Total ram usage:        5 bytes
 Hardware stack levels used:    1
 This function calls:
		Nothing
 This function is called by:
		_myint
 This function uses a non-reentrant model


 *************** function _EUSARTInterrupt *****************
 Defined at:
		line 48 in file "EUSART.c"
 Parameters:    Size  Location     Type
		None
 Auto vars:     Size  Location     Type
		None
 Return value:  Size  Location     Type
                  2    0[COMMON] int 
 Registers used:
		wreg, fsr1l, fsr1h, status,2, status,0
 Tracked objects:
		On entry : 
		On exit  : 
		Unchanged: 
 Data sizes:     COMMON   BANK0   BANK1   BANK2   BANK3   BANK4   BANK5   BANK6   BANK7   BANK8   BANK9  BANK10  BANK11  BANK12
      Params:         2       0       0       0       0       0       0       0       0       0       0       0       0       0
      Locals:         0       0       0       0       0       0       0       0       0       0       0       0       0       0
      Temps:          2       0       0       0       0       0       0       0       0       0       0       0       0       0
      Totals:         4       0       0       0       0       0       0       0       0       0       0       0       0       0
Total ram usage:        4 bytes
 Hardware stack levels used:    1
 This function calls:
		Nothing
 This function is called by:
		_myint
 This function uses a non-reentrant model



MODULE INFORMATION

Module		Function		Class		Link	Load	Size
GeneralFunction.c
		_AddTrace      		CODE           	0C41	0000	74

GeneralFunction.c estimated size: 74

EUSART.c
		_EUSARTInterrupt		CODE           	0D98	0000	100

EUSART.c estimated size: 100

C:\Program Files (x86)\Microchip\xc8\v2.00\pic\sources\c99\common\strcat.c
		_strcat        		CODE           	09AC	0000	25

C:\Program Files (x86)\Microchip\xc8\v2.00\pic\sources\c99\common\strcat.c estimated size: 25

C:\Program Files (x86)\Microchip\xc8\v2.00\pic\sources\c99\common\awmod.c
		___awmod       		CODE           	07A2	0000	95

C:\Program Files (x86)\Microchip\xc8\v2.00\pic\sources\c99\common\awmod.c estimated size: 95

161518_temp_main.c
		_main          		CODE           	00C4	0000	799
		_myint         		CODE           	0004	0000	93
		_Debounce      		CODE           	0C8A	0000	77
		_PrintLog      		CODE           	0AF4	0000	44

161518_temp_main.c estimated size: 1013

I2C.c
		_GetI2CStatus  		CODE           	0947	0000	11
		_I2C_Interrupt 		CODE           	0512	0000	295
		_GetNewReceivedData		CODE           	09DC	0000	36
		_I2C_SendData  		CODE           	0BFC	0000	70
		_I2C_GetData   		CODE           	0B4E	0000	55

I2C.c estimated size: 467

C:\Program Files (x86)\Microchip\xc8\v2.00\pic\sources\c99\common\strlen.c
		_strlen        		CODE           	09FF	0000	37

C:\Program Files (x86)\Microchip\xc8\v2.00\pic\sources\c99\common\strlen.c estimated size: 37

EM1812.c
		_printEM1812   		CODE           	0638	0000	183
		_EM1812EntryPoint		CODE           	03E2	0000	305
		_TempUpdateRequest		CODE           	099F	0000	14

EM1812.c estimated size: 502

C:\Program Files (x86)\Microchip\xc8\v2.00\pic\sources\c99\common\strcpy.c
		_strcpy        		CODE           	0A76	0000	43

C:\Program Files (x86)\Microchip\xc8\v2.00\pic\sources\c99\common\strcpy.c estimated size: 43

C:\Program Files (x86)\Microchip\xc8\v2.00\pic\sources\c99\common\memset.c
		_memset        		CODE           	06EE	0000	181

C:\Program Files (x86)\Microchip\xc8\v2.00\pic\sources\c99\common\memset.c estimated size: 181

C:\Program Files (x86)\Microchip\xc8\v2.00\pic\sources\c99\common\awdiv.c
		___awdiv       		CODE           	0E5F	0000	107

C:\Program Files (x86)\Microchip\xc8\v2.00\pic\sources\c99\common\awdiv.c estimated size: 107

ESP8266.c
		_Esp8266SetupWifi		CODE           	0938	0000	8
		_Esp8266SetAccessPointMode		CODE           	0931	0000	8
		_Esp8266OpenSocket		CODE           	092A	0000	8

ESP8266.c estimated size: 24

shared
		i1_writeTxtChk 		CODE           	0EC9	0000	153
		i1_setCursorPosition		CODE           	0D36	0000	99
		i1_setData     		CODE           	0B84	0000	61
		__initialization		CODE           	0062	0000	95
		i1_waitLCDBusy 		CODE           	0A23	0000	42
		i1_SetToSendDataToLCD		CODE           	090C	0000	7
		i1_lcdWriteText		CODE           	0A4C	0000	43
		i1_SetToReadDataFromLCD		CODE           	0912	0000	7

shared estimated size: 507

C:\Program Files (x86)\Microchip\xc8\v2.00\pic\sources\c99\common\memcpy.c
		_memcpy        		CODE           	0B1F	0000	48

C:\Program Files (x86)\Microchip\xc8\v2.00\pic\sources\c99\common\memcpy.c estimated size: 48

LCD_hd44780u_qy_2004a.c
		_setCursorPosition		CODE           	0CD6	0000	97
		_writeTxtChk   		CODE           	0F61	0000	160
		_clearDisplay  		CODE           	0907	0000	6
		_writeInsChk   		CODE           	095B	0000	12
		_writeInsNoChk 		CODE           	09C4	0000	25
		_SetToSendDataToLCD		CODE           	0918	0000	7
		_setData       		CODE           	0BC0	0000	61
		_moveCursorToHome		CODE           	093F	0000	9
		_lcdWriteText  		CODE           	0ACA	0000	43
		_setCursorOff  		CODE           	0971	0000	12
		_SetToReadDataFromLCD		CODE           	091E	0000	7
		_waitLCDBusy   		CODE           	0AA0	0000	43
		_powerOnLcd    		CODE           	0966	0000	12
		_setNotBlinkingCursor		CODE           	097C	0000	12
		_initLCD       		CODE           	0DFB	0000	101

LCD_hd44780u_qy_2004a.c estimated size: 607

